#! /c/iverilog/bin/vvp
:ivl_version "0.9.7 " "(v0_9_7)";
:vpi_time_precision - 12;
:vpi_module "system";
:vpi_module "v2005_math";
:vpi_module "va_math";
S_01132668 .scope module, "tb" "tb" 2 2;
 .timescale -9 -12;
v012A59E0_0 .var "a", 7 0;
v012A5A38_0 .net "y", 15 0, L_01150C60; 1 drivers
S_011326F0 .scope module, "dut" "sign_extender" 2 6, 3 1, S_01132668;
 .timescale 0 0;
v012A1F78_0 .net *"_s1", 0 0, L_012A5A90; 1 drivers
v012AEF40_0 .net *"_s2", 7 0, L_01150C08; 1 drivers
v012A1FD0_0 .net "a", 7 0, v012A59E0_0; 1 drivers
v012A2028_0 .alias "y", 15 0, v012A5A38_0;
L_012A5A90 .part v012A59E0_0, 7, 1;
LS_01150C08_0_0 .concat [ 1 1 1 1], L_012A5A90, L_012A5A90, L_012A5A90, L_012A5A90;
LS_01150C08_0_4 .concat [ 1 1 1 1], L_012A5A90, L_012A5A90, L_012A5A90, L_012A5A90;
L_01150C08 .concat [ 4 4 0 0], LS_01150C08_0_0, LS_01150C08_0_4;
L_01150C60 .concat [ 8 8 0 0], v012A59E0_0, L_01150C08;
    .scope S_01132668;
T_0 ;
    %vpi_call 2 9 "$dumpfile", "simulation.vcd";
    %vpi_call 2 10 "$dumpvars", 1'sb0, S_01132668;
    %set/v v012A59E0_0, 0, 8;
    %delay 5000, 0;
    %vpi_call 2 11 "$display", "%b", v012A5A38_0;
    %movi 8, 1, 8;
    %set/v v012A59E0_0, 8, 8;
    %delay 5000, 0;
    %vpi_call 2 12 "$display", "%b", v012A5A38_0;
    %set/v v012A59E0_0, 1, 8;
    %delay 5000, 0;
    %vpi_call 2 13 "$display", "%b", v012A5A38_0;
    %movi 8, 170, 8;
    %set/v v012A59E0_0, 8, 8;
    %delay 5000, 0;
    %vpi_call 2 14 "$display", "%b", v012A5A38_0;
    %vpi_call 2 15 "$finish";
    %end;
    .thread T_0;
# The file index is used to find the file name in the following table.
:file_names 4;
    "N/A";
    "<interactive>";
    "D:\buffer gate\buffer gate\verilog-judge\backend\problems\sign_extender_8to16\tb.v";
    "D:\buffer gate\buffer gate\verilog-judge\backend\submissions\c2532a0d-5\submission.v";
