#! /c/iverilog/bin/vvp
:ivl_version "0.9.7 " "(v0_9_7)";
:vpi_time_precision - 12;
:vpi_module "system";
:vpi_module "v2005_math";
:vpi_module "va_math";
S_00AD54A8 .scope module, "tb" "tb" 2 2;
 .timescale -9 -12;
v00AD1FD0_0 .var "a", 3 0;
v00AD2028_0 .var "b", 3 0;
v00AD5748_0 .var "sel", 0 0;
v00AD57A0_0 .net "y", 3 0, L_00AD57F8; 1 drivers
S_01232940 .scope module, "dut" "mux2_4bit" 2 7, 3 1, S_00AD54A8;
 .timescale 0 0;
v012329C8_0 .net "a", 3 0, v00AD1FD0_0; 1 drivers
v00ADEF88_0 .net "b", 3 0, v00AD2028_0; 1 drivers
v01232A20_0 .net "sel", 0 0, v00AD5748_0; 1 drivers
v00AD1F78_0 .alias "y", 3 0, v00AD57A0_0;
L_00AD57F8 .functor MUXZ 4, v00AD1FD0_0, v00AD2028_0, v00AD5748_0, C4<>;
    .scope S_00AD54A8;
T_0 ;
    %vpi_call 2 10 "$dumpfile", "simulation.vcd";
    %vpi_call 2 11 "$dumpvars", 1'sb0, S_00AD54A8;
    %set/v v00AD1FD0_0, 0, 4;
    %set/v v00AD2028_0, 1, 4;
    %set/v v00AD5748_0, 0, 1;
    %delay 5000, 0;
    %vpi_call 2 12 "$display", "%b %b %b %b", v00AD1FD0_0, v00AD2028_0, v00AD5748_0, v00AD57A0_0;
    %set/v v00AD1FD0_0, 0, 4;
    %set/v v00AD2028_0, 1, 4;
    %set/v v00AD5748_0, 1, 1;
    %delay 5000, 0;
    %vpi_call 2 13 "$display", "%b %b %b %b", v00AD1FD0_0, v00AD2028_0, v00AD5748_0, v00AD57A0_0;
    %movi 8, 1, 4;
    %set/v v00AD1FD0_0, 8, 4;
    %movi 8, 2, 4;
    %set/v v00AD2028_0, 8, 4;
    %set/v v00AD5748_0, 0, 1;
    %delay 5000, 0;
    %vpi_call 2 14 "$display", "%b %b %b %b", v00AD1FD0_0, v00AD2028_0, v00AD5748_0, v00AD57A0_0;
    %movi 8, 1, 4;
    %set/v v00AD1FD0_0, 8, 4;
    %movi 8, 2, 4;
    %set/v v00AD2028_0, 8, 4;
    %set/v v00AD5748_0, 1, 1;
    %delay 5000, 0;
    %vpi_call 2 15 "$display", "%b %b %b %b", v00AD1FD0_0, v00AD2028_0, v00AD5748_0, v00AD57A0_0;
    %vpi_call 2 16 "$finish";
    %end;
    .thread T_0;
# The file index is used to find the file name in the following table.
:file_names 4;
    "N/A";
    "<interactive>";
    "D:\buffer gate\buffer gate\verilog-judge\backend\problems\mux2_4bit\tb.v";
    "D:\buffer gate\buffer gate\verilog-judge\backend\submissions\cfc46454-0\submission.v";
