#! /c/iverilog/bin/vvp
:ivl_version "0.9.7 " "(v0_9_7)";
:vpi_time_precision - 12;
:vpi_module "system";
:vpi_module "v2005_math";
:vpi_module "va_math";
S_01202FC8 .scope module, "tb" "tb" 2 2;
 .timescale -9 -12;
v011CD948_0 .var "clk", 0 0;
v011CD9A0_0 .net "pulse", 0 0, v011C2040_0; 1 drivers
v011CD9F8_0 .var "reset", 0 0;
v011CDA50_0 .var "signal_in", 0 0;
S_011C1F60 .scope module, "dut" "rising_edge_detector" 2 5, 3 1, S_01202FC8;
 .timescale 0 0;
v011C99F0_0 .net "clk", 0 0, v011CD948_0; 1 drivers
v011C1FE8_0 .var "previous", 0 0;
v011C2040_0 .var "pulse", 0 0;
v011CD898_0 .net "reset", 0 0, v011CD9F8_0; 1 drivers
v011CD8F0_0 .net "signal_in", 0 0, v011CDA50_0; 1 drivers
E_011C7D18 .event posedge, v011CD898_0, v011C99F0_0;
    .scope S_011C1F60;
T_0 ;
    %wait E_011C7D18;
    %load/v 8, v011CD898_0, 1;
    %jmp/0xz  T_0.0, 8;
    %ix/load 0, 1, 0;
    %assign/v0 v011C1FE8_0, 0, 0;
    %ix/load 0, 1, 0;
    %assign/v0 v011C2040_0, 0, 0;
    %jmp T_0.1;
T_0.0 ;
    %load/v 8, v011CD8F0_0, 1;
    %load/v 9, v011C1FE8_0, 1;
    %inv 9, 1;
    %and 8, 9, 1;
    %ix/load 0, 1, 0;
    %assign/v0 v011C2040_0, 0, 8;
    %load/v 8, v011CD8F0_0, 1;
    %ix/load 0, 1, 0;
    %assign/v0 v011C1FE8_0, 0, 8;
T_0.1 ;
    %jmp T_0;
    .thread T_0;
    .scope S_01202FC8;
T_1 ;
    %set/v v011CD948_0, 0, 1;
T_1.0 ;
    %delay 5000, 0;
    %load/v 8, v011CD948_0, 1;
    %inv 8, 1;
    %set/v v011CD948_0, 8, 1;
    %jmp T_1.0;
    %end;
    .thread T_1;
    .scope S_01202FC8;
T_2 ;
    %vpi_call 2 8 "$dumpfile", "simulation.vcd";
    %vpi_call 2 8 "$dumpvars", 1'sb0, S_01202FC8;
    %set/v v011CD9F8_0, 1, 1;
    %set/v v011CDA50_0, 0, 1;
    %delay 7000, 0;
    %vpi_call 2 9 "$display", "%b %b", v011CDA50_0, v011CD9A0_0;
    %set/v v011CD9F8_0, 0, 1;
    %set/v v011CDA50_0, 0, 1;
    %delay 10000, 0;
    %vpi_call 2 10 "$display", "%b %b", v011CDA50_0, v011CD9A0_0;
    %set/v v011CDA50_0, 1, 1;
    %delay 10000, 0;
    %vpi_call 2 11 "$display", "%b %b", v011CDA50_0, v011CD9A0_0;
    %set/v v011CDA50_0, 1, 1;
    %delay 10000, 0;
    %vpi_call 2 12 "$display", "%b %b", v011CDA50_0, v011CD9A0_0;
    %set/v v011CDA50_0, 0, 1;
    %delay 10000, 0;
    %vpi_call 2 13 "$display", "%b %b", v011CDA50_0, v011CD9A0_0;
    %set/v v011CDA50_0, 1, 1;
    %delay 10000, 0;
    %vpi_call 2 14 "$display", "%b %b", v011CDA50_0, v011CD9A0_0;
    %vpi_call 2 15 "$finish";
    %end;
    .thread T_2;
# The file index is used to find the file name in the following table.
:file_names 4;
    "N/A";
    "<interactive>";
    "D:\buffer gate\buffer gate\verilog-judge\backend\problems\rising_edge_detector\tb.v";
    "D:\buffer gate\buffer gate\verilog-judge\backend\submissions\ceb86c2e-3\submission.v";
