#! /c/iverilog/bin/vvp
:ivl_version "0.9.7 " "(v0_9_7)";
:vpi_time_precision - 12;
:vpi_module "system";
:vpi_module "v2005_math";
:vpi_module "va_math";
S_011D3598 .scope module, "tb" "tb" 2 2;
 .timescale -9 -12;
v01192040_0 .var "bcd", 3 0;
v0119E6D0_0 .net "seg", 6 0, v01191FE8_0; 1 drivers
S_01191F60 .scope module, "dut" "bcd_to_7seg" 2 5, 3 1, S_011D3598;
 .timescale 0 0;
v01199578_0 .net "bcd", 3 0, v01192040_0; 1 drivers
v01191FE8_0 .var "seg", 6 0;
E_01198A38 .event edge, v01199578_0;
    .scope S_01191F60;
T_0 ;
    %wait E_01198A38;
    %load/v 8, v01199578_0, 4;
    %cmpi/u 8, 0, 4;
    %jmp/1 T_0.0, 6;
    %cmpi/u 8, 1, 4;
    %jmp/1 T_0.1, 6;
    %cmpi/u 8, 2, 4;
    %jmp/1 T_0.2, 6;
    %cmpi/u 8, 3, 4;
    %jmp/1 T_0.3, 6;
    %cmpi/u 8, 4, 4;
    %jmp/1 T_0.4, 6;
    %cmpi/u 8, 5, 4;
    %jmp/1 T_0.5, 6;
    %cmpi/u 8, 6, 4;
    %jmp/1 T_0.6, 6;
    %cmpi/u 8, 7, 4;
    %jmp/1 T_0.7, 6;
    %cmpi/u 8, 8, 4;
    %jmp/1 T_0.8, 6;
    %cmpi/u 8, 9, 4;
    %jmp/1 T_0.9, 6;
    %set/v v01191FE8_0, 0, 7;
    %jmp T_0.11;
T_0.0 ;
    %movi 8, 126, 7;
    %set/v v01191FE8_0, 8, 7;
    %jmp T_0.11;
T_0.1 ;
    %movi 8, 48, 7;
    %set/v v01191FE8_0, 8, 7;
    %jmp T_0.11;
T_0.2 ;
    %movi 8, 109, 7;
    %set/v v01191FE8_0, 8, 7;
    %jmp T_0.11;
T_0.3 ;
    %movi 8, 121, 7;
    %set/v v01191FE8_0, 8, 7;
    %jmp T_0.11;
T_0.4 ;
    %movi 8, 51, 7;
    %set/v v01191FE8_0, 8, 7;
    %jmp T_0.11;
T_0.5 ;
    %movi 8, 91, 7;
    %set/v v01191FE8_0, 8, 7;
    %jmp T_0.11;
T_0.6 ;
    %movi 8, 95, 7;
    %set/v v01191FE8_0, 8, 7;
    %jmp T_0.11;
T_0.7 ;
    %movi 8, 112, 7;
    %set/v v01191FE8_0, 8, 7;
    %jmp T_0.11;
T_0.8 ;
    %set/v v01191FE8_0, 1, 7;
    %jmp T_0.11;
T_0.9 ;
    %movi 8, 123, 7;
    %set/v v01191FE8_0, 8, 7;
    %jmp T_0.11;
T_0.11 ;
    %jmp T_0;
    .thread T_0, $push;
    .scope S_011D3598;
T_1 ;
    %vpi_call 2 7 "$dumpfile", "simulation.vcd";
    %vpi_call 2 7 "$dumpvars", 1'sb0, S_011D3598;
    %set/v v01192040_0, 0, 4;
    %delay 5000, 0;
    %vpi_call 2 8 "$display", "%b %b", v01192040_0, v0119E6D0_0;
    %movi 8, 1, 4;
    %set/v v01192040_0, 8, 4;
    %delay 5000, 0;
    %vpi_call 2 9 "$display", "%b %b", v01192040_0, v0119E6D0_0;
    %movi 8, 2, 4;
    %set/v v01192040_0, 8, 4;
    %delay 5000, 0;
    %vpi_call 2 10 "$display", "%b %b", v01192040_0, v0119E6D0_0;
    %movi 8, 9, 4;
    %set/v v01192040_0, 8, 4;
    %delay 5000, 0;
    %vpi_call 2 11 "$display", "%b %b", v01192040_0, v0119E6D0_0;
    %movi 8, 10, 4;
    %set/v v01192040_0, 8, 4;
    %delay 5000, 0;
    %vpi_call 2 12 "$display", "%b %b", v01192040_0, v0119E6D0_0;
    %vpi_call 2 13 "$finish";
    %end;
    .thread T_1;
# The file index is used to find the file name in the following table.
:file_names 4;
    "N/A";
    "<interactive>";
    "D:\buffer gate\buffer gate\verilog-judge\backend\problems\bcd_to_7segment\tb.v";
    "D:\buffer gate\buffer gate\verilog-judge\backend\submissions\3a6a6b5f-8\submission.v";
