#! /c/iverilog/bin/vvp
:ivl_version "0.9.7 " "(v0_9_7)";
:vpi_time_precision - 12;
:vpi_module "system";
:vpi_module "v2005_math";
:vpi_module "va_math";
S_012A57B0 .scope module, "tb" "tb" 2 2;
 .timescale -9 -12;
v01132FA8_0 .var "a", 3 0;
v012A1F68_0 .var "b", 3 0;
v012A1FC0_0 .net "eq", 0 0, L_012A9708; 1 drivers
v012A2018_0 .net "gt", 0 0, L_012A9640; 1 drivers
v012A2070_0 .net "lt", 0 0, L_012A9798; 1 drivers
S_012A5640 .scope module, "dut" "comparator_4bit" 2 5, 3 1, S_012A57B0;
 .timescale 0 0;
v012A83C0_0 .net "a", 3 0, v01132FA8_0; 1 drivers
v012A8418_0 .net "b", 3 0, v012A1F68_0; 1 drivers
v012A8470_0 .alias "eq", 0 0, v012A1FC0_0;
v01132EF8_0 .alias "gt", 0 0, v012A2018_0;
v01132F50_0 .alias "lt", 0 0, v012A2070_0;
L_012A9640 .cmp/gt 4, v01132FA8_0, v012A1F68_0;
L_012A9708 .cmp/eq 4, v01132FA8_0, v012A1F68_0;
L_012A9798 .cmp/gt 4, v012A1F68_0, v01132FA8_0;
    .scope S_012A57B0;
T_0 ;
    %vpi_call 2 8 "$dumpfile", "simulation.vcd";
    %vpi_call 2 9 "$dumpvars", 1'sb0, S_012A57B0;
    %set/v v01132FA8_0, 0, 4;
    %set/v v012A1F68_0, 0, 4;
    %delay 5000, 0;
    %vpi_call 2 10 "$display", "%d %d %b %b %b", v01132FA8_0, v012A1F68_0, v012A2018_0, v012A1FC0_0, v012A2070_0;
    %movi 8, 3, 4;
    %set/v v01132FA8_0, 8, 4;
    %movi 8, 7, 4;
    %set/v v012A1F68_0, 8, 4;
    %delay 5000, 0;
    %vpi_call 2 11 "$display", "%d %d %b %b %b", v01132FA8_0, v012A1F68_0, v012A2018_0, v012A1FC0_0, v012A2070_0;
    %movi 8, 9, 4;
    %set/v v01132FA8_0, 8, 4;
    %movi 8, 2, 4;
    %set/v v012A1F68_0, 8, 4;
    %delay 5000, 0;
    %vpi_call 2 12 "$display", "%d %d %b %b %b", v01132FA8_0, v012A1F68_0, v012A2018_0, v012A1FC0_0, v012A2070_0;
    %set/v v01132FA8_0, 1, 4;
    %set/v v012A1F68_0, 1, 4;
    %delay 5000, 0;
    %vpi_call 2 13 "$display", "%d %d %b %b %b", v01132FA8_0, v012A1F68_0, v012A2018_0, v012A1FC0_0, v012A2070_0;
    %movi 8, 8, 4;
    %set/v v01132FA8_0, 8, 4;
    %movi 8, 12, 4;
    %set/v v012A1F68_0, 8, 4;
    %delay 5000, 0;
    %vpi_call 2 14 "$display", "%d %d %b %b %b", v01132FA8_0, v012A1F68_0, v012A2018_0, v012A1FC0_0, v012A2070_0;
    %vpi_call 2 15 "$finish";
    %end;
    .thread T_0;
# The file index is used to find the file name in the following table.
:file_names 4;
    "N/A";
    "<interactive>";
    "D:\buffer gate\buffer gate\verilog-judge\backend\problems\comparator_4bit\tb.v";
    "D:\buffer gate\buffer gate\verilog-judge\backend\submissions\692f6af6-6\submission.v";
