#! /c/iverilog/bin/vvp
:ivl_version "0.9.7 " "(v0_9_7)";
:vpi_time_precision - 12;
:vpi_module "system";
:vpi_module "v2005_math";
:vpi_module "va_math";
S_01142900 .scope module, "tb" "tb" 2 2;
 .timescale -9 -12;
v012158C8_0 .var "a", 7 0;
v01215920_0 .var "b", 7 0;
v01215978_0 .var "sel", 1 0;
v012159D0_0 .net "y", 7 0, C4<00000000>; 1 drivers
S_01142988 .scope module, "dut" "shifter_mux" 2 8, 3 1, S_01142900;
 .timescale 0 0;
v01211F68_0 .net "a", 7 0, v012158C8_0; 1 drivers
v01211FC0_0 .net "b", 7 0, v01215920_0; 1 drivers
v01212018_0 .net "sel", 1 0, v01215978_0; 1 drivers
v01212070_0 .alias "y", 7 0, v012159D0_0;
    .scope S_01142900;
T_0 ;
    %vpi_call 2 11 "$dumpfile", "simulation.vcd";
    %vpi_call 2 12 "$dumpvars", 1'sb0, S_01142900;
    %set/v v012158C8_0, 0, 8;
    %set/v v01215920_0, 0, 8;
    %set/v v01215978_0, 0, 2;
    %delay 5000, 0;
    %vpi_call 2 13 "$display", "%b", v012159D0_0;
    %movi 8, 1, 8;
    %set/v v012158C8_0, 8, 8;
    %movi 8, 1, 8;
    %set/v v01215920_0, 8, 8;
    %movi 8, 1, 2;
    %set/v v01215978_0, 8, 2;
    %delay 5000, 0;
    %vpi_call 2 14 "$display", "%b", v012159D0_0;
    %set/v v012158C8_0, 1, 8;
    %set/v v01215920_0, 1, 8;
    %set/v v01215978_0, 0, 2;
    %delay 5000, 0;
    %vpi_call 2 15 "$display", "%b", v012159D0_0;
    %movi 8, 170, 8;
    %set/v v012158C8_0, 8, 8;
    %movi 8, 170, 8;
    %set/v v01215920_0, 8, 8;
    %movi 8, 1, 2;
    %set/v v01215978_0, 8, 2;
    %delay 5000, 0;
    %vpi_call 2 16 "$display", "%b", v012159D0_0;
    %vpi_call 2 17 "$finish";
    %end;
    .thread T_0;
# The file index is used to find the file name in the following table.
:file_names 4;
    "N/A";
    "<interactive>";
    "D:\buffer gate\buffer gate\verilog-judge\backend\problems\shifter_mux\tb.v";
    "D:\buffer gate\buffer gate\verilog-judge\backend\submissions\8d5e077e-6\submission.v";
