#! /c/iverilog/bin/vvp
:ivl_version "0.9.7 " "(v0_9_7)";
:vpi_time_precision - 12;
:vpi_module "system";
:vpi_module "v2005_math";
:vpi_module "va_math";
S_01101F60 .scope module, "tb" "tb" 2 2;
 .timescale -9 -12;
v01142348_0 .var "a", 15 0;
v011423A0_0 .net "y", 0 0, L_011423F8; 1 drivers
S_01101FE8 .scope module, "dut" "reduction_xor_16bit" 2 6, 3 1, S_01101F60;
 .timescale 0 0;
v011053D8_0 .net "a", 15 0, v01142348_0; 1 drivers
v011422F0_0 .alias "y", 0 0, v011423A0_0;
L_011423F8 .reduce/xor v01142348_0;
    .scope S_01101F60;
T_0 ;
    %vpi_call 2 9 "$dumpfile", "simulation.vcd";
    %vpi_call 2 10 "$dumpvars", 1'sb0, S_01101F60;
    %set/v v01142348_0, 0, 16;
    %delay 5000, 0;
    %vpi_call 2 11 "$display", "%b %b", v01142348_0, v011423A0_0;
    %movi 8, 1, 16;
    %set/v v01142348_0, 8, 16;
    %delay 5000, 0;
    %vpi_call 2 12 "$display", "%b %b", v01142348_0, v011423A0_0;
    %set/v v01142348_0, 1, 16;
    %delay 5000, 0;
    %vpi_call 2 13 "$display", "%b %b", v01142348_0, v011423A0_0;
    %movi 8, 32768, 16;
    %set/v v01142348_0, 8, 16;
    %delay 5000, 0;
    %vpi_call 2 14 "$display", "%b %b", v01142348_0, v011423A0_0;
    %movi 8, 43690, 16;
    %set/v v01142348_0, 8, 16;
    %delay 5000, 0;
    %vpi_call 2 15 "$display", "%b %b", v01142348_0, v011423A0_0;
    %vpi_call 2 16 "$finish";
    %end;
    .thread T_0;
# The file index is used to find the file name in the following table.
:file_names 4;
    "N/A";
    "<interactive>";
    "D:\buffer gate\buffer gate\verilog-judge\backend\problems\reduction_xor_16bit\tb.v";
    "D:\buffer gate\buffer gate\verilog-judge\backend\submissions\4beab319-a\submission.v";
