#! /c/iverilog/bin/vvp
:ivl_version "0.9.7 " "(v0_9_7)";
:vpi_time_precision - 12;
:vpi_module "system";
:vpi_module "v2005_math";
:vpi_module "va_math";
S_00918988 .scope module, "tb" "tb" 2 2;
 .timescale -9 -12;
v00911F60_0 .var "a", 31 0;
v00911FB8_0 .net "y", 0 0, L_00912010; 1 drivers
S_00918080 .scope module, "dut" "even_parity_32bit" 2 6, 3 1, S_00918988;
 .timescale 0 0;
v009153B8_0 .net "a", 31 0, v00911F60_0; 1 drivers
v00914440_0 .alias "y", 0 0, v00911FB8_0;
L_00912010 .reduce/xnor v00911F60_0;
    .scope S_00918988;
T_0 ;
    %vpi_call 2 9 "$dumpfile", "simulation.vcd";
    %vpi_call 2 10 "$dumpvars", 1'sb0, S_00918988;
    %set/v v00911F60_0, 0, 32;
    %delay 5000, 0;
    %vpi_call 2 11 "$display", "%b %b", v00911F60_0, v00911FB8_0;
    %movi 8, 1, 32;
    %set/v v00911F60_0, 8, 32;
    %delay 5000, 0;
    %vpi_call 2 12 "$display", "%b %b", v00911F60_0, v00911FB8_0;
    %movi 8, 3, 32;
    %set/v v00911F60_0, 8, 32;
    %delay 5000, 0;
    %vpi_call 2 13 "$display", "%b %b", v00911F60_0, v00911FB8_0;
    %set/v v00911F60_0, 1, 32;
    %delay 5000, 0;
    %vpi_call 2 14 "$display", "%b %b", v00911F60_0, v00911FB8_0;
    %movi 8, 2863311530, 32;
    %set/v v00911F60_0, 8, 32;
    %delay 5000, 0;
    %vpi_call 2 15 "$display", "%b %b", v00911F60_0, v00911FB8_0;
    %vpi_call 2 16 "$finish";
    %end;
    .thread T_0;
# The file index is used to find the file name in the following table.
:file_names 4;
    "N/A";
    "<interactive>";
    "D:\buffer gate\buffer gate\verilog-judge\backend\problems\even_parity_32bit\tb.v";
    "D:\buffer gate\buffer gate\verilog-judge\backend\submissions\1bddeb26-a\submission.v";
