#! /c/iverilog/bin/vvp
:ivl_version "0.9.7 " "(v0_9_7)";
:vpi_time_precision - 12;
:vpi_module "system";
:vpi_module "v2005_math";
:vpi_module "va_math";
S_011B3C80 .scope module, "tb" "tb" 2 2;
 .timescale -9 -12;
v0117EF00_0 .var "clk", 0 0;
v0117EF58_0 .net "detected", 0 0, v01171FB8_0; 1 drivers
v0117B740_0 .var "din", 0 0;
v0117B798_0 .var "reset", 0 0;
S_0117EE20 .scope task, "step" "step" 2 7, 2 7, S_011B3C80;
 .timescale -9 -12;
v0117EEA8_0 .var "bit_value", 0 0;
TD_tb.step ;
    %load/v 8, v0117EEA8_0, 1;
    %set/v v0117B740_0, 8, 1;
    %delay 10000, 0;
    %vpi_call 2 7 "$display", "%b %b", v0117B740_0, v0117EF58_0;
    %end;
S_011B3D08 .scope module, "dut" "mealy_1011_detector" 2 5, 3 1, S_011B3C80;
 .timescale 0 0;
P_0117DF24 .param/l "S0" 3 3, C4<00>;
P_0117DF38 .param/l "S1" 3 3, C4<01>;
P_0117DF4C .param/l "S10" 3 3, C4<10>;
P_0117DF60 .param/l "S101" 3 3, C4<11>;
v01171F60_0 .net "clk", 0 0, v0117EF00_0; 1 drivers
v01171FB8_0 .var "detected", 0 0;
v01172010_0 .net "din", 0 0, v0117B740_0; 1 drivers
v0117ED70_0 .net "reset", 0 0, v0117B798_0; 1 drivers
v0117EDC8_0 .var "state", 1 0;
E_0117CAA0 .event posedge, v0117ED70_0, v01171F60_0;
    .scope S_011B3D08;
T_1 ;
    %wait E_0117CAA0;
    %load/v 8, v0117ED70_0, 1;
    %jmp/0xz  T_1.0, 8;
    %ix/load 0, 2, 0;
    %assign/v0 v0117EDC8_0, 0, 0;
    %ix/load 0, 1, 0;
    %assign/v0 v01171FB8_0, 0, 0;
    %jmp T_1.1;
T_1.0 ;
    %ix/load 0, 1, 0;
    %assign/v0 v01171FB8_0, 0, 0;
    %load/v 8, v0117EDC8_0, 2;
    %cmpi/u 8, 0, 2;
    %jmp/1 T_1.2, 6;
    %cmpi/u 8, 1, 2;
    %jmp/1 T_1.3, 6;
    %cmpi/u 8, 2, 2;
    %jmp/1 T_1.4, 6;
    %cmpi/u 8, 3, 2;
    %jmp/1 T_1.5, 6;
    %jmp T_1.6;
T_1.2 ;
    %load/v 8, v01172010_0, 1;
    %jmp/0  T_1.7, 8;
    %movi 9, 1, 2;
    %jmp/1  T_1.9, 8;
T_1.7 ; End of true expr.
    %jmp/0  T_1.8, 8;
 ; End of false expr.
    %blend  9, 0, 2; Condition unknown.
    %jmp  T_1.9;
T_1.8 ;
    %mov 9, 0, 2; Return false value
T_1.9 ;
    %ix/load 0, 2, 0;
    %assign/v0 v0117EDC8_0, 0, 9;
    %jmp T_1.6;
T_1.3 ;
    %load/v 8, v01172010_0, 1;
    %jmp/0  T_1.10, 8;
    %movi 9, 1, 2;
    %jmp/1  T_1.12, 8;
T_1.10 ; End of true expr.
    %movi 11, 2, 2;
    %jmp/0  T_1.11, 8;
 ; End of false expr.
    %blend  9, 11, 2; Condition unknown.
    %jmp  T_1.12;
T_1.11 ;
    %mov 9, 11, 2; Return false value
T_1.12 ;
    %ix/load 0, 2, 0;
    %assign/v0 v0117EDC8_0, 0, 9;
    %jmp T_1.6;
T_1.4 ;
    %load/v 8, v01172010_0, 1;
    %jmp/0  T_1.13, 8;
    %mov 9, 1, 2;
    %jmp/1  T_1.15, 8;
T_1.13 ; End of true expr.
    %jmp/0  T_1.14, 8;
 ; End of false expr.
    %blend  9, 0, 2; Condition unknown.
    %jmp  T_1.15;
T_1.14 ;
    %mov 9, 0, 2; Return false value
T_1.15 ;
    %ix/load 0, 2, 0;
    %assign/v0 v0117EDC8_0, 0, 9;
    %jmp T_1.6;
T_1.5 ;
    %load/v 8, v01172010_0, 1;
    %ix/load 0, 1, 0;
    %assign/v0 v01171FB8_0, 0, 8;
    %load/v 8, v01172010_0, 1;
    %jmp/0  T_1.16, 8;
    %movi 9, 1, 2;
    %jmp/1  T_1.18, 8;
T_1.16 ; End of true expr.
    %movi 11, 2, 2;
    %jmp/0  T_1.17, 8;
 ; End of false expr.
    %blend  9, 11, 2; Condition unknown.
    %jmp  T_1.18;
T_1.17 ;
    %mov 9, 11, 2; Return false value
T_1.18 ;
    %ix/load 0, 2, 0;
    %assign/v0 v0117EDC8_0, 0, 9;
    %jmp T_1.6;
T_1.6 ;
T_1.1 ;
    %jmp T_1;
    .thread T_1;
    .scope S_011B3C80;
T_2 ;
    %set/v v0117EF00_0, 0, 1;
T_2.0 ;
    %delay 5000, 0;
    %load/v 8, v0117EF00_0, 1;
    %inv 8, 1;
    %set/v v0117EF00_0, 8, 1;
    %jmp T_2.0;
    %end;
    .thread T_2;
    .scope S_011B3C80;
T_3 ;
    %vpi_call 2 9 "$dumpfile", "simulation.vcd";
    %vpi_call 2 9 "$dumpvars", 1'sb0, S_011B3C80;
    %set/v v0117B798_0, 1, 1;
    %set/v v0117B740_0, 0, 1;
    %delay 7000, 0;
    %vpi_call 2 10 "$display", "%b %b", v0117B740_0, v0117EF58_0;
    %set/v v0117B798_0, 0, 1;
    %set/v v0117EEA8_0, 1, 1;
    %fork TD_tb.step, S_0117EE20;
    %join;
    %set/v v0117EEA8_0, 0, 1;
    %fork TD_tb.step, S_0117EE20;
    %join;
    %set/v v0117EEA8_0, 1, 1;
    %fork TD_tb.step, S_0117EE20;
    %join;
    %set/v v0117EEA8_0, 1, 1;
    %fork TD_tb.step, S_0117EE20;
    %join;
    %set/v v0117EEA8_0, 0, 1;
    %fork TD_tb.step, S_0117EE20;
    %join;
    %set/v v0117EEA8_0, 1, 1;
    %fork TD_tb.step, S_0117EE20;
    %join;
    %set/v v0117EEA8_0, 1, 1;
    %fork TD_tb.step, S_0117EE20;
    %join;
    %vpi_call 2 13 "$finish";
    %end;
    .thread T_3;
# The file index is used to find the file name in the following table.
:file_names 4;
    "N/A";
    "<interactive>";
    "D:\buffer gate\buffer gate\verilog-judge\backend\problems\mealy_sequence_detector_1011\tb.v";
    "D:\buffer gate\buffer gate\verilog-judge\backend\submissions\e612ea49-1\submission.v";
