#! /c/iverilog/bin/vvp
:ivl_version "0.9.7 " "(v0_9_7)";
:vpi_time_precision - 12;
:vpi_module "system";
:vpi_module "v2005_math";
:vpi_module "va_math";
S_011A5A08 .scope module, "tb" "tb" 2 2;
 .timescale -9 -12;
v011A1FC0_0 .var "a", 0 0;
v011A2018_0 .var "b", 0 0;
v011A2070_0 .net "y", 0 0, L_011AEC28; 1 drivers
S_011E28B8 .scope module, "dut" "xnor_1bit" 2 6, 3 1, S_011A5A08;
 .timescale 0 0;
L_011AEB80 .functor XOR 1, v011A1FC0_0, v011A2018_0, C4<0>, C4<0>;
L_011AEC28 .functor NOT 1, L_011AEB80, C4<0>, C4<0>, C4<0>;
v011A5A90_0 .net *"_s0", 0 0, L_011AEB80; 1 drivers
v011E2940_0 .net "a", 0 0, v011A1FC0_0; 1 drivers
v011E2998_0 .net "b", 0 0, v011A2018_0; 1 drivers
v011A1F68_0 .alias "y", 0 0, v011A2070_0;
    .scope S_011A5A08;
T_0 ;
    %vpi_call 2 9 "$dumpfile", "simulation.vcd";
    %vpi_call 2 10 "$dumpvars", 1'sb0, S_011A5A08;
    %set/v v011A1FC0_0, 0, 1;
    %set/v v011A2018_0, 0, 1;
    %delay 5000, 0;
    %vpi_call 2 11 "$display", "%b %b %b", v011A1FC0_0, v011A2018_0, v011A2070_0;
    %set/v v011A1FC0_0, 0, 1;
    %set/v v011A2018_0, 1, 1;
    %delay 5000, 0;
    %vpi_call 2 12 "$display", "%b %b %b", v011A1FC0_0, v011A2018_0, v011A2070_0;
    %set/v v011A1FC0_0, 1, 1;
    %set/v v011A2018_0, 0, 1;
    %delay 5000, 0;
    %vpi_call 2 13 "$display", "%b %b %b", v011A1FC0_0, v011A2018_0, v011A2070_0;
    %set/v v011A1FC0_0, 1, 1;
    %set/v v011A2018_0, 1, 1;
    %delay 5000, 0;
    %vpi_call 2 14 "$display", "%b %b %b", v011A1FC0_0, v011A2018_0, v011A2070_0;
    %set/v v011A1FC0_0, 1, 1;
    %set/v v011A2018_0, 1, 1;
    %delay 5000, 0;
    %vpi_call 2 15 "$display", "%b %b %b", v011A1FC0_0, v011A2018_0, v011A2070_0;
    %set/v v011A1FC0_0, 0, 1;
    %set/v v011A2018_0, 1, 1;
    %delay 5000, 0;
    %vpi_call 2 16 "$display", "%b %b %b", v011A1FC0_0, v011A2018_0, v011A2070_0;
    %vpi_call 2 17 "$finish";
    %end;
    .thread T_0;
# The file index is used to find the file name in the following table.
:file_names 4;
    "N/A";
    "<interactive>";
    "D:\buffer gate\buffer gate\verilog-judge\backend\problems\xnor_1bit\tb.v";
    "D:\buffer gate\buffer gate\verilog-judge\backend\submissions\4e91fa17-a\submission.v";
