#! /c/iverilog/bin/vvp
:ivl_version "0.9.7 " "(v0_9_7)";
:vpi_time_precision - 12;
:vpi_module "system";
:vpi_module "v2005_math";
:vpi_module "va_math";
S_011829D0 .scope module, "tb" "tb" 2 2;
 .timescale -9 -12;
v0129EF28_0 .var "clk", 0 0;
v0129EF80_0 .net "q", 3 0, v01292000_0; 1 drivers
v011A0BF8_0 .var "rst", 0 0;
S_01291F20 .scope module, "dut" "johnson_counter_4bit" 2 7, 3 1, S_011829D0;
 .timescale 0 0;
v01291FA8_0 .net "clk", 0 0, v0129EF28_0; 1 drivers
v01292000_0 .var "q", 3 0;
v0129EED0_0 .net "rst", 0 0, v011A0BF8_0; 1 drivers
E_01293CB0 .event posedge, v01291FA8_0;
    .scope S_01291F20;
T_0 ;
    %wait E_01293CB0;
    %load/v 8, v0129EED0_0, 1;
    %jmp/0xz  T_0.0, 8;
    %ix/load 0, 4, 0;
    %assign/v0 v01292000_0, 0, 0;
    %jmp T_0.1;
T_0.0 ;
    %ix/load 1, 3, 0;
    %mov 4, 0, 1;
    %jmp/1 T_0.2, 4;
    %load/x1p 12, v01292000_0, 1;
    %jmp T_0.3;
T_0.2 ;
    %mov 12, 2, 1;
T_0.3 ;
; Save base=12 wid=1 in lookaside.
    %inv 12, 1;
    %mov 8, 12, 1;
    %load/v 9, v01292000_0, 3; Select 3 out of 4 bits
    %ix/load 0, 4, 0;
    %assign/v0 v01292000_0, 0, 8;
T_0.1 ;
    %jmp T_0;
    .thread T_0;
    .scope S_011829D0;
T_1 ;
    %set/v v0129EF28_0, 0, 1;
T_1.0 ;
    %delay 5000, 0;
    %load/v 8, v0129EF28_0, 1;
    %inv 8, 1;
    %set/v v0129EF28_0, 8, 1;
    %jmp T_1.0;
    %end;
    .thread T_1;
    .scope S_011829D0;
T_2 ;
    %vpi_call 2 11 "$dumpfile", "simulation.vcd";
    %vpi_call 2 12 "$dumpvars", 1'sb0, S_011829D0;
    %set/v v0129EF28_0, 0, 1;
    %set/v v011A0BF8_0, 1, 1;
    %delay 5000, 0;
    %vpi_call 2 13 "$display", "%b", v0129EF80_0;
    %set/v v0129EF28_0, 0, 1;
    %set/v v011A0BF8_0, 0, 1;
    %delay 5000, 0;
    %vpi_call 2 14 "$display", "%b", v0129EF80_0;
    %set/v v0129EF28_0, 0, 1;
    %set/v v011A0BF8_0, 0, 1;
    %delay 5000, 0;
    %vpi_call 2 15 "$display", "%b", v0129EF80_0;
    %set/v v0129EF28_0, 0, 1;
    %set/v v011A0BF8_0, 0, 1;
    %delay 5000, 0;
    %vpi_call 2 16 "$display", "%b", v0129EF80_0;
    %vpi_call 2 17 "$finish";
    %end;
    .thread T_2;
# The file index is used to find the file name in the following table.
:file_names 4;
    "N/A";
    "<interactive>";
    "D:\buffer gate\buffer gate\verilog-judge\backend\problems\johnson_counter_4bit\tb.v";
    "D:\buffer gate\buffer gate\verilog-judge\backend\submissions\f41eee60-1\submission.v";
