#! /c/iverilog/bin/vvp
:ivl_version "0.9.7 " "(v0_9_7)";
:vpi_time_precision - 12;
:vpi_module "system";
:vpi_module "v2005_math";
:vpi_module "va_math";
S_01193F28 .scope module, "tb" "tb" 2 2;
 .timescale -9 -12;
v011934D8_0 .var/s "a", 7 0;
v011F0D38_0 .net "y", 7 0, v0119EF70_0; 1 drivers
S_011933F8 .scope module, "dut" "absolute_value_unit" 2 6, 3 1, S_01193F28;
 .timescale 0 0;
v01193480_0 .net/s "a", 7 0, v011934D8_0; 1 drivers
v0119EF70_0 .var "y", 7 0;
E_011D1A10 .event edge, v01193480_0;
    .scope S_011933F8;
T_0 ;
    %wait E_011D1A10;
    %load/v 8, v01193480_0, 8;
   %cmpi/u 8, 0, 8;
    %jmp/0xz  T_0.0, 5;
    %load/v 8, v01193480_0, 8;
    %inv 8, 8;
    %addi 8, 1, 8;
    %ix/load 0, 8, 0;
    %assign/v0 v0119EF70_0, 0, 8;
    %jmp T_0.1;
T_0.0 ;
    %load/v 8, v01193480_0, 8;
    %ix/load 0, 8, 0;
    %assign/v0 v0119EF70_0, 0, 8;
T_0.1 ;
    %jmp T_0;
    .thread T_0, $push;
    .scope S_01193F28;
T_1 ;
    %vpi_call 2 9 "$dumpfile", "simulation.vcd";
    %vpi_call 2 10 "$dumpvars", 1'sb0, S_01193F28;
    %set/v v011934D8_0, 0, 8;
    %delay 1000, 0;
    %vpi_call 2 11 "$display", "%b", v011F0D38_0;
    %movi 8, 1, 8;
    %set/v v011934D8_0, 8, 8;
    %delay 1000, 0;
    %vpi_call 2 12 "$display", "%b", v011F0D38_0;
    %set/v v011934D8_0, 1, 8;
    %delay 1000, 0;
    %vpi_call 2 13 "$display", "%b", v011F0D38_0;
    %movi 8, 170, 8;
    %set/v v011934D8_0, 8, 8;
    %delay 1000, 0;
    %vpi_call 2 14 "$display", "%b", v011F0D38_0;
    %movi 8, 2, 8;
    %set/v v011934D8_0, 8, 8;
    %delay 1000, 0;
    %vpi_call 2 15 "$display", "%b", v011F0D38_0;
    %movi 8, 3, 8;
    %set/v v011934D8_0, 8, 8;
    %delay 1000, 0;
    %vpi_call 2 16 "$display", "%b", v011F0D38_0;
    %movi 8, 127, 8;
    %set/v v011934D8_0, 8, 8;
    %delay 1000, 0;
    %vpi_call 2 17 "$display", "%b", v011F0D38_0;
    %movi 8, 170, 8;
    %set/v v011934D8_0, 8, 8;
    %delay 1000, 0;
    %vpi_call 2 18 "$display", "%b", v011F0D38_0;
    %vpi_call 2 19 "$finish";
    %end;
    .thread T_1;
# The file index is used to find the file name in the following table.
:file_names 4;
    "N/A";
    "<interactive>";
    "D:\buffer gate\buffer gate\verilog-judge\backend\problems\absolute_value_unit\tb.v";
    "D:\buffer gate\buffer gate\verilog-judge\backend\submissions\2f66f266-c\submission.v";
