#! /c/iverilog/bin/vvp
:ivl_version "0.9.7 " "(v0_9_7)";
:vpi_time_precision - 12;
:vpi_module "system";
:vpi_module "v2005_math";
:vpi_module "va_math";
S_011E59F0 .scope module, "tb" "tb" 2 2;
 .timescale -9 -12;
v011E1F78_0 .var "a", 15 0;
v011E1FD0_0 .net "y", 15 0, L_011E2058; 1 drivers
S_01222418 .scope module, "dut" "bit_set_16bit_1" 2 6, 3 1, S_011E59F0;
 .timescale 0 0;
L_011E2058 .functor OR 16, v011E1F78_0, C4<0000000000000010>, C4<0000000000000000>, C4<0000000000000000>;
v011E5A78_0 .net *"_s0", 15 0, C4<0000000000000010>; 1 drivers
v012224A0_0 .net "a", 15 0, v011E1F78_0; 1 drivers
v012224F8_0 .alias "y", 15 0, v011E1FD0_0;
    .scope S_011E59F0;
T_0 ;
    %vpi_call 2 9 "$dumpfile", "simulation.vcd";
    %vpi_call 2 10 "$dumpvars", 1'sb0, S_011E59F0;
    %set/v v011E1F78_0, 0, 16;
    %delay 5000, 0;
    %vpi_call 2 11 "$display", "%b %b", v011E1F78_0, v011E1FD0_0;
    %movi 8, 2, 16;
    %set/v v011E1F78_0, 8, 16;
    %delay 5000, 0;
    %vpi_call 2 12 "$display", "%b %b", v011E1F78_0, v011E1FD0_0;
    %set/v v011E1F78_0, 1, 16;
    %delay 5000, 0;
    %vpi_call 2 13 "$display", "%b %b", v011E1F78_0, v011E1FD0_0;
    %movi 8, 43690, 16;
    %set/v v011E1F78_0, 8, 16;
    %delay 5000, 0;
    %vpi_call 2 14 "$display", "%b %b", v011E1F78_0, v011E1FD0_0;
    %vpi_call 2 15 "$finish";
    %end;
    .thread T_0;
# The file index is used to find the file name in the following table.
:file_names 4;
    "N/A";
    "<interactive>";
    "D:\buffer gate\buffer gate\verilog-judge\backend\problems\bit_set_16bit_1\tb.v";
    "D:\buffer gate\buffer gate\verilog-judge\backend\submissions\9ecbf7ac-8\submission.v";
