#! /c/iverilog/bin/vvp
:ivl_version "0.9.7 " "(v0_9_7)";
:vpi_time_precision - 12;
:vpi_module "system";
:vpi_module "v2005_math";
:vpi_module "va_math";
S_00A653A8 .scope module, "tb" "tb" 2 2;
 .timescale -9 -12;
v00A61FD0_0 .var "a", 7 0;
v00A62028_0 .var "b", 7 0;
v00A68B50_0 .net "borrow", 0 0, L_00A68C58; 1 drivers
v00A68BA8_0 .net "diff", 7 0, L_00A68C00; 1 drivers
S_00A65760 .scope module, "dut" "subtractor_8bit" 2 7, 3 1, S_00A653A8;
 .timescale 0 0;
v01202E08_0 .net "a", 7 0, v00A61FD0_0; 1 drivers
v01202E60_0 .net "b", 7 0, v00A62028_0; 1 drivers
v01202EB8_0 .alias "borrow", 0 0, v00A68B50_0;
v00A61F78_0 .alias "diff", 7 0, v00A68BA8_0;
L_00A68C00 .arith/sub 8, v00A61FD0_0, v00A62028_0;
L_00A68C58 .cmp/gt 8, v00A62028_0, v00A61FD0_0;
    .scope S_00A653A8;
T_0 ;
    %vpi_call 2 10 "$dumpfile", "simulation.vcd";
    %vpi_call 2 11 "$dumpvars", 1'sb0, S_00A653A8;
    %set/v v00A61FD0_0, 0, 8;
    %set/v v00A62028_0, 0, 8;
    %delay 5000, 0;
    %vpi_call 2 12 "$display", "%b %b %b %b", v00A61FD0_0, v00A62028_0, v00A68BA8_0, v00A68B50_0;
    %movi 8, 1, 8;
    %set/v v00A61FD0_0, 8, 8;
    %movi 8, 1, 8;
    %set/v v00A62028_0, 8, 8;
    %delay 5000, 0;
    %vpi_call 2 13 "$display", "%b %b %b %b", v00A61FD0_0, v00A62028_0, v00A68BA8_0, v00A68B50_0;
    %set/v v00A61FD0_0, 1, 8;
    %movi 8, 1, 8;
    %set/v v00A62028_0, 8, 8;
    %delay 5000, 0;
    %vpi_call 2 14 "$display", "%b %b %b %b", v00A61FD0_0, v00A62028_0, v00A68BA8_0, v00A68B50_0;
    %movi 8, 127, 8;
    %set/v v00A61FD0_0, 8, 8;
    %movi 8, 85, 8;
    %set/v v00A62028_0, 8, 8;
    %delay 5000, 0;
    %vpi_call 2 15 "$display", "%b %b %b %b", v00A61FD0_0, v00A62028_0, v00A68BA8_0, v00A68B50_0;
    %set/v v00A61FD0_0, 1, 8;
    %set/v v00A62028_0, 1, 8;
    %delay 5000, 0;
    %vpi_call 2 16 "$display", "%b %b %b %b", v00A61FD0_0, v00A62028_0, v00A68BA8_0, v00A68B50_0;
    %vpi_call 2 17 "$finish";
    %end;
    .thread T_0;
# The file index is used to find the file name in the following table.
:file_names 4;
    "N/A";
    "<interactive>";
    "D:\buffer gate\buffer gate\verilog-judge\backend\problems\subtractor_8bit\tb.v";
    "D:\buffer gate\buffer gate\verilog-judge\backend\submissions\393d00bf-6\submission.v";
