#! /c/iverilog/bin/vvp
:ivl_version "0.9.7 " "(v0_9_7)";
:vpi_time_precision - 12;
:vpi_module "system";
:vpi_module "v2005_math";
:vpi_module "va_math";
S_011425A0 .scope module, "tb" "tb" 2 2;
 .timescale -9 -12;
v01282010_0 .var "a", 15 0;
v0128EBF0_0 .net "y", 0 0, L_0128EC48; 1 drivers
S_01142628 .scope module, "dut" "all_ones_detector_16bit" 2 6, 3 1, S_011425A0;
 .timescale 0 0;
v012859B0_0 .net *"_s0", 15 0, C4<1111111111111111>; 1 drivers
v01281F60_0 .net "a", 15 0, v01282010_0; 1 drivers
v01281FB8_0 .alias "y", 0 0, v0128EBF0_0;
L_0128EC48 .cmp/eq 16, v01282010_0, C4<1111111111111111>;
    .scope S_011425A0;
T_0 ;
    %vpi_call 2 9 "$dumpfile", "simulation.vcd";
    %vpi_call 2 10 "$dumpvars", 1'sb0, S_011425A0;
    %set/v v01282010_0, 0, 16;
    %delay 5000, 0;
    %vpi_call 2 11 "$display", "%b %b", v01282010_0, v0128EBF0_0;
    %movi 8, 1, 16;
    %set/v v01282010_0, 8, 16;
    %delay 5000, 0;
    %vpi_call 2 12 "$display", "%b %b", v01282010_0, v0128EBF0_0;
    %set/v v01282010_0, 1, 16;
    %delay 5000, 0;
    %vpi_call 2 13 "$display", "%b %b", v01282010_0, v0128EBF0_0;
    %movi 8, 32768, 16;
    %set/v v01282010_0, 8, 16;
    %delay 5000, 0;
    %vpi_call 2 14 "$display", "%b %b", v01282010_0, v0128EBF0_0;
    %movi 8, 43690, 16;
    %set/v v01282010_0, 8, 16;
    %delay 5000, 0;
    %vpi_call 2 15 "$display", "%b %b", v01282010_0, v0128EBF0_0;
    %vpi_call 2 16 "$finish";
    %end;
    .thread T_0;
# The file index is used to find the file name in the following table.
:file_names 4;
    "N/A";
    "<interactive>";
    "D:\buffer gate\buffer gate\verilog-judge\backend\problems\all_ones_detector_16bit\tb.v";
    "D:\buffer gate\buffer gate\verilog-judge\backend\submissions\a9b0bf98-1\submission.v";
