#! /c/iverilog/bin/vvp
:ivl_version "0.9.7 " "(v0_9_7)";
:vpi_time_precision - 12;
:vpi_module "system";
:vpi_module "v2005_math";
:vpi_module "va_math";
S_011422F0 .scope module, "tb" "tb" 2 2;
 .timescale -9 -12;
v01252008_0 .var "value", 7 0;
v01252060_0 .net "zero", 0 0, C4<0>; 1 drivers
S_01142378 .scope module, "dut" "zero_flag_unit" 2 6, 3 1, S_011422F0;
 .timescale 0 0;
v01251F58_0 .net "value", 7 0, v01252008_0; 1 drivers
v01251FB0_0 .alias "zero", 0 0, v01252060_0;
    .scope S_011422F0;
T_0 ;
    %vpi_call 2 9 "$dumpfile", "simulation.vcd";
    %vpi_call 2 10 "$dumpvars", 1'sb0, S_011422F0;
    %set/v v01252008_0, 0, 8;
    %delay 5000, 0;
    %vpi_call 2 11 "$display", "%b", v01252060_0;
    %movi 8, 1, 8;
    %set/v v01252008_0, 8, 8;
    %delay 5000, 0;
    %vpi_call 2 12 "$display", "%b", v01252060_0;
    %set/v v01252008_0, 1, 8;
    %delay 5000, 0;
    %vpi_call 2 13 "$display", "%b", v01252060_0;
    %movi 8, 170, 8;
    %set/v v01252008_0, 8, 8;
    %delay 5000, 0;
    %vpi_call 2 14 "$display", "%b", v01252060_0;
    %vpi_call 2 15 "$finish";
    %end;
    .thread T_0;
# The file index is used to find the file name in the following table.
:file_names 4;
    "N/A";
    "<interactive>";
    "D:\buffer gate\buffer gate\verilog-judge\backend\problems\zero_flag_unit\tb.v";
    "D:\buffer gate\buffer gate\verilog-judge\backend\submissions\f20bfd0f-1\submission.v";
