#! /c/iverilog/bin/vvp
:ivl_version "0.9.7 " "(v0_9_7)";
:vpi_time_precision - 12;
:vpi_module "system";
:vpi_module "v2005_math";
:vpi_module "va_math";
S_01275A08 .scope module, "tb" "tb" 2 2;
 .timescale -9 -12;
v01271FC0_0 .var "a", 3 0;
v01272018_0 .var "b", 3 0;
v01272070_0 .net "y", 3 0, L_0127E820; 1 drivers
S_011828C0 .scope module, "dut" "nand_4bit" 2 6, 3 1, S_01275A08;
 .timescale 0 0;
L_0127E778 .functor AND 4, v01271FC0_0, v01272018_0, C4<1111>, C4<1111>;
L_0127E820 .functor NOT 4, L_0127E778, C4<0000>, C4<0000>, C4<0000>;
v01275A90_0 .net *"_s0", 3 0, L_0127E778; 1 drivers
v01182948_0 .net "a", 3 0, v01271FC0_0; 1 drivers
v011829A0_0 .net "b", 3 0, v01272018_0; 1 drivers
v01271F68_0 .alias "y", 3 0, v01272070_0;
    .scope S_01275A08;
T_0 ;
    %vpi_call 2 9 "$dumpfile", "simulation.vcd";
    %vpi_call 2 10 "$dumpvars", 1'sb0, S_01275A08;
    %set/v v01271FC0_0, 0, 4;
    %set/v v01272018_0, 0, 4;
    %delay 5000, 0;
    %vpi_call 2 11 "$display", "%b %b %b", v01271FC0_0, v01272018_0, v01272070_0;
    %set/v v01271FC0_0, 0, 4;
    %set/v v01272018_0, 1, 4;
    %delay 5000, 0;
    %vpi_call 2 12 "$display", "%b %b %b", v01271FC0_0, v01272018_0, v01272070_0;
    %set/v v01271FC0_0, 1, 4;
    %set/v v01272018_0, 0, 4;
    %delay 5000, 0;
    %vpi_call 2 13 "$display", "%b %b %b", v01271FC0_0, v01272018_0, v01272070_0;
    %set/v v01271FC0_0, 1, 4;
    %set/v v01272018_0, 1, 4;
    %delay 5000, 0;
    %vpi_call 2 14 "$display", "%b %b %b", v01271FC0_0, v01272018_0, v01272070_0;
    %movi 8, 8, 4;
    %set/v v01271FC0_0, 8, 4;
    %set/v v01272018_0, 1, 4;
    %delay 5000, 0;
    %vpi_call 2 15 "$display", "%b %b %b", v01271FC0_0, v01272018_0, v01272070_0;
    %movi 8, 5, 4;
    %set/v v01271FC0_0, 8, 4;
    %movi 8, 10, 4;
    %set/v v01272018_0, 8, 4;
    %delay 5000, 0;
    %vpi_call 2 16 "$display", "%b %b %b", v01271FC0_0, v01272018_0, v01272070_0;
    %vpi_call 2 17 "$finish";
    %end;
    .thread T_0;
# The file index is used to find the file name in the following table.
:file_names 4;
    "N/A";
    "<interactive>";
    "D:\buffer gate\buffer gate\verilog-judge\backend\problems\nand_4bit\tb.v";
    "D:\buffer gate\buffer gate\verilog-judge\backend\submissions\4e511200-b\submission.v";
