#! /c/iverilog/bin/vvp
:ivl_version "0.9.7 " "(v0_9_7)";
:vpi_time_precision - 12;
:vpi_module "system";
:vpi_module "v2005_math";
:vpi_module "va_math";
S_012657A0 .scope module, "tb" "tb" 2 2;
 .timescale -9 -12;
v01142338_0 .var "a", 1 0;
v01142390_0 .net "y", 0 0, L_0126E778; 1 drivers
S_01265998 .scope module, "dut" "zero_detector_2bit" 2 6, 3 1, S_012657A0;
 .timescale 0 0;
v01265A20_0 .net *"_s0", 2 0, L_011423E8; 1 drivers
v01265A78_0 .net *"_s3", 0 0, C4<0>; 1 drivers
v01261F60_0 .net *"_s4", 2 0, C4<000>; 1 drivers
v01261FB8_0 .net "a", 1 0, v01142338_0; 1 drivers
v01262010_0 .alias "y", 0 0, v01142390_0;
L_011423E8 .concat [ 2 1 0 0], v01142338_0, C4<0>;
L_0126E778 .cmp/eq 3, L_011423E8, C4<000>;
    .scope S_012657A0;
T_0 ;
    %vpi_call 2 9 "$dumpfile", "simulation.vcd";
    %vpi_call 2 10 "$dumpvars", 1'sb0, S_012657A0;
    %set/v v01142338_0, 0, 2;
    %delay 5000, 0;
    %vpi_call 2 11 "$display", "%b %b", v01142338_0, v01142390_0;
    %movi 8, 1, 2;
    %set/v v01142338_0, 8, 2;
    %delay 5000, 0;
    %vpi_call 2 12 "$display", "%b %b", v01142338_0, v01142390_0;
    %set/v v01142338_0, 1, 2;
    %delay 5000, 0;
    %vpi_call 2 13 "$display", "%b %b", v01142338_0, v01142390_0;
    %movi 8, 2, 2;
    %set/v v01142338_0, 8, 2;
    %delay 5000, 0;
    %vpi_call 2 14 "$display", "%b %b", v01142338_0, v01142390_0;
    %movi 8, 2, 2;
    %set/v v01142338_0, 8, 2;
    %delay 5000, 0;
    %vpi_call 2 15 "$display", "%b %b", v01142338_0, v01142390_0;
    %vpi_call 2 16 "$finish";
    %end;
    .thread T_0;
# The file index is used to find the file name in the following table.
:file_names 4;
    "N/A";
    "<interactive>";
    "D:\buffer gate\buffer gate\verilog-judge\backend\problems\zero_detector_2bit\tb.v";
    "D:\buffer gate\buffer gate\verilog-judge\backend\submissions\996c2044-3\submission.v";
