#! /c/iverilog/bin/vvp
:ivl_version "0.9.7 " "(v0_9_7)";
:vpi_time_precision - 12;
:vpi_module "system";
:vpi_module "v2005_math";
:vpi_module "va_math";
S_01325118 .scope module, "tb" "tb" 2 2;
 .timescale -9 -12;
v01322040_0 .var "a", 3 0;
v01172308_0 .net "y", 0 0, L_0132EF40; 1 drivers
S_01321F60 .scope module, "dut" "reduction_and_4bit" 2 6, 3 1, S_01325118;
 .timescale 0 0;
v01321FE8_0 .net "a", 3 0, v01322040_0; 1 drivers
v01325A78_0 .alias "y", 0 0, v01172308_0;
L_0132EF40 .reduce/and v01322040_0;
    .scope S_01325118;
T_0 ;
    %vpi_call 2 9 "$dumpfile", "simulation.vcd";
    %vpi_call 2 10 "$dumpvars", 1'sb0, S_01325118;
    %set/v v01322040_0, 0, 4;
    %delay 5000, 0;
    %vpi_call 2 11 "$display", "%b %b", v01322040_0, v01172308_0;
    %movi 8, 1, 4;
    %set/v v01322040_0, 8, 4;
    %delay 5000, 0;
    %vpi_call 2 12 "$display", "%b %b", v01322040_0, v01172308_0;
    %set/v v01322040_0, 1, 4;
    %delay 5000, 0;
    %vpi_call 2 13 "$display", "%b %b", v01322040_0, v01172308_0;
    %movi 8, 8, 4;
    %set/v v01322040_0, 8, 4;
    %delay 5000, 0;
    %vpi_call 2 14 "$display", "%b %b", v01322040_0, v01172308_0;
    %movi 8, 10, 4;
    %set/v v01322040_0, 8, 4;
    %delay 5000, 0;
    %vpi_call 2 15 "$display", "%b %b", v01322040_0, v01172308_0;
    %vpi_call 2 16 "$finish";
    %end;
    .thread T_0;
# The file index is used to find the file name in the following table.
:file_names 4;
    "N/A";
    "<interactive>";
    "D:\buffer gate\buffer gate\verilog-judge\backend\problems\reduction_and_4bit\tb.v";
    "D:\buffer gate\buffer gate\verilog-judge\backend\submissions\c65e12e5-4\submission.v";
