#! /c/iverilog/bin/vvp
:ivl_version "0.9.7 " "(v0_9_7)";
:vpi_time_precision - 12;
:vpi_module "system";
:vpi_module "v2005_math";
:vpi_module "va_math";
S_01232848 .scope module, "tb" "tb" 2 2;
 .timescale -9 -12;
v011F5850_0 .var "clk", 0 0;
v011FE128_0 .net "grant", 2 0, v011F2040_0; 1 drivers
v011FE180_0 .var "req", 2 0;
v011FE1D8_0 .var "rst", 0 0;
S_011F1F60 .scope module, "dut" "memory_arbiter_3to1" 2 8, 3 1, S_01232848;
 .timescale 0 0;
v011F1FE8_0 .net "clk", 0 0, v011F5850_0; 1 drivers
v011F2040_0 .var "grant", 2 0;
v011F57A0_0 .net "req", 2 0, v011FE180_0; 1 drivers
v011F57F8_0 .net "rst", 0 0, v011FE1D8_0; 1 drivers
E_011FA058 .event "_s0";
    .scope S_011F1F60;
T_0 ;
    %wait E_011FA058;
    %jmp T_0;
    .thread T_0;
    .scope S_01232848;
T_1 ;
    %set/v v011F5850_0, 0, 1;
T_1.0 ;
    %delay 5000, 0;
    %load/v 8, v011F5850_0, 1;
    %inv 8, 1;
    %set/v v011F5850_0, 8, 1;
    %jmp T_1.0;
    %end;
    .thread T_1;
    .scope S_01232848;
T_2 ;
    %vpi_call 2 12 "$dumpfile", "simulation.vcd";
    %vpi_call 2 13 "$dumpvars", 1'sb0, S_01232848;
    %set/v v011F5850_0, 0, 1;
    %set/v v011FE1D8_0, 1, 1;
    %set/v v011FE180_0, 0, 3;
    %delay 5000, 0;
    %vpi_call 2 14 "$display", "%b", v011FE128_0;
    %set/v v011F5850_0, 0, 1;
    %set/v v011FE1D8_0, 0, 1;
    %movi 8, 1, 3;
    %set/v v011FE180_0, 8, 3;
    %delay 5000, 0;
    %vpi_call 2 15 "$display", "%b", v011FE128_0;
    %set/v v011F5850_0, 0, 1;
    %set/v v011FE1D8_0, 0, 1;
    %set/v v011FE180_0, 1, 3;
    %delay 5000, 0;
    %vpi_call 2 16 "$display", "%b", v011FE128_0;
    %set/v v011F5850_0, 0, 1;
    %set/v v011FE1D8_0, 0, 1;
    %movi 8, 2, 3;
    %set/v v011FE180_0, 8, 3;
    %delay 5000, 0;
    %vpi_call 2 17 "$display", "%b", v011FE128_0;
    %vpi_call 2 18 "$finish";
    %end;
    .thread T_2;
# The file index is used to find the file name in the following table.
:file_names 4;
    "N/A";
    "<interactive>";
    "D:\buffer gate\buffer gate\verilog-judge\backend\problems\memory_arbiter_3to1\tb.v";
    "D:\buffer gate\buffer gate\verilog-judge\backend\submissions\723292ad-3\submission.v";
