#! /c/iverilog/bin/vvp
:ivl_version "0.9.7 " "(v0_9_7)";
:vpi_time_precision - 12;
:vpi_module "system";
:vpi_module "v2005_math";
:vpi_module "va_math";
S_011B5318 .scope module, "tb" "tb" 2 2;
 .timescale -9 -12;
v011BEF40_0 .var "a", 0 0;
v011B1F78_0 .net "y", 0 0, L_011BEF98; 1 drivers
S_011F2568 .scope module, "dut" "buffer_1bit" 2 6, 3 1, S_011B5318;
 .timescale 0 0;
L_011BEF98 .functor BUFZ 1, v011BEF40_0, C4<0>, C4<0>, C4<0>;
v011F25F0_0 .net "a", 0 0, v011BEF40_0; 1 drivers
v011F2648_0 .alias "y", 0 0, v011B1F78_0;
    .scope S_011B5318;
T_0 ;
    %vpi_call 2 9 "$dumpfile", "simulation.vcd";
    %vpi_call 2 10 "$dumpvars", 1'sb0, S_011B5318;
    %set/v v011BEF40_0, 0, 1;
    %delay 5000, 0;
    %vpi_call 2 11 "$display", "%b %b", v011BEF40_0, v011B1F78_0;
    %set/v v011BEF40_0, 1, 1;
    %delay 5000, 0;
    %vpi_call 2 12 "$display", "%b %b", v011BEF40_0, v011B1F78_0;
    %set/v v011BEF40_0, 1, 1;
    %delay 5000, 0;
    %vpi_call 2 13 "$display", "%b %b", v011BEF40_0, v011B1F78_0;
    %set/v v011BEF40_0, 1, 1;
    %delay 5000, 0;
    %vpi_call 2 14 "$display", "%b %b", v011BEF40_0, v011B1F78_0;
    %vpi_call 2 15 "$finish";
    %end;
    .thread T_0;
# The file index is used to find the file name in the following table.
:file_names 4;
    "N/A";
    "<interactive>";
    "D:\buffer gate\buffer gate\verilog-judge\backend\problems\buffer_1bit\tb.v";
    "D:\buffer gate\buffer gate\verilog-judge\backend\submissions\0191945b-1\submission.v";
