#! /c/iverilog/bin/vvp
:ivl_version "0.9.7 " "(v0_9_7)";
:vpi_time_precision - 12;
:vpi_module "system";
:vpi_module "v2005_math";
:vpi_module "va_math";
S_01162830 .scope module, "tb" "tb" 2 2;
 .timescale -9 -12;
v01232040_0 .net "code", 2 0, v01235518_0; 1 drivers
v01180C18_0 .var "in", 7 0;
v01180C70_0 .net "valid", 0 0, v01231FE8_0; 1 drivers
S_01231F60 .scope module, "dut" "find_bug_priority_encoder" 2 7, 3 1, S_01162830;
 .timescale 0 0;
v01235518_0 .var "code", 2 0;
v0123EF40_0 .net "in", 7 0, v01180C18_0; 1 drivers
v01231FE8_0 .var "valid", 0 0;
E_01233D28 .event "_s0";
    .scope S_01231F60;
T_0 ;
    %wait E_01233D28;
    %jmp T_0;
    .thread T_0;
    .scope S_01162830;
T_1 ;
    %vpi_call 2 10 "$dumpfile", "simulation.vcd";
    %vpi_call 2 11 "$dumpvars", 1'sb0, S_01162830;
    %set/v v01180C18_0, 0, 8;
    %delay 5000, 0;
    %vpi_call 2 12 "$display", "%b %b", v01232040_0, v01180C70_0;
    %movi 8, 1, 8;
    %set/v v01180C18_0, 8, 8;
    %delay 5000, 0;
    %vpi_call 2 13 "$display", "%b %b", v01232040_0, v01180C70_0;
    %set/v v01180C18_0, 1, 8;
    %delay 5000, 0;
    %vpi_call 2 14 "$display", "%b %b", v01232040_0, v01180C70_0;
    %movi 8, 170, 8;
    %set/v v01180C18_0, 8, 8;
    %delay 5000, 0;
    %vpi_call 2 15 "$display", "%b %b", v01232040_0, v01180C70_0;
    %vpi_call 2 16 "$finish";
    %end;
    .thread T_1;
# The file index is used to find the file name in the following table.
:file_names 4;
    "N/A";
    "<interactive>";
    "D:\buffer gate\buffer gate\verilog-judge\backend\problems\find_bug_priority_encoder\tb.v";
    "D:\buffer gate\buffer gate\verilog-judge\backend\submissions\11732780-d\submission.v";
