#! /c/iverilog/bin/vvp
:ivl_version "0.9.7 " "(v0_9_7)";
:vpi_time_precision - 12;
:vpi_module "system";
:vpi_module "v2005_math";
:vpi_module "va_math";
S_012B3B58 .scope module, "tb" "tb" 2 2;
 .timescale -9 -12;
v012BEB68_0 .var "a", 7 0;
v012BEBC0_0 .net "y", 15 0, L_012BECC8; 1 drivers
S_012B3BE0 .scope module, "dut" "sign_extender" 2 6, 3 1, S_012B3B58;
 .timescale 0 0;
v012B33F8_0 .net *"_s1", 0 0, L_012BEC18; 1 drivers
v012B3450_0 .net *"_s2", 7 0, L_012BEC70; 1 drivers
v012B34A8_0 .net "a", 7 0, v012BEB68_0; 1 drivers
v012B3500_0 .alias "y", 15 0, v012BEBC0_0;
L_012BEC18 .part v012BEB68_0, 7, 1;
LS_012BEC70_0_0 .concat [ 1 1 1 1], L_012BEC18, L_012BEC18, L_012BEC18, L_012BEC18;
LS_012BEC70_0_4 .concat [ 1 1 1 1], L_012BEC18, L_012BEC18, L_012BEC18, L_012BEC18;
L_012BEC70 .concat [ 4 4 0 0], LS_012BEC70_0_0, LS_012BEC70_0_4;
L_012BECC8 .concat [ 8 8 0 0], v012BEB68_0, L_012BEC70;
    .scope S_012B3B58;
T_0 ;
    %vpi_call 2 9 "$dumpfile", "simulation.vcd";
    %vpi_call 2 10 "$dumpvars", 1'sb0, S_012B3B58;
    %set/v v012BEB68_0, 0, 8;
    %delay 1000, 0;
    %vpi_call 2 11 "$display", "%b", v012BEBC0_0;
    %movi 8, 1, 8;
    %set/v v012BEB68_0, 8, 8;
    %delay 1000, 0;
    %vpi_call 2 12 "$display", "%b", v012BEBC0_0;
    %set/v v012BEB68_0, 1, 8;
    %delay 1000, 0;
    %vpi_call 2 13 "$display", "%b", v012BEBC0_0;
    %movi 8, 170, 8;
    %set/v v012BEB68_0, 8, 8;
    %delay 1000, 0;
    %vpi_call 2 14 "$display", "%b", v012BEBC0_0;
    %movi 8, 2, 8;
    %set/v v012BEB68_0, 8, 8;
    %delay 1000, 0;
    %vpi_call 2 15 "$display", "%b", v012BEBC0_0;
    %movi 8, 3, 8;
    %set/v v012BEB68_0, 8, 8;
    %delay 1000, 0;
    %vpi_call 2 16 "$display", "%b", v012BEBC0_0;
    %movi 8, 127, 8;
    %set/v v012BEB68_0, 8, 8;
    %delay 1000, 0;
    %vpi_call 2 17 "$display", "%b", v012BEBC0_0;
    %movi 8, 170, 8;
    %set/v v012BEB68_0, 8, 8;
    %delay 1000, 0;
    %vpi_call 2 18 "$display", "%b", v012BEBC0_0;
    %vpi_call 2 19 "$finish";
    %end;
    .thread T_0;
# The file index is used to find the file name in the following table.
:file_names 4;
    "N/A";
    "<interactive>";
    "D:\buffer gate\buffer gate\verilog-judge\backend\problems\sign_extender_8to16\tb.v";
    "D:\buffer gate\buffer gate\verilog-judge\backend\submissions\b537cf70-6\submission.v";
