#! /c/iverilog/bin/vvp
:ivl_version "0.9.7 " "(v0_9_7)";
:vpi_time_precision - 12;
:vpi_module "system";
:vpi_module "v2005_math";
:vpi_module "va_math";
S_011F2228 .scope module, "tb" "tb" 2 2;
 .timescale -9 -12;
S_011B1F40 .scope module, "dut" "testbench_for_mux" 2 3, 3 1, S_011F2228;
 .timescale 0 0;
    .scope S_011B1F40;
T_0 ;
    %vpi_call 3 3 "$display", "OK";
    %end;
    .thread T_0;
# The file index is used to find the file name in the following table.
:file_names 4;
    "N/A";
    "<interactive>";
    "D:\buffer gate\buffer gate\verilog-judge\backend\problems\testbench_for_mux\tb.v";
    "D:\buffer gate\buffer gate\verilog-judge\backend\submissions\ef03e7fb-a\submission.v";
