#! /c/Source/iverilog-install/bin/vvp
:ivl_version "12.0 (devel)" "(s20150603-1110-g18392a46)";
:ivl_delay_selection "TYPICAL";
:vpi_time_precision - 12;
:vpi_module "D:\iverilog\lib\ivl\system.vpi";
:vpi_module "D:\iverilog\lib\ivl\vhdl_sys.vpi";
:vpi_module "D:\iverilog\lib\ivl\vhdl_textio.vpi";
:vpi_module "D:\iverilog\lib\ivl\v2005_math.vpi";
:vpi_module "D:\iverilog\lib\ivl\va_math.vpi";
S_0000017b9fa199d0 .scope module, "tb" "tb" 2 2;
 .timescale -9 -12;
v0000017b9fa66c90_0 .var "clk", 0 0;
v0000017b9fa16940_0 .net "q", 3 0, v0000017b9fa171d0_0;  1 drivers
v0000017b9fa169e0_0 .var "rst", 0 0;
S_0000017b9fa1bd90 .scope module, "dut" "johnson_counter_4bit" 2 7, 3 1 0, S_0000017b9fa199d0;
 .timescale 0 0;
    .port_info 0 /INPUT 1 "clk";
    .port_info 1 /INPUT 1 "rst";
    .port_info 2 /OUTPUT 4 "q";
v0000017b9fa55160_0 .net "clk", 0 0, v0000017b9fa66c90_0;  1 drivers
v0000017b9fa171d0_0 .var "q", 3 0;
v0000017b9fa1bf20_0 .net "rst", 0 0, v0000017b9fa169e0_0;  1 drivers
E_0000017b9fa19f40 .event posedge, v0000017b9fa55160_0;
    .scope S_0000017b9fa1bd90;
T_0 ;
    %wait E_0000017b9fa19f40;
    %load/vec4 v0000017b9fa1bf20_0;
    %flag_set/vec4 8;
    %jmp/0xz  T_0.0, 8;
    %pushi/vec4 0, 0, 4;
    %assign/vec4 v0000017b9fa171d0_0, 0;
    %jmp T_0.1;
T_0.0 ;
    %load/vec4 v0000017b9fa171d0_0;
    %parti/s 1, 0, 2;
    %inv;
    %ix/load 4, 3, 0;
    %ix/load 5, 0, 0;
    %flag_set/imm 4, 0;
    %assign/vec4/off/d v0000017b9fa171d0_0, 4, 5;
    %load/vec4 v0000017b9fa171d0_0;
    %parti/s 1, 3, 3;
    %ix/load 4, 2, 0;
    %ix/load 5, 0, 0;
    %flag_set/imm 4, 0;
    %assign/vec4/off/d v0000017b9fa171d0_0, 4, 5;
    %load/vec4 v0000017b9fa171d0_0;
    %parti/s 1, 2, 3;
    %ix/load 4, 1, 0;
    %ix/load 5, 0, 0;
    %flag_set/imm 4, 0;
    %assign/vec4/off/d v0000017b9fa171d0_0, 4, 5;
    %load/vec4 v0000017b9fa171d0_0;
    %parti/s 1, 1, 2;
    %ix/load 4, 0, 0;
    %ix/load 5, 0, 0;
    %flag_set/imm 4, 0;
    %assign/vec4/off/d v0000017b9fa171d0_0, 4, 5;
T_0.1 ;
    %jmp T_0;
    .thread T_0;
    .scope S_0000017b9fa199d0;
T_1 ;
    %pushi/vec4 0, 0, 1;
    %store/vec4 v0000017b9fa66c90_0, 0, 1;
T_1.0 ;
    %delay 5000, 0;
    %load/vec4 v0000017b9fa66c90_0;
    %inv;
    %store/vec4 v0000017b9fa66c90_0, 0, 1;
    %jmp T_1.0;
    %end;
    .thread T_1;
    .scope S_0000017b9fa199d0;
T_2 ;
    %vpi_call 2 11 "$dumpfile", "simulation.vcd" {0 0 0};
    %vpi_call 2 12 "$dumpvars", 32'sb00000000000000000000000000000000, S_0000017b9fa199d0 {0 0 0};
    %pushi/vec4 1, 0, 1;
    %store/vec4 v0000017b9fa169e0_0, 0, 1;
    %delay 1000, 0;
    %wait E_0000017b9fa19f40;
    %delay 1000, 0;
    %vpi_call 2 13 "$display", "%b", v0000017b9fa16940_0 {0 0 0};
    %pushi/vec4 0, 0, 1;
    %store/vec4 v0000017b9fa169e0_0, 0, 1;
    %delay 1000, 0;
    %wait E_0000017b9fa19f40;
    %delay 1000, 0;
    %vpi_call 2 14 "$display", "%b", v0000017b9fa16940_0 {0 0 0};
    %pushi/vec4 0, 0, 1;
    %store/vec4 v0000017b9fa169e0_0, 0, 1;
    %delay 1000, 0;
    %wait E_0000017b9fa19f40;
    %delay 1000, 0;
    %vpi_call 2 15 "$display", "%b", v0000017b9fa16940_0 {0 0 0};
    %pushi/vec4 0, 0, 1;
    %store/vec4 v0000017b9fa169e0_0, 0, 1;
    %delay 1000, 0;
    %wait E_0000017b9fa19f40;
    %delay 1000, 0;
    %vpi_call 2 16 "$display", "%b", v0000017b9fa16940_0 {0 0 0};
    %pushi/vec4 0, 0, 1;
    %store/vec4 v0000017b9fa169e0_0, 0, 1;
    %delay 1000, 0;
    %wait E_0000017b9fa19f40;
    %delay 1000, 0;
    %vpi_call 2 17 "$display", "%b", v0000017b9fa16940_0 {0 0 0};
    %pushi/vec4 0, 0, 1;
    %store/vec4 v0000017b9fa169e0_0, 0, 1;
    %delay 1000, 0;
    %wait E_0000017b9fa19f40;
    %delay 1000, 0;
    %vpi_call 2 18 "$display", "%b", v0000017b9fa16940_0 {0 0 0};
    %pushi/vec4 0, 0, 1;
    %store/vec4 v0000017b9fa169e0_0, 0, 1;
    %delay 1000, 0;
    %wait E_0000017b9fa19f40;
    %delay 1000, 0;
    %vpi_call 2 19 "$display", "%b", v0000017b9fa16940_0 {0 0 0};
    %pushi/vec4 0, 0, 1;
    %store/vec4 v0000017b9fa169e0_0, 0, 1;
    %delay 1000, 0;
    %wait E_0000017b9fa19f40;
    %delay 1000, 0;
    %vpi_call 2 20 "$display", "%b", v0000017b9fa16940_0 {0 0 0};
    %vpi_call 2 21 "$finish" {0 0 0};
    %end;
    .thread T_2;
# The file index is used to find the file name in the following table.
:file_names 4;
    "N/A";
    "<interactive>";
    "D:\buffer gate\buffer gate\verilog-judge\backend\problems\johnson_counter_4bit\tb.v";
    "D:\buffer gate\buffer gate\verilog-judge\backend\submissions\a2e78a65-6\submission.v";
