#! /c/iverilog/bin/vvp
:ivl_version "0.9.7 " "(v0_9_7)";
:vpi_time_precision - 12;
:vpi_module "system";
:vpi_module "v2005_math";
:vpi_module "va_math";
S_007EAC18 .scope module, "tb" "tb" 2 2;
 .timescale -9 -12;
v007EE1B0_0 .var "a", 2 0;
v007EE208_0 .var "b", 2 0;
v007EE8B8_0 .net "cout", 0 0, L_007EE650; 1 drivers
v007EE5F8_0 .net "sum", 2 0, L_007EE968; 1 drivers
S_007EA398 .scope module, "dut" "adder_3bit" 2 7, 3 1, S_007EAC18;
 .timescale 0 0;
v01142990_0 .net *"_s10", 0 0, C4<0>; 1 drivers
v011429E8_0 .net *"_s11", 3 0, L_007EE6A8; 1 drivers
v01142A40_0 .net *"_s3", 3 0, L_007EE338; 1 drivers
v007E1F68_0 .net *"_s6", 0 0, C4<0>; 1 drivers
v007E1FC0_0 .net *"_s7", 3 0, L_007EE758; 1 drivers
v007E2018_0 .net "a", 2 0, v007EE1B0_0; 1 drivers
v007E2070_0 .net "b", 2 0, v007EE208_0; 1 drivers
v007EE100_0 .alias "cout", 0 0, v007EE8B8_0;
v007EE158_0 .alias "sum", 2 0, v007EE5F8_0;
L_007EE650 .part L_007EE6A8, 3, 1;
L_007EE968 .part L_007EE6A8, 0, 3;
L_007EE338 .concat [ 3 1 0 0], v007EE1B0_0, C4<0>;
L_007EE758 .concat [ 3 1 0 0], v007EE208_0, C4<0>;
L_007EE6A8 .arith/sum 4, L_007EE338, L_007EE758;
    .scope S_007EAC18;
T_0 ;
    %vpi_call 2 10 "$dumpfile", "simulation.vcd";
    %vpi_call 2 11 "$dumpvars", 1'sb0, S_007EAC18;
    %set/v v007EE1B0_0, 0, 3;
    %set/v v007EE208_0, 0, 3;
    %delay 5000, 0;
    %vpi_call 2 12 "$display", "%b %b %b %b", v007EE1B0_0, v007EE208_0, v007EE5F8_0, v007EE8B8_0;
    %movi 8, 1, 3;
    %set/v v007EE1B0_0, 8, 3;
    %movi 8, 1, 3;
    %set/v v007EE208_0, 8, 3;
    %delay 5000, 0;
    %vpi_call 2 13 "$display", "%b %b %b %b", v007EE1B0_0, v007EE208_0, v007EE5F8_0, v007EE8B8_0;
    %set/v v007EE1B0_0, 1, 3;
    %movi 8, 1, 3;
    %set/v v007EE208_0, 8, 3;
    %delay 5000, 0;
    %vpi_call 2 14 "$display", "%b %b %b %b", v007EE1B0_0, v007EE208_0, v007EE5F8_0, v007EE8B8_0;
    %movi 8, 3, 3;
    %set/v v007EE1B0_0, 8, 3;
    %movi 8, 2, 3;
    %set/v v007EE208_0, 8, 3;
    %delay 5000, 0;
    %vpi_call 2 15 "$display", "%b %b %b %b", v007EE1B0_0, v007EE208_0, v007EE5F8_0, v007EE8B8_0;
    %set/v v007EE1B0_0, 1, 3;
    %set/v v007EE208_0, 1, 3;
    %delay 5000, 0;
    %vpi_call 2 16 "$display", "%b %b %b %b", v007EE1B0_0, v007EE208_0, v007EE5F8_0, v007EE8B8_0;
    %vpi_call 2 17 "$finish";
    %end;
    .thread T_0;
# The file index is used to find the file name in the following table.
:file_names 4;
    "N/A";
    "<interactive>";
    "D:\buffer gate\buffer gate\verilog-judge\backend\problems\adder_3bit\tb.v";
    "D:\buffer gate\buffer gate\verilog-judge\backend\submissions\862d30ca-1\submission.v";
