#! /c/iverilog/bin/vvp
:ivl_version "0.9.7 " "(v0_9_7)";
:vpi_time_precision - 12;
:vpi_module "system";
:vpi_module "v2005_math";
:vpi_module "va_math";
S_0113A750 .scope module, "tb" "tb" 2 2;
 .timescale -9 -12;
v0113E1B0_0 .var "a", 3 0;
v0113E208_0 .var "b", 3 0;
v0113E860_0 .net "cout", 0 0, L_0113E8B8; 1 drivers
v0113E7B0_0 .net "sum", 3 0, L_0113E548; 1 drivers
S_0113A640 .scope module, "dut" "adder_4bit" 2 7, 3 1, S_0113A750;
 .timescale 0 0;
v01172990_0 .net *"_s10", 0 0, C4<0>; 1 drivers
v011729E8_0 .net *"_s11", 4 0, L_0113E2E0; 1 drivers
v01172A40_0 .net *"_s3", 4 0, L_0113E288; 1 drivers
v01131F68_0 .net *"_s6", 0 0, C4<0>; 1 drivers
v01131FC0_0 .net *"_s7", 4 0, L_0113E3E8; 1 drivers
v01132018_0 .net "a", 3 0, v0113E1B0_0; 1 drivers
v01132070_0 .net "b", 3 0, v0113E208_0; 1 drivers
v0113E100_0 .alias "cout", 0 0, v0113E860_0;
v0113E158_0 .alias "sum", 3 0, v0113E7B0_0;
L_0113E8B8 .part L_0113E2E0, 4, 1;
L_0113E548 .part L_0113E2E0, 0, 4;
L_0113E288 .concat [ 4 1 0 0], v0113E1B0_0, C4<0>;
L_0113E3E8 .concat [ 4 1 0 0], v0113E208_0, C4<0>;
L_0113E2E0 .arith/sum 5, L_0113E288, L_0113E3E8;
    .scope S_0113A750;
T_0 ;
    %vpi_call 2 10 "$dumpfile", "simulation.vcd";
    %vpi_call 2 11 "$dumpvars", 1'sb0, S_0113A750;
    %set/v v0113E1B0_0, 0, 4;
    %set/v v0113E208_0, 0, 4;
    %delay 5000, 0;
    %vpi_call 2 12 "$display", "%b %b %b %b", v0113E1B0_0, v0113E208_0, v0113E7B0_0, v0113E860_0;
    %movi 8, 1, 4;
    %set/v v0113E1B0_0, 8, 4;
    %movi 8, 1, 4;
    %set/v v0113E208_0, 8, 4;
    %delay 5000, 0;
    %vpi_call 2 13 "$display", "%b %b %b %b", v0113E1B0_0, v0113E208_0, v0113E7B0_0, v0113E860_0;
    %set/v v0113E1B0_0, 1, 4;
    %movi 8, 1, 4;
    %set/v v0113E208_0, 8, 4;
    %delay 5000, 0;
    %vpi_call 2 14 "$display", "%b %b %b %b", v0113E1B0_0, v0113E208_0, v0113E7B0_0, v0113E860_0;
    %movi 8, 7, 4;
    %set/v v0113E1B0_0, 8, 4;
    %movi 8, 5, 4;
    %set/v v0113E208_0, 8, 4;
    %delay 5000, 0;
    %vpi_call 2 15 "$display", "%b %b %b %b", v0113E1B0_0, v0113E208_0, v0113E7B0_0, v0113E860_0;
    %set/v v0113E1B0_0, 1, 4;
    %set/v v0113E208_0, 1, 4;
    %delay 5000, 0;
    %vpi_call 2 16 "$display", "%b %b %b %b", v0113E1B0_0, v0113E208_0, v0113E7B0_0, v0113E860_0;
    %vpi_call 2 17 "$finish";
    %end;
    .thread T_0;
# The file index is used to find the file name in the following table.
:file_names 4;
    "N/A";
    "<interactive>";
    "D:\buffer gate\buffer gate\verilog-judge\backend\problems\adder_4bit\tb.v";
    "D:\buffer gate\buffer gate\verilog-judge\backend\submissions\55dc9b6d-9\submission.v";
