#! /c/iverilog/bin/vvp
:ivl_version "0.9.7 " "(v0_9_7)";
:vpi_time_precision - 12;
:vpi_module "system";
:vpi_module "v2005_math";
:vpi_module "va_math";
S_011557A8 .scope module, "tb" "tb" 2 2;
 .timescale -9 -12;
v01192340_0 .var "a", 2 0;
v01192398_0 .net "y", 0 0, L_0115E778; 1 drivers
S_011559A0 .scope module, "dut" "zero_detector_3bit" 2 6, 3 1, S_011557A8;
 .timescale 0 0;
v01155A28_0 .net *"_s0", 3 0, L_011923F0; 1 drivers
v01155A80_0 .net *"_s3", 0 0, C4<0>; 1 drivers
v01151F60_0 .net *"_s4", 3 0, C4<0000>; 1 drivers
v01151FB8_0 .net "a", 2 0, v01192340_0; 1 drivers
v01152010_0 .alias "y", 0 0, v01192398_0;
L_011923F0 .concat [ 3 1 0 0], v01192340_0, C4<0>;
L_0115E778 .cmp/eq 4, L_011923F0, C4<0000>;
    .scope S_011557A8;
T_0 ;
    %vpi_call 2 9 "$dumpfile", "simulation.vcd";
    %vpi_call 2 10 "$dumpvars", 1'sb0, S_011557A8;
    %set/v v01192340_0, 0, 3;
    %delay 5000, 0;
    %vpi_call 2 11 "$display", "%b %b", v01192340_0, v01192398_0;
    %movi 8, 1, 3;
    %set/v v01192340_0, 8, 3;
    %delay 5000, 0;
    %vpi_call 2 12 "$display", "%b %b", v01192340_0, v01192398_0;
    %set/v v01192340_0, 1, 3;
    %delay 5000, 0;
    %vpi_call 2 13 "$display", "%b %b", v01192340_0, v01192398_0;
    %movi 8, 4, 3;
    %set/v v01192340_0, 8, 3;
    %delay 5000, 0;
    %vpi_call 2 14 "$display", "%b %b", v01192340_0, v01192398_0;
    %movi 8, 5, 3;
    %set/v v01192340_0, 8, 3;
    %delay 5000, 0;
    %vpi_call 2 15 "$display", "%b %b", v01192340_0, v01192398_0;
    %vpi_call 2 16 "$finish";
    %end;
    .thread T_0;
# The file index is used to find the file name in the following table.
:file_names 4;
    "N/A";
    "<interactive>";
    "D:\buffer gate\buffer gate\verilog-judge\backend\problems\zero_detector_3bit\tb.v";
    "D:\buffer gate\buffer gate\verilog-judge\backend\submissions\9fed1bef-d\submission.v";
