#! /c/iverilog/bin/vvp
:ivl_version "0.9.7 " "(v0_9_7)";
:vpi_time_precision - 12;
:vpi_module "system";
:vpi_module "v2005_math";
:vpi_module "va_math";
S_011DBAB0 .scope module, "tb" "tb" 2 2;
 .timescale -9 -12;
v01213550_0 .var "clk", 0 0;
v012135A8_0 .net "green", 0 0, v011DA4C0_0; 1 drivers
v01213600_0 .net "red", 0 0, v011DA518_0; 1 drivers
v011DE520_0 .var "reset", 0 0;
v011DE578_0 .var "timer_done", 0 0;
v011DE5D0_0 .net "yellow", 0 0, v011D2010_0; 1 drivers
S_011DC330 .scope module, "dut" "traffic_light_fsm" 2 5, 3 1, S_011DBAB0;
 .timescale 0 0;
P_011DACE4 .param/l "GREEN" 3 3, C4<01>;
P_011DACF8 .param/l "RED" 3 3, C4<00>;
P_011DAD0C .param/l "YELLOW" 3 3, C4<10>;
v011D9878_0 .net "clk", 0 0, v01213550_0; 1 drivers
v011DA4C0_0 .var "green", 0 0;
v011DA518_0 .var "red", 0 0;
v011DA570_0 .net "reset", 0 0, v011DE520_0; 1 drivers
v011D1F60_0 .var "state", 1 0;
v011D1FB8_0 .net "timer_done", 0 0, v011DE578_0; 1 drivers
v011D2010_0 .var "yellow", 0 0;
E_011D8158 .event edge, v011D1F60_0;
E_011D82B8 .event posedge, v011DA570_0, v011D9878_0;
    .scope S_011DC330;
T_0 ;
    %wait E_011D82B8;
    %load/v 8, v011DA570_0, 1;
    %jmp/0xz  T_0.0, 8;
    %ix/load 0, 2, 0;
    %assign/v0 v011D1F60_0, 0, 0;
    %jmp T_0.1;
T_0.0 ;
    %load/v 8, v011D1FB8_0, 1;
    %jmp/0xz  T_0.2, 8;
    %load/v 8, v011D1F60_0, 2;
    %cmpi/u 8, 0, 2;
    %jmp/1 T_0.4, 6;
    %cmpi/u 8, 1, 2;
    %jmp/1 T_0.5, 6;
    %ix/load 0, 2, 0;
    %assign/v0 v011D1F60_0, 0, 0;
    %jmp T_0.7;
T_0.4 ;
    %movi 8, 1, 2;
    %ix/load 0, 2, 0;
    %assign/v0 v011D1F60_0, 0, 8;
    %jmp T_0.7;
T_0.5 ;
    %movi 8, 2, 2;
    %ix/load 0, 2, 0;
    %assign/v0 v011D1F60_0, 0, 8;
    %jmp T_0.7;
T_0.7 ;
T_0.2 ;
T_0.1 ;
    %jmp T_0;
    .thread T_0;
    .scope S_011DC330;
T_1 ;
    %wait E_011D8158;
    %load/v 8, v011D1F60_0, 2;
    %mov 10, 0, 1;
    %cmpi/u 8, 0, 3;
    %mov 8, 4, 1;
    %set/v v011DA518_0, 8, 1;
    %load/v 8, v011D1F60_0, 2;
    %mov 10, 0, 1;
    %cmpi/u 8, 1, 3;
    %mov 8, 4, 1;
    %set/v v011DA4C0_0, 8, 1;
    %load/v 8, v011D1F60_0, 2;
    %mov 10, 0, 1;
    %cmpi/u 8, 2, 3;
    %mov 8, 4, 1;
    %set/v v011D2010_0, 8, 1;
    %jmp T_1;
    .thread T_1, $push;
    .scope S_011DBAB0;
T_2 ;
    %set/v v01213550_0, 0, 1;
T_2.0 ;
    %delay 5000, 0;
    %load/v 8, v01213550_0, 1;
    %inv 8, 1;
    %set/v v01213550_0, 8, 1;
    %jmp T_2.0;
    %end;
    .thread T_2;
    .scope S_011DBAB0;
T_3 ;
    %vpi_call 2 8 "$dumpfile", "simulation.vcd";
    %vpi_call 2 8 "$dumpvars", 1'sb0, S_011DBAB0;
    %set/v v011DE520_0, 1, 1;
    %set/v v011DE578_0, 0, 1;
    %delay 7000, 0;
    %vpi_call 2 9 "$display", "%b %b %b", v01213600_0, v011DE5D0_0, v012135A8_0;
    %set/v v011DE520_0, 0, 1;
    %set/v v011DE578_0, 0, 1;
    %delay 10000, 0;
    %vpi_call 2 10 "$display", "%b %b %b", v01213600_0, v011DE5D0_0, v012135A8_0;
    %set/v v011DE578_0, 1, 1;
    %delay 10000, 0;
    %vpi_call 2 11 "$display", "%b %b %b", v01213600_0, v011DE5D0_0, v012135A8_0;
    %delay 10000, 0;
    %vpi_call 2 12 "$display", "%b %b %b", v01213600_0, v011DE5D0_0, v012135A8_0;
    %delay 10000, 0;
    %vpi_call 2 13 "$display", "%b %b %b", v01213600_0, v011DE5D0_0, v012135A8_0;
    %vpi_call 2 14 "$finish";
    %end;
    .thread T_3;
# The file index is used to find the file name in the following table.
:file_names 4;
    "N/A";
    "<interactive>";
    "D:\buffer gate\buffer gate\verilog-judge\backend\problems\traffic_light_fsm\tb.v";
    "D:\buffer gate\buffer gate\verilog-judge\backend\submissions\50ef9b5a-0\submission.v";
