#! /c/iverilog/bin/vvp
:ivl_version "0.9.7 " "(v0_9_7)";
:vpi_time_precision - 12;
:vpi_module "system";
:vpi_module "v2005_math";
:vpi_module "va_math";
S_012D86E0 .scope module, "tb" "tb" 2 2;
 .timescale -9 -12;
v01130088_0 .var "bank_sel", 0 0;
v011300E0_0 .var "clk", 0 0;
v01130138_0 .var "read_addr_a", 2 0;
v01130190_0 .var "read_addr_b", 2 0;
v011301E8_0 .net "read_data_a", 7 0, C4<00000000>; 1 drivers
v011307E8_0 .net "read_data_b", 7 0, C4<00000000>; 1 drivers
v01130268_0 .var "rst", 0 0;
v011308F0_0 .var "write_addr", 2 0;
v011302C0_0 .var "write_data", 7 0;
v01130898_0 .var "write_en", 0 0;
S_012D8A10 .scope module, "dut" "banked_register_file" 2 14, 3 1, S_012D86E0;
 .timescale 0 0;
v012DA4B0_0 .net "bank_sel", 0 0, v01130088_0; 1 drivers
v012DBA18_0 .net "clk", 0 0, v011300E0_0; 1 drivers
v012DBA70_0 .net "read_addr_a", 2 0, v01130138_0; 1 drivers
v011334F8_0 .net "read_addr_b", 2 0, v01130190_0; 1 drivers
v01133550_0 .alias "read_data_a", 7 0, v011301E8_0;
v011335A8_0 .alias "read_data_b", 7 0, v011307E8_0;
v012D1F60_0 .net "rst", 0 0, v01130268_0; 1 drivers
v012D1FB8_0 .net "write_addr", 2 0, v011308F0_0; 1 drivers
v012D2010_0 .net "write_data", 7 0, v011302C0_0; 1 drivers
v01130030_0 .net "write_en", 0 0, v01130898_0; 1 drivers
    .scope S_012D86E0;
T_0 ;
    %set/v v011300E0_0, 0, 1;
T_0.0 ;
    %delay 5000, 0;
    %load/v 8, v011300E0_0, 1;
    %inv 8, 1;
    %set/v v011300E0_0, 8, 1;
    %jmp T_0.0;
    %end;
    .thread T_0;
    .scope S_012D86E0;
T_1 ;
    %vpi_call 2 18 "$dumpfile", "simulation.vcd";
    %vpi_call 2 19 "$dumpvars", 1'sb0, S_012D86E0;
    %set/v v011300E0_0, 0, 1;
    %set/v v01130268_0, 1, 1;
    %set/v v01130898_0, 0, 1;
    %set/v v01130088_0, 0, 1;
    %set/v v011308F0_0, 0, 3;
    %set/v v011302C0_0, 0, 8;
    %set/v v01130138_0, 0, 3;
    %set/v v01130190_0, 0, 3;
    %delay 5000, 0;
    %vpi_call 2 20 "$display", "%b %b", v011301E8_0, v011307E8_0;
    %set/v v011300E0_0, 0, 1;
    %set/v v01130268_0, 0, 1;
    %set/v v01130898_0, 1, 1;
    %set/v v01130088_0, 1, 1;
    %movi 8, 1, 3;
    %set/v v011308F0_0, 8, 3;
    %movi 8, 1, 8;
    %set/v v011302C0_0, 8, 8;
    %movi 8, 1, 3;
    %set/v v01130138_0, 8, 3;
    %movi 8, 1, 3;
    %set/v v01130190_0, 8, 3;
    %delay 5000, 0;
    %vpi_call 2 21 "$display", "%b %b", v011301E8_0, v011307E8_0;
    %set/v v011300E0_0, 0, 1;
    %set/v v01130268_0, 0, 1;
    %set/v v01130898_0, 1, 1;
    %set/v v01130088_0, 1, 1;
    %set/v v011308F0_0, 1, 3;
    %set/v v011302C0_0, 1, 8;
    %set/v v01130138_0, 1, 3;
    %set/v v01130190_0, 1, 3;
    %delay 5000, 0;
    %vpi_call 2 22 "$display", "%b %b", v011301E8_0, v011307E8_0;
    %set/v v011300E0_0, 0, 1;
    %set/v v01130268_0, 0, 1;
    %set/v v01130898_0, 0, 1;
    %set/v v01130088_0, 0, 1;
    %movi 8, 2, 3;
    %set/v v011308F0_0, 8, 3;
    %movi 8, 170, 8;
    %set/v v011302C0_0, 8, 8;
    %movi 8, 2, 3;
    %set/v v01130138_0, 8, 3;
    %movi 8, 2, 3;
    %set/v v01130190_0, 8, 3;
    %delay 5000, 0;
    %vpi_call 2 23 "$display", "%b %b", v011301E8_0, v011307E8_0;
    %vpi_call 2 24 "$finish";
    %end;
    .thread T_1;
# The file index is used to find the file name in the following table.
:file_names 4;
    "N/A";
    "<interactive>";
    "D:\buffer gate\buffer gate\verilog-judge\backend\problems\banked_register_file\tb.v";
    "D:\buffer gate\buffer gate\verilog-judge\backend\submissions\374fbcbf-0\submission.v";
