#! /c/iverilog/bin/vvp
:ivl_version "0.9.7 " "(v0_9_7)";
:vpi_time_precision - 12;
:vpi_module "system";
:vpi_module "v2005_math";
:vpi_module "va_math";
S_01293BF0 .scope module, "tb" "tb" 2 2;
 .timescale -9 -12;
v0129EDF8_0 .var "d", 0 0;
v0129EE50_0 .var "en", 0 0;
v0129EEA8_0 .net "q", 0 0, v0129EDA0_0; 1 drivers
S_012933F8 .scope module, "dut" "gated_d_latch" 2 7, 3 1, S_01293BF0;
 .timescale 0 0;
v01293480_0 .net "d", 0 0, v0129EDF8_0; 1 drivers
v012934D8_0 .net "en", 0 0, v0129EE50_0; 1 drivers
v0129EDA0_0 .var "q", 0 0;
E_0129DF90 .event edge, v012934D8_0, v01293480_0, v0129EDA0_0;
    .scope S_012933F8;
T_0 ;
    %set/v v0129EDA0_0, 0, 1;
    %end;
    .thread T_0;
    .scope S_012933F8;
T_1 ;
    %wait E_0129DF90;
    %load/v 8, v012934D8_0, 1;
    %jmp/0xz  T_1.0, 8;
    %load/v 8, v01293480_0, 1;
    %set/v v0129EDA0_0, 8, 1;
    %jmp T_1.1;
T_1.0 ;
    %load/v 8, v0129EDA0_0, 1;
    %set/v v0129EDA0_0, 8, 1;
T_1.1 ;
    %jmp T_1;
    .thread T_1, $push;
    .scope S_01293BF0;
T_2 ;
    %vpi_call 2 10 "$dumpfile", "simulation.vcd";
    %vpi_call 2 11 "$dumpvars", 1'sb0, S_01293BF0;
    %set/v v0129EE50_0, 0, 1;
    %set/v v0129EDF8_0, 0, 1;
    %delay 1000, 0;
    %vpi_call 2 12 "$display", "%b", v0129EEA8_0;
    %set/v v0129EE50_0, 1, 1;
    %set/v v0129EDF8_0, 1, 1;
    %delay 1000, 0;
    %vpi_call 2 13 "$display", "%b", v0129EEA8_0;
    %set/v v0129EE50_0, 0, 1;
    %set/v v0129EDF8_0, 1, 1;
    %delay 1000, 0;
    %vpi_call 2 14 "$display", "%b", v0129EEA8_0;
    %set/v v0129EE50_0, 1, 1;
    %set/v v0129EDF8_0, 0, 1;
    %delay 1000, 0;
    %vpi_call 2 15 "$display", "%b", v0129EEA8_0;
    %set/v v0129EE50_0, 0, 1;
    %set/v v0129EDF8_0, 0, 1;
    %delay 1000, 0;
    %vpi_call 2 16 "$display", "%b", v0129EEA8_0;
    %set/v v0129EE50_0, 1, 1;
    %set/v v0129EDF8_0, 1, 1;
    %delay 1000, 0;
    %vpi_call 2 17 "$display", "%b", v0129EEA8_0;
    %set/v v0129EE50_0, 0, 1;
    %set/v v0129EDF8_0, 0, 1;
    %delay 1000, 0;
    %vpi_call 2 18 "$display", "%b", v0129EEA8_0;
    %set/v v0129EE50_0, 1, 1;
    %set/v v0129EDF8_0, 0, 1;
    %delay 1000, 0;
    %vpi_call 2 19 "$display", "%b", v0129EEA8_0;
    %vpi_call 2 20 "$finish";
    %end;
    .thread T_2;
# The file index is used to find the file name in the following table.
:file_names 4;
    "N/A";
    "<interactive>";
    "D:\buffer gate\buffer gate\verilog-judge\backend\problems\gated_d_latch\tb.v";
    "D:\buffer gate\buffer gate\verilog-judge\backend\submissions\7862dc42-4\submission.v";
