#! /c/iverilog/bin/vvp
:ivl_version "0.9.7 " "(v0_9_7)";
:vpi_time_precision - 12;
:vpi_module "system";
:vpi_module "v2005_math";
:vpi_module "va_math";
S_011E2AA8 .scope module, "tb" "tb" 2 2;
 .timescale -9 -12;
v011AE468_0 .var "clk", 0 0;
v011AE4C0_0 .var "d", 0 0;
v011AE518_0 .net "q", 0 0, v011A1FD0_0; 1 drivers
v011AE570_0 .var "reset", 0 0;
S_011E2B30 .scope module, "dut" "fixed_dff" 2 5, 3 1, S_011E2AA8;
 .timescale 0 0;
v011A7DA0_0 .net "clk", 0 0, v011AE468_0; 1 drivers
v011A1F78_0 .net "d", 0 0, v011AE4C0_0; 1 drivers
v011A1FD0_0 .var "q", 0 0;
v011A2028_0 .net "reset", 0 0, v011AE570_0; 1 drivers
E_011E3960 .event posedge, v011A2028_0, v011A7DA0_0;
    .scope S_011E2B30;
T_0 ;
    %wait E_011E3960;
    %load/v 8, v011A2028_0, 1;
    %jmp/0xz  T_0.0, 8;
    %ix/load 0, 1, 0;
    %assign/v0 v011A1FD0_0, 0, 0;
    %jmp T_0.1;
T_0.0 ;
    %load/v 8, v011A1F78_0, 1;
    %ix/load 0, 1, 0;
    %assign/v0 v011A1FD0_0, 0, 8;
T_0.1 ;
    %jmp T_0;
    .thread T_0;
    .scope S_011E2AA8;
T_1 ;
    %set/v v011AE468_0, 0, 1;
T_1.0 ;
    %delay 5000, 0;
    %load/v 8, v011AE468_0, 1;
    %inv 8, 1;
    %set/v v011AE468_0, 8, 1;
    %jmp T_1.0;
    %end;
    .thread T_1;
    .scope S_011E2AA8;
T_2 ;
    %vpi_call 2 8 "$dumpfile", "simulation.vcd";
    %vpi_call 2 8 "$dumpvars", 1'sb0, S_011E2AA8;
    %set/v v011AE570_0, 1, 1;
    %set/v v011AE4C0_0, 1, 1;
    %delay 3000, 0;
    %vpi_call 2 9 "$display", "%b %b %b", v011AE570_0, v011AE4C0_0, v011AE518_0;
    %set/v v011AE570_0, 0, 1;
    %set/v v011AE4C0_0, 1, 1;
    %delay 12000, 0;
    %vpi_call 2 10 "$display", "%b %b %b", v011AE570_0, v011AE4C0_0, v011AE518_0;
    %set/v v011AE4C0_0, 0, 1;
    %delay 10000, 0;
    %vpi_call 2 11 "$display", "%b %b %b", v011AE570_0, v011AE4C0_0, v011AE518_0;
    %set/v v011AE570_0, 1, 1;
    %delay 2000, 0;
    %vpi_call 2 12 "$display", "%b %b %b", v011AE570_0, v011AE4C0_0, v011AE518_0;
    %vpi_call 2 13 "$finish";
    %end;
    .thread T_2;
# The file index is used to find the file name in the following table.
:file_names 4;
    "N/A";
    "<interactive>";
    "D:\buffer gate\buffer gate\verilog-judge\backend\problems\fixed_dff_reset_polarity\tb.v";
    "D:\buffer gate\buffer gate\verilog-judge\backend\submissions\374f7377-5\submission.v";
