#! /c/iverilog/bin/vvp
:ivl_version "0.9.7 " "(v0_9_7)";
:vpi_time_precision - 12;
:vpi_module "system";
:vpi_module "v2005_math";
:vpi_module "va_math";
S_012853D8 .scope module, "tb" "tb" 2 2;
 .timescale -9 -12;
v01281F78_0 .var "a", 3 0;
v01281FD0_0 .var "b", 3 0;
v01282028_0 .net "borrow", 0 0, L_01289408; 1 drivers
v01289358_0 .net "diff", 3 0, L_012893B0; 1 drivers
S_01285750 .scope module, "dut" "subtractor_4bit" 2 7, 3 1, S_012853D8;
 .timescale 0 0;
v012857D8_0 .net "a", 3 0, v01281F78_0; 1 drivers
v01132E08_0 .net "b", 3 0, v01281FD0_0; 1 drivers
v01132E60_0 .alias "borrow", 0 0, v01282028_0;
v01132EB8_0 .alias "diff", 3 0, v01289358_0;
L_012893B0 .arith/sub 4, v01281F78_0, v01281FD0_0;
L_01289408 .cmp/gt 4, v01281FD0_0, v01281F78_0;
    .scope S_012853D8;
T_0 ;
    %vpi_call 2 10 "$dumpfile", "simulation.vcd";
    %vpi_call 2 11 "$dumpvars", 1'sb0, S_012853D8;
    %set/v v01281F78_0, 0, 4;
    %set/v v01281FD0_0, 0, 4;
    %delay 5000, 0;
    %vpi_call 2 12 "$display", "%b %b %b %b", v01281F78_0, v01281FD0_0, v01289358_0, v01282028_0;
    %movi 8, 1, 4;
    %set/v v01281F78_0, 8, 4;
    %movi 8, 1, 4;
    %set/v v01281FD0_0, 8, 4;
    %delay 5000, 0;
    %vpi_call 2 13 "$display", "%b %b %b %b", v01281F78_0, v01281FD0_0, v01289358_0, v01282028_0;
    %set/v v01281F78_0, 1, 4;
    %movi 8, 1, 4;
    %set/v v01281FD0_0, 8, 4;
    %delay 5000, 0;
    %vpi_call 2 14 "$display", "%b %b %b %b", v01281F78_0, v01281FD0_0, v01289358_0, v01282028_0;
    %movi 8, 7, 4;
    %set/v v01281F78_0, 8, 4;
    %movi 8, 5, 4;
    %set/v v01281FD0_0, 8, 4;
    %delay 5000, 0;
    %vpi_call 2 15 "$display", "%b %b %b %b", v01281F78_0, v01281FD0_0, v01289358_0, v01282028_0;
    %set/v v01281F78_0, 1, 4;
    %set/v v01281FD0_0, 1, 4;
    %delay 5000, 0;
    %vpi_call 2 16 "$display", "%b %b %b %b", v01281F78_0, v01281FD0_0, v01289358_0, v01282028_0;
    %vpi_call 2 17 "$finish";
    %end;
    .thread T_0;
# The file index is used to find the file name in the following table.
:file_names 4;
    "N/A";
    "<interactive>";
    "D:\buffer gate\buffer gate\verilog-judge\backend\problems\subtractor_4bit\tb.v";
    "D:\buffer gate\buffer gate\verilog-judge\backend\submissions\e0280357-d\submission.v";
