#! /c/iverilog/bin/vvp
:ivl_version "0.9.7 " "(v0_9_7)";
:vpi_time_precision - 12;
:vpi_module "system";
:vpi_module "v2005_math";
:vpi_module "va_math";
S_01315318 .scope module, "tb" "tb" 2 2;
 .timescale -9 -12;
v0131EF40_0 .var "a", 0 0;
v01311F78_0 .net "y", 0 0, L_0131EF98; 1 drivers
S_01162568 .scope module, "dut" "buffer_1bit" 2 6, 3 1, S_01315318;
 .timescale 0 0;
L_0131EF98 .functor BUFZ 1, v0131EF40_0, C4<0>, C4<0>, C4<0>;
v011625F0_0 .net "a", 0 0, v0131EF40_0; 1 drivers
v01162648_0 .alias "y", 0 0, v01311F78_0;
    .scope S_01315318;
T_0 ;
    %vpi_call 2 9 "$dumpfile", "simulation.vcd";
    %vpi_call 2 10 "$dumpvars", 1'sb0, S_01315318;
    %set/v v0131EF40_0, 0, 1;
    %delay 5000, 0;
    %vpi_call 2 11 "$display", "%b %b", v0131EF40_0, v01311F78_0;
    %set/v v0131EF40_0, 1, 1;
    %delay 5000, 0;
    %vpi_call 2 12 "$display", "%b %b", v0131EF40_0, v01311F78_0;
    %set/v v0131EF40_0, 1, 1;
    %delay 5000, 0;
    %vpi_call 2 13 "$display", "%b %b", v0131EF40_0, v01311F78_0;
    %set/v v0131EF40_0, 1, 1;
    %delay 5000, 0;
    %vpi_call 2 14 "$display", "%b %b", v0131EF40_0, v01311F78_0;
    %vpi_call 2 15 "$finish";
    %end;
    .thread T_0;
# The file index is used to find the file name in the following table.
:file_names 4;
    "N/A";
    "<interactive>";
    "D:\buffer gate\buffer gate\verilog-judge\backend\problems\buffer_1bit\tb.v";
    "D:\buffer gate\buffer gate\verilog-judge\backend\submissions\33da49b7-a\submission.v";
