#! /c/iverilog/bin/vvp
:ivl_version "0.9.7 " "(v0_9_7)";
:vpi_time_precision - 12;
:vpi_module "system";
:vpi_module "v2005_math";
:vpi_module "va_math";
S_01122670 .scope module, "tb" "tb" 2 2;
 .timescale -9 -12;
v01130418_0 .var "data_in", 31 0;
v0112FD38_0 .net "data_out", 31 0, L_01130840; 1 drivers
S_01121F88 .scope module, "dut" "byte_swap_32" 2 6, 3 1, S_01122670;
 .timescale 0 0;
v01211A80_0 .net *"_s1", 0 0, L_0112FDE8; 1 drivers
v012194C0_0 .net *"_s11", 0 0, L_01130D68; 1 drivers
v01132890_0 .net *"_s13", 0 0, L_01130AA8; 1 drivers
v011328E8_0 .net *"_s15", 0 0, L_01130B00; 1 drivers
v01132940_0 .net *"_s17", 0 0, L_01130C60; 1 drivers
v012133F8_0 .net *"_s19", 0 0, L_01130B58; 1 drivers
v01213450_0 .net *"_s21", 0 0, L_01130948; 1 drivers
v012134A8_0 .net *"_s23", 0 0, L_01130C08; 1 drivers
v0121AF98_0 .net *"_s25", 0 0, L_01130898; 1 drivers
v0121AFF0_0 .net *"_s27", 0 0, L_01131028; 1 drivers
v0121B048_0 .net *"_s29", 0 0, L_01130E18; 1 drivers
v0121B0A0_0 .net *"_s3", 0 0, L_011310D8; 1 drivers
v0121B0F8_0 .net *"_s31", 0 0, L_011308F0; 1 drivers
v011304C0_0 .net *"_s33", 0 0, L_01130738; 1 drivers
v01130518_0 .net *"_s35", 0 0, L_011309A0; 1 drivers
v0112FEF0_0 .net *"_s37", 0 0, L_011309F8; 1 drivers
v0112FCE0_0 .net *"_s39", 0 0, L_01130EC8; 1 drivers
v0112FF48_0 .net *"_s41", 0 0, L_01130F78; 1 drivers
v0112FE40_0 .net *"_s43", 0 0, L_01130CB8; 1 drivers
v0112FFA0_0 .net *"_s45", 0 0, L_01130DC0; 1 drivers
v0112FE98_0 .net *"_s47", 0 0, L_01130BB0; 1 drivers
v01130158_0 .net *"_s49", 0 0, L_01130A50; 1 drivers
v0112FFF8_0 .net *"_s5", 0 0, L_011306E0; 1 drivers
v01130260_0 .net *"_s51", 0 0, L_01130E70; 1 drivers
v01130050_0 .net *"_s53", 0 0, L_01130F20; 1 drivers
v0112FD90_0 .net *"_s55", 0 0, L_01131080; 1 drivers
v011300A8_0 .net *"_s57", 0 0, L_01130630; 1 drivers
v01130208_0 .net *"_s59", 0 0, L_01130688; 1 drivers
v01130100_0 .net *"_s61", 0 0, L_01130790; 1 drivers
v011301B0_0 .net *"_s63", 0 0, L_011307E8; 1 drivers
v011302B8_0 .net *"_s7", 0 0, L_01130FD0; 1 drivers
v011303C0_0 .net *"_s9", 0 0, L_01130D10; 1 drivers
v01130368_0 .net "data_in", 31 0, v01130418_0; 1 drivers
v01130310_0 .alias "data_out", 31 0, v0112FD38_0;
L_0112FDE8 .part v01130418_0, 0, 1;
L_011310D8 .part v01130418_0, 1, 1;
L_011306E0 .part v01130418_0, 2, 1;
L_01130FD0 .part v01130418_0, 3, 1;
L_01130D10 .part v01130418_0, 4, 1;
L_01130D68 .part v01130418_0, 5, 1;
L_01130AA8 .part v01130418_0, 6, 1;
L_01130B00 .part v01130418_0, 7, 1;
L_01130C60 .part v01130418_0, 8, 1;
L_01130B58 .part v01130418_0, 9, 1;
L_01130948 .part v01130418_0, 10, 1;
L_01130C08 .part v01130418_0, 11, 1;
L_01130898 .part v01130418_0, 12, 1;
L_01131028 .part v01130418_0, 13, 1;
L_01130E18 .part v01130418_0, 14, 1;
L_011308F0 .part v01130418_0, 15, 1;
L_01130738 .part v01130418_0, 16, 1;
L_011309A0 .part v01130418_0, 17, 1;
L_011309F8 .part v01130418_0, 18, 1;
L_01130EC8 .part v01130418_0, 19, 1;
L_01130F78 .part v01130418_0, 20, 1;
L_01130CB8 .part v01130418_0, 21, 1;
L_01130DC0 .part v01130418_0, 22, 1;
L_01130BB0 .part v01130418_0, 23, 1;
L_01130A50 .part v01130418_0, 24, 1;
L_01130E70 .part v01130418_0, 25, 1;
L_01130F20 .part v01130418_0, 26, 1;
L_01131080 .part v01130418_0, 27, 1;
L_01130630 .part v01130418_0, 28, 1;
L_01130688 .part v01130418_0, 29, 1;
L_01130790 .part v01130418_0, 30, 1;
L_011307E8 .part v01130418_0, 31, 1;
LS_01130840_0_0 .concat [ 1 1 1 1], L_011307E8, L_01130790, L_01130688, L_01130630;
LS_01130840_0_4 .concat [ 1 1 1 1], L_01131080, L_01130F20, L_01130E70, L_01130A50;
LS_01130840_0_8 .concat [ 1 1 1 1], L_01130BB0, L_01130DC0, L_01130CB8, L_01130F78;
LS_01130840_0_12 .concat [ 1 1 1 1], L_01130EC8, L_011309F8, L_011309A0, L_01130738;
LS_01130840_0_16 .concat [ 1 1 1 1], L_011308F0, L_01130E18, L_01131028, L_01130898;
LS_01130840_0_20 .concat [ 1 1 1 1], L_01130C08, L_01130948, L_01130B58, L_01130C60;
LS_01130840_0_24 .concat [ 1 1 1 1], L_01130B00, L_01130AA8, L_01130D68, L_01130D10;
LS_01130840_0_28 .concat [ 1 1 1 1], L_01130FD0, L_011306E0, L_011310D8, L_0112FDE8;
LS_01130840_1_0 .concat [ 4 4 4 4], LS_01130840_0_0, LS_01130840_0_4, LS_01130840_0_8, LS_01130840_0_12;
LS_01130840_1_4 .concat [ 4 4 4 4], LS_01130840_0_16, LS_01130840_0_20, LS_01130840_0_24, LS_01130840_0_28;
L_01130840 .concat [ 16 16 0 0], LS_01130840_1_0, LS_01130840_1_4;
    .scope S_01122670;
T_0 ;
    %vpi_call 2 9 "$dumpfile", "simulation.vcd";
    %vpi_call 2 10 "$dumpvars", 1'sb0, S_01122670;
    %set/v v01130418_0, 0, 32;
    %delay 1000, 0;
    %vpi_call 2 11 "$display", "%b", v0112FD38_0;
    %movi 8, 1, 32;
    %set/v v01130418_0, 8, 32;
    %delay 1000, 0;
    %vpi_call 2 12 "$display", "%b", v0112FD38_0;
    %set/v v01130418_0, 1, 32;
    %delay 1000, 0;
    %vpi_call 2 13 "$display", "%b", v0112FD38_0;
    %movi 8, 170, 32;
    %set/v v01130418_0, 8, 32;
    %delay 1000, 0;
    %vpi_call 2 14 "$display", "%b", v0112FD38_0;
    %movi 8, 2, 32;
    %set/v v01130418_0, 8, 32;
    %delay 1000, 0;
    %vpi_call 2 15 "$display", "%b", v0112FD38_0;
    %movi 8, 3, 32;
    %set/v v01130418_0, 8, 32;
    %delay 1000, 0;
    %vpi_call 2 16 "$display", "%b", v0112FD38_0;
    %movi 8, 2147483647, 32;
    %set/v v01130418_0, 8, 32;
    %delay 1000, 0;
    %vpi_call 2 17 "$display", "%b", v0112FD38_0;
    %movi 8, 4294967210, 32;
    %set/v v01130418_0, 8, 32;
    %delay 1000, 0;
    %vpi_call 2 18 "$display", "%b", v0112FD38_0;
    %vpi_call 2 19 "$finish";
    %end;
    .thread T_0;
# The file index is used to find the file name in the following table.
:file_names 4;
    "N/A";
    "<interactive>";
    "D:\buffer gate\buffer gate\verilog-judge\backend\problems\byte_swap_32\tb.v";
    "D:\buffer gate\buffer gate\verilog-judge\backend\submissions\259529ee-1\submission.v";
