#! /c/iverilog/bin/vvp
:ivl_version "0.9.7 " "(v0_9_7)";
:vpi_time_precision - 12;
:vpi_module "system";
:vpi_module "v2005_math";
:vpi_module "va_math";
S_013157B0 .scope module, "tb" "tb" 2 2;
 .timescale -9 -12;
v01162FA8_0 .var "a", 3 0;
v01311F68_0 .var "b", 3 0;
v01311FC0_0 .net "eq", 0 0, L_01319708; 1 drivers
v01312018_0 .net "gt", 0 0, L_01319640; 1 drivers
v01312070_0 .net "lt", 0 0, L_01319798; 1 drivers
S_01315640 .scope module, "dut" "comparator_4bit" 2 6, 3 1, S_013157B0;
 .timescale 0 0;
v013183C0_0 .net "a", 3 0, v01162FA8_0; 1 drivers
v01318418_0 .net "b", 3 0, v01311F68_0; 1 drivers
v01318470_0 .alias "eq", 0 0, v01311FC0_0;
v01162EF8_0 .alias "gt", 0 0, v01312018_0;
v01162F50_0 .alias "lt", 0 0, v01312070_0;
L_01319640 .cmp/gt 4, v01162FA8_0, v01311F68_0;
L_01319708 .cmp/eq 4, v01162FA8_0, v01311F68_0;
L_01319798 .cmp/gt 4, v01311F68_0, v01162FA8_0;
    .scope S_013157B0;
T_0 ;
    %vpi_call 2 9 "$dumpfile", "simulation.vcd";
    %vpi_call 2 10 "$dumpvars", 1'sb0, S_013157B0;
    %set/v v01162FA8_0, 0, 4;
    %set/v v01311F68_0, 0, 4;
    %delay 5000, 0;
    %vpi_call 2 11 "$display", "%b %b %b %b %b", v01162FA8_0, v01311F68_0, v01312018_0, v01311FC0_0, v01312070_0;
    %movi 8, 1, 4;
    %set/v v01162FA8_0, 8, 4;
    %movi 8, 1, 4;
    %set/v v01311F68_0, 8, 4;
    %delay 5000, 0;
    %vpi_call 2 12 "$display", "%b %b %b %b %b", v01162FA8_0, v01311F68_0, v01312018_0, v01311FC0_0, v01312070_0;
    %set/v v01162FA8_0, 1, 4;
    %movi 8, 1, 4;
    %set/v v01311F68_0, 8, 4;
    %delay 5000, 0;
    %vpi_call 2 13 "$display", "%b %b %b %b %b", v01162FA8_0, v01311F68_0, v01312018_0, v01311FC0_0, v01312070_0;
    %movi 8, 7, 4;
    %set/v v01162FA8_0, 8, 4;
    %movi 8, 5, 4;
    %set/v v01311F68_0, 8, 4;
    %delay 5000, 0;
    %vpi_call 2 14 "$display", "%b %b %b %b %b", v01162FA8_0, v01311F68_0, v01312018_0, v01311FC0_0, v01312070_0;
    %set/v v01162FA8_0, 1, 4;
    %set/v v01311F68_0, 1, 4;
    %delay 5000, 0;
    %vpi_call 2 15 "$display", "%b %b %b %b %b", v01162FA8_0, v01311F68_0, v01312018_0, v01311FC0_0, v01312070_0;
    %vpi_call 2 16 "$finish";
    %end;
    .thread T_0;
# The file index is used to find the file name in the following table.
:file_names 4;
    "N/A";
    "<interactive>";
    "D:\buffer gate\buffer gate\verilog-judge\backend\problems\comparator_4bit\tb.v";
    "D:\buffer gate\buffer gate\verilog-judge\backend\submissions\63e68b48-1\submission.v";
