#! /c/iverilog/bin/vvp
:ivl_version "0.9.7 " "(v0_9_7)";
:vpi_time_precision - 12;
:vpi_module "system";
:vpi_module "v2005_math";
:vpi_module "va_math";
S_01177C88 .scope module, "tb" "tb" 2 2;
 .timescale -9 -12;
v0117DB28_0 .var "a", 7 0;
v0117DB80_0 .var "b", 7 0;
v0117DBD8_0 .net "g", 0 0, L_0117DD60; 1 drivers
v0117DC30_0 .net "p", 0 0, L_0117E078; 1 drivers
S_01179D48 .scope module, "dut" "carry_generate_combiner" 2 8, 3 1, S_01177C88;
 .timescale 0 0;
L_01179C78 .functor XOR 8, v0117DB28_0, v0117DB80_0, C4<00000000>, C4<00000000>;
v01174190_0 .net *"_s0", 7 0, L_0117DC88; 1 drivers
v011741E8_0 .net *"_s2", 7 0, C4<11111111>; 1 drivers
v01174240_0 .net *"_s6", 7 0, L_01179C78; 1 drivers
v011733F8_0 .net "a", 7 0, v0117DB28_0; 1 drivers
v01173450_0 .net "b", 7 0, v0117DB80_0; 1 drivers
v011734A8_0 .alias "g", 0 0, v0117DBD8_0;
v0117DAD0_0 .alias "p", 0 0, v0117DC30_0;
L_0117DC88 .arith/sum 8, v0117DB28_0, v0117DB80_0;
L_0117DD60 .cmp/gt 8, L_0117DC88, C4<11111111>;
L_0117E078 .reduce/and L_01179C78;
    .scope S_01177C88;
T_0 ;
    %vpi_call 2 11 "$dumpfile", "simulation.vcd";
    %vpi_call 2 12 "$dumpvars", 1'sb0, S_01177C88;
    %set/v v0117DB28_0, 0, 8;
    %set/v v0117DB80_0, 0, 8;
    %delay 1000, 0;
    %vpi_call 2 13 "$display", "%b %b", v0117DBD8_0, v0117DC30_0;
    %movi 8, 1, 8;
    %set/v v0117DB28_0, 8, 8;
    %movi 8, 1, 8;
    %set/v v0117DB80_0, 8, 8;
    %delay 1000, 0;
    %vpi_call 2 14 "$display", "%b %b", v0117DBD8_0, v0117DC30_0;
    %set/v v0117DB28_0, 1, 8;
    %set/v v0117DB80_0, 1, 8;
    %delay 1000, 0;
    %vpi_call 2 15 "$display", "%b %b", v0117DBD8_0, v0117DC30_0;
    %movi 8, 170, 8;
    %set/v v0117DB28_0, 8, 8;
    %movi 8, 170, 8;
    %set/v v0117DB80_0, 8, 8;
    %delay 1000, 0;
    %vpi_call 2 16 "$display", "%b %b", v0117DBD8_0, v0117DC30_0;
    %movi 8, 2, 8;
    %set/v v0117DB28_0, 8, 8;
    %movi 8, 2, 8;
    %set/v v0117DB80_0, 8, 8;
    %delay 1000, 0;
    %vpi_call 2 17 "$display", "%b %b", v0117DBD8_0, v0117DC30_0;
    %movi 8, 3, 8;
    %set/v v0117DB28_0, 8, 8;
    %movi 8, 3, 8;
    %set/v v0117DB80_0, 8, 8;
    %delay 1000, 0;
    %vpi_call 2 18 "$display", "%b %b", v0117DBD8_0, v0117DC30_0;
    %movi 8, 127, 8;
    %set/v v0117DB28_0, 8, 8;
    %movi 8, 127, 8;
    %set/v v0117DB80_0, 8, 8;
    %delay 1000, 0;
    %vpi_call 2 19 "$display", "%b %b", v0117DBD8_0, v0117DC30_0;
    %movi 8, 170, 8;
    %set/v v0117DB28_0, 8, 8;
    %movi 8, 170, 8;
    %set/v v0117DB80_0, 8, 8;
    %delay 1000, 0;
    %vpi_call 2 20 "$display", "%b %b", v0117DBD8_0, v0117DC30_0;
    %vpi_call 2 21 "$finish";
    %end;
    .thread T_0;
# The file index is used to find the file name in the following table.
:file_names 4;
    "N/A";
    "<interactive>";
    "D:\buffer gate\buffer gate\verilog-judge\backend\problems\carry_generate_combiner\tb.v";
    "D:\buffer gate\buffer gate\verilog-judge\backend\submissions\8dbfd8f0-3\submission.v";
