#! /c/iverilog/bin/vvp
:ivl_version "0.9.7 " "(v0_9_7)";
:vpi_time_precision - 12;
:vpi_module "system";
:vpi_module "v2005_math";
:vpi_module "va_math";
S_01108768 .scope module, "tb" "tb" 2 2;
 .timescale -9 -12;
v01102068_0 .var "a", 3 0;
v0110EE20_0 .var "b", 3 0;
v0110EE78_0 .var "c", 3 0;
v0110EED0_0 .var "d", 3 0;
v0110EF28_0 .var "sel", 1 0;
v0110EF80_0 .net "y", 3 0, v01102010_0; 1 drivers
S_01108438 .scope module, "dut" "mux4_4bit" 2 7, 3 1, S_01108768;
 .timescale 0 0;
v011434C0_0 .net "a", 3 0, v01102068_0; 1 drivers
v01143518_0 .net "b", 3 0, v0110EE20_0; 1 drivers
v01143570_0 .net "c", 3 0, v0110EE78_0; 1 drivers
v01101F60_0 .net "d", 3 0, v0110EED0_0; 1 drivers
v01101FB8_0 .net "sel", 1 0, v0110EF28_0; 1 drivers
v01102010_0 .var "y", 3 0;
E_0110E940/0 .event edge, v01101FB8_0, v011434C0_0, v01143518_0, v01143570_0;
E_0110E940/1 .event edge, v01101F60_0;
E_0110E940 .event/or E_0110E940/0, E_0110E940/1;
    .scope S_01108438;
T_0 ;
    %wait E_0110E940;
    %load/v 8, v01101FB8_0, 2;
    %cmpi/u 8, 0, 2;
    %jmp/1 T_0.0, 6;
    %cmpi/u 8, 1, 2;
    %jmp/1 T_0.1, 6;
    %cmpi/u 8, 2, 2;
    %jmp/1 T_0.2, 6;
    %load/v 8, v01101F60_0, 4;
    %set/v v01102010_0, 8, 4;
    %jmp T_0.4;
T_0.0 ;
    %load/v 8, v011434C0_0, 4;
    %set/v v01102010_0, 8, 4;
    %jmp T_0.4;
T_0.1 ;
    %load/v 8, v01143518_0, 4;
    %set/v v01102010_0, 8, 4;
    %jmp T_0.4;
T_0.2 ;
    %load/v 8, v01143570_0, 4;
    %set/v v01102010_0, 8, 4;
    %jmp T_0.4;
T_0.4 ;
    %jmp T_0;
    .thread T_0, $push;
    .scope S_01108768;
T_1 ;
    %vpi_call 2 10 "$dumpfile", "simulation.vcd";
    %vpi_call 2 11 "$dumpvars", 1'sb0, S_01108768;
    %set/v v01102068_0, 0, 4;
    %movi 8, 1, 4;
    %set/v v0110EE20_0, 8, 4;
    %set/v v0110EE78_0, 1, 4;
    %movi 8, 10, 4;
    %set/v v0110EED0_0, 8, 4;
    %set/v v0110EF28_0, 0, 2;
    %delay 5000, 0;
    %vpi_call 2 12 "$display", "%b %b", v0110EF28_0, v0110EF80_0;
    %set/v v01102068_0, 0, 4;
    %movi 8, 1, 4;
    %set/v v0110EE20_0, 8, 4;
    %set/v v0110EE78_0, 1, 4;
    %movi 8, 10, 4;
    %set/v v0110EED0_0, 8, 4;
    %movi 8, 1, 2;
    %set/v v0110EF28_0, 8, 2;
    %delay 5000, 0;
    %vpi_call 2 13 "$display", "%b %b", v0110EF28_0, v0110EF80_0;
    %set/v v01102068_0, 0, 4;
    %movi 8, 1, 4;
    %set/v v0110EE20_0, 8, 4;
    %set/v v0110EE78_0, 1, 4;
    %movi 8, 10, 4;
    %set/v v0110EED0_0, 8, 4;
    %movi 8, 2, 2;
    %set/v v0110EF28_0, 8, 2;
    %delay 5000, 0;
    %vpi_call 2 14 "$display", "%b %b", v0110EF28_0, v0110EF80_0;
    %set/v v01102068_0, 0, 4;
    %movi 8, 1, 4;
    %set/v v0110EE20_0, 8, 4;
    %set/v v0110EE78_0, 1, 4;
    %movi 8, 10, 4;
    %set/v v0110EED0_0, 8, 4;
    %set/v v0110EF28_0, 1, 2;
    %delay 5000, 0;
    %vpi_call 2 15 "$display", "%b %b", v0110EF28_0, v0110EF80_0;
    %vpi_call 2 16 "$finish";
    %end;
    .thread T_1;
# The file index is used to find the file name in the following table.
:file_names 4;
    "N/A";
    "<interactive>";
    "D:\buffer gate\buffer gate\verilog-judge\backend\problems\mux4_4bit\tb.v";
    "D:\buffer gate\buffer gate\verilog-judge\backend\submissions\7c4c2c88-7\submission.v";
