#! /c/iverilog/bin/vvp
:ivl_version "0.9.7 " "(v0_9_7)";
:vpi_time_precision - 12;
:vpi_module "system";
:vpi_module "v2005_math";
:vpi_module "va_math";
S_01132D98 .scope module, "tb" "tb" 2 2;
 .timescale -9 -12;
v01150C70_0 .var "clk", 0 0;
v01150CC8_0 .net "q", 3 0, v01282040_0; 1 drivers
v01150D20_0 .var "reset", 0 0;
S_01281F60 .scope module, "dut" "johnson_counter_4bit" 2 5, 3 1, S_01132D98;
 .timescale 0 0;
v01281FE8_0 .net "clk", 0 0, v01150C70_0; 1 drivers
v01282040_0 .var "q", 3 0;
v01150C18_0 .net "reset", 0 0, v01150D20_0; 1 drivers
E_011336A8 .event posedge, v01150C18_0, v01281FE8_0;
    .scope S_01281F60;
T_0 ;
    %wait E_011336A8;
    %load/v 8, v01150C18_0, 1;
    %jmp/0xz  T_0.0, 8;
    %ix/load 0, 4, 0;
    %assign/v0 v01282040_0, 0, 0;
    %jmp T_0.1;
T_0.0 ;
    %ix/load 1, 3, 0;
    %mov 4, 0, 1;
    %jmp/1 T_0.2, 4;
    %load/x1p 12, v01282040_0, 1;
    %jmp T_0.3;
T_0.2 ;
    %mov 12, 2, 1;
T_0.3 ;
; Save base=12 wid=1 in lookaside.
    %inv 12, 1;
    %mov 8, 12, 1;
    %load/v 9, v01282040_0, 3; Select 3 out of 4 bits
    %ix/load 0, 4, 0;
    %assign/v0 v01282040_0, 0, 8;
T_0.1 ;
    %jmp T_0;
    .thread T_0;
    .scope S_01132D98;
T_1 ;
    %set/v v01150C70_0, 0, 1;
T_1.0 ;
    %delay 5000, 0;
    %load/v 8, v01150C70_0, 1;
    %inv 8, 1;
    %set/v v01150C70_0, 8, 1;
    %jmp T_1.0;
    %end;
    .thread T_1;
    .scope S_01132D98;
T_2 ;
    %vpi_call 2 8 "$dumpfile", "simulation.vcd";
    %vpi_call 2 8 "$dumpvars", 1'sb0, S_01132D98;
    %set/v v01150D20_0, 1, 1;
    %delay 7000, 0;
    %vpi_call 2 9 "$display", "%b", v01150CC8_0;
    %set/v v01150D20_0, 0, 1;
    %delay 10000, 0;
    %vpi_call 2 10 "$display", "%b", v01150CC8_0;
    %delay 10000, 0;
    %vpi_call 2 11 "$display", "%b", v01150CC8_0;
    %delay 10000, 0;
    %vpi_call 2 12 "$display", "%b", v01150CC8_0;
    %delay 10000, 0;
    %vpi_call 2 13 "$display", "%b", v01150CC8_0;
    %delay 10000, 0;
    %vpi_call 2 14 "$display", "%b", v01150CC8_0;
    %vpi_call 2 15 "$finish";
    %end;
    .thread T_2;
# The file index is used to find the file name in the following table.
:file_names 4;
    "N/A";
    "<interactive>";
    "D:\buffer gate\buffer gate\verilog-judge\backend\problems\johnson_counter_4bit\tb.v";
    "D:\buffer gate\buffer gate\verilog-judge\backend\submissions\638ed328-6\submission.v";
