#! /c/iverilog/bin/vvp
:ivl_version "0.9.7 " "(v0_9_7)";
:vpi_time_precision - 12;
:vpi_module "system";
:vpi_module "v2005_math";
:vpi_module "va_math";
S_012B7EE8 .scope module, "tb" "tb" 2 2;
 .timescale -9 -12;
v012B2010_0 .var "a", 0 0;
v012B2068_0 .var "b", 0 0;
v012BEDE8_0 .var "c", 0 0;
v012BEE40_0 .var "d", 0 0;
v012BEE98_0 .var "sel", 1 0;
v012BEEF0_0 .net "y", 0 0, v012B1FB8_0; 1 drivers
S_012B8190 .scope module, "dut" "mux4_1bit" 2 7, 3 1, S_012B7EE8;
 .timescale 0 0;
v012BDF78_0 .net "a", 0 0, v012B2010_0; 1 drivers
v01153050_0 .net "b", 0 0, v012B2068_0; 1 drivers
v011530A8_0 .net "c", 0 0, v012BEDE8_0; 1 drivers
v01153100_0 .net "d", 0 0, v012BEE40_0; 1 drivers
v012B1F60_0 .net "sel", 1 0, v012BEE98_0; 1 drivers
v012B1FB8_0 .var "y", 0 0;
E_012BE448/0 .event edge, v012B1F60_0, v012BDF78_0, v01153050_0, v011530A8_0;
E_012BE448/1 .event edge, v01153100_0;
E_012BE448 .event/or E_012BE448/0, E_012BE448/1;
    .scope S_012B8190;
T_0 ;
    %wait E_012BE448;
    %load/v 8, v012B1F60_0, 2;
    %cmpi/u 8, 0, 2;
    %jmp/1 T_0.0, 6;
    %cmpi/u 8, 1, 2;
    %jmp/1 T_0.1, 6;
    %cmpi/u 8, 2, 2;
    %jmp/1 T_0.2, 6;
    %load/v 8, v01153100_0, 1;
    %set/v v012B1FB8_0, 8, 1;
    %jmp T_0.4;
T_0.0 ;
    %load/v 8, v012BDF78_0, 1;
    %set/v v012B1FB8_0, 8, 1;
    %jmp T_0.4;
T_0.1 ;
    %load/v 8, v01153050_0, 1;
    %set/v v012B1FB8_0, 8, 1;
    %jmp T_0.4;
T_0.2 ;
    %load/v 8, v011530A8_0, 1;
    %set/v v012B1FB8_0, 8, 1;
    %jmp T_0.4;
T_0.4 ;
    %jmp T_0;
    .thread T_0, $push;
    .scope S_012B7EE8;
T_1 ;
    %vpi_call 2 10 "$dumpfile", "simulation.vcd";
    %vpi_call 2 11 "$dumpvars", 1'sb0, S_012B7EE8;
    %set/v v012B2010_0, 0, 1;
    %set/v v012B2068_0, 1, 1;
    %set/v v012BEDE8_0, 1, 1;
    %set/v v012BEE40_0, 1, 1;
    %set/v v012BEE98_0, 0, 2;
    %delay 5000, 0;
    %vpi_call 2 12 "$display", "%b %b", v012BEE98_0, v012BEEF0_0;
    %set/v v012B2010_0, 0, 1;
    %set/v v012B2068_0, 1, 1;
    %set/v v012BEDE8_0, 1, 1;
    %set/v v012BEE40_0, 1, 1;
    %movi 8, 1, 2;
    %set/v v012BEE98_0, 8, 2;
    %delay 5000, 0;
    %vpi_call 2 13 "$display", "%b %b", v012BEE98_0, v012BEEF0_0;
    %set/v v012B2010_0, 0, 1;
    %set/v v012B2068_0, 1, 1;
    %set/v v012BEDE8_0, 1, 1;
    %set/v v012BEE40_0, 1, 1;
    %movi 8, 2, 2;
    %set/v v012BEE98_0, 8, 2;
    %delay 5000, 0;
    %vpi_call 2 14 "$display", "%b %b", v012BEE98_0, v012BEEF0_0;
    %set/v v012B2010_0, 0, 1;
    %set/v v012B2068_0, 1, 1;
    %set/v v012BEDE8_0, 1, 1;
    %set/v v012BEE40_0, 1, 1;
    %set/v v012BEE98_0, 1, 2;
    %delay 5000, 0;
    %vpi_call 2 15 "$display", "%b %b", v012BEE98_0, v012BEEF0_0;
    %vpi_call 2 16 "$finish";
    %end;
    .thread T_1;
# The file index is used to find the file name in the following table.
:file_names 4;
    "N/A";
    "<interactive>";
    "D:\buffer gate\buffer gate\verilog-judge\backend\problems\mux4_1bit\tb.v";
    "D:\buffer gate\buffer gate\verilog-judge\backend\submissions\d9ca6094-f\submission.v";
