#! /c/iverilog/bin/vvp
:ivl_version "0.9.7 " "(v0_9_7)";
:vpi_time_precision - 12;
:vpi_module "system";
:vpi_module "v2005_math";
:vpi_module "va_math";
S_01355938 .scope module, "tb" "tb" 2 2;
 .timescale -9 -12;
v01232670_0 .var "a", 15 0;
v01351F60_0 .net "y", 15 0, L_01351FB8; 1 drivers
S_01232590 .scope module, "dut" "decrementer_16bit" 2 6, 3 1, S_01355938;
 .timescale 0 0;
v01355A88_0 .net *"_s0", 15 0, C4<0000000000000001>; 1 drivers
v01355828_0 .net "a", 15 0, v01232670_0; 1 drivers
v01232618_0 .alias "y", 15 0, v01351F60_0;
L_01351FB8 .arith/sub 16, v01232670_0, C4<0000000000000001>;
    .scope S_01355938;
T_0 ;
    %vpi_call 2 9 "$dumpfile", "simulation.vcd";
    %vpi_call 2 10 "$dumpvars", 1'sb0, S_01355938;
    %set/v v01232670_0, 0, 16;
    %delay 5000, 0;
    %vpi_call 2 11 "$display", "%b %b", v01232670_0, v01351F60_0;
    %movi 8, 1, 16;
    %set/v v01232670_0, 8, 16;
    %delay 5000, 0;
    %vpi_call 2 12 "$display", "%b %b", v01232670_0, v01351F60_0;
    %movi 8, 2, 16;
    %set/v v01232670_0, 8, 16;
    %delay 5000, 0;
    %vpi_call 2 13 "$display", "%b %b", v01232670_0, v01351F60_0;
    %set/v v01232670_0, 1, 16;
    %delay 5000, 0;
    %vpi_call 2 14 "$display", "%b %b", v01232670_0, v01351F60_0;
    %movi 8, 43690, 16;
    %set/v v01232670_0, 8, 16;
    %delay 5000, 0;
    %vpi_call 2 15 "$display", "%b %b", v01232670_0, v01351F60_0;
    %vpi_call 2 16 "$finish";
    %end;
    .thread T_0;
# The file index is used to find the file name in the following table.
:file_names 4;
    "N/A";
    "<interactive>";
    "D:\buffer gate\buffer gate\verilog-judge\backend\problems\decrementer_16bit\tb.v";
    "D:\buffer gate\buffer gate\verilog-judge\backend\submissions\a59dd262-2\submission.v";
