#! /c/iverilog/bin/vvp
:ivl_version "0.9.7 " "(v0_9_7)";
:vpi_time_precision - 12;
:vpi_module "system";
:vpi_module "v2005_math";
:vpi_module "va_math";
S_012F92E0 .scope module, "tb" "tb" 2 2;
 .timescale -9 -12;
v0112FEA0_0 .var "a", 7 0;
v0112FE48_0 .net "parity", 0 0, L_01130918; 1 drivers
S_012F8598 .scope module, "dut" "even_parity_generator" 2 6, 3 1, S_012F92E0;
 .timescale 0 0;
L_012FAD58 .functor XOR 1, L_0112FAD8, L_0112FB88, C4<0>, C4<0>;
L_012FAD90 .functor XOR 1, L_012FAD58, L_0112FEF8, C4<0>, C4<0>;
L_012FABD0 .functor XOR 1, L_012FAD90, L_0112FF50, C4<0>, C4<0>;
L_012FACB0 .functor XOR 1, L_012FABD0, L_0112FFA8, C4<0>, C4<0>;
L_012FAC40 .functor XOR 1, L_012FACB0, L_0112FBE0, C4<0>, C4<0>;
L_012FAD20 .functor XOR 1, L_012FAC40, L_0112FC90, C4<0>, C4<0>;
L_01130F70 .functor XOR 1, L_012FAD20, L_0112FC38, C4<0>, C4<0>;
L_01130918 .functor NOT 1, L_01130F70, C4<0>, C4<0>, C4<0>;
v012F33F8_0 .net *"_s1", 0 0, L_0112FAD8; 1 drivers
v012F3450_0 .net *"_s11", 0 0, L_0112FF50; 1 drivers
v012F34A8_0 .net *"_s12", 0 0, L_012FABD0; 1 drivers
v012F3FB0_0 .net *"_s15", 0 0, L_0112FFA8; 1 drivers
v012F4008_0 .net *"_s16", 0 0, L_012FACB0; 1 drivers
v012F4060_0 .net *"_s19", 0 0, L_0112FBE0; 1 drivers
v012F40B8_0 .net *"_s20", 0 0, L_012FAC40; 1 drivers
v012FE7B0_0 .net *"_s23", 0 0, L_0112FC90; 1 drivers
v012FE808_0 .net *"_s24", 0 0, L_012FAD20; 1 drivers
v0112FB30_0 .net *"_s27", 0 0, L_0112FC38; 1 drivers
v0112F978_0 .net *"_s28", 0 0, L_01130F70; 1 drivers
v0112FDF0_0 .net *"_s3", 0 0, L_0112FB88; 1 drivers
v0112F9D0_0 .net *"_s4", 0 0, L_012FAD58; 1 drivers
v0112FCE8_0 .net *"_s7", 0 0, L_0112FEF8; 1 drivers
v0112FD98_0 .net *"_s8", 0 0, L_012FAD90; 1 drivers
v0112FD40_0 .net "a", 7 0, v0112FEA0_0; 1 drivers
v0112FA80_0 .alias "parity", 0 0, v0112FE48_0;
L_0112FAD8 .part v0112FEA0_0, 0, 1;
L_0112FB88 .part v0112FEA0_0, 1, 1;
L_0112FEF8 .part v0112FEA0_0, 2, 1;
L_0112FF50 .part v0112FEA0_0, 3, 1;
L_0112FFA8 .part v0112FEA0_0, 4, 1;
L_0112FBE0 .part v0112FEA0_0, 5, 1;
L_0112FC90 .part v0112FEA0_0, 6, 1;
L_0112FC38 .part v0112FEA0_0, 7, 1;
    .scope S_012F92E0;
T_0 ;
    %vpi_call 2 9 "$dumpfile", "simulation.vcd";
    %vpi_call 2 10 "$dumpvars", 1'sb0, S_012F92E0;
    %set/v v0112FEA0_0, 0, 8;
    %delay 1000, 0;
    %vpi_call 2 11 "$display", "%b", v0112FE48_0;
    %movi 8, 1, 8;
    %set/v v0112FEA0_0, 8, 8;
    %delay 1000, 0;
    %vpi_call 2 12 "$display", "%b", v0112FE48_0;
    %set/v v0112FEA0_0, 1, 8;
    %delay 1000, 0;
    %vpi_call 2 13 "$display", "%b", v0112FE48_0;
    %movi 8, 170, 8;
    %set/v v0112FEA0_0, 8, 8;
    %delay 1000, 0;
    %vpi_call 2 14 "$display", "%b", v0112FE48_0;
    %movi 8, 2, 8;
    %set/v v0112FEA0_0, 8, 8;
    %delay 1000, 0;
    %vpi_call 2 15 "$display", "%b", v0112FE48_0;
    %movi 8, 3, 8;
    %set/v v0112FEA0_0, 8, 8;
    %delay 1000, 0;
    %vpi_call 2 16 "$display", "%b", v0112FE48_0;
    %movi 8, 127, 8;
    %set/v v0112FEA0_0, 8, 8;
    %delay 1000, 0;
    %vpi_call 2 17 "$display", "%b", v0112FE48_0;
    %movi 8, 170, 8;
    %set/v v0112FEA0_0, 8, 8;
    %delay 1000, 0;
    %vpi_call 2 18 "$display", "%b", v0112FE48_0;
    %vpi_call 2 19 "$finish";
    %end;
    .thread T_0;
# The file index is used to find the file name in the following table.
:file_names 4;
    "N/A";
    "<interactive>";
    "D:\buffer gate\buffer gate\verilog-judge\backend\problems\even_parity_generator\tb.v";
    "D:\buffer gate\buffer gate\verilog-judge\backend\submissions\5bf75c2d-f\submission.v";
