#! /c/iverilog/bin/vvp
:ivl_version "0.9.7 " "(v0_9_7)";
:vpi_time_precision - 12;
:vpi_module "system";
:vpi_module "v2005_math";
:vpi_module "va_math";
S_01294718 .scope module, "tb" "tb" 2 2;
 .timescale -9 -12;
v0129EF18_0 .var "a", 0 0;
v0129EF70_0 .var "b", 0 0;
v0129B548_0 .var "c", 0 0;
v0129B5A0_0 .net "y", 0 0, v0129EEC0_0; 1 drivers
S_012933F8 .scope module, "dut" "majority_gate" 2 8, 3 1, S_01294718;
 .timescale 0 0;
v01293480_0 .net "a", 0 0, v0129EF18_0; 1 drivers
v012934D8_0 .net "b", 0 0, v0129EF70_0; 1 drivers
v0129EE68_0 .net "c", 0 0, v0129B548_0; 1 drivers
v0129EEC0_0 .var "y", 0 0;
E_01298C38 .event edge, v01293480_0, v012934D8_0, v0129EE68_0;
    .scope S_012933F8;
T_0 ;
    %wait E_01298C38;
    %load/v 8, v01293480_0, 1;
    %mov 9, 0, 2;
    %cmpi/u 8, 1, 3;
    %mov 8, 4, 1;
    %load/v 9, v012934D8_0, 1;
    %mov 10, 0, 2;
    %cmpi/u 9, 1, 3;
    %mov 9, 4, 1;
    %and 8, 9, 1;
    %load/v 9, v0129EE68_0, 1;
    %mov 10, 0, 1;
    %cmpi/u 9, 0, 2;
    %mov 9, 4, 1;
    %and 8, 9, 1;
    %load/v 9, v01293480_0, 1;
    %mov 10, 0, 1;
    %cmpi/u 9, 0, 2;
    %mov 9, 4, 1;
    %load/v 10, v012934D8_0, 1;
    %mov 11, 0, 2;
    %cmpi/u 10, 1, 3;
    %mov 10, 4, 1;
    %and 9, 10, 1;
    %load/v 10, v0129EE68_0, 1;
    %mov 11, 0, 2;
    %cmpi/u 10, 1, 3;
    %mov 10, 4, 1;
    %and 9, 10, 1;
    %or 8, 9, 1;
    %load/v 9, v01293480_0, 1;
    %mov 10, 0, 2;
    %cmpi/u 9, 1, 3;
    %mov 9, 4, 1;
    %load/v 10, v012934D8_0, 1;
    %mov 11, 0, 1;
    %cmpi/u 10, 0, 2;
    %mov 10, 4, 1;
    %and 9, 10, 1;
    %load/v 10, v0129EE68_0, 1;
    %mov 11, 0, 2;
    %cmpi/u 10, 1, 3;
    %mov 10, 4, 1;
    %and 9, 10, 1;
    %or 8, 9, 1;
    %load/v 9, v01293480_0, 1;
    %mov 10, 0, 2;
    %cmpi/u 9, 1, 3;
    %mov 9, 4, 1;
    %load/v 10, v012934D8_0, 1;
    %mov 11, 0, 2;
    %cmpi/u 10, 1, 3;
    %mov 10, 4, 1;
    %and 9, 10, 1;
    %load/v 10, v0129EE68_0, 1;
    %mov 11, 0, 2;
    %cmpi/u 10, 1, 3;
    %mov 10, 4, 1;
    %and 9, 10, 1;
    %or 8, 9, 1;
    %jmp/0xz  T_0.0, 8;
    %ix/load 0, 1, 0;
    %assign/v0 v0129EEC0_0, 0, 1;
    %jmp T_0.1;
T_0.0 ;
    %ix/load 0, 1, 0;
    %assign/v0 v0129EEC0_0, 0, 0;
T_0.1 ;
    %jmp T_0;
    .thread T_0, $push;
    .scope S_01294718;
T_1 ;
    %vpi_call 2 11 "$dumpfile", "simulation.vcd";
    %vpi_call 2 12 "$dumpvars", 1'sb0, S_01294718;
    %set/v v0129EF18_0, 0, 1;
    %set/v v0129EF70_0, 0, 1;
    %set/v v0129B548_0, 0, 1;
    %delay 1000, 0;
    %vpi_call 2 13 "$display", "%b", v0129B5A0_0;
    %set/v v0129EF18_0, 1, 1;
    %set/v v0129EF70_0, 1, 1;
    %set/v v0129B548_0, 1, 1;
    %delay 1000, 0;
    %vpi_call 2 14 "$display", "%b", v0129B5A0_0;
    %set/v v0129EF18_0, 1, 1;
    %set/v v0129EF70_0, 1, 1;
    %set/v v0129B548_0, 1, 1;
    %delay 1000, 0;
    %vpi_call 2 15 "$display", "%b", v0129B5A0_0;
    %set/v v0129EF18_0, 0, 1;
    %set/v v0129EF70_0, 0, 1;
    %set/v v0129B548_0, 0, 1;
    %delay 1000, 0;
    %vpi_call 2 16 "$display", "%b", v0129B5A0_0;
    %set/v v0129EF18_0, 0, 1;
    %set/v v0129EF70_0, 0, 1;
    %set/v v0129B548_0, 0, 1;
    %delay 1000, 0;
    %vpi_call 2 17 "$display", "%b", v0129B5A0_0;
    %set/v v0129EF18_0, 1, 1;
    %set/v v0129EF70_0, 1, 1;
    %set/v v0129B548_0, 1, 1;
    %delay 1000, 0;
    %vpi_call 2 18 "$display", "%b", v0129B5A0_0;
    %set/v v0129EF18_0, 0, 1;
    %set/v v0129EF70_0, 0, 1;
    %set/v v0129B548_0, 0, 1;
    %delay 1000, 0;
    %vpi_call 2 19 "$display", "%b", v0129B5A0_0;
    %set/v v0129EF18_0, 0, 1;
    %set/v v0129EF70_0, 0, 1;
    %set/v v0129B548_0, 0, 1;
    %delay 1000, 0;
    %vpi_call 2 20 "$display", "%b", v0129B5A0_0;
    %vpi_call 2 21 "$finish";
    %end;
    .thread T_1;
# The file index is used to find the file name in the following table.
:file_names 4;
    "N/A";
    "<interactive>";
    "D:\buffer gate\buffer gate\verilog-judge\backend\problems\majority_gate\tb.v";
    "D:\buffer gate\buffer gate\verilog-judge\backend\submissions\49d10c6d-2\submission.v";
