#! /c/iverilog/bin/vvp
:ivl_version "0.9.7 " "(v0_9_7)";
:vpi_time_precision - 12;
:vpi_module "system";
:vpi_module "v2005_math";
:vpi_module "va_math";
S_01281F60 .scope module, "tb" "tb" 2 2;
 .timescale -9 -12;
v01285878_0 .var/s "a", 7 0;
v012858D0_0 .var/s "b", 7 0;
v01285928_0 .net "overflow", 0 0, C4<0>; 1 drivers
v01285980_0 .var/s "sum", 7 0;
S_01281FE8 .scope module, "dut" "overflow_detector" 2 8, 3 1, S_01281F60;
 .timescale 0 0;
v011526B0_0 .net/s "a", 7 0, v01285878_0; 1 drivers
v01152708_0 .net/s "b", 7 0, v012858D0_0; 1 drivers
v01152760_0 .alias "overflow", 0 0, v01285928_0;
v011527B8_0 .net/s "sum", 7 0, v01285980_0; 1 drivers
    .scope S_01281F60;
T_0 ;
    %vpi_call 2 11 "$dumpfile", "simulation.vcd";
    %vpi_call 2 12 "$dumpvars", 1'sb0, S_01281F60;
    %set/v v01285878_0, 0, 8;
    %set/v v012858D0_0, 0, 8;
    %set/v v01285980_0, 0, 8;
    %delay 5000, 0;
    %vpi_call 2 13 "$display", "%b", v01285928_0;
    %movi 8, 1, 8;
    %set/v v01285878_0, 8, 8;
    %movi 8, 1, 8;
    %set/v v012858D0_0, 8, 8;
    %movi 8, 1, 8;
    %set/v v01285980_0, 8, 8;
    %delay 5000, 0;
    %vpi_call 2 14 "$display", "%b", v01285928_0;
    %set/v v01285878_0, 1, 8;
    %set/v v012858D0_0, 1, 8;
    %set/v v01285980_0, 1, 8;
    %delay 5000, 0;
    %vpi_call 2 15 "$display", "%b", v01285928_0;
    %movi 8, 170, 8;
    %set/v v01285878_0, 8, 8;
    %movi 8, 170, 8;
    %set/v v012858D0_0, 8, 8;
    %movi 8, 170, 8;
    %set/v v01285980_0, 8, 8;
    %delay 5000, 0;
    %vpi_call 2 16 "$display", "%b", v01285928_0;
    %vpi_call 2 17 "$finish";
    %end;
    .thread T_0;
# The file index is used to find the file name in the following table.
:file_names 4;
    "N/A";
    "<interactive>";
    "D:\buffer gate\buffer gate\verilog-judge\backend\problems\overflow_detector\tb.v";
    "D:\buffer gate\buffer gate\verilog-judge\backend\submissions\b0d281e5-6\submission.v";
