#! /c/iverilog/bin/vvp
:ivl_version "0.9.7 " "(v0_9_7)";
:vpi_time_precision - 12;
:vpi_module "system";
:vpi_module "v2005_math";
:vpi_module "va_math";
S_01115318 .scope module, "tb" "tb" 2 2;
 .timescale -9 -12;
v0111EF40_0 .var "a", 1 0;
v01111F78_0 .net "y", 1 0, L_0111EF98; 1 drivers
S_01152568 .scope module, "dut" "buffer_2bit" 2 6, 3 1, S_01115318;
 .timescale 0 0;
L_0111EF98 .functor BUFZ 2, v0111EF40_0, C4<00>, C4<00>, C4<00>;
v011525F0_0 .net "a", 1 0, v0111EF40_0; 1 drivers
v01152648_0 .alias "y", 1 0, v01111F78_0;
    .scope S_01115318;
T_0 ;
    %vpi_call 2 9 "$dumpfile", "simulation.vcd";
    %vpi_call 2 10 "$dumpvars", 1'sb0, S_01115318;
    %set/v v0111EF40_0, 0, 2;
    %delay 5000, 0;
    %vpi_call 2 11 "$display", "%b %b", v0111EF40_0, v01111F78_0;
    %movi 8, 1, 2;
    %set/v v0111EF40_0, 8, 2;
    %delay 5000, 0;
    %vpi_call 2 12 "$display", "%b %b", v0111EF40_0, v01111F78_0;
    %set/v v0111EF40_0, 1, 2;
    %delay 5000, 0;
    %vpi_call 2 13 "$display", "%b %b", v0111EF40_0, v01111F78_0;
    %movi 8, 2, 2;
    %set/v v0111EF40_0, 8, 2;
    %delay 5000, 0;
    %vpi_call 2 14 "$display", "%b %b", v0111EF40_0, v01111F78_0;
    %vpi_call 2 15 "$finish";
    %end;
    .thread T_0;
# The file index is used to find the file name in the following table.
:file_names 4;
    "N/A";
    "<interactive>";
    "D:\buffer gate\buffer gate\verilog-judge\backend\problems\buffer_2bit\tb.v";
    "D:\buffer gate\buffer gate\verilog-judge\backend\submissions\1a0e50d6-b\submission.v";
