#! /c/iverilog/bin/vvp
:ivl_version "0.9.7 " "(v0_9_7)";
:vpi_time_precision - 12;
:vpi_module "system";
:vpi_module "v2005_math";
:vpi_module "va_math";
S_01142878 .scope module, "tb" "tb" 2 2;
 .timescale -9 -12;
v012E5810_0 .var "clk", 0 0;
v012E5868_0 .net "grant", 2 0, v012E2068_0; 1 drivers
v012EE128_0 .var "req", 2 0;
v012EE180_0 .var "rst", 0 0;
S_012E1F88 .scope module, "dut" "find_bug_memory_arbitration" 2 8, 3 1, S_01142878;
 .timescale 0 0;
v012E2010_0 .net "clk", 0 0, v012E5810_0; 1 drivers
v012E2068_0 .var "grant", 2 0;
v012E5760_0 .net "req", 2 0, v012EE128_0; 1 drivers
v012E57B8_0 .net "rst", 0 0, v012EE180_0; 1 drivers
E_012E9E58 .event "_s0";
    .scope S_012E1F88;
T_0 ;
    %wait E_012E9E58;
    %jmp T_0;
    .thread T_0;
    .scope S_01142878;
T_1 ;
    %set/v v012E5810_0, 0, 1;
T_1.0 ;
    %delay 5000, 0;
    %load/v 8, v012E5810_0, 1;
    %inv 8, 1;
    %set/v v012E5810_0, 8, 1;
    %jmp T_1.0;
    %end;
    .thread T_1;
    .scope S_01142878;
T_2 ;
    %vpi_call 2 12 "$dumpfile", "simulation.vcd";
    %vpi_call 2 13 "$dumpvars", 1'sb0, S_01142878;
    %set/v v012E5810_0, 0, 1;
    %set/v v012EE180_0, 1, 1;
    %set/v v012EE128_0, 0, 3;
    %delay 5000, 0;
    %vpi_call 2 14 "$display", "%b", v012E5868_0;
    %set/v v012E5810_0, 0, 1;
    %set/v v012EE180_0, 0, 1;
    %movi 8, 1, 3;
    %set/v v012EE128_0, 8, 3;
    %delay 5000, 0;
    %vpi_call 2 15 "$display", "%b", v012E5868_0;
    %set/v v012E5810_0, 0, 1;
    %set/v v012EE180_0, 0, 1;
    %set/v v012EE128_0, 1, 3;
    %delay 5000, 0;
    %vpi_call 2 16 "$display", "%b", v012E5868_0;
    %set/v v012E5810_0, 0, 1;
    %set/v v012EE180_0, 0, 1;
    %movi 8, 2, 3;
    %set/v v012EE128_0, 8, 3;
    %delay 5000, 0;
    %vpi_call 2 17 "$display", "%b", v012E5868_0;
    %vpi_call 2 18 "$finish";
    %end;
    .thread T_2;
# The file index is used to find the file name in the following table.
:file_names 4;
    "N/A";
    "<interactive>";
    "D:\buffer gate\buffer gate\verilog-judge\backend\problems\find_bug_memory_arbitration\tb.v";
    "D:\buffer gate\buffer gate\verilog-judge\backend\submissions\34a1831e-9\submission.v";
