#! /c/iverilog/bin/vvp
:ivl_version "0.9.7 " "(v0_9_7)";
:vpi_time_precision - 12;
:vpi_module "system";
:vpi_module "v2005_math";
:vpi_module "va_math";
S_0127A9F8 .scope module, "tb" "tb" 2 2;
 .timescale -9 -12;
v0127E1B0_0 .var "a", 2 0;
v0127E208_0 .var "b", 2 0;
v0127E650_0 .net "cout", 0 0, L_0127E700; 1 drivers
v0127E758_0 .net "sum", 2 0, L_0127E7B0; 1 drivers
S_0127A4A8 .scope module, "dut" "adder_3bit" 2 7, 3 1, S_0127A9F8;
 .timescale 0 0;
v01132990_0 .net *"_s10", 0 0, C4<0>; 1 drivers
v011329E8_0 .net *"_s11", 3 0, L_0127E6A8; 1 drivers
v01132A40_0 .net *"_s3", 3 0, L_0127E338; 1 drivers
v01271F68_0 .net *"_s6", 0 0, C4<0>; 1 drivers
v01271FC0_0 .net *"_s7", 3 0, L_0127E9C0; 1 drivers
v01272018_0 .net "a", 2 0, v0127E1B0_0; 1 drivers
v01272070_0 .net "b", 2 0, v0127E208_0; 1 drivers
v0127E100_0 .alias "cout", 0 0, v0127E650_0;
v0127E158_0 .alias "sum", 2 0, v0127E758_0;
L_0127E700 .part L_0127E6A8, 3, 1;
L_0127E7B0 .part L_0127E6A8, 0, 3;
L_0127E338 .concat [ 3 1 0 0], v0127E1B0_0, C4<0>;
L_0127E9C0 .concat [ 3 1 0 0], v0127E208_0, C4<0>;
L_0127E6A8 .arith/sum 4, L_0127E338, L_0127E9C0;
    .scope S_0127A9F8;
T_0 ;
    %vpi_call 2 10 "$dumpfile", "simulation.vcd";
    %vpi_call 2 11 "$dumpvars", 1'sb0, S_0127A9F8;
    %set/v v0127E1B0_0, 0, 3;
    %set/v v0127E208_0, 0, 3;
    %delay 5000, 0;
    %vpi_call 2 12 "$display", "%b %b %b %b", v0127E1B0_0, v0127E208_0, v0127E758_0, v0127E650_0;
    %movi 8, 1, 3;
    %set/v v0127E1B0_0, 8, 3;
    %movi 8, 1, 3;
    %set/v v0127E208_0, 8, 3;
    %delay 5000, 0;
    %vpi_call 2 13 "$display", "%b %b %b %b", v0127E1B0_0, v0127E208_0, v0127E758_0, v0127E650_0;
    %set/v v0127E1B0_0, 1, 3;
    %movi 8, 1, 3;
    %set/v v0127E208_0, 8, 3;
    %delay 5000, 0;
    %vpi_call 2 14 "$display", "%b %b %b %b", v0127E1B0_0, v0127E208_0, v0127E758_0, v0127E650_0;
    %movi 8, 3, 3;
    %set/v v0127E1B0_0, 8, 3;
    %movi 8, 2, 3;
    %set/v v0127E208_0, 8, 3;
    %delay 5000, 0;
    %vpi_call 2 15 "$display", "%b %b %b %b", v0127E1B0_0, v0127E208_0, v0127E758_0, v0127E650_0;
    %set/v v0127E1B0_0, 1, 3;
    %set/v v0127E208_0, 1, 3;
    %delay 5000, 0;
    %vpi_call 2 16 "$display", "%b %b %b %b", v0127E1B0_0, v0127E208_0, v0127E758_0, v0127E650_0;
    %vpi_call 2 17 "$finish";
    %end;
    .thread T_0;
# The file index is used to find the file name in the following table.
:file_names 4;
    "N/A";
    "<interactive>";
    "D:\buffer gate\buffer gate\verilog-judge\backend\problems\adder_3bit\tb.v";
    "D:\buffer gate\buffer gate\verilog-judge\backend\submissions\c54b73ba-c\submission.v";
