#! /c/iverilog/bin/vvp
:ivl_version "0.9.7 " "(v0_9_7)";
:vpi_time_precision - 12;
:vpi_module "system";
:vpi_module "v2005_math";
:vpi_module "va_math";
S_012F86E0 .scope module, "tb" "tb" 2 2;
 .timescale -9 -12;
v01142590_0 .var "a", 31 0;
v011425E8_0 .net "y", 31 0, L_01142640; 1 drivers
S_012F8768 .scope module, "dut" "incrementer_32bit" 2 6, 3 1, S_012F86E0;
 .timescale 0 0;
v012F4A88_0 .net *"_s0", 31 0, C4<00000000000000000000000000000001>; 1 drivers
v012F5A18_0 .net "a", 31 0, v01142590_0; 1 drivers
v012F5A70_0 .alias "y", 31 0, v011425E8_0;
L_01142640 .arith/sum 32, v01142590_0, C4<00000000000000000000000000000001>;
    .scope S_012F86E0;
T_0 ;
    %vpi_call 2 9 "$dumpfile", "simulation.vcd";
    %vpi_call 2 10 "$dumpvars", 1'sb0, S_012F86E0;
    %set/v v01142590_0, 0, 32;
    %delay 5000, 0;
    %vpi_call 2 11 "$display", "%b %b", v01142590_0, v011425E8_0;
    %movi 8, 1, 32;
    %set/v v01142590_0, 8, 32;
    %delay 5000, 0;
    %vpi_call 2 12 "$display", "%b %b", v01142590_0, v011425E8_0;
    %movi 8, 2, 32;
    %set/v v01142590_0, 8, 32;
    %delay 5000, 0;
    %vpi_call 2 13 "$display", "%b %b", v01142590_0, v011425E8_0;
    %set/v v01142590_0, 1, 32;
    %delay 5000, 0;
    %vpi_call 2 14 "$display", "%b %b", v01142590_0, v011425E8_0;
    %movi 8, 2863311530, 32;
    %set/v v01142590_0, 8, 32;
    %delay 5000, 0;
    %vpi_call 2 15 "$display", "%b %b", v01142590_0, v011425E8_0;
    %vpi_call 2 16 "$finish";
    %end;
    .thread T_0;
# The file index is used to find the file name in the following table.
:file_names 4;
    "N/A";
    "<interactive>";
    "D:\buffer gate\buffer gate\verilog-judge\backend\problems\incrementer_32bit\tb.v";
    "D:\buffer gate\buffer gate\verilog-judge\backend\submissions\d4f20beb-7\submission.v";
