#! /c/iverilog/bin/vvp
:ivl_version "0.9.7 " "(v0_9_7)";
:vpi_time_precision - 12;
:vpi_module "system";
:vpi_module "v2005_math";
:vpi_module "va_math";
S_00A856A0 .scope module, "tb" "tb" 2 2;
 .timescale -9 -12;
v00A81F68_0 .var "a", 0 0;
v00A81FC0_0 .var "b", 0 0;
v00A82018_0 .net "y", 0 0, L_00A85A98; 1 drivers
S_00A859B8 .scope module, "dut" "xor_gate" 2 5, 3 1, S_00A856A0;
 .timescale 0 0;
L_00A85A98 .functor XOR 1, v00A81F68_0, v00A81FC0_0, C4<0>, C4<0>;
v00A84E68_0 .net "a", 0 0, v00A81F68_0; 1 drivers
v00A85728_0 .net "b", 0 0, v00A81FC0_0; 1 drivers
v00A85A40_0 .alias "y", 0 0, v00A82018_0;
    .scope S_00A856A0;
T_0 ;
    %vpi_call 2 8 "$dumpfile", "simulation.vcd";
    %vpi_call 2 9 "$dumpvars", 1'sb0, S_00A856A0;
    %set/v v00A81F68_0, 0, 1;
    %set/v v00A81FC0_0, 0, 1;
    %delay 5000, 0;
    %vpi_call 2 10 "$display", "%b %b %b", v00A81F68_0, v00A81FC0_0, v00A82018_0;
    %set/v v00A81F68_0, 0, 1;
    %set/v v00A81FC0_0, 1, 1;
    %delay 5000, 0;
    %vpi_call 2 11 "$display", "%b %b %b", v00A81F68_0, v00A81FC0_0, v00A82018_0;
    %set/v v00A81F68_0, 1, 1;
    %set/v v00A81FC0_0, 0, 1;
    %delay 5000, 0;
    %vpi_call 2 12 "$display", "%b %b %b", v00A81F68_0, v00A81FC0_0, v00A82018_0;
    %set/v v00A81F68_0, 1, 1;
    %set/v v00A81FC0_0, 1, 1;
    %delay 5000, 0;
    %vpi_call 2 13 "$display", "%b %b %b", v00A81F68_0, v00A81FC0_0, v00A82018_0;
    %vpi_call 2 14 "$finish";
    %end;
    .thread T_0;
# The file index is used to find the file name in the following table.
:file_names 4;
    "N/A";
    "<interactive>";
    "D:\buffer gate\buffer gate\verilog-judge\backend\problems\xor_gate\tb.v";
    "D:\buffer gate\buffer gate\verilog-judge\backend\submissions\ffe597c1-2\submission.v";
