#! /c/iverilog/bin/vvp
:ivl_version "0.9.7 " "(v0_9_7)";
:vpi_time_precision - 12;
:vpi_module "system";
:vpi_module "v2005_math";
:vpi_module "va_math";
S_011A4FD0 .scope module, "tb" "tb" 2 2;
 .timescale -9 -12;
v011AEF90_0 .var "a", 1 0;
v011A1F58_0 .net "y", 3 0, L_011A1FB0; 1 drivers
S_011E25A0 .scope module, "dut" "decoder_2to4" 2 5, 3 1, S_011A4FD0;
 .timescale 0 0;
v011E2628_0 .net *"_s0", 3 0, C4<0001>; 1 drivers
v011E2680_0 .net "a", 1 0, v011AEF90_0; 1 drivers
v011AEF38_0 .alias "y", 3 0, v011A1F58_0;
L_011A1FB0 .shift/l 4, C4<0001>, v011AEF90_0;
    .scope S_011A4FD0;
T_0 ;
    %vpi_call 2 8 "$dumpfile", "simulation.vcd";
    %vpi_call 2 9 "$dumpvars", 1'sb0, S_011A4FD0;
    %set/v v011AEF90_0, 0, 2;
    %delay 5000, 0;
    %vpi_call 2 10 "$display", "%b %b", v011AEF90_0, v011A1F58_0;
    %movi 8, 1, 2;
    %set/v v011AEF90_0, 8, 2;
    %delay 5000, 0;
    %vpi_call 2 11 "$display", "%b %b", v011AEF90_0, v011A1F58_0;
    %movi 8, 2, 2;
    %set/v v011AEF90_0, 8, 2;
    %delay 5000, 0;
    %vpi_call 2 12 "$display", "%b %b", v011AEF90_0, v011A1F58_0;
    %set/v v011AEF90_0, 1, 2;
    %delay 5000, 0;
    %vpi_call 2 13 "$display", "%b %b", v011AEF90_0, v011A1F58_0;
    %vpi_call 2 14 "$finish";
    %end;
    .thread T_0;
# The file index is used to find the file name in the following table.
:file_names 4;
    "N/A";
    "<interactive>";
    "D:\buffer gate\buffer gate\verilog-judge\backend\problems\decoder_2to4\tb.v";
    "D:\buffer gate\buffer gate\verilog-judge\backend\submissions\a5c82925-2\submission.v";
