#! /c/iverilog/bin/vvp
:ivl_version "0.9.7 " "(v0_9_7)";
:vpi_time_precision - 12;
:vpi_module "system";
:vpi_module "v2005_math";
:vpi_module "va_math";
S_01132318 .scope module, "tb" "tb" 2 2;
 .timescale -9 -12;
v012E1F68_0 .var "a", 7 0;
v012E1FC0_0 .net "y", 0 0, L_012EEF40; 1 drivers
S_011323A0 .scope module, "dut" "odd_parity_8bit" 2 6, 3 1, S_01132318;
 .timescale 0 0;
v012E5148_0 .net "a", 7 0, v012E1F68_0; 1 drivers
v012E5A78_0 .alias "y", 0 0, v012E1FC0_0;
L_012EEF40 .reduce/xor v012E1F68_0;
    .scope S_01132318;
T_0 ;
    %vpi_call 2 9 "$dumpfile", "simulation.vcd";
    %vpi_call 2 10 "$dumpvars", 1'sb0, S_01132318;
    %set/v v012E1F68_0, 0, 8;
    %delay 5000, 0;
    %vpi_call 2 11 "$display", "%b %b", v012E1F68_0, v012E1FC0_0;
    %movi 8, 1, 8;
    %set/v v012E1F68_0, 8, 8;
    %delay 5000, 0;
    %vpi_call 2 12 "$display", "%b %b", v012E1F68_0, v012E1FC0_0;
    %movi 8, 3, 8;
    %set/v v012E1F68_0, 8, 8;
    %delay 5000, 0;
    %vpi_call 2 13 "$display", "%b %b", v012E1F68_0, v012E1FC0_0;
    %set/v v012E1F68_0, 1, 8;
    %delay 5000, 0;
    %vpi_call 2 14 "$display", "%b %b", v012E1F68_0, v012E1FC0_0;
    %movi 8, 170, 8;
    %set/v v012E1F68_0, 8, 8;
    %delay 5000, 0;
    %vpi_call 2 15 "$display", "%b %b", v012E1F68_0, v012E1FC0_0;
    %vpi_call 2 16 "$finish";
    %end;
    .thread T_0;
# The file index is used to find the file name in the following table.
:file_names 4;
    "N/A";
    "<interactive>";
    "D:\buffer gate\buffer gate\verilog-judge\backend\problems\odd_parity_8bit\tb.v";
    "D:\buffer gate\buffer gate\verilog-judge\backend\submissions\3ee6dafb-6\submission.v";
