#! /c/iverilog/bin/vvp
:ivl_version "0.9.7 " "(v0_9_7)";
:vpi_time_precision - 12;
:vpi_module "system";
:vpi_module "v2005_math";
:vpi_module "va_math";
S_01202318 .scope module, "tb" "tb" 2 2;
 .timescale -9 -12;
v011C1F68_0 .var "a", 4 0;
v011C1FC0_0 .net "y", 0 0, L_011CEF40; 1 drivers
S_012023A0 .scope module, "dut" "odd_parity_5bit" 2 6, 3 1, S_01202318;
 .timescale 0 0;
v011C5148_0 .net "a", 4 0, v011C1F68_0; 1 drivers
v011C5A78_0 .alias "y", 0 0, v011C1FC0_0;
L_011CEF40 .reduce/xor v011C1F68_0;
    .scope S_01202318;
T_0 ;
    %vpi_call 2 9 "$dumpfile", "simulation.vcd";
    %vpi_call 2 10 "$dumpvars", 1'sb0, S_01202318;
    %set/v v011C1F68_0, 0, 5;
    %delay 5000, 0;
    %vpi_call 2 11 "$display", "%b %b", v011C1F68_0, v011C1FC0_0;
    %movi 8, 1, 5;
    %set/v v011C1F68_0, 8, 5;
    %delay 5000, 0;
    %vpi_call 2 12 "$display", "%b %b", v011C1F68_0, v011C1FC0_0;
    %movi 8, 3, 5;
    %set/v v011C1F68_0, 8, 5;
    %delay 5000, 0;
    %vpi_call 2 13 "$display", "%b %b", v011C1F68_0, v011C1FC0_0;
    %set/v v011C1F68_0, 1, 5;
    %delay 5000, 0;
    %vpi_call 2 14 "$display", "%b %b", v011C1F68_0, v011C1FC0_0;
    %movi 8, 21, 5;
    %set/v v011C1F68_0, 8, 5;
    %delay 5000, 0;
    %vpi_call 2 15 "$display", "%b %b", v011C1F68_0, v011C1FC0_0;
    %vpi_call 2 16 "$finish";
    %end;
    .thread T_0;
# The file index is used to find the file name in the following table.
:file_names 4;
    "N/A";
    "<interactive>";
    "D:\buffer gate\buffer gate\verilog-judge\backend\problems\odd_parity_5bit\tb.v";
    "D:\buffer gate\buffer gate\verilog-judge\backend\submissions\7fefaaa7-c\submission.v";
