#! /c/iverilog/bin/vvp
:ivl_version "0.9.7 " "(v0_9_7)";
:vpi_time_precision - 12;
:vpi_module "system";
:vpi_module "v2005_math";
:vpi_module "va_math";
S_012D57A8 .scope module, "tb" "tb" 2 2;
 .timescale -9 -12;
v01142340_0 .var "a", 2 0;
v01142398_0 .net "y", 0 0, L_012DE778; 1 drivers
S_012D59A0 .scope module, "dut" "nonzero_detector_3bit" 2 6, 3 1, S_012D57A8;
 .timescale 0 0;
v012D5A28_0 .net *"_s0", 3 0, L_011423F0; 1 drivers
v012D5A80_0 .net *"_s3", 0 0, C4<0>; 1 drivers
v012D1F60_0 .net *"_s4", 3 0, C4<0000>; 1 drivers
v012D1FB8_0 .net "a", 2 0, v01142340_0; 1 drivers
v012D2010_0 .alias "y", 0 0, v01142398_0;
L_011423F0 .concat [ 3 1 0 0], v01142340_0, C4<0>;
L_012DE778 .cmp/ne 4, L_011423F0, C4<0000>;
    .scope S_012D57A8;
T_0 ;
    %vpi_call 2 9 "$dumpfile", "simulation.vcd";
    %vpi_call 2 10 "$dumpvars", 1'sb0, S_012D57A8;
    %set/v v01142340_0, 0, 3;
    %delay 5000, 0;
    %vpi_call 2 11 "$display", "%b %b", v01142340_0, v01142398_0;
    %movi 8, 1, 3;
    %set/v v01142340_0, 8, 3;
    %delay 5000, 0;
    %vpi_call 2 12 "$display", "%b %b", v01142340_0, v01142398_0;
    %set/v v01142340_0, 1, 3;
    %delay 5000, 0;
    %vpi_call 2 13 "$display", "%b %b", v01142340_0, v01142398_0;
    %movi 8, 4, 3;
    %set/v v01142340_0, 8, 3;
    %delay 5000, 0;
    %vpi_call 2 14 "$display", "%b %b", v01142340_0, v01142398_0;
    %movi 8, 5, 3;
    %set/v v01142340_0, 8, 3;
    %delay 5000, 0;
    %vpi_call 2 15 "$display", "%b %b", v01142340_0, v01142398_0;
    %vpi_call 2 16 "$finish";
    %end;
    .thread T_0;
# The file index is used to find the file name in the following table.
:file_names 4;
    "N/A";
    "<interactive>";
    "D:\buffer gate\buffer gate\verilog-judge\backend\problems\nonzero_detector_3bit\tb.v";
    "D:\buffer gate\buffer gate\verilog-judge\backend\submissions\d14a07a3-9\submission.v";
