#! /c/iverilog/bin/vvp
:ivl_version "0.9.7 " "(v0_9_7)";
:vpi_time_precision - 12;
:vpi_module "system";
:vpi_module "v2005_math";
:vpi_module "va_math";
S_01203B28 .scope module, "tb" "tb" 2 2;
 .timescale -9 -12;
v0120EF68_0 .var "a", 7 0;
v01260DB0_0 .net "msb_one", 0 0, v012034D8_0; 1 drivers
S_012033F8 .scope module, "dut" "detect_msb_one" 2 6, 3 1, S_01203B28;
 .timescale 0 0;
v01203480_0 .net "a", 7 0, v0120EF68_0; 1 drivers
v012034D8_0 .var "msb_one", 0 0;
E_01241CF0 .event edge, v01203480_0;
    .scope S_012033F8;
T_0 ;
    %wait E_01241CF0;
    %ix/load 1, 7, 0;
    %mov 4, 0, 1;
    %jmp/1 T_0.0, 4;
    %load/x1p 11, v01203480_0, 1;
    %jmp T_0.1;
T_0.0 ;
    %mov 11, 2, 1;
T_0.1 ;
    %mov 8, 11, 1; Move signal select into place
    %mov 9, 0, 2;
    %cmpi/u 8, 1, 3;
    %jmp/0xz  T_0.2, 4;
    %set/v v012034D8_0, 1, 1;
    %jmp T_0.3;
T_0.2 ;
    %set/v v012034D8_0, 0, 1;
T_0.3 ;
    %jmp T_0;
    .thread T_0, $push;
    .scope S_01203B28;
T_1 ;
    %vpi_call 2 9 "$dumpfile", "simulation.vcd";
    %vpi_call 2 10 "$dumpvars", 1'sb0, S_01203B28;
    %set/v v0120EF68_0, 0, 8;
    %delay 1000, 0;
    %vpi_call 2 11 "$display", "%b", v01260DB0_0;
    %movi 8, 1, 8;
    %set/v v0120EF68_0, 8, 8;
    %delay 1000, 0;
    %vpi_call 2 12 "$display", "%b", v01260DB0_0;
    %set/v v0120EF68_0, 1, 8;
    %delay 1000, 0;
    %vpi_call 2 13 "$display", "%b", v01260DB0_0;
    %movi 8, 170, 8;
    %set/v v0120EF68_0, 8, 8;
    %delay 1000, 0;
    %vpi_call 2 14 "$display", "%b", v01260DB0_0;
    %movi 8, 2, 8;
    %set/v v0120EF68_0, 8, 8;
    %delay 1000, 0;
    %vpi_call 2 15 "$display", "%b", v01260DB0_0;
    %movi 8, 3, 8;
    %set/v v0120EF68_0, 8, 8;
    %delay 1000, 0;
    %vpi_call 2 16 "$display", "%b", v01260DB0_0;
    %movi 8, 127, 8;
    %set/v v0120EF68_0, 8, 8;
    %delay 1000, 0;
    %vpi_call 2 17 "$display", "%b", v01260DB0_0;
    %movi 8, 170, 8;
    %set/v v0120EF68_0, 8, 8;
    %delay 1000, 0;
    %vpi_call 2 18 "$display", "%b", v01260DB0_0;
    %vpi_call 2 19 "$finish";
    %end;
    .thread T_1;
# The file index is used to find the file name in the following table.
:file_names 4;
    "N/A";
    "<interactive>";
    "D:\buffer gate\buffer gate\verilog-judge\backend\problems\detect_msb_one\tb.v";
    "D:\buffer gate\buffer gate\verilog-judge\backend\submissions\10ee0f12-8\submission.v";
