#! /c/iverilog/bin/vvp
:ivl_version "0.9.7 " "(v0_9_7)";
:vpi_time_precision - 12;
:vpi_module "system";
:vpi_module "v2005_math";
:vpi_module "va_math";
S_011A2910 .scope module, "tb" "tb" 2 2;
 .timescale -9 -12;
v0116E378_0 .var "clk", 0 0;
v0116E3D0_0 .var "d", 7 0;
v0116E428_0 .var "load", 0 0;
v0116E480_0 .net "q", 7 0, v0116E2C8_0; 1 drivers
v0116E4D8_0 .var "rst", 0 0;
S_01161F60 .scope module, "dut" "loadable_register" 2 9, 3 1, S_011A2910;
 .timescale 0 0;
v01161FE8_0 .net "clk", 0 0, v0116E378_0; 1 drivers
v01162040_0 .net "d", 7 0, v0116E3D0_0; 1 drivers
v0116E270_0 .net "load", 0 0, v0116E428_0; 1 drivers
v0116E2C8_0 .var "q", 7 0;
v0116E320_0 .net "rst", 0 0, v0116E4D8_0; 1 drivers
E_011694D0 .event "_s0";
    .scope S_01161F60;
T_0 ;
    %wait E_011694D0;
    %jmp T_0;
    .thread T_0;
    .scope S_011A2910;
T_1 ;
    %set/v v0116E378_0, 0, 1;
T_1.0 ;
    %delay 5000, 0;
    %load/v 8, v0116E378_0, 1;
    %inv 8, 1;
    %set/v v0116E378_0, 8, 1;
    %jmp T_1.0;
    %end;
    .thread T_1;
    .scope S_011A2910;
T_2 ;
    %vpi_call 2 13 "$dumpfile", "simulation.vcd";
    %vpi_call 2 14 "$dumpvars", 1'sb0, S_011A2910;
    %set/v v0116E378_0, 0, 1;
    %set/v v0116E4D8_0, 1, 1;
    %set/v v0116E428_0, 0, 1;
    %set/v v0116E3D0_0, 0, 8;
    %delay 5000, 0;
    %vpi_call 2 15 "$display", "%b", v0116E480_0;
    %set/v v0116E378_0, 0, 1;
    %set/v v0116E4D8_0, 0, 1;
    %set/v v0116E428_0, 1, 1;
    %movi 8, 1, 8;
    %set/v v0116E3D0_0, 8, 8;
    %delay 5000, 0;
    %vpi_call 2 16 "$display", "%b", v0116E480_0;
    %set/v v0116E378_0, 0, 1;
    %set/v v0116E4D8_0, 0, 1;
    %set/v v0116E428_0, 1, 1;
    %set/v v0116E3D0_0, 1, 8;
    %delay 5000, 0;
    %vpi_call 2 17 "$display", "%b", v0116E480_0;
    %set/v v0116E378_0, 0, 1;
    %set/v v0116E4D8_0, 0, 1;
    %set/v v0116E428_0, 0, 1;
    %movi 8, 170, 8;
    %set/v v0116E3D0_0, 8, 8;
    %delay 5000, 0;
    %vpi_call 2 18 "$display", "%b", v0116E480_0;
    %vpi_call 2 19 "$finish";
    %end;
    .thread T_2;
# The file index is used to find the file name in the following table.
:file_names 4;
    "N/A";
    "<interactive>";
    "D:\buffer gate\buffer gate\verilog-judge\backend\problems\loadable_register\tb.v";
    "D:\buffer gate\buffer gate\verilog-judge\backend\submissions\91085b3b-b\submission.v";
