#! /c/iverilog/bin/vvp
:ivl_version "0.9.7 " "(v0_9_7)";
:vpi_time_precision - 12;
:vpi_module "system";
:vpi_module "v2005_math";
:vpi_module "va_math";
S_01239DE0 .scope module, "tb" "tb" 2 2;
 .timescale -9 -12;
v0123E998_0 .var "a", 7 0;
v0123E9F0_0 .var "b", 7 0;
v0129CF10_0 .net "cout", 0 0, L_0129D330; 1 drivers
v0129CF68_0 .net "sum", 7 0, L_0129CFC0; 1 drivers
S_0123A990 .scope module, "dut" "adder_8bit" 2 7, 3 1, S_01239DE0;
 .timescale 0 0;
v01272990_0 .net *"_s10", 0 0, C4<0>; 1 drivers
v012729E8_0 .net *"_s11", 8 0, L_0129CC50; 1 drivers
v01272A40_0 .net *"_s3", 8 0, L_0129D018; 1 drivers
v01231F68_0 .net *"_s6", 0 0, C4<0>; 1 drivers
v01231FC0_0 .net *"_s7", 8 0, L_0129CCA8; 1 drivers
v01232018_0 .net "a", 7 0, v0123E998_0; 1 drivers
v01232070_0 .net "b", 7 0, v0123E9F0_0; 1 drivers
v0123E8E8_0 .alias "cout", 0 0, v0129CF10_0;
v0123E940_0 .alias "sum", 7 0, v0129CF68_0;
L_0129D330 .part L_0129CC50, 8, 1;
L_0129CFC0 .part L_0129CC50, 0, 8;
L_0129D018 .concat [ 8 1 0 0], v0123E998_0, C4<0>;
L_0129CCA8 .concat [ 8 1 0 0], v0123E9F0_0, C4<0>;
L_0129CC50 .arith/sum 9, L_0129D018, L_0129CCA8;
    .scope S_01239DE0;
T_0 ;
    %vpi_call 2 10 "$dumpfile", "simulation.vcd";
    %vpi_call 2 11 "$dumpvars", 1'sb0, S_01239DE0;
    %set/v v0123E998_0, 0, 8;
    %set/v v0123E9F0_0, 0, 8;
    %delay 5000, 0;
    %vpi_call 2 12 "$display", "%b %b %b %b", v0123E998_0, v0123E9F0_0, v0129CF68_0, v0129CF10_0;
    %movi 8, 1, 8;
    %set/v v0123E998_0, 8, 8;
    %movi 8, 1, 8;
    %set/v v0123E9F0_0, 8, 8;
    %delay 5000, 0;
    %vpi_call 2 13 "$display", "%b %b %b %b", v0123E998_0, v0123E9F0_0, v0129CF68_0, v0129CF10_0;
    %set/v v0123E998_0, 1, 8;
    %movi 8, 1, 8;
    %set/v v0123E9F0_0, 8, 8;
    %delay 5000, 0;
    %vpi_call 2 14 "$display", "%b %b %b %b", v0123E998_0, v0123E9F0_0, v0129CF68_0, v0129CF10_0;
    %movi 8, 127, 8;
    %set/v v0123E998_0, 8, 8;
    %movi 8, 85, 8;
    %set/v v0123E9F0_0, 8, 8;
    %delay 5000, 0;
    %vpi_call 2 15 "$display", "%b %b %b %b", v0123E998_0, v0123E9F0_0, v0129CF68_0, v0129CF10_0;
    %set/v v0123E998_0, 1, 8;
    %set/v v0123E9F0_0, 1, 8;
    %delay 5000, 0;
    %vpi_call 2 16 "$display", "%b %b %b %b", v0123E998_0, v0123E9F0_0, v0129CF68_0, v0129CF10_0;
    %vpi_call 2 17 "$finish";
    %end;
    .thread T_0;
# The file index is used to find the file name in the following table.
:file_names 4;
    "N/A";
    "<interactive>";
    "D:\buffer gate\buffer gate\verilog-judge\backend\problems\adder_8bit\tb.v";
    "D:\buffer gate\buffer gate\verilog-judge\backend\submissions\08569536-6\submission.v";
