#! /c/iverilog/bin/vvp
:ivl_version "0.9.7 " "(v0_9_7)";
:vpi_time_precision - 12;
:vpi_module "system";
:vpi_module "v2005_math";
:vpi_module "va_math";
S_011B2368 .scope module, "tb" "tb" 2 2;
 .timescale -9 -12;
v012C1FB0_0 .var "a", 7 0;
v012C2008_0 .net "is_zero", 0 0, L_012C2060; 1 drivers
S_011B23F0 .scope module, "dut" "zero_detector" 2 6, 3 1, S_011B2368;
 .timescale 0 0;
v012C1F58_0 .net *"_s0", 7 0, C4<00000000>; 1 drivers
v012CEF38_0 .net "a", 7 0, v012C1FB0_0; 1 drivers
v012CEF90_0 .alias "is_zero", 0 0, v012C2008_0;
L_012C2060 .cmp/eq 8, v012C1FB0_0, C4<00000000>;
    .scope S_011B2368;
T_0 ;
    %vpi_call 2 9 "$dumpfile", "simulation.vcd";
    %vpi_call 2 10 "$dumpvars", 1'sb0, S_011B2368;
    %set/v v012C1FB0_0, 0, 8;
    %delay 5000, 0;
    %vpi_call 2 11 "$display", "%b", v012C2008_0;
    %movi 8, 1, 8;
    %set/v v012C1FB0_0, 8, 8;
    %delay 5000, 0;
    %vpi_call 2 12 "$display", "%b", v012C2008_0;
    %set/v v012C1FB0_0, 1, 8;
    %delay 5000, 0;
    %vpi_call 2 13 "$display", "%b", v012C2008_0;
    %movi 8, 170, 8;
    %set/v v012C1FB0_0, 8, 8;
    %delay 5000, 0;
    %vpi_call 2 14 "$display", "%b", v012C2008_0;
    %vpi_call 2 15 "$finish";
    %end;
    .thread T_0;
# The file index is used to find the file name in the following table.
:file_names 4;
    "N/A";
    "<interactive>";
    "D:\buffer gate\buffer gate\verilog-judge\backend\problems\zero_detector\tb.v";
    "D:\buffer gate\buffer gate\verilog-judge\backend\submissions\f12d85f0-3\submission.v";
