#! /c/iverilog/bin/vvp
:ivl_version "0.9.7 " "(v0_9_7)";
:vpi_time_precision - 12;
:vpi_module "system";
:vpi_module "v2005_math";
:vpi_module "va_math";
S_012C4A50 .scope module, "tb" "tb" 2 2;
 .timescale -9 -12;
v012CEDF8_0 .var "a", 7 0;
v012CEE50_0 .var "b", 7 0;
v012CEEA8_0 .var "sel", 0 0;
v012CEF00_0 .net "y", 7 0, v012CEDA0_0; 1 drivers
S_012C33F8 .scope module, "dut" "compare_select" 2 8, 3 1, S_012C4A50;
 .timescale 0 0;
v012C3480_0 .net "a", 7 0, v012CEDF8_0; 1 drivers
v012C34D8_0 .net "b", 7 0, v012CEE50_0; 1 drivers
v012CEC98_0 .var "max", 7 0;
v012CECF0_0 .var "min", 7 0;
v012CED48_0 .net "sel", 0 0, v012CEEA8_0; 1 drivers
v012CEDA0_0 .var "y", 7 0;
E_012CE2A8/0 .event edge, v012C3480_0, v012C34D8_0, v012CED48_0, v012CEC98_0;
E_012CE2A8/1 .event edge, v012CECF0_0;
E_012CE2A8 .event/or E_012CE2A8/0, E_012CE2A8/1;
    .scope S_012C33F8;
T_0 ;
    %wait E_012CE2A8;
    %load/v 8, v012C34D8_0, 8;
    %load/v 16, v012C3480_0, 8;
    %cmp/u 8, 16, 8;
    %jmp/0xz  T_0.0, 5;
    %load/v 8, v012C3480_0, 8;
    %ix/load 0, 8, 0;
    %assign/v0 v012CEC98_0, 0, 8;
    %load/v 8, v012C34D8_0, 8;
    %ix/load 0, 8, 0;
    %assign/v0 v012CECF0_0, 0, 8;
    %jmp T_0.1;
T_0.0 ;
    %load/v 8, v012C34D8_0, 8;
    %set/v v012CEC98_0, 8, 8;
    %load/v 8, v012C3480_0, 8;
    %set/v v012CECF0_0, 8, 8;
T_0.1 ;
    %load/v 8, v012CED48_0, 1;
    %jmp/0xz  T_0.2, 8;
    %load/v 8, v012CEC98_0, 8;
    %ix/load 0, 8, 0;
    %assign/v0 v012CEDA0_0, 0, 8;
    %jmp T_0.3;
T_0.2 ;
    %load/v 8, v012CECF0_0, 8;
    %ix/load 0, 8, 0;
    %assign/v0 v012CEDA0_0, 0, 8;
T_0.3 ;
    %jmp T_0;
    .thread T_0, $push;
    .scope S_012C4A50;
T_1 ;
    %vpi_call 2 11 "$dumpfile", "simulation.vcd";
    %vpi_call 2 12 "$dumpvars", 1'sb0, S_012C4A50;
    %set/v v012CEDF8_0, 0, 8;
    %set/v v012CEE50_0, 0, 8;
    %set/v v012CEEA8_0, 0, 1;
    %delay 1000, 0;
    %vpi_call 2 13 "$display", "%b", v012CEF00_0;
    %movi 8, 1, 8;
    %set/v v012CEDF8_0, 8, 8;
    %movi 8, 1, 8;
    %set/v v012CEE50_0, 8, 8;
    %set/v v012CEEA8_0, 1, 1;
    %delay 1000, 0;
    %vpi_call 2 14 "$display", "%b", v012CEF00_0;
    %set/v v012CEDF8_0, 1, 8;
    %set/v v012CEE50_0, 1, 8;
    %set/v v012CEEA8_0, 0, 1;
    %delay 1000, 0;
    %vpi_call 2 15 "$display", "%b", v012CEF00_0;
    %movi 8, 170, 8;
    %set/v v012CEDF8_0, 8, 8;
    %movi 8, 170, 8;
    %set/v v012CEE50_0, 8, 8;
    %set/v v012CEEA8_0, 1, 1;
    %delay 1000, 0;
    %vpi_call 2 16 "$display", "%b", v012CEF00_0;
    %movi 8, 2, 8;
    %set/v v012CEDF8_0, 8, 8;
    %movi 8, 2, 8;
    %set/v v012CEE50_0, 8, 8;
    %set/v v012CEEA8_0, 0, 1;
    %delay 1000, 0;
    %vpi_call 2 17 "$display", "%b", v012CEF00_0;
    %movi 8, 3, 8;
    %set/v v012CEDF8_0, 8, 8;
    %movi 8, 3, 8;
    %set/v v012CEE50_0, 8, 8;
    %set/v v012CEEA8_0, 1, 1;
    %delay 1000, 0;
    %vpi_call 2 18 "$display", "%b", v012CEF00_0;
    %movi 8, 127, 8;
    %set/v v012CEDF8_0, 8, 8;
    %movi 8, 127, 8;
    %set/v v012CEE50_0, 8, 8;
    %set/v v012CEEA8_0, 0, 1;
    %delay 1000, 0;
    %vpi_call 2 19 "$display", "%b", v012CEF00_0;
    %movi 8, 170, 8;
    %set/v v012CEDF8_0, 8, 8;
    %movi 8, 170, 8;
    %set/v v012CEE50_0, 8, 8;
    %set/v v012CEEA8_0, 1, 1;
    %delay 1000, 0;
    %vpi_call 2 20 "$display", "%b", v012CEF00_0;
    %vpi_call 2 21 "$finish";
    %end;
    .thread T_1;
# The file index is used to find the file name in the following table.
:file_names 4;
    "N/A";
    "<interactive>";
    "D:\buffer gate\buffer gate\verilog-judge\backend\problems\compare_select\tb.v";
    "D:\buffer gate\buffer gate\verilog-judge\backend\submissions\1ba7057d-4\submission.v";
