#! /c/iverilog/bin/vvp
:ivl_version "0.9.7 " "(v0_9_7)";
:vpi_time_precision - 12;
:vpi_module "system";
:vpi_module "v2005_math";
:vpi_module "va_math";
S_012F8438 .scope module, "tb" "tb" 2 2;
 .timescale -9 -12;
v012F52D0_0 .var "a", 31 0;
v012F1F60_0 .net "y", 0 0, L_012F1FB8; 1 drivers
S_012F8768 .scope module, "dut" "bit_select_32bit_2" 2 6, 3 1, S_012F8438;
 .timescale 0 0;
v012F4300_0 .net "a", 31 0, v012F52D0_0; 1 drivers
v012FEF40_0 .alias "y", 0 0, v012F1F60_0;
L_012F1FB8 .part v012F52D0_0, 2, 1;
    .scope S_012F8438;
T_0 ;
    %vpi_call 2 9 "$dumpfile", "simulation.vcd";
    %vpi_call 2 10 "$dumpvars", 1'sb0, S_012F8438;
    %set/v v012F52D0_0, 0, 32;
    %delay 5000, 0;
    %vpi_call 2 11 "$display", "%b %b", v012F52D0_0, v012F1F60_0;
    %movi 8, 4, 32;
    %set/v v012F52D0_0, 8, 32;
    %delay 5000, 0;
    %vpi_call 2 12 "$display", "%b %b", v012F52D0_0, v012F1F60_0;
    %set/v v012F52D0_0, 1, 32;
    %delay 5000, 0;
    %vpi_call 2 13 "$display", "%b %b", v012F52D0_0, v012F1F60_0;
    %movi 8, 2863311530, 32;
    %set/v v012F52D0_0, 8, 32;
    %delay 5000, 0;
    %vpi_call 2 14 "$display", "%b %b", v012F52D0_0, v012F1F60_0;
    %vpi_call 2 15 "$finish";
    %end;
    .thread T_0;
# The file index is used to find the file name in the following table.
:file_names 4;
    "N/A";
    "<interactive>";
    "D:\buffer gate\buffer gate\verilog-judge\backend\problems\bit_select_32bit_2\tb.v";
    "D:\buffer gate\buffer gate\verilog-judge\backend\submissions\e02fa364-e\submission.v";
