#! /c/iverilog/bin/vvp
:ivl_version "0.9.7 " "(v0_9_7)";
:vpi_time_precision - 12;
:vpi_module "system";
:vpi_module "v2005_math";
:vpi_module "va_math";
S_01172398 .scope module, "tb" "tb" 2 2;
 .timescale -9 -12;
v01131FB8_0 .var "a", 6 0;
v01132010_0 .net "y", 15 0, C4<0000000000000000>; 1 drivers
S_01172420 .scope module, "dut" "sign_extension_datapath" 2 6, 3 1, S_01172398;
 .timescale 0 0;
v01131F60_0 .net "a", 6 0, v01131FB8_0; 1 drivers
v0113EF40_0 .alias "y", 15 0, v01132010_0;
    .scope S_01172398;
T_0 ;
    %vpi_call 2 9 "$dumpfile", "simulation.vcd";
    %vpi_call 2 10 "$dumpvars", 1'sb0, S_01172398;
    %set/v v01131FB8_0, 0, 7;
    %delay 5000, 0;
    %vpi_call 2 11 "$display", "%b", v01132010_0;
    %movi 8, 1, 7;
    %set/v v01131FB8_0, 8, 7;
    %delay 5000, 0;
    %vpi_call 2 12 "$display", "%b", v01132010_0;
    %set/v v01131FB8_0, 1, 7;
    %delay 5000, 0;
    %vpi_call 2 13 "$display", "%b", v01132010_0;
    %movi 8, 42, 7;
    %set/v v01131FB8_0, 8, 7;
    %delay 5000, 0;
    %vpi_call 2 14 "$display", "%b", v01132010_0;
    %vpi_call 2 15 "$finish";
    %end;
    .thread T_0;
# The file index is used to find the file name in the following table.
:file_names 4;
    "N/A";
    "<interactive>";
    "D:\buffer gate\buffer gate\verilog-judge\backend\problems\sign_extension_datapath\tb.v";
    "D:\buffer gate\buffer gate\verilog-judge\backend\submissions\c0bb442a-4\submission.v";
