#! /c/iverilog/bin/vvp
:ivl_version "0.9.7 " "(v0_9_7)";
:vpi_time_precision - 12;
:vpi_module "system";
:vpi_module "v2005_math";
:vpi_module "va_math";
S_01318548 .scope module, "tb" "tb" 2 2;
 .timescale -9 -12;
v01311FB0_0 .var "a", 7 0;
v01312008_0 .var "b", 7 0;
v01312060_0 .var "c", 7 0;
v0131ED58_0 .var "d", 7 0;
v0131EDB0_0 .var "sel", 1 0;
v0131EE08_0 .net "y", 7 0, C4<00000000>; 1 drivers
S_01318080 .scope module, "dut" "data_router" 2 10, 3 1, S_01318548;
 .timescale 0 0;
v0131CF10_0 .net "a", 7 0, v01311FB0_0; 1 drivers
v0131CCC0_0 .net "b", 7 0, v01312008_0; 1 drivers
v01152A30_0 .net "c", 7 0, v01312060_0; 1 drivers
v01152A88_0 .net "d", 7 0, v0131ED58_0; 1 drivers
v01152AE0_0 .net "sel", 1 0, v0131EDB0_0; 1 drivers
v01311F58_0 .alias "y", 7 0, v0131EE08_0;
    .scope S_01318548;
T_0 ;
    %vpi_call 2 13 "$dumpfile", "simulation.vcd";
    %vpi_call 2 14 "$dumpvars", 1'sb0, S_01318548;
    %set/v v01311FB0_0, 0, 8;
    %set/v v01312008_0, 0, 8;
    %set/v v01312060_0, 0, 8;
    %set/v v0131ED58_0, 0, 8;
    %set/v v0131EDB0_0, 0, 2;
    %delay 5000, 0;
    %vpi_call 2 15 "$display", "%b", v0131EE08_0;
    %movi 8, 1, 8;
    %set/v v01311FB0_0, 8, 8;
    %movi 8, 1, 8;
    %set/v v01312008_0, 8, 8;
    %movi 8, 1, 8;
    %set/v v01312060_0, 8, 8;
    %movi 8, 1, 8;
    %set/v v0131ED58_0, 8, 8;
    %movi 8, 1, 2;
    %set/v v0131EDB0_0, 8, 2;
    %delay 5000, 0;
    %vpi_call 2 16 "$display", "%b", v0131EE08_0;
    %set/v v01311FB0_0, 1, 8;
    %set/v v01312008_0, 1, 8;
    %set/v v01312060_0, 1, 8;
    %set/v v0131ED58_0, 1, 8;
    %set/v v0131EDB0_0, 0, 2;
    %delay 5000, 0;
    %vpi_call 2 17 "$display", "%b", v0131EE08_0;
    %movi 8, 170, 8;
    %set/v v01311FB0_0, 8, 8;
    %movi 8, 170, 8;
    %set/v v01312008_0, 8, 8;
    %movi 8, 170, 8;
    %set/v v01312060_0, 8, 8;
    %movi 8, 170, 8;
    %set/v v0131ED58_0, 8, 8;
    %movi 8, 1, 2;
    %set/v v0131EDB0_0, 8, 2;
    %delay 5000, 0;
    %vpi_call 2 18 "$display", "%b", v0131EE08_0;
    %vpi_call 2 19 "$finish";
    %end;
    .thread T_0;
# The file index is used to find the file name in the following table.
:file_names 4;
    "N/A";
    "<interactive>";
    "D:\buffer gate\buffer gate\verilog-judge\backend\problems\data_router\tb.v";
    "D:\buffer gate\buffer gate\verilog-judge\backend\submissions\48ddee49-4\submission.v";
