#! /c/iverilog/bin/vvp
:ivl_version "0.9.7 " "(v0_9_7)";
:vpi_time_precision - 12;
:vpi_module "system";
:vpi_module "v2005_math";
:vpi_module "va_math";
S_011E5930 .scope module, "tb" "tb" 2 2;
 .timescale -9 -12;
v01222938_0 .var "a", 1 0;
v011E1F68_0 .var "b", 1 0;
v011E1FC0_0 .net "y", 1 0, L_01222990; 1 drivers
S_011E8D28 .scope module, "dut" "and_2bit" 2 6, 3 1, S_011E5930;
 .timescale 0 0;
L_01222990 .functor AND 2, v01222938_0, v011E1F68_0, C4<11>, C4<11>;
v011E8DB0_0 .net "a", 1 0, v01222938_0; 1 drivers
v01222888_0 .net "b", 1 0, v011E1F68_0; 1 drivers
v012228E0_0 .alias "y", 1 0, v011E1FC0_0;
    .scope S_011E5930;
T_0 ;
    %vpi_call 2 9 "$dumpfile", "simulation.vcd";
    %vpi_call 2 10 "$dumpvars", 1'sb0, S_011E5930;
    %set/v v01222938_0, 0, 2;
    %set/v v011E1F68_0, 0, 2;
    %delay 5000, 0;
    %vpi_call 2 11 "$display", "%b %b %b", v01222938_0, v011E1F68_0, v011E1FC0_0;
    %set/v v01222938_0, 0, 2;
    %set/v v011E1F68_0, 1, 2;
    %delay 5000, 0;
    %vpi_call 2 12 "$display", "%b %b %b", v01222938_0, v011E1F68_0, v011E1FC0_0;
    %set/v v01222938_0, 1, 2;
    %set/v v011E1F68_0, 0, 2;
    %delay 5000, 0;
    %vpi_call 2 13 "$display", "%b %b %b", v01222938_0, v011E1F68_0, v011E1FC0_0;
    %set/v v01222938_0, 1, 2;
    %set/v v011E1F68_0, 1, 2;
    %delay 5000, 0;
    %vpi_call 2 14 "$display", "%b %b %b", v01222938_0, v011E1F68_0, v011E1FC0_0;
    %movi 8, 2, 2;
    %set/v v01222938_0, 8, 2;
    %set/v v011E1F68_0, 1, 2;
    %delay 5000, 0;
    %vpi_call 2 15 "$display", "%b %b %b", v01222938_0, v011E1F68_0, v011E1FC0_0;
    %movi 8, 1, 2;
    %set/v v01222938_0, 8, 2;
    %movi 8, 2, 2;
    %set/v v011E1F68_0, 8, 2;
    %delay 5000, 0;
    %vpi_call 2 16 "$display", "%b %b %b", v01222938_0, v011E1F68_0, v011E1FC0_0;
    %vpi_call 2 17 "$finish";
    %end;
    .thread T_0;
# The file index is used to find the file name in the following table.
:file_names 4;
    "N/A";
    "<interactive>";
    "D:\buffer gate\buffer gate\verilog-judge\backend\problems\and_2bit\tb.v";
    "D:\buffer gate\buffer gate\verilog-judge\backend\submissions\eda4c38c-9\submission.v";
