#! /c/iverilog/bin/vvp
:ivl_version "0.9.7 " "(v0_9_7)";
:vpi_time_precision - 12;
:vpi_module "system";
:vpi_module "v2005_math";
:vpi_module "va_math";
S_01205658 .scope module, "tb" "tb" 2 2;
 .timescale -9 -12;
v01242420_0 .var "a", 1 0;
v01242478_0 .net "y", 0 0, L_012424D0; 1 drivers
S_01201F60 .scope module, "dut" "all_ones_detector_2bit" 2 6, 3 1, S_01205658;
 .timescale 0 0;
v01201FE8_0 .net *"_s0", 1 0, C4<11>; 1 drivers
v01202040_0 .net "a", 1 0, v01242420_0; 1 drivers
v012423C8_0 .alias "y", 0 0, v01242478_0;
L_012424D0 .cmp/eq 2, v01242420_0, C4<11>;
    .scope S_01205658;
T_0 ;
    %vpi_call 2 9 "$dumpfile", "simulation.vcd";
    %vpi_call 2 10 "$dumpvars", 1'sb0, S_01205658;
    %set/v v01242420_0, 0, 2;
    %delay 5000, 0;
    %vpi_call 2 11 "$display", "%b %b", v01242420_0, v01242478_0;
    %movi 8, 1, 2;
    %set/v v01242420_0, 8, 2;
    %delay 5000, 0;
    %vpi_call 2 12 "$display", "%b %b", v01242420_0, v01242478_0;
    %set/v v01242420_0, 1, 2;
    %delay 5000, 0;
    %vpi_call 2 13 "$display", "%b %b", v01242420_0, v01242478_0;
    %movi 8, 2, 2;
    %set/v v01242420_0, 8, 2;
    %delay 5000, 0;
    %vpi_call 2 14 "$display", "%b %b", v01242420_0, v01242478_0;
    %movi 8, 2, 2;
    %set/v v01242420_0, 8, 2;
    %delay 5000, 0;
    %vpi_call 2 15 "$display", "%b %b", v01242420_0, v01242478_0;
    %vpi_call 2 16 "$finish";
    %end;
    .thread T_0;
# The file index is used to find the file name in the following table.
:file_names 4;
    "N/A";
    "<interactive>";
    "D:\buffer gate\buffer gate\verilog-judge\backend\problems\all_ones_detector_2bit\tb.v";
    "D:\buffer gate\buffer gate\verilog-judge\backend\submissions\9b280cee-e\submission.v";
