#! /c/iverilog/bin/vvp
:ivl_version "0.9.7 " "(v0_9_7)";
:vpi_time_precision - 12;
:vpi_module "system";
:vpi_module "v2005_math";
:vpi_module "va_math";
S_0126E940 .scope module, "tb" "tb" 2 2;
 .timescale -9 -12;
v011431F8_0 .var "addr", 3 0;
v01140430_0 .var "clk", 0 0;
v01140488_0 .var "data_in", 7 0;
v011404E0_0 .net "data_out", 7 0, v0126BA98_0; 1 drivers
v01140538_0 .net "pending", 0 0, v01261F60_0; 1 drivers
v01140590_0 .var "rd_addr", 3 0;
v011405E8_0 .var "rd_en", 0 0;
v011408D0_0 .var "rst", 0 0;
v01140770_0 .var "wr_en", 0 0;
S_0126E610 .scope module, "dut" "write_back_buffer" 2 13, 3 1, S_0126E940;
 .timescale 0 0;
v0126A880_0 .net "addr", 3 0, v011431F8_0; 1 drivers
v0126B9E8_0 .net "clk", 0 0, v01140430_0; 1 drivers
v0126BA40_0 .net "data_in", 7 0, v01140488_0; 1 drivers
v0126BA98_0 .var "data_out", 7 0;
v01261F60_0 .var "pending", 0 0;
v01261FB8_0 .net "rd_addr", 3 0, v01140590_0; 1 drivers
v01262010_0 .net "rd_en", 0 0, v011405E8_0; 1 drivers
v01143148_0 .net "rst", 0 0, v011408D0_0; 1 drivers
v011431A0_0 .net "wr_en", 0 0, v01140770_0; 1 drivers
E_01269180 .event "_s0";
    .scope S_0126E610;
T_0 ;
    %wait E_01269180;
    %jmp T_0;
    .thread T_0;
    .scope S_0126E940;
T_1 ;
    %set/v v01140430_0, 0, 1;
T_1.0 ;
    %delay 5000, 0;
    %load/v 8, v01140430_0, 1;
    %inv 8, 1;
    %set/v v01140430_0, 8, 1;
    %jmp T_1.0;
    %end;
    .thread T_1;
    .scope S_0126E940;
T_2 ;
    %vpi_call 2 17 "$dumpfile", "simulation.vcd";
    %vpi_call 2 18 "$dumpvars", 1'sb0, S_0126E940;
    %set/v v01140430_0, 0, 1;
    %set/v v011408D0_0, 1, 1;
    %set/v v01140770_0, 0, 1;
    %set/v v011431F8_0, 0, 4;
    %set/v v01140488_0, 0, 8;
    %set/v v011405E8_0, 0, 1;
    %set/v v01140590_0, 0, 4;
    %delay 5000, 0;
    %vpi_call 2 19 "$display", "%b %b", v011404E0_0, v01140538_0;
    %set/v v01140430_0, 0, 1;
    %set/v v011408D0_0, 0, 1;
    %set/v v01140770_0, 1, 1;
    %movi 8, 1, 4;
    %set/v v011431F8_0, 8, 4;
    %movi 8, 1, 8;
    %set/v v01140488_0, 8, 8;
    %set/v v011405E8_0, 1, 1;
    %movi 8, 1, 4;
    %set/v v01140590_0, 8, 4;
    %delay 5000, 0;
    %vpi_call 2 20 "$display", "%b %b", v011404E0_0, v01140538_0;
    %set/v v01140430_0, 0, 1;
    %set/v v011408D0_0, 0, 1;
    %set/v v01140770_0, 0, 1;
    %set/v v011431F8_0, 1, 4;
    %set/v v01140488_0, 1, 8;
    %set/v v011405E8_0, 0, 1;
    %set/v v01140590_0, 1, 4;
    %delay 5000, 0;
    %vpi_call 2 21 "$display", "%b %b", v011404E0_0, v01140538_0;
    %set/v v01140430_0, 0, 1;
    %set/v v011408D0_0, 0, 1;
    %set/v v01140770_0, 1, 1;
    %movi 8, 10, 4;
    %set/v v011431F8_0, 8, 4;
    %movi 8, 170, 8;
    %set/v v01140488_0, 8, 8;
    %set/v v011405E8_0, 1, 1;
    %movi 8, 10, 4;
    %set/v v01140590_0, 8, 4;
    %delay 5000, 0;
    %vpi_call 2 22 "$display", "%b %b", v011404E0_0, v01140538_0;
    %vpi_call 2 23 "$finish";
    %end;
    .thread T_2;
# The file index is used to find the file name in the following table.
:file_names 4;
    "N/A";
    "<interactive>";
    "D:\buffer gate\buffer gate\verilog-judge\backend\problems\write_back_buffer\tb.v";
    "D:\buffer gate\buffer gate\verilog-judge\backend\submissions\afee793c-b\submission.v";
