#! /c/iverilog/bin/vvp
:ivl_version "0.9.7 " "(v0_9_7)";
:vpi_time_precision - 12;
:vpi_module "system";
:vpi_module "v2005_math";
:vpi_module "va_math";
S_011D9CE0 .scope module, "tb" "tb" 2 2;
 .timescale -9 -12;
v011D1FB8_0 .var "clk", 0 0;
v011D2010_0 .net "count", 15 0, v01212FA0_0; 1 drivers
v011DDB28_0 .var "enable", 0 0;
v011DDB80_0 .var "reset", 0 0;
S_01212F18 .scope module, "dut" "counter_up_16bit" 2 5, 3 1, S_011D9CE0;
 .timescale 0 0;
v011D9D68_0 .net "clk", 0 0, v011D1FB8_0; 1 drivers
v01212FA0_0 .var "count", 15 0;
v01212FF8_0 .net "enable", 0 0, v011DDB28_0; 1 drivers
v011D1F60_0 .net "reset", 0 0, v011DDB80_0; 1 drivers
E_011D8138 .event posedge, v011D1F60_0, v011D9D68_0;
    .scope S_01212F18;
T_0 ;
    %wait E_011D8138;
    %load/v 8, v011D1F60_0, 1;
    %jmp/0xz  T_0.0, 8;
    %ix/load 0, 16, 0;
    %assign/v0 v01212FA0_0, 0, 0;
    %jmp T_0.1;
T_0.0 ;
    %load/v 8, v01212FF8_0, 1;
    %jmp/0xz  T_0.2, 8;
    %ix/load 0, 1, 0;
    %load/vp0 8, v01212FA0_0, 16;
    %ix/load 0, 16, 0;
    %assign/v0 v01212FA0_0, 0, 8;
T_0.2 ;
T_0.1 ;
    %jmp T_0;
    .thread T_0;
    .scope S_011D9CE0;
T_1 ;
    %vpi_call 2 8 "$dumpfile", "simulation.vcd";
    %vpi_call 2 9 "$dumpvars", 1'sb0, S_011D9CE0;
    %set/v v011D1FB8_0, 0, 1;
T_1.0 ;
    %delay 5000, 0;
    %load/v 8, v011D1FB8_0, 1;
    %inv 8, 1;
    %set/v v011D1FB8_0, 8, 1;
    %jmp T_1.0;
    %end;
    .thread T_1;
    .scope S_011D9CE0;
T_2 ;
    %set/v v011DDB80_0, 1, 1;
    %set/v v011DDB28_0, 0, 1;
    %delay 7000, 0;
    %vpi_call 2 15 "$display", "%b %b %b", v011DDB80_0, v011DDB28_0, v011D2010_0;
    %set/v v011DDB80_0, 0, 1;
    %set/v v011DDB28_0, 1, 1;
    %delay 10000, 0;
    %vpi_call 2 16 "$display", "%b %b %b", v011DDB80_0, v011DDB28_0, v011D2010_0;
    %delay 10000, 0;
    %vpi_call 2 17 "$display", "%b %b %b", v011DDB80_0, v011DDB28_0, v011D2010_0;
    %set/v v011DDB28_0, 0, 1;
    %delay 10000, 0;
    %vpi_call 2 18 "$display", "%b %b %b", v011DDB80_0, v011DDB28_0, v011D2010_0;
    %set/v v011DDB28_0, 1, 1;
    %delay 10000, 0;
    %vpi_call 2 19 "$display", "%b %b %b", v011DDB80_0, v011DDB28_0, v011D2010_0;
    %set/v v011DDB80_0, 1, 1;
    %delay 3000, 0;
    %vpi_call 2 20 "$display", "%b %b %b", v011DDB80_0, v011DDB28_0, v011D2010_0;
    %vpi_call 2 21 "$finish";
    %end;
    .thread T_2;
# The file index is used to find the file name in the following table.
:file_names 4;
    "N/A";
    "<interactive>";
    "D:\buffer gate\buffer gate\verilog-judge\backend\problems\counter_up_16bit\tb.v";
    "D:\buffer gate\buffer gate\verilog-judge\backend\submissions\c96dc719-6\submission.v";
