#! /c/iverilog/bin/vvp
:ivl_version "0.9.7 " "(v0_9_7)";
:vpi_time_precision - 12;
:vpi_module "system";
:vpi_module "v2005_math";
:vpi_module "va_math";
S_0126A608 .scope module, "tb" "tb" 2 2;
 .timescale -9 -12;
v0126E2B0_0 .var "a", 7 0;
v0126E308_0 .net "y", 15 0, L_0126E490; 1 drivers
S_0126AE88 .scope module, "dut" "sign_extender" 2 6, 3 1, S_0126A608;
 .timescale 0 0;
v01267B30_0 .net *"_s1", 0 0, L_0126E360; 1 drivers
v01264250_0 .net *"_s11", 0 0, L_0126E8B0; 1 drivers
v012642A8_0 .net *"_s13", 0 0, L_0126E908; 1 drivers
v01264300_0 .net *"_s14", 14 0, L_0126E750; 1 drivers
v012633F8_0 .net *"_s19", 0 0, C4<0>; 1 drivers
v01263450_0 .net *"_s3", 0 0, L_0126E6F8; 1 drivers
v012634A8_0 .net *"_s5", 0 0, L_0126E598; 1 drivers
v0126E150_0 .net *"_s7", 0 0, L_0126E438; 1 drivers
v0126E1A8_0 .net *"_s9", 0 0, L_0126E3E0; 1 drivers
v0126E200_0 .net "a", 7 0, v0126E2B0_0; 1 drivers
v0126E258_0 .alias "y", 15 0, v0126E308_0;
L_0126E360 .part v0126E2B0_0, 7, 1;
L_0126E6F8 .part v0126E2B0_0, 7, 1;
L_0126E598 .part v0126E2B0_0, 7, 1;
L_0126E438 .part v0126E2B0_0, 7, 1;
L_0126E3E0 .part v0126E2B0_0, 7, 1;
L_0126E8B0 .part v0126E2B0_0, 7, 1;
L_0126E908 .part v0126E2B0_0, 7, 1;
LS_0126E750_0_0 .concat [ 8 1 1 1], v0126E2B0_0, L_0126E908, L_0126E8B0, L_0126E3E0;
LS_0126E750_0_4 .concat [ 1 1 1 1], L_0126E438, L_0126E598, L_0126E6F8, L_0126E360;
L_0126E750 .concat [ 11 4 0 0], LS_0126E750_0_0, LS_0126E750_0_4;
L_0126E490 .concat [ 15 1 0 0], L_0126E750, C4<0>;
    .scope S_0126A608;
T_0 ;
    %vpi_call 2 9 "$dumpfile", "simulation.vcd";
    %vpi_call 2 10 "$dumpvars", 1'sb0, S_0126A608;
    %set/v v0126E2B0_0, 0, 8;
    %delay 1000, 0;
    %vpi_call 2 11 "$display", "%b", v0126E308_0;
    %movi 8, 1, 8;
    %set/v v0126E2B0_0, 8, 8;
    %delay 1000, 0;
    %vpi_call 2 12 "$display", "%b", v0126E308_0;
    %set/v v0126E2B0_0, 1, 8;
    %delay 1000, 0;
    %vpi_call 2 13 "$display", "%b", v0126E308_0;
    %movi 8, 170, 8;
    %set/v v0126E2B0_0, 8, 8;
    %delay 1000, 0;
    %vpi_call 2 14 "$display", "%b", v0126E308_0;
    %movi 8, 2, 8;
    %set/v v0126E2B0_0, 8, 8;
    %delay 1000, 0;
    %vpi_call 2 15 "$display", "%b", v0126E308_0;
    %movi 8, 3, 8;
    %set/v v0126E2B0_0, 8, 8;
    %delay 1000, 0;
    %vpi_call 2 16 "$display", "%b", v0126E308_0;
    %movi 8, 127, 8;
    %set/v v0126E2B0_0, 8, 8;
    %delay 1000, 0;
    %vpi_call 2 17 "$display", "%b", v0126E308_0;
    %movi 8, 170, 8;
    %set/v v0126E2B0_0, 8, 8;
    %delay 1000, 0;
    %vpi_call 2 18 "$display", "%b", v0126E308_0;
    %vpi_call 2 19 "$finish";
    %end;
    .thread T_0;
# The file index is used to find the file name in the following table.
:file_names 4;
    "N/A";
    "<interactive>";
    "D:\buffer gate\buffer gate\verilog-judge\backend\problems\sign_extender_8to16\tb.v";
    "D:\buffer gate\buffer gate\verilog-judge\backend\submissions\28c173cc-e\submission.v";
