#! /c/iverilog/bin/vvp
:ivl_version "0.9.7 " "(v0_9_7)";
:vpi_time_precision - 12;
:vpi_module "system";
:vpi_module "v2005_math";
:vpi_module "va_math";
S_01335A60 .scope module, "tb" "tb" 2 2;
 .timescale -9 -12;
v01331F68_0 .var "a", 7 0;
v01331FC0_0 .var "b", 7 0;
v01332018_0 .net "y", 7 0, L_0133E4B8; 1 drivers
S_01338A30 .scope module, "dut" "xnor_8bit" 2 6, 3 1, S_01335A60;
 .timescale 0 0;
L_011729C8 .functor XOR 8, v01331F68_0, v01331FC0_0, C4<00000000>, C4<00000000>;
L_0133E4B8 .functor NOT 8, L_011729C8, C4<00000000>, C4<00000000>, C4<00000000>;
v01338AB8_0 .net *"_s0", 7 0, L_011729C8; 1 drivers
v011728C0_0 .net "a", 7 0, v01331F68_0; 1 drivers
v01172918_0 .net "b", 7 0, v01331FC0_0; 1 drivers
v01172970_0 .alias "y", 7 0, v01332018_0;
    .scope S_01335A60;
T_0 ;
    %vpi_call 2 9 "$dumpfile", "simulation.vcd";
    %vpi_call 2 10 "$dumpvars", 1'sb0, S_01335A60;
    %set/v v01331F68_0, 0, 8;
    %set/v v01331FC0_0, 0, 8;
    %delay 5000, 0;
    %vpi_call 2 11 "$display", "%b %b %b", v01331F68_0, v01331FC0_0, v01332018_0;
    %set/v v01331F68_0, 0, 8;
    %set/v v01331FC0_0, 1, 8;
    %delay 5000, 0;
    %vpi_call 2 12 "$display", "%b %b %b", v01331F68_0, v01331FC0_0, v01332018_0;
    %set/v v01331F68_0, 1, 8;
    %set/v v01331FC0_0, 0, 8;
    %delay 5000, 0;
    %vpi_call 2 13 "$display", "%b %b %b", v01331F68_0, v01331FC0_0, v01332018_0;
    %set/v v01331F68_0, 1, 8;
    %set/v v01331FC0_0, 1, 8;
    %delay 5000, 0;
    %vpi_call 2 14 "$display", "%b %b %b", v01331F68_0, v01331FC0_0, v01332018_0;
    %movi 8, 128, 8;
    %set/v v01331F68_0, 8, 8;
    %set/v v01331FC0_0, 1, 8;
    %delay 5000, 0;
    %vpi_call 2 15 "$display", "%b %b %b", v01331F68_0, v01331FC0_0, v01332018_0;
    %movi 8, 85, 8;
    %set/v v01331F68_0, 8, 8;
    %movi 8, 170, 8;
    %set/v v01331FC0_0, 8, 8;
    %delay 5000, 0;
    %vpi_call 2 16 "$display", "%b %b %b", v01331F68_0, v01331FC0_0, v01332018_0;
    %vpi_call 2 17 "$finish";
    %end;
    .thread T_0;
# The file index is used to find the file name in the following table.
:file_names 4;
    "N/A";
    "<interactive>";
    "D:\buffer gate\buffer gate\verilog-judge\backend\problems\xnor_8bit\tb.v";
    "D:\buffer gate\buffer gate\verilog-judge\backend\submissions\f95d476d-d\submission.v";
