#! /c/iverilog/bin/vvp
:ivl_version "0.9.7 " "(v0_9_7)";
:vpi_time_precision - 12;
:vpi_module "system";
:vpi_module "v2005_math";
:vpi_module "va_math";
S_00AF4FD0 .scope module, "tb" "tb" 2 2;
 .timescale -9 -12;
v00AF2040_0 .var "a", 3 0;
v01262400_0 .net "y", 3 0, L_01262458; 1 drivers
S_00AF1F60 .scope module, "dut" "bit_toggle_4bit_0" 2 6, 3 1, S_00AF4FD0;
 .timescale 0 0;
L_01262458 .functor XOR 4, v00AF2040_0, C4<0001>, C4<0000>, C4<0000>;
v00AF43B0_0 .net *"_s0", 3 0, C4<0001>; 1 drivers
v00AFEF40_0 .net "a", 3 0, v00AF2040_0; 1 drivers
v00AF1FE8_0 .alias "y", 3 0, v01262400_0;
    .scope S_00AF4FD0;
T_0 ;
    %vpi_call 2 9 "$dumpfile", "simulation.vcd";
    %vpi_call 2 10 "$dumpvars", 1'sb0, S_00AF4FD0;
    %set/v v00AF2040_0, 0, 4;
    %delay 5000, 0;
    %vpi_call 2 11 "$display", "%b %b", v00AF2040_0, v01262400_0;
    %movi 8, 1, 4;
    %set/v v00AF2040_0, 8, 4;
    %delay 5000, 0;
    %vpi_call 2 12 "$display", "%b %b", v00AF2040_0, v01262400_0;
    %set/v v00AF2040_0, 1, 4;
    %delay 5000, 0;
    %vpi_call 2 13 "$display", "%b %b", v00AF2040_0, v01262400_0;
    %movi 8, 10, 4;
    %set/v v00AF2040_0, 8, 4;
    %delay 5000, 0;
    %vpi_call 2 14 "$display", "%b %b", v00AF2040_0, v01262400_0;
    %vpi_call 2 15 "$finish";
    %end;
    .thread T_0;
# The file index is used to find the file name in the following table.
:file_names 4;
    "N/A";
    "<interactive>";
    "D:\buffer gate\buffer gate\verilog-judge\backend\problems\bit_toggle_4bit_0\tb.v";
    "D:\buffer gate\buffer gate\verilog-judge\backend\submissions\294d23b3-4\submission.v";
