#! /c/iverilog/bin/vvp
:ivl_version "0.9.7 " "(v0_9_7)";
:vpi_time_precision - 12;
:vpi_module "system";
:vpi_module "v2005_math";
:vpi_module "va_math";
S_01232390 .scope module, "tb" "tb" 2 2;
 .timescale -9 -12;
v00AEEF40_0 .var "a", 2 0;
v00AE1F58_0 .net "y", 2 0, L_012324A0; 1 drivers
S_01232418 .scope module, "dut" "not_3bit" 2 6, 3 1, S_01232390;
 .timescale 0 0;
L_012324A0 .functor NOT 3, v00AEEF40_0, C4<000>, C4<000>, C4<000>;
v00AE54A8_0 .net "a", 2 0, v00AEEF40_0; 1 drivers
v00AE5A78_0 .alias "y", 2 0, v00AE1F58_0;
    .scope S_01232390;
T_0 ;
    %vpi_call 2 9 "$dumpfile", "simulation.vcd";
    %vpi_call 2 10 "$dumpvars", 1'sb0, S_01232390;
    %set/v v00AEEF40_0, 0, 3;
    %delay 5000, 0;
    %vpi_call 2 11 "$display", "%b %b", v00AEEF40_0, v00AE1F58_0;
    %set/v v00AEEF40_0, 1, 3;
    %delay 5000, 0;
    %vpi_call 2 12 "$display", "%b %b", v00AEEF40_0, v00AE1F58_0;
    %movi 8, 1, 3;
    %set/v v00AEEF40_0, 8, 3;
    %delay 5000, 0;
    %vpi_call 2 13 "$display", "%b %b", v00AEEF40_0, v00AE1F58_0;
    %movi 8, 4, 3;
    %set/v v00AEEF40_0, 8, 3;
    %delay 5000, 0;
    %vpi_call 2 14 "$display", "%b %b", v00AEEF40_0, v00AE1F58_0;
    %movi 8, 5, 3;
    %set/v v00AEEF40_0, 8, 3;
    %delay 5000, 0;
    %vpi_call 2 15 "$display", "%b %b", v00AEEF40_0, v00AE1F58_0;
    %vpi_call 2 16 "$finish";
    %end;
    .thread T_0;
# The file index is used to find the file name in the following table.
:file_names 4;
    "N/A";
    "<interactive>";
    "D:\buffer gate\buffer gate\verilog-judge\backend\problems\not_3bit\tb.v";
    "D:\buffer gate\buffer gate\verilog-judge\backend\submissions\6c8d9df9-1\submission.v";
