#! /c/iverilog/bin/vvp
:ivl_version "0.9.7 " "(v0_9_7)";
:vpi_time_precision - 12;
:vpi_module "system";
:vpi_module "v2005_math";
:vpi_module "va_math";
S_01172950 .scope module, "tb" "tb" 2 2;
 .timescale -9 -12;
v00878498_0 .var "a", 15 0;
v008784F0_0 .var "b", 15 0;
v00878548_0 .var "sel", 0 0;
v008785A0_0 .net "y", 15 0, L_01190C00; 1 drivers
S_011729D8 .scope module, "dut" "mux2_16bit" 2 7, 3 1, S_01172950;
 .timescale 0 0;
v00877E70_0 .net "a", 15 0, v00878498_0; 1 drivers
v00871F78_0 .net "b", 15 0, v008784F0_0; 1 drivers
v00871FD0_0 .net "sel", 0 0, v00878548_0; 1 drivers
v00872028_0 .alias "y", 15 0, v008785A0_0;
L_01190C00 .functor MUXZ 16, v00878498_0, v008784F0_0, v00878548_0, C4<>;
    .scope S_01172950;
T_0 ;
    %vpi_call 2 10 "$dumpfile", "simulation.vcd";
    %vpi_call 2 11 "$dumpvars", 1'sb0, S_01172950;
    %set/v v00878498_0, 0, 16;
    %set/v v008784F0_0, 1, 16;
    %set/v v00878548_0, 0, 1;
    %delay 5000, 0;
    %vpi_call 2 12 "$display", "%b %b %b %b", v00878498_0, v008784F0_0, v00878548_0, v008785A0_0;
    %set/v v00878498_0, 0, 16;
    %set/v v008784F0_0, 1, 16;
    %set/v v00878548_0, 1, 1;
    %delay 5000, 0;
    %vpi_call 2 13 "$display", "%b %b %b %b", v00878498_0, v008784F0_0, v00878548_0, v008785A0_0;
    %movi 8, 1, 16;
    %set/v v00878498_0, 8, 16;
    %movi 8, 2, 16;
    %set/v v008784F0_0, 8, 16;
    %set/v v00878548_0, 0, 1;
    %delay 5000, 0;
    %vpi_call 2 14 "$display", "%b %b %b %b", v00878498_0, v008784F0_0, v00878548_0, v008785A0_0;
    %movi 8, 1, 16;
    %set/v v00878498_0, 8, 16;
    %movi 8, 2, 16;
    %set/v v008784F0_0, 8, 16;
    %set/v v00878548_0, 1, 1;
    %delay 5000, 0;
    %vpi_call 2 15 "$display", "%b %b %b %b", v00878498_0, v008784F0_0, v00878548_0, v008785A0_0;
    %vpi_call 2 16 "$finish";
    %end;
    .thread T_0;
# The file index is used to find the file name in the following table.
:file_names 4;
    "N/A";
    "<interactive>";
    "D:\buffer gate\buffer gate\verilog-judge\backend\problems\mux2_16bit\tb.v";
    "D:\buffer gate\buffer gate\verilog-judge\backend\submissions\8211332e-a\submission.v";
