#! /c/iverilog/bin/vvp
:ivl_version "0.9.7 " "(v0_9_7)";
:vpi_time_precision - 12;
:vpi_module "system";
:vpi_module "v2005_math";
:vpi_module "va_math";
S_01295780 .scope module, "tb" "tb" 2 2;
 .timescale -9 -12;
v01162978_0 .var "a", 7 0;
v01291F68_0 .var "shamt", 2 0;
v01291FC0_0 .net "y", 7 0, L_01292018; 1 drivers
S_01162898 .scope module, "dut" "shift_left_8bit" 2 7, 3 1, S_01295780;
 .timescale 0 0;
v01295350_0 .net "a", 7 0, v01162978_0; 1 drivers
v01295808_0 .net "shamt", 2 0, v01291F68_0; 1 drivers
v01162920_0 .alias "y", 7 0, v01291FC0_0;
L_01292018 .shift/l 8, v01162978_0, v01291F68_0;
    .scope S_01295780;
T_0 ;
    %vpi_call 2 10 "$dumpfile", "simulation.vcd";
    %vpi_call 2 11 "$dumpvars", 1'sb0, S_01295780;
    %movi 8, 1, 8;
    %set/v v01162978_0, 8, 8;
    %set/v v01291F68_0, 0, 3;
    %delay 5000, 0;
    %vpi_call 2 12 "$display", "%b %b %b", v01162978_0, v01291F68_0, v01291FC0_0;
    %movi 8, 1, 8;
    %set/v v01162978_0, 8, 8;
    %movi 8, 1, 3;
    %set/v v01291F68_0, 8, 3;
    %delay 5000, 0;
    %vpi_call 2 13 "$display", "%b %b %b", v01162978_0, v01291F68_0, v01291FC0_0;
    %set/v v01162978_0, 1, 8;
    %movi 8, 1, 3;
    %set/v v01291F68_0, 8, 3;
    %delay 5000, 0;
    %vpi_call 2 14 "$display", "%b %b %b", v01162978_0, v01291F68_0, v01291FC0_0;
    %movi 8, 85, 8;
    %set/v v01162978_0, 8, 8;
    %movi 8, 2, 3;
    %set/v v01291F68_0, 8, 3;
    %delay 5000, 0;
    %vpi_call 2 15 "$display", "%b %b %b", v01162978_0, v01291F68_0, v01291FC0_0;
    %movi 8, 128, 8;
    %set/v v01162978_0, 8, 8;
    %movi 8, 3, 3;
    %set/v v01291F68_0, 8, 3;
    %delay 5000, 0;
    %vpi_call 2 16 "$display", "%b %b %b", v01162978_0, v01291F68_0, v01291FC0_0;
    %vpi_call 2 17 "$finish";
    %end;
    .thread T_0;
# The file index is used to find the file name in the following table.
:file_names 4;
    "N/A";
    "<interactive>";
    "D:\buffer gate\buffer gate\verilog-judge\backend\problems\shift_left_8bit\tb.v";
    "D:\buffer gate\buffer gate\verilog-judge\backend\submissions\9fab83f9-d\submission.v";
