#! /c/iverilog/bin/vvp
:ivl_version "0.9.7 " "(v0_9_7)";
:vpi_time_precision - 12;
:vpi_module "system";
:vpi_module "v2005_math";
:vpi_module "va_math";
S_00A42600 .scope module, "tb" "tb" 2 2;
 .timescale -9 -12;
v01325850_0 .var "clk", 0 0;
v0132D920_0 .net "clk_out", 0 0, v01322040_0; 1 drivers
v0132D978_0 .var "n", 3 0;
v0132D9D0_0 .var "rst", 0 0;
S_01321F60 .scope module, "dut" "find_bug_clock_divider" 2 8, 3 1, S_00A42600;
 .timescale 0 0;
v01321FE8_0 .net "clk", 0 0, v01325850_0; 1 drivers
v01322040_0 .var "clk_out", 0 0;
v013257A0_0 .net "n", 3 0, v0132D978_0; 1 drivers
v013257F8_0 .net "rst", 0 0, v0132D9D0_0; 1 drivers
E_01327890 .event "_s0";
    .scope S_01321F60;
T_0 ;
    %wait E_01327890;
    %jmp T_0;
    .thread T_0;
    .scope S_00A42600;
T_1 ;
    %set/v v01325850_0, 0, 1;
T_1.0 ;
    %delay 5000, 0;
    %load/v 8, v01325850_0, 1;
    %inv 8, 1;
    %set/v v01325850_0, 8, 1;
    %jmp T_1.0;
    %end;
    .thread T_1;
    .scope S_00A42600;
T_2 ;
    %vpi_call 2 12 "$dumpfile", "simulation.vcd";
    %vpi_call 2 13 "$dumpvars", 1'sb0, S_00A42600;
    %set/v v01325850_0, 0, 1;
    %set/v v0132D9D0_0, 1, 1;
    %set/v v0132D978_0, 0, 4;
    %delay 5000, 0;
    %vpi_call 2 14 "$display", "%b", v0132D920_0;
    %set/v v01325850_0, 0, 1;
    %set/v v0132D9D0_0, 0, 1;
    %movi 8, 1, 4;
    %set/v v0132D978_0, 8, 4;
    %delay 5000, 0;
    %vpi_call 2 15 "$display", "%b", v0132D920_0;
    %set/v v01325850_0, 0, 1;
    %set/v v0132D9D0_0, 0, 1;
    %set/v v0132D978_0, 1, 4;
    %delay 5000, 0;
    %vpi_call 2 16 "$display", "%b", v0132D920_0;
    %set/v v01325850_0, 0, 1;
    %set/v v0132D9D0_0, 0, 1;
    %movi 8, 10, 4;
    %set/v v0132D978_0, 8, 4;
    %delay 5000, 0;
    %vpi_call 2 17 "$display", "%b", v0132D920_0;
    %vpi_call 2 18 "$finish";
    %end;
    .thread T_2;
# The file index is used to find the file name in the following table.
:file_names 4;
    "N/A";
    "<interactive>";
    "D:\buffer gate\buffer gate\verilog-judge\backend\problems\find_bug_clock_divider\tb.v";
    "D:\buffer gate\buffer gate\verilog-judge\backend\submissions\ae48ca30-7\submission.v";
