#! /c/iverilog/bin/vvp
:ivl_version "0.9.7 " "(v0_9_7)";
:vpi_time_precision - 12;
:vpi_module "system";
:vpi_module "v2005_math";
:vpi_module "va_math";
S_01232AC8 .scope module, "tb" "tb" 2 2;
 .timescale -9 -12;
v011FDB00_0 .var "a", 0 0;
v011FDB58_0 .var "b", 0 0;
v011FDBB0_0 .var "c", 0 0;
v011FDFF8_0 .net "y", 0 0, L_011FE598; 1 drivers
S_011F9110 .scope module, "dut" "majority_gate" 2 8, 3 1, S_01232AC8;
 .timescale 0 0;
L_011F8520 .functor AND 1, v011FDB00_0, v011FDB58_0, C4<1>, C4<1>;
L_011FE448 .functor AND 1, v011FDB00_0, v011FDBB0_0, C4<1>, C4<1>;
L_011FE4B8 .functor OR 1, L_011F8520, L_011FE448, C4<0>, C4<0>;
L_011FE560 .functor AND 1, v011FDB58_0, v011FDBB0_0, C4<1>, C4<1>;
L_011FE598 .functor OR 1, L_011FE4B8, L_011FE560, C4<0>, C4<0>;
v01232B50_0 .net *"_s0", 0 0, L_011F8520; 1 drivers
v01232BA8_0 .net *"_s2", 0 0, L_011FE448; 1 drivers
v011F1F78_0 .net *"_s4", 0 0, L_011FE4B8; 1 drivers
v011F1FD0_0 .net *"_s6", 0 0, L_011FE560; 1 drivers
v011F2028_0 .net "a", 0 0, v011FDB00_0; 1 drivers
v011FD9F8_0 .net "b", 0 0, v011FDB58_0; 1 drivers
v011FDA50_0 .net "c", 0 0, v011FDBB0_0; 1 drivers
v011FDAA8_0 .alias "y", 0 0, v011FDFF8_0;
    .scope S_01232AC8;
T_0 ;
    %vpi_call 2 11 "$dumpfile", "simulation.vcd";
    %vpi_call 2 12 "$dumpvars", 1'sb0, S_01232AC8;
    %set/v v011FDB00_0, 0, 1;
    %set/v v011FDB58_0, 0, 1;
    %set/v v011FDBB0_0, 0, 1;
    %delay 5000, 0;
    %vpi_call 2 13 "$display", "%b", v011FDFF8_0;
    %set/v v011FDB00_0, 1, 1;
    %set/v v011FDB58_0, 1, 1;
    %set/v v011FDBB0_0, 1, 1;
    %delay 5000, 0;
    %vpi_call 2 14 "$display", "%b", v011FDFF8_0;
    %set/v v011FDB00_0, 1, 1;
    %set/v v011FDB58_0, 1, 1;
    %set/v v011FDBB0_0, 1, 1;
    %delay 5000, 0;
    %vpi_call 2 15 "$display", "%b", v011FDFF8_0;
    %set/v v011FDB00_0, 0, 1;
    %set/v v011FDB58_0, 0, 1;
    %set/v v011FDBB0_0, 0, 1;
    %delay 5000, 0;
    %vpi_call 2 16 "$display", "%b", v011FDFF8_0;
    %vpi_call 2 17 "$finish";
    %end;
    .thread T_0;
# The file index is used to find the file name in the following table.
:file_names 4;
    "N/A";
    "<interactive>";
    "D:\buffer gate\buffer gate\verilog-judge\backend\problems\majority_gate\tb.v";
    "D:\buffer gate\buffer gate\verilog-judge\backend\submissions\13607027-6\submission.v";
