#! /c/iverilog/bin/vvp
:ivl_version "0.9.7 " "(v0_9_7)";
:vpi_time_precision - 12;
:vpi_module "system";
:vpi_module "v2005_math";
:vpi_module "va_math";
S_011C8428 .scope module, "tb" "tb" 2 2;
 .timescale -9 -12;
v011C2008_0 .var "a", 1 0;
v011C2060_0 .var "b", 1 0;
v011C8A40_0 .net "eq", 0 0, L_011CD568; 1 drivers
v011C8A98_0 .net "gt", 0 0, L_011C8B48; 1 drivers
v011C8AF0_0 .net "lt", 0 0, L_011CD5F8; 1 drivers
S_011C8310 .scope module, "dut" "comparator_2bit" 2 6, 3 1, S_011C8428;
 .timescale 0 0;
v01202EF8_0 .net "a", 1 0, v011C2008_0; 1 drivers
v01202F50_0 .net "b", 1 0, v011C2060_0; 1 drivers
v01202FA8_0 .alias "eq", 0 0, v011C8A40_0;
v011C1F58_0 .alias "gt", 0 0, v011C8A98_0;
v011C1FB0_0 .alias "lt", 0 0, v011C8AF0_0;
L_011C8B48 .cmp/gt 2, v011C2008_0, v011C2060_0;
L_011CD568 .cmp/eq 2, v011C2008_0, v011C2060_0;
L_011CD5F8 .cmp/gt 2, v011C2060_0, v011C2008_0;
    .scope S_011C8428;
T_0 ;
    %vpi_call 2 9 "$dumpfile", "simulation.vcd";
    %vpi_call 2 10 "$dumpvars", 1'sb0, S_011C8428;
    %set/v v011C2008_0, 0, 2;
    %set/v v011C2060_0, 0, 2;
    %delay 5000, 0;
    %vpi_call 2 11 "$display", "%b %b %b %b %b", v011C2008_0, v011C2060_0, v011C8A98_0, v011C8A40_0, v011C8AF0_0;
    %movi 8, 1, 2;
    %set/v v011C2008_0, 8, 2;
    %movi 8, 1, 2;
    %set/v v011C2060_0, 8, 2;
    %delay 5000, 0;
    %vpi_call 2 12 "$display", "%b %b %b %b %b", v011C2008_0, v011C2060_0, v011C8A98_0, v011C8A40_0, v011C8AF0_0;
    %set/v v011C2008_0, 1, 2;
    %movi 8, 1, 2;
    %set/v v011C2060_0, 8, 2;
    %delay 5000, 0;
    %vpi_call 2 13 "$display", "%b %b %b %b %b", v011C2008_0, v011C2060_0, v011C8A98_0, v011C8A40_0, v011C8AF0_0;
    %movi 8, 1, 2;
    %set/v v011C2008_0, 8, 2;
    %movi 8, 1, 2;
    %set/v v011C2060_0, 8, 2;
    %delay 5000, 0;
    %vpi_call 2 14 "$display", "%b %b %b %b %b", v011C2008_0, v011C2060_0, v011C8A98_0, v011C8A40_0, v011C8AF0_0;
    %set/v v011C2008_0, 1, 2;
    %set/v v011C2060_0, 1, 2;
    %delay 5000, 0;
    %vpi_call 2 15 "$display", "%b %b %b %b %b", v011C2008_0, v011C2060_0, v011C8A98_0, v011C8A40_0, v011C8AF0_0;
    %vpi_call 2 16 "$finish";
    %end;
    .thread T_0;
# The file index is used to find the file name in the following table.
:file_names 4;
    "N/A";
    "<interactive>";
    "D:\buffer gate\buffer gate\verilog-judge\backend\problems\comparator_2bit\tb.v";
    "D:\buffer gate\buffer gate\verilog-judge\backend\submissions\444521e7-3\submission.v";
