#! /c/Source/iverilog-install/bin/vvp
:ivl_version "12.0 (devel)" "(s20150603-1110-g18392a46)";
:ivl_delay_selection "TYPICAL";
:vpi_time_precision - 12;
:vpi_module "D:\iverilog\lib\ivl\system.vpi";
:vpi_module "D:\iverilog\lib\ivl\vhdl_sys.vpi";
:vpi_module "D:\iverilog\lib\ivl\vhdl_textio.vpi";
:vpi_module "D:\iverilog\lib\ivl\v2005_math.vpi";
:vpi_module "D:\iverilog\lib\ivl\va_math.vpi";
S_0000021f0d78a870 .scope module, "tb" "tb" 2 2;
 .timescale -9 -12;
v0000021f0d81f840_0 .var "a", 3 0;
v0000021f0d81f8e0_0 .var "b", 3 0;
v0000021f0d81f980_0 .net "product", 7 0, L_0000021f0d788b30;  1 drivers
S_0000021f0d7d5f90 .scope module, "dut" "unsigned_multiplier_4x4" 2 7, 3 1 0, S_0000021f0d78a870;
 .timescale 0 0;
    .port_info 0 /INPUT 4 "a";
    .port_info 1 /INPUT 4 "b";
    .port_info 2 /OUTPUT 8 "product";
L_0000021f0d788b30 .functor BUFZ 8, L_0000021f0d868200, C4<00000000>, C4<00000000>, C4<00000000>;
v0000021f0d7a3520_0 .net *"_ivl_0", 7 0, L_0000021f0d81fa20;  1 drivers
L_0000021f0d81fac8 .functor BUFT 1, C4<0000>, C4<0>, C4<0>, C4<0>;
v0000021f0d7a30e0_0 .net *"_ivl_3", 3 0, L_0000021f0d81fac8;  1 drivers
v0000021f0d789f40_0 .net *"_ivl_4", 7 0, L_0000021f0d867d00;  1 drivers
L_0000021f0d81fb10 .functor BUFT 1, C4<0000>, C4<0>, C4<0>, C4<0>;
v0000021f0d7d6120_0 .net *"_ivl_7", 3 0, L_0000021f0d81fb10;  1 drivers
v0000021f0d7d61c0_0 .net "a", 3 0, v0000021f0d81f840_0;  1 drivers
v0000021f0d7d6260_0 .net "b", 3 0, v0000021f0d81f8e0_0;  1 drivers
v0000021f0d7d6300_0 .net "product", 7 0, L_0000021f0d788b30;  alias, 1 drivers
v0000021f0d7d63a0_0 .net "temp", 7 0, L_0000021f0d868200;  1 drivers
L_0000021f0d81fa20 .concat [ 4 4 0 0], v0000021f0d81f840_0, L_0000021f0d81fac8;
L_0000021f0d867d00 .concat [ 4 4 0 0], v0000021f0d81f8e0_0, L_0000021f0d81fb10;
L_0000021f0d868200 .arith/mult 8, L_0000021f0d81fa20, L_0000021f0d867d00;
    .scope S_0000021f0d78a870;
T_0 ;
    %vpi_call 2 10 "$dumpfile", "simulation.vcd" {0 0 0};
    %vpi_call 2 11 "$dumpvars", 32'sb00000000000000000000000000000000, S_0000021f0d78a870 {0 0 0};
    %pushi/vec4 0, 0, 4;
    %store/vec4 v0000021f0d81f840_0, 0, 4;
    %pushi/vec4 0, 0, 4;
    %store/vec4 v0000021f0d81f8e0_0, 0, 4;
    %delay 1000, 0;
    %vpi_call 2 12 "$display", "%b", v0000021f0d81f980_0 {0 0 0};
    %pushi/vec4 1, 0, 4;
    %store/vec4 v0000021f0d81f840_0, 0, 4;
    %pushi/vec4 1, 0, 4;
    %store/vec4 v0000021f0d81f8e0_0, 0, 4;
    %delay 1000, 0;
    %vpi_call 2 13 "$display", "%b", v0000021f0d81f980_0 {0 0 0};
    %pushi/vec4 15, 0, 4;
    %store/vec4 v0000021f0d81f840_0, 0, 4;
    %pushi/vec4 15, 0, 4;
    %store/vec4 v0000021f0d81f8e0_0, 0, 4;
    %delay 1000, 0;
    %vpi_call 2 14 "$display", "%b", v0000021f0d81f980_0 {0 0 0};
    %pushi/vec4 10, 0, 4;
    %store/vec4 v0000021f0d81f840_0, 0, 4;
    %pushi/vec4 10, 0, 4;
    %store/vec4 v0000021f0d81f8e0_0, 0, 4;
    %delay 1000, 0;
    %vpi_call 2 15 "$display", "%b", v0000021f0d81f980_0 {0 0 0};
    %pushi/vec4 2, 0, 4;
    %store/vec4 v0000021f0d81f840_0, 0, 4;
    %pushi/vec4 2, 0, 4;
    %store/vec4 v0000021f0d81f8e0_0, 0, 4;
    %delay 1000, 0;
    %vpi_call 2 16 "$display", "%b", v0000021f0d81f980_0 {0 0 0};
    %pushi/vec4 3, 0, 4;
    %store/vec4 v0000021f0d81f840_0, 0, 4;
    %pushi/vec4 3, 0, 4;
    %store/vec4 v0000021f0d81f8e0_0, 0, 4;
    %delay 1000, 0;
    %vpi_call 2 17 "$display", "%b", v0000021f0d81f980_0 {0 0 0};
    %pushi/vec4 7, 0, 4;
    %store/vec4 v0000021f0d81f840_0, 0, 4;
    %pushi/vec4 7, 0, 4;
    %store/vec4 v0000021f0d81f8e0_0, 0, 4;
    %delay 1000, 0;
    %vpi_call 2 18 "$display", "%b", v0000021f0d81f980_0 {0 0 0};
    %pushi/vec4 10, 0, 4;
    %store/vec4 v0000021f0d81f840_0, 0, 4;
    %pushi/vec4 10, 0, 4;
    %store/vec4 v0000021f0d81f8e0_0, 0, 4;
    %delay 1000, 0;
    %vpi_call 2 19 "$display", "%b", v0000021f0d81f980_0 {0 0 0};
    %vpi_call 2 20 "$finish" {0 0 0};
    %end;
    .thread T_0;
# The file index is used to find the file name in the following table.
:file_names 4;
    "N/A";
    "<interactive>";
    "D:\buffer gate\buffer gate\verilog-judge\backend\problems\unsigned_multiplier_4x4\tb.v";
    "D:\buffer gate\buffer gate\verilog-judge\backend\submissions\9f5066c9-d\submission.v";
