#! /c/iverilog/bin/vvp
:ivl_version "0.9.7 " "(v0_9_7)";
:vpi_time_precision - 12;
:vpi_module "system";
:vpi_module "v2005_math";
:vpi_module "va_math";
S_01259038 .scope module, "tb" "tb" 2 2;
 .timescale -9 -12;
v01251F68_0 .var "a", 15 0;
v01251FC0_0 .var "b", 15 0;
v01252018_0 .net "y", 15 0, L_0125E960; 1 drivers
S_01259718 .scope module, "dut" "nor_16bit" 2 6, 3 1, S_01259038;
 .timescale 0 0;
L_012590C0 .functor OR 16, v01251F68_0, v01251FC0_0, C4<0000000000000000>, C4<0000000000000000>;
L_0125E960 .functor NOT 16, L_012590C0, C4<0000000000000000>, C4<0000000000000000>, C4<0000000000000000>;
v012597A0_0 .net *"_s0", 15 0, L_012590C0; 1 drivers
v011328B0_0 .net "a", 15 0, v01251F68_0; 1 drivers
v01132908_0 .net "b", 15 0, v01251FC0_0; 1 drivers
v01132960_0 .alias "y", 15 0, v01252018_0;
    .scope S_01259038;
T_0 ;
    %vpi_call 2 9 "$dumpfile", "simulation.vcd";
    %vpi_call 2 10 "$dumpvars", 1'sb0, S_01259038;
    %set/v v01251F68_0, 0, 16;
    %set/v v01251FC0_0, 0, 16;
    %delay 5000, 0;
    %vpi_call 2 11 "$display", "%b %b %b", v01251F68_0, v01251FC0_0, v01252018_0;
    %set/v v01251F68_0, 0, 16;
    %set/v v01251FC0_0, 1, 16;
    %delay 5000, 0;
    %vpi_call 2 12 "$display", "%b %b %b", v01251F68_0, v01251FC0_0, v01252018_0;
    %set/v v01251F68_0, 1, 16;
    %set/v v01251FC0_0, 0, 16;
    %delay 5000, 0;
    %vpi_call 2 13 "$display", "%b %b %b", v01251F68_0, v01251FC0_0, v01252018_0;
    %set/v v01251F68_0, 1, 16;
    %set/v v01251FC0_0, 1, 16;
    %delay 5000, 0;
    %vpi_call 2 14 "$display", "%b %b %b", v01251F68_0, v01251FC0_0, v01252018_0;
    %movi 8, 32768, 16;
    %set/v v01251F68_0, 8, 16;
    %set/v v01251FC0_0, 1, 16;
    %delay 5000, 0;
    %vpi_call 2 15 "$display", "%b %b %b", v01251F68_0, v01251FC0_0, v01252018_0;
    %movi 8, 21845, 16;
    %set/v v01251F68_0, 8, 16;
    %movi 8, 43690, 16;
    %set/v v01251FC0_0, 8, 16;
    %delay 5000, 0;
    %vpi_call 2 16 "$display", "%b %b %b", v01251F68_0, v01251FC0_0, v01252018_0;
    %vpi_call 2 17 "$finish";
    %end;
    .thread T_0;
# The file index is used to find the file name in the following table.
:file_names 4;
    "N/A";
    "<interactive>";
    "D:\buffer gate\buffer gate\verilog-judge\backend\problems\nor_16bit\tb.v";
    "D:\buffer gate\buffer gate\verilog-judge\backend\submissions\7314c33e-2\submission.v";
