#! /c/iverilog/bin/vvp
:ivl_version "0.9.7 " "(v0_9_7)";
:vpi_time_precision - 12;
:vpi_module "system";
:vpi_module "v2005_math";
:vpi_module "va_math";
S_011331B8 .scope module, "tb" "tb" 2 2;
 .timescale -9 -12;
v01212068_0 .var "clk", 0 0;
v0121E0A0_0 .var "d", 3 0;
v0121E0F8_0 .var "load", 0 0;
v0121E150_0 .net "q", 3 0, v01211FB8_0; 1 drivers
v0121E1A8_0 .var "reset", 0 0;
S_0121A198 .scope module, "dut" "register_4bit" 2 7, 3 1, S_011331B8;
 .timescale 0 0;
v0121A220_0 .net "clk", 0 0, v01212068_0; 1 drivers
v0121A278_0 .net "d", 3 0, v0121E0A0_0; 1 drivers
v01211F60_0 .net "load", 0 0, v0121E0F8_0; 1 drivers
v01211FB8_0 .var "q", 3 0;
v01212010_0 .net "reset", 0 0, v0121E1A8_0; 1 drivers
E_01215328 .event posedge, v01212010_0, v0121A220_0;
    .scope S_0121A198;
T_0 ;
    %wait E_01215328;
    %load/v 8, v01212010_0, 1;
    %jmp/0xz  T_0.0, 8;
    %ix/load 0, 4, 0;
    %assign/v0 v01211FB8_0, 0, 0;
    %jmp T_0.1;
T_0.0 ;
    %load/v 8, v01211F60_0, 1;
    %jmp/0xz  T_0.2, 8;
    %load/v 8, v0121A278_0, 4;
    %ix/load 0, 4, 0;
    %assign/v0 v01211FB8_0, 0, 8;
T_0.2 ;
T_0.1 ;
    %jmp T_0;
    .thread T_0;
    .scope S_011331B8;
T_1 ;
    %vpi_call 2 10 "$dumpfile", "simulation.vcd";
    %vpi_call 2 11 "$dumpvars", 1'sb0, S_011331B8;
    %set/v v01212068_0, 0, 1;
T_1.0 ;
    %delay 5000, 0;
    %load/v 8, v01212068_0, 1;
    %inv 8, 1;
    %set/v v01212068_0, 8, 1;
    %jmp T_1.0;
    %end;
    .thread T_1;
    .scope S_011331B8;
T_2 ;
    %set/v v0121E1A8_0, 1, 1;
    %set/v v0121E0F8_0, 0, 1;
    %set/v v0121E0A0_0, 0, 4;
    %delay 7000, 0;
    %vpi_call 2 17 "$display", "%b %b %b %b", v0121E1A8_0, v0121E0F8_0, v0121E0A0_0, v0121E150_0;
    %set/v v0121E1A8_0, 0, 1;
    %set/v v0121E0F8_0, 1, 1;
    %movi 8, 10, 4;
    %set/v v0121E0A0_0, 8, 4;
    %delay 10000, 0;
    %vpi_call 2 18 "$display", "%b %b %b %b", v0121E1A8_0, v0121E0F8_0, v0121E0A0_0, v0121E150_0;
    %set/v v0121E0F8_0, 0, 1;
    %set/v v0121E0A0_0, 1, 4;
    %delay 10000, 0;
    %vpi_call 2 19 "$display", "%b %b %b %b", v0121E1A8_0, v0121E0F8_0, v0121E0A0_0, v0121E150_0;
    %set/v v0121E0F8_0, 1, 1;
    %movi 8, 5, 4;
    %set/v v0121E0A0_0, 8, 4;
    %delay 10000, 0;
    %vpi_call 2 20 "$display", "%b %b %b %b", v0121E1A8_0, v0121E0F8_0, v0121E0A0_0, v0121E150_0;
    %set/v v0121E1A8_0, 1, 1;
    %delay 3000, 0;
    %vpi_call 2 21 "$display", "%b %b %b %b", v0121E1A8_0, v0121E0F8_0, v0121E0A0_0, v0121E150_0;
    %vpi_call 2 22 "$finish";
    %end;
    .thread T_2;
# The file index is used to find the file name in the following table.
:file_names 4;
    "N/A";
    "<interactive>";
    "D:\buffer gate\buffer gate\verilog-judge\backend\problems\register_4bit\tb.v";
    "D:\buffer gate\buffer gate\verilog-judge\backend\submissions\8d9048e0-b\submission.v";
