#! /c/iverilog/bin/vvp
:ivl_version "0.9.7 " "(v0_9_7)";
:vpi_time_precision - 12;
:vpi_module "system";
:vpi_module "v2005_math";
:vpi_module "va_math";
S_00938900 .scope module, "tb" "tb" 2 2;
 .timescale -9 -12;
v00932060_0 .var "a", 7 0;
v0093EE58_0 .var "b", 7 0;
v0093EEB0_0 .var "c", 7 0;
v0093EF08_0 .var "d", 7 0;
v0093EF60_0 .var "sel", 1 0;
v0093B740_0 .net "y", 7 0, v00932008_0; 1 drivers
S_00937DD8 .scope module, "dut" "mux4_8bit" 2 7, 3 1, S_00938900;
 .timescale 0 0;
v011634C0_0 .net "a", 7 0, v00932060_0; 1 drivers
v01163518_0 .net "b", 7 0, v0093EE58_0; 1 drivers
v01163570_0 .net "c", 7 0, v0093EEB0_0; 1 drivers
v00931F58_0 .net "d", 7 0, v0093EF08_0; 1 drivers
v00931FB0_0 .net "sel", 1 0, v0093EF60_0; 1 drivers
v00932008_0 .var "y", 7 0;
E_0093E940/0 .event edge, v00931FB0_0, v011634C0_0, v01163518_0, v01163570_0;
E_0093E940/1 .event edge, v00931F58_0;
E_0093E940 .event/or E_0093E940/0, E_0093E940/1;
    .scope S_00937DD8;
T_0 ;
    %wait E_0093E940;
    %load/v 8, v00931FB0_0, 2;
    %cmpi/u 8, 0, 2;
    %jmp/1 T_0.0, 6;
    %cmpi/u 8, 1, 2;
    %jmp/1 T_0.1, 6;
    %cmpi/u 8, 2, 2;
    %jmp/1 T_0.2, 6;
    %load/v 8, v00931F58_0, 8;
    %set/v v00932008_0, 8, 8;
    %jmp T_0.4;
T_0.0 ;
    %load/v 8, v011634C0_0, 8;
    %set/v v00932008_0, 8, 8;
    %jmp T_0.4;
T_0.1 ;
    %load/v 8, v01163518_0, 8;
    %set/v v00932008_0, 8, 8;
    %jmp T_0.4;
T_0.2 ;
    %load/v 8, v01163570_0, 8;
    %set/v v00932008_0, 8, 8;
    %jmp T_0.4;
T_0.4 ;
    %jmp T_0;
    .thread T_0, $push;
    .scope S_00938900;
T_1 ;
    %vpi_call 2 10 "$dumpfile", "simulation.vcd";
    %vpi_call 2 11 "$dumpvars", 1'sb0, S_00938900;
    %set/v v00932060_0, 0, 8;
    %movi 8, 1, 8;
    %set/v v0093EE58_0, 8, 8;
    %set/v v0093EEB0_0, 1, 8;
    %movi 8, 170, 8;
    %set/v v0093EF08_0, 8, 8;
    %set/v v0093EF60_0, 0, 2;
    %delay 5000, 0;
    %vpi_call 2 12 "$display", "%b %b", v0093EF60_0, v0093B740_0;
    %set/v v00932060_0, 0, 8;
    %movi 8, 1, 8;
    %set/v v0093EE58_0, 8, 8;
    %set/v v0093EEB0_0, 1, 8;
    %movi 8, 170, 8;
    %set/v v0093EF08_0, 8, 8;
    %movi 8, 1, 2;
    %set/v v0093EF60_0, 8, 2;
    %delay 5000, 0;
    %vpi_call 2 13 "$display", "%b %b", v0093EF60_0, v0093B740_0;
    %set/v v00932060_0, 0, 8;
    %movi 8, 1, 8;
    %set/v v0093EE58_0, 8, 8;
    %set/v v0093EEB0_0, 1, 8;
    %movi 8, 170, 8;
    %set/v v0093EF08_0, 8, 8;
    %movi 8, 2, 2;
    %set/v v0093EF60_0, 8, 2;
    %delay 5000, 0;
    %vpi_call 2 14 "$display", "%b %b", v0093EF60_0, v0093B740_0;
    %set/v v00932060_0, 0, 8;
    %movi 8, 1, 8;
    %set/v v0093EE58_0, 8, 8;
    %set/v v0093EEB0_0, 1, 8;
    %movi 8, 170, 8;
    %set/v v0093EF08_0, 8, 8;
    %set/v v0093EF60_0, 1, 2;
    %delay 5000, 0;
    %vpi_call 2 15 "$display", "%b %b", v0093EF60_0, v0093B740_0;
    %vpi_call 2 16 "$finish";
    %end;
    .thread T_1;
# The file index is used to find the file name in the following table.
:file_names 4;
    "N/A";
    "<interactive>";
    "D:\buffer gate\buffer gate\verilog-judge\backend\problems\mux4_8bit\tb.v";
    "D:\buffer gate\buffer gate\verilog-judge\backend\submissions\5eda1555-1\submission.v";
