#! /c/iverilog/bin/vvp
:ivl_version "0.9.7 " "(v0_9_7)";
:vpi_time_precision - 12;
:vpi_module "system";
:vpi_module "v2005_math";
:vpi_module "va_math";
S_00A658F8 .scope module, "tb" "tb" 2 2;
 .timescale -9 -12;
v00A61FB8_0 .var "a", 15 0;
v00A62010_0 .var "b", 15 0;
v00A68958_0 .net "borrow", 0 0, L_00A68A60; 1 drivers
v00A689B0_0 .net "diff", 15 0, L_00A68A08; 1 drivers
S_00A68560 .scope module, "dut" "subtractor_16bit" 2 7, 3 1, S_00A658F8;
 .timescale 0 0;
v01212E20_0 .net "a", 15 0, v00A61FB8_0; 1 drivers
v01212E78_0 .net "b", 15 0, v00A62010_0; 1 drivers
v01212ED0_0 .alias "borrow", 0 0, v00A68958_0;
v00A61F60_0 .alias "diff", 15 0, v00A689B0_0;
L_00A68A08 .arith/sub 16, v00A61FB8_0, v00A62010_0;
L_00A68A60 .cmp/gt 16, v00A62010_0, v00A61FB8_0;
    .scope S_00A658F8;
T_0 ;
    %vpi_call 2 10 "$dumpfile", "simulation.vcd";
    %vpi_call 2 11 "$dumpvars", 1'sb0, S_00A658F8;
    %set/v v00A61FB8_0, 0, 16;
    %set/v v00A62010_0, 0, 16;
    %delay 5000, 0;
    %vpi_call 2 12 "$display", "%b %b %b %b", v00A61FB8_0, v00A62010_0, v00A689B0_0, v00A68958_0;
    %movi 8, 1, 16;
    %set/v v00A61FB8_0, 8, 16;
    %movi 8, 1, 16;
    %set/v v00A62010_0, 8, 16;
    %delay 5000, 0;
    %vpi_call 2 13 "$display", "%b %b %b %b", v00A61FB8_0, v00A62010_0, v00A689B0_0, v00A68958_0;
    %set/v v00A61FB8_0, 1, 16;
    %movi 8, 1, 16;
    %set/v v00A62010_0, 8, 16;
    %delay 5000, 0;
    %vpi_call 2 14 "$display", "%b %b %b %b", v00A61FB8_0, v00A62010_0, v00A689B0_0, v00A68958_0;
    %movi 8, 32767, 16;
    %set/v v00A61FB8_0, 8, 16;
    %movi 8, 21845, 16;
    %set/v v00A62010_0, 8, 16;
    %delay 5000, 0;
    %vpi_call 2 15 "$display", "%b %b %b %b", v00A61FB8_0, v00A62010_0, v00A689B0_0, v00A68958_0;
    %set/v v00A61FB8_0, 1, 16;
    %set/v v00A62010_0, 1, 16;
    %delay 5000, 0;
    %vpi_call 2 16 "$display", "%b %b %b %b", v00A61FB8_0, v00A62010_0, v00A689B0_0, v00A68958_0;
    %vpi_call 2 17 "$finish";
    %end;
    .thread T_0;
# The file index is used to find the file name in the following table.
:file_names 4;
    "N/A";
    "<interactive>";
    "D:\buffer gate\buffer gate\verilog-judge\backend\problems\subtractor_16bit\tb.v";
    "D:\buffer gate\buffer gate\verilog-judge\backend\submissions\39f02676-d\submission.v";
