#! /c/iverilog/bin/vvp
:ivl_version "0.9.7 " "(v0_9_7)";
:vpi_time_precision - 12;
:vpi_module "system";
:vpi_module "v2005_math";
:vpi_module "va_math";
S_012B5018 .scope module, "tb" "tb" 2 2;
 .timescale -9 -12;
v012F2410_0 .var "a", 3 0;
v012F2468_0 .net "y", 3 0, L_012F24F0; 1 drivers
S_012B1F60 .scope module, "dut" "bit_toggle_4bit_2" 2 6, 3 1, S_012B5018;
 .timescale 0 0;
L_012F24F0 .functor XOR 4, v012F2410_0, C4<0100>, C4<0000>, C4<0000>;
v012B4E60_0 .net *"_s0", 3 0, C4<0100>; 1 drivers
v012B1FE8_0 .net "a", 3 0, v012F2410_0; 1 drivers
v012B2040_0 .alias "y", 3 0, v012F2468_0;
    .scope S_012B5018;
T_0 ;
    %vpi_call 2 9 "$dumpfile", "simulation.vcd";
    %vpi_call 2 10 "$dumpvars", 1'sb0, S_012B5018;
    %set/v v012F2410_0, 0, 4;
    %delay 5000, 0;
    %vpi_call 2 11 "$display", "%b %b", v012F2410_0, v012F2468_0;
    %movi 8, 4, 4;
    %set/v v012F2410_0, 8, 4;
    %delay 5000, 0;
    %vpi_call 2 12 "$display", "%b %b", v012F2410_0, v012F2468_0;
    %set/v v012F2410_0, 1, 4;
    %delay 5000, 0;
    %vpi_call 2 13 "$display", "%b %b", v012F2410_0, v012F2468_0;
    %movi 8, 10, 4;
    %set/v v012F2410_0, 8, 4;
    %delay 5000, 0;
    %vpi_call 2 14 "$display", "%b %b", v012F2410_0, v012F2468_0;
    %vpi_call 2 15 "$finish";
    %end;
    .thread T_0;
# The file index is used to find the file name in the following table.
:file_names 4;
    "N/A";
    "<interactive>";
    "D:\buffer gate\buffer gate\verilog-judge\backend\problems\bit_toggle_4bit_2\tb.v";
    "D:\buffer gate\buffer gate\verilog-judge\backend\submissions\34cbf5d0-f\submission.v";
