#! /c/iverilog/bin/vvp
:ivl_version "0.9.7 " "(v0_9_7)";
:vpi_time_precision - 12;
:vpi_module "system";
:vpi_module "v2005_math";
:vpi_module "va_math";
S_01203DF0 .scope module, "tb" "tb" 2 2;
 .timescale -9 -12;
v0120EE30_0 .var "a", 7 0;
v0120EE88_0 .var "enable", 0 0;
v0120EEE0_0 .net "y", 7 0, v0120EDD8_0; 1 drivers
S_012033F8 .scope module, "dut" "conditional_incrementer" 2 7, 3 1, S_01203DF0;
 .timescale 0 0;
v01203480_0 .net "a", 7 0, v0120EE30_0; 1 drivers
v012034D8_0 .net "enable", 0 0, v0120EE88_0; 1 drivers
v0120EDD8_0 .var "y", 7 0;
E_0120CEC0 .event edge, v012034D8_0, v01203480_0;
    .scope S_012033F8;
T_0 ;
    %wait E_0120CEC0;
    %load/v 8, v012034D8_0, 1;
    %jmp/0xz  T_0.0, 8;
    %load/v 8, v01203480_0, 8;
    %mov 16, 0, 24;
    %addi 8, 1, 32;
    %set/v v0120EDD8_0, 8, 8;
    %jmp T_0.1;
T_0.0 ;
    %load/v 8, v01203480_0, 8;
    %set/v v0120EDD8_0, 8, 8;
T_0.1 ;
    %jmp T_0;
    .thread T_0, $push;
    .scope S_01203DF0;
T_1 ;
    %vpi_call 2 10 "$dumpfile", "simulation.vcd";
    %vpi_call 2 11 "$dumpvars", 1'sb0, S_01203DF0;
    %set/v v0120EE30_0, 0, 8;
    %set/v v0120EE88_0, 0, 1;
    %delay 1000, 0;
    %vpi_call 2 12 "$display", "%b", v0120EEE0_0;
    %movi 8, 1, 8;
    %set/v v0120EE30_0, 8, 8;
    %set/v v0120EE88_0, 1, 1;
    %delay 1000, 0;
    %vpi_call 2 13 "$display", "%b", v0120EEE0_0;
    %set/v v0120EE30_0, 1, 8;
    %set/v v0120EE88_0, 1, 1;
    %delay 1000, 0;
    %vpi_call 2 14 "$display", "%b", v0120EEE0_0;
    %movi 8, 170, 8;
    %set/v v0120EE30_0, 8, 8;
    %set/v v0120EE88_0, 0, 1;
    %delay 1000, 0;
    %vpi_call 2 15 "$display", "%b", v0120EEE0_0;
    %movi 8, 2, 8;
    %set/v v0120EE30_0, 8, 8;
    %set/v v0120EE88_0, 0, 1;
    %delay 1000, 0;
    %vpi_call 2 16 "$display", "%b", v0120EEE0_0;
    %movi 8, 3, 8;
    %set/v v0120EE30_0, 8, 8;
    %set/v v0120EE88_0, 1, 1;
    %delay 1000, 0;
    %vpi_call 2 17 "$display", "%b", v0120EEE0_0;
    %movi 8, 127, 8;
    %set/v v0120EE30_0, 8, 8;
    %set/v v0120EE88_0, 0, 1;
    %delay 1000, 0;
    %vpi_call 2 18 "$display", "%b", v0120EEE0_0;
    %movi 8, 170, 8;
    %set/v v0120EE30_0, 8, 8;
    %set/v v0120EE88_0, 0, 1;
    %delay 1000, 0;
    %vpi_call 2 19 "$display", "%b", v0120EEE0_0;
    %vpi_call 2 20 "$finish";
    %end;
    .thread T_1;
# The file index is used to find the file name in the following table.
:file_names 4;
    "N/A";
    "<interactive>";
    "D:\buffer gate\buffer gate\verilog-judge\backend\problems\conditional_incrementer\tb.v";
    "D:\buffer gate\buffer gate\verilog-judge\backend\submissions\c356c357-5\submission.v";
