#! /c/iverilog/bin/vvp
:ivl_version "0.9.7 " "(v0_9_7)";
:vpi_time_precision - 12;
:vpi_module "system";
:vpi_module "v2005_math";
:vpi_module "va_math";
S_011742E0 .scope module, "tb" "tb" 2 2;
 .timescale -9 -12;
v0117E1C8_0 .var "a", 7 0;
v0117E220_0 .net "y", 15 0, L_0117EBA0; 1 drivers
S_0117AE58 .scope module, "dut" "sign_extender" 2 6, 3 1, S_011742E0;
 .timescale 0 0;
v01174368_0 .net *"_s1", 0 0, L_0117E278; 1 drivers
v011743C0_0 .net *"_s11", 0 0, L_0117E8E0; 1 drivers
v011733F8_0 .net *"_s13", 0 0, L_0117E5C8; 1 drivers
v01173450_0 .net *"_s15", 0 0, L_0117EA98; 1 drivers
v011734A8_0 .net *"_s3", 0 0, L_0117E2D0; 1 drivers
v0117E010_0 .net *"_s5", 0 0, L_0117E328; 1 drivers
v0117E068_0 .net *"_s7", 0 0, L_0117E3E8; 1 drivers
v0117E0C0_0 .net *"_s9", 0 0, L_0117EB48; 1 drivers
v0117E118_0 .net "a", 7 0, v0117E1C8_0; 1 drivers
v0117E170_0 .alias "y", 15 0, v0117E220_0;
L_0117E278 .part v0117E1C8_0, 7, 1;
L_0117E2D0 .part v0117E1C8_0, 7, 1;
L_0117E328 .part v0117E1C8_0, 7, 1;
L_0117E3E8 .part v0117E1C8_0, 7, 1;
L_0117EB48 .part v0117E1C8_0, 7, 1;
L_0117E8E0 .part v0117E1C8_0, 7, 1;
L_0117E5C8 .part v0117E1C8_0, 7, 1;
L_0117EA98 .part v0117E1C8_0, 7, 1;
LS_0117EBA0_0_0 .concat [ 8 1 1 1], v0117E1C8_0, L_0117EA98, L_0117E5C8, L_0117E8E0;
LS_0117EBA0_0_4 .concat [ 1 1 1 1], L_0117EB48, L_0117E3E8, L_0117E328, L_0117E2D0;
LS_0117EBA0_0_8 .concat [ 1 0 0 0], L_0117E278;
L_0117EBA0 .concat [ 11 4 1 0], LS_0117EBA0_0_0, LS_0117EBA0_0_4, LS_0117EBA0_0_8;
    .scope S_011742E0;
T_0 ;
    %vpi_call 2 9 "$dumpfile", "simulation.vcd";
    %vpi_call 2 10 "$dumpvars", 1'sb0, S_011742E0;
    %set/v v0117E1C8_0, 0, 8;
    %delay 1000, 0;
    %vpi_call 2 11 "$display", "%b", v0117E220_0;
    %movi 8, 1, 8;
    %set/v v0117E1C8_0, 8, 8;
    %delay 1000, 0;
    %vpi_call 2 12 "$display", "%b", v0117E220_0;
    %set/v v0117E1C8_0, 1, 8;
    %delay 1000, 0;
    %vpi_call 2 13 "$display", "%b", v0117E220_0;
    %movi 8, 170, 8;
    %set/v v0117E1C8_0, 8, 8;
    %delay 1000, 0;
    %vpi_call 2 14 "$display", "%b", v0117E220_0;
    %movi 8, 2, 8;
    %set/v v0117E1C8_0, 8, 8;
    %delay 1000, 0;
    %vpi_call 2 15 "$display", "%b", v0117E220_0;
    %movi 8, 3, 8;
    %set/v v0117E1C8_0, 8, 8;
    %delay 1000, 0;
    %vpi_call 2 16 "$display", "%b", v0117E220_0;
    %movi 8, 127, 8;
    %set/v v0117E1C8_0, 8, 8;
    %delay 1000, 0;
    %vpi_call 2 17 "$display", "%b", v0117E220_0;
    %movi 8, 170, 8;
    %set/v v0117E1C8_0, 8, 8;
    %delay 1000, 0;
    %vpi_call 2 18 "$display", "%b", v0117E220_0;
    %vpi_call 2 19 "$finish";
    %end;
    .thread T_0;
# The file index is used to find the file name in the following table.
:file_names 4;
    "N/A";
    "<interactive>";
    "D:\buffer gate\buffer gate\verilog-judge\backend\problems\sign_extender_8to16\tb.v";
    "D:\buffer gate\buffer gate\verilog-judge\backend\submissions\f1eb53b5-4\submission.v";
