#! /c/iverilog/bin/vvp
:ivl_version "0.9.7 " "(v0_9_7)";
:vpi_time_precision - 12;
:vpi_module "system";
:vpi_module "v2005_math";
:vpi_module "va_math";
S_011625C0 .scope module, "tb" "tb" 2 2;
 .timescale -9 -12;
v012CDA70_0 .var "a", 7 0;
v012CDAC8_0 .var "b", 7 0;
v012CDB20_0 .var "sel", 0 0;
v012CDB78_0 .net "y", 7 0, C4<zzzzzzzz>; 0 drivers
S_012C3668 .scope module, "dut" "mux_2to1" 2 8, 3 1, S_011625C0;
 .timescale 0 0;
v012C36F0_0 .net "a", 7 0, v012CDA70_0; 1 drivers
v012C3748_0 .net "b", 7 0, v012CDAC8_0; 1 drivers
v012CD9C0_0 .net "sel", 0 0, v012CDB20_0; 1 drivers
v012CDA18_0 .alias "y", 7 0, v012CDB78_0;
    .scope S_011625C0;
T_0 ;
    %vpi_call 2 11 "$dumpfile", "simulation.vcd";
    %vpi_call 2 12 "$dumpvars", 1'sb0, S_011625C0;
    %set/v v012CDA70_0, 0, 8;
    %set/v v012CDAC8_0, 0, 8;
    %set/v v012CDB20_0, 0, 1;
    %delay 1000, 0;
    %vpi_call 2 13 "$display", "%b", v012CDB78_0;
    %movi 8, 1, 8;
    %set/v v012CDA70_0, 8, 8;
    %movi 8, 1, 8;
    %set/v v012CDAC8_0, 8, 8;
    %set/v v012CDB20_0, 1, 1;
    %delay 1000, 0;
    %vpi_call 2 14 "$display", "%b", v012CDB78_0;
    %set/v v012CDA70_0, 1, 8;
    %set/v v012CDAC8_0, 1, 8;
    %set/v v012CDB20_0, 0, 1;
    %delay 1000, 0;
    %vpi_call 2 15 "$display", "%b", v012CDB78_0;
    %movi 8, 170, 8;
    %set/v v012CDA70_0, 8, 8;
    %movi 8, 170, 8;
    %set/v v012CDAC8_0, 8, 8;
    %set/v v012CDB20_0, 1, 1;
    %delay 1000, 0;
    %vpi_call 2 16 "$display", "%b", v012CDB78_0;
    %movi 8, 2, 8;
    %set/v v012CDA70_0, 8, 8;
    %movi 8, 2, 8;
    %set/v v012CDAC8_0, 8, 8;
    %set/v v012CDB20_0, 0, 1;
    %delay 1000, 0;
    %vpi_call 2 17 "$display", "%b", v012CDB78_0;
    %movi 8, 3, 8;
    %set/v v012CDA70_0, 8, 8;
    %movi 8, 3, 8;
    %set/v v012CDAC8_0, 8, 8;
    %set/v v012CDB20_0, 1, 1;
    %delay 1000, 0;
    %vpi_call 2 18 "$display", "%b", v012CDB78_0;
    %movi 8, 127, 8;
    %set/v v012CDA70_0, 8, 8;
    %movi 8, 127, 8;
    %set/v v012CDAC8_0, 8, 8;
    %set/v v012CDB20_0, 0, 1;
    %delay 1000, 0;
    %vpi_call 2 19 "$display", "%b", v012CDB78_0;
    %movi 8, 170, 8;
    %set/v v012CDA70_0, 8, 8;
    %movi 8, 170, 8;
    %set/v v012CDAC8_0, 8, 8;
    %set/v v012CDB20_0, 1, 1;
    %delay 1000, 0;
    %vpi_call 2 20 "$display", "%b", v012CDB78_0;
    %vpi_call 2 21 "$finish";
    %end;
    .thread T_0;
# The file index is used to find the file name in the following table.
:file_names 4;
    "N/A";
    "<interactive>";
    "D:\buffer gate\buffer gate\verilog-judge\backend\problems\mux_2to1\tb.v";
    "D:\buffer gate\buffer gate\verilog-judge\backend\submissions\13053754-e\submission.v";
