#! /c/iverilog/bin/vvp
:ivl_version "0.9.7 " "(v0_9_7)";
:vpi_time_precision - 12;
:vpi_module "system";
:vpi_module "v2005_math";
:vpi_module "va_math";
S_01238F20 .scope module, "tb" "tb" 2 2;
 .timescale -9 -12;
v01231F68_0 .var "a", 15 0;
v01231FC0_0 .var "b", 15 0;
v01232018_0 .net "y", 15 0, L_0123EF98; 1 drivers
S_01272888 .scope module, "dut" "and_16bit" 2 6, 3 1, S_01238F20;
 .timescale 0 0;
L_0123EF98 .functor AND 16, v01231F68_0, v01231FC0_0, C4<1111111111111111>, C4<1111111111111111>;
v01272910_0 .net "a", 15 0, v01231F68_0; 1 drivers
v01272968_0 .net "b", 15 0, v01231FC0_0; 1 drivers
v0123EF40_0 .alias "y", 15 0, v01232018_0;
    .scope S_01238F20;
T_0 ;
    %vpi_call 2 9 "$dumpfile", "simulation.vcd";
    %vpi_call 2 10 "$dumpvars", 1'sb0, S_01238F20;
    %set/v v01231F68_0, 0, 16;
    %set/v v01231FC0_0, 0, 16;
    %delay 5000, 0;
    %vpi_call 2 11 "$display", "%b %b %b", v01231F68_0, v01231FC0_0, v01232018_0;
    %set/v v01231F68_0, 0, 16;
    %set/v v01231FC0_0, 1, 16;
    %delay 5000, 0;
    %vpi_call 2 12 "$display", "%b %b %b", v01231F68_0, v01231FC0_0, v01232018_0;
    %set/v v01231F68_0, 1, 16;
    %set/v v01231FC0_0, 0, 16;
    %delay 5000, 0;
    %vpi_call 2 13 "$display", "%b %b %b", v01231F68_0, v01231FC0_0, v01232018_0;
    %set/v v01231F68_0, 1, 16;
    %set/v v01231FC0_0, 1, 16;
    %delay 5000, 0;
    %vpi_call 2 14 "$display", "%b %b %b", v01231F68_0, v01231FC0_0, v01232018_0;
    %movi 8, 32768, 16;
    %set/v v01231F68_0, 8, 16;
    %set/v v01231FC0_0, 1, 16;
    %delay 5000, 0;
    %vpi_call 2 15 "$display", "%b %b %b", v01231F68_0, v01231FC0_0, v01232018_0;
    %movi 8, 21845, 16;
    %set/v v01231F68_0, 8, 16;
    %movi 8, 43690, 16;
    %set/v v01231FC0_0, 8, 16;
    %delay 5000, 0;
    %vpi_call 2 16 "$display", "%b %b %b", v01231F68_0, v01231FC0_0, v01232018_0;
    %vpi_call 2 17 "$finish";
    %end;
    .thread T_0;
# The file index is used to find the file name in the following table.
:file_names 4;
    "N/A";
    "<interactive>";
    "D:\buffer gate\buffer gate\verilog-judge\backend\problems\and_16bit\tb.v";
    "D:\buffer gate\buffer gate\verilog-judge\backend\submissions\a16bf07f-f\submission.v";
