#! /c/iverilog/bin/vvp
:ivl_version "0.9.7 " "(v0_9_7)";
:vpi_time_precision - 12;
:vpi_module "system";
:vpi_module "v2005_math";
:vpi_module "va_math";
S_011C5010 .scope module, "tb" "tb" 2 2;
 .timescale -9 -12;
v011C2040_0 .var "a", 7 0;
v01202410_0 .net "y", 7 0, L_01202468; 1 drivers
S_011C1F60 .scope module, "dut" "bit_toggle_8bit_1" 2 6, 3 1, S_011C5010;
 .timescale 0 0;
L_01202468 .functor XOR 8, v011C2040_0, C4<00000010>, C4<00000000>, C4<00000000>;
v011C4BF8_0 .net *"_s0", 7 0, C4<00000010>; 1 drivers
v011CEF40_0 .net "a", 7 0, v011C2040_0; 1 drivers
v011C1FE8_0 .alias "y", 7 0, v01202410_0;
    .scope S_011C5010;
T_0 ;
    %vpi_call 2 9 "$dumpfile", "simulation.vcd";
    %vpi_call 2 10 "$dumpvars", 1'sb0, S_011C5010;
    %set/v v011C2040_0, 0, 8;
    %delay 5000, 0;
    %vpi_call 2 11 "$display", "%b %b", v011C2040_0, v01202410_0;
    %movi 8, 2, 8;
    %set/v v011C2040_0, 8, 8;
    %delay 5000, 0;
    %vpi_call 2 12 "$display", "%b %b", v011C2040_0, v01202410_0;
    %set/v v011C2040_0, 1, 8;
    %delay 5000, 0;
    %vpi_call 2 13 "$display", "%b %b", v011C2040_0, v01202410_0;
    %movi 8, 170, 8;
    %set/v v011C2040_0, 8, 8;
    %delay 5000, 0;
    %vpi_call 2 14 "$display", "%b %b", v011C2040_0, v01202410_0;
    %vpi_call 2 15 "$finish";
    %end;
    .thread T_0;
# The file index is used to find the file name in the following table.
:file_names 4;
    "N/A";
    "<interactive>";
    "D:\buffer gate\buffer gate\verilog-judge\backend\problems\bit_toggle_8bit_1\tb.v";
    "D:\buffer gate\buffer gate\verilog-judge\backend\submissions\959aa7ee-d\submission.v";
