#! /c/iverilog/bin/vvp
:ivl_version "0.9.7 " "(v0_9_7)";
:vpi_time_precision - 12;
:vpi_module "system";
:vpi_module "v2005_math";
:vpi_module "va_math";
S_013357A8 .scope module, "tb" "tb" 2 2;
 .timescale -9 -12;
v01172340_0 .var "a", 3 0;
v01172398_0 .net "y", 0 0, L_0133E778; 1 drivers
S_013359A0 .scope module, "dut" "nonzero_detector_4bit" 2 6, 3 1, S_013357A8;
 .timescale 0 0;
v01335A28_0 .net *"_s0", 4 0, L_011723F0; 1 drivers
v01335A80_0 .net *"_s3", 0 0, C4<0>; 1 drivers
v01331F60_0 .net *"_s4", 4 0, C4<00000>; 1 drivers
v01331FB8_0 .net "a", 3 0, v01172340_0; 1 drivers
v01332010_0 .alias "y", 0 0, v01172398_0;
L_011723F0 .concat [ 4 1 0 0], v01172340_0, C4<0>;
L_0133E778 .cmp/ne 5, L_011723F0, C4<00000>;
    .scope S_013357A8;
T_0 ;
    %vpi_call 2 9 "$dumpfile", "simulation.vcd";
    %vpi_call 2 10 "$dumpvars", 1'sb0, S_013357A8;
    %set/v v01172340_0, 0, 4;
    %delay 5000, 0;
    %vpi_call 2 11 "$display", "%b %b", v01172340_0, v01172398_0;
    %movi 8, 1, 4;
    %set/v v01172340_0, 8, 4;
    %delay 5000, 0;
    %vpi_call 2 12 "$display", "%b %b", v01172340_0, v01172398_0;
    %set/v v01172340_0, 1, 4;
    %delay 5000, 0;
    %vpi_call 2 13 "$display", "%b %b", v01172340_0, v01172398_0;
    %movi 8, 8, 4;
    %set/v v01172340_0, 8, 4;
    %delay 5000, 0;
    %vpi_call 2 14 "$display", "%b %b", v01172340_0, v01172398_0;
    %movi 8, 10, 4;
    %set/v v01172340_0, 8, 4;
    %delay 5000, 0;
    %vpi_call 2 15 "$display", "%b %b", v01172340_0, v01172398_0;
    %vpi_call 2 16 "$finish";
    %end;
    .thread T_0;
# The file index is used to find the file name in the following table.
:file_names 4;
    "N/A";
    "<interactive>";
    "D:\buffer gate\buffer gate\verilog-judge\backend\problems\nonzero_detector_4bit\tb.v";
    "D:\buffer gate\buffer gate\verilog-judge\backend\submissions\a3a3623b-d\submission.v";
