#! /c/iverilog/bin/vvp
:ivl_version "0.9.7 " "(v0_9_7)";
:vpi_time_precision - 12;
:vpi_module "system";
:vpi_module "v2005_math";
:vpi_module "va_math";
S_01243E00 .scope module, "tb" "tb" 2 2;
 .timescale -9 -12;
v012434D8_0 .var/s "a", 7 0;
v01160E38_0 .net "y", 7 0, v0124EF68_0; 1 drivers
S_012433F8 .scope module, "dut" "absolute_value_unit" 2 6, 3 1, S_01243E00;
 .timescale 0 0;
v01243480_0 .net/s "a", 7 0, v012434D8_0; 1 drivers
v0124EF68_0 .var "y", 7 0;
E_01141A90 .event edge, v01243480_0;
    .scope S_012433F8;
T_0 ;
    %wait E_01141A90;
    %ix/load 1, 7, 0;
    %mov 4, 0, 1;
    %jmp/1 T_0.0, 4;
    %load/x1p 8, v01243480_0, 1;
    %jmp T_0.1;
T_0.0 ;
    %mov 8, 2, 1;
T_0.1 ;
; Save base=8 wid=1 in lookaside.
    %jmp/0xz  T_0.2, 8;
    %load/v 8, v01243480_0, 8;
    %inv 8, 8;
    %addi 8, 1, 8;
    %set/v v0124EF68_0, 8, 8;
    %jmp T_0.3;
T_0.2 ;
    %load/v 8, v01243480_0, 8;
    %set/v v0124EF68_0, 8, 8;
T_0.3 ;
    %jmp T_0;
    .thread T_0, $push;
    .scope S_01243E00;
T_1 ;
    %vpi_call 2 9 "$dumpfile", "simulation.vcd";
    %vpi_call 2 10 "$dumpvars", 1'sb0, S_01243E00;
    %set/v v012434D8_0, 0, 8;
    %delay 1000, 0;
    %vpi_call 2 11 "$display", "%b", v01160E38_0;
    %movi 8, 1, 8;
    %set/v v012434D8_0, 8, 8;
    %delay 1000, 0;
    %vpi_call 2 12 "$display", "%b", v01160E38_0;
    %set/v v012434D8_0, 1, 8;
    %delay 1000, 0;
    %vpi_call 2 13 "$display", "%b", v01160E38_0;
    %movi 8, 170, 8;
    %set/v v012434D8_0, 8, 8;
    %delay 1000, 0;
    %vpi_call 2 14 "$display", "%b", v01160E38_0;
    %movi 8, 2, 8;
    %set/v v012434D8_0, 8, 8;
    %delay 1000, 0;
    %vpi_call 2 15 "$display", "%b", v01160E38_0;
    %movi 8, 3, 8;
    %set/v v012434D8_0, 8, 8;
    %delay 1000, 0;
    %vpi_call 2 16 "$display", "%b", v01160E38_0;
    %movi 8, 127, 8;
    %set/v v012434D8_0, 8, 8;
    %delay 1000, 0;
    %vpi_call 2 17 "$display", "%b", v01160E38_0;
    %movi 8, 170, 8;
    %set/v v012434D8_0, 8, 8;
    %delay 1000, 0;
    %vpi_call 2 18 "$display", "%b", v01160E38_0;
    %vpi_call 2 19 "$finish";
    %end;
    .thread T_1;
# The file index is used to find the file name in the following table.
:file_names 4;
    "N/A";
    "<interactive>";
    "D:\buffer gate\buffer gate\verilog-judge\backend\problems\absolute_value_unit\tb.v";
    "D:\buffer gate\buffer gate\verilog-judge\backend\submissions\ef43d03c-f\submission.v";
