#! /c/iverilog/bin/vvp
:ivl_version "0.9.7 " "(v0_9_7)";
:vpi_time_precision - 12;
:vpi_module "system";
:vpi_module "v2005_math";
:vpi_module "va_math";
S_01148A38 .scope module, "tb" "tb" 2 2;
 .timescale -9 -12;
v0114EC18_0 .var "a", 7 0;
v0114EB68_0 .net "is_zero", 0 0, v0114E7A0_0; 1 drivers
S_01148E78 .scope module, "dut" "zero_detector" 2 6, 3 1, S_01148A38;
 .timescale 0 0;
L_0114ADC0 .functor OR 1, L_0114EBC0, L_0114E748, C4<0>, C4<0>;
L_0114AD18 .functor OR 1, L_0114ADC0, L_0114E5E8, C4<0>, C4<0>;
L_0114ADF8 .functor OR 1, L_0114AD18, L_0114E850, C4<0>, C4<0>;
L_0114ACA8 .functor OR 1, L_0114ADF8, L_0114E8A8, C4<0>, C4<0>;
L_011808D8 .functor OR 1, L_0114ACA8, L_0114ECC8, C4<0>, C4<0>;
L_01180E88 .functor OR 1, L_011808D8, L_0114E900, C4<0>, C4<0>;
L_01180C20 .functor OR 1, L_01180E88, L_0114E958, C4<0>, C4<0>;
v011433F8_0 .net *"_s1", 0 0, L_0114EBC0; 1 drivers
v01143450_0 .net *"_s11", 0 0, L_0114E850; 1 drivers
v011434A8_0 .net *"_s12", 0 0, L_0114ADF8; 1 drivers
v01144458_0 .net *"_s15", 0 0, L_0114E8A8; 1 drivers
v011444B0_0 .net *"_s16", 0 0, L_0114ACA8; 1 drivers
v01144508_0 .net *"_s19", 0 0, L_0114ECC8; 1 drivers
v0114E4B8_0 .net *"_s20", 0 0, L_011808D8; 1 drivers
v0114E510_0 .net *"_s23", 0 0, L_0114E900; 1 drivers
v0114E698_0 .net *"_s24", 0 0, L_01180E88; 1 drivers
v0114EAB8_0 .net *"_s27", 0 0, L_0114E958; 1 drivers
v0114EB10_0 .net *"_s3", 0 0, L_0114E748; 1 drivers
v0114E640_0 .net *"_s4", 0 0, L_0114ADC0; 1 drivers
v0114E6F0_0 .net *"_s7", 0 0, L_0114E5E8; 1 drivers
v0114EA08_0 .net *"_s8", 0 0, L_0114AD18; 1 drivers
v0114E590_0 .net "a", 7 0, v0114EC18_0; 1 drivers
v0114E7A0_0 .var "is_zero", 0 0;
v0114E7F8_0 .net "z", 0 0, L_01180C20; 1 drivers
E_01147C80 .event edge, v0114E7F8_0;
L_0114EBC0 .part v0114EC18_0, 0, 1;
L_0114E748 .part v0114EC18_0, 1, 1;
L_0114E5E8 .part v0114EC18_0, 2, 1;
L_0114E850 .part v0114EC18_0, 3, 1;
L_0114E8A8 .part v0114EC18_0, 4, 1;
L_0114ECC8 .part v0114EC18_0, 5, 1;
L_0114E900 .part v0114EC18_0, 6, 1;
L_0114E958 .part v0114EC18_0, 7, 1;
    .scope S_01148E78;
T_0 ;
    %wait E_01147C80;
    %load/v 8, v0114E7F8_0, 1;
    %mov 9, 0, 1;
    %cmpi/u 8, 0, 2;
    %jmp/0xz  T_0.0, 4;
    %set/v v0114E7A0_0, 1, 1;
    %jmp T_0.1;
T_0.0 ;
    %set/v v0114E7A0_0, 0, 1;
T_0.1 ;
    %jmp T_0;
    .thread T_0, $push;
    .scope S_01148A38;
T_1 ;
    %vpi_call 2 9 "$dumpfile", "simulation.vcd";
    %vpi_call 2 10 "$dumpvars", 1'sb0, S_01148A38;
    %set/v v0114EC18_0, 0, 8;
    %delay 1000, 0;
    %vpi_call 2 11 "$display", "%b", v0114EB68_0;
    %movi 8, 1, 8;
    %set/v v0114EC18_0, 8, 8;
    %delay 1000, 0;
    %vpi_call 2 12 "$display", "%b", v0114EB68_0;
    %set/v v0114EC18_0, 1, 8;
    %delay 1000, 0;
    %vpi_call 2 13 "$display", "%b", v0114EB68_0;
    %movi 8, 170, 8;
    %set/v v0114EC18_0, 8, 8;
    %delay 1000, 0;
    %vpi_call 2 14 "$display", "%b", v0114EB68_0;
    %movi 8, 2, 8;
    %set/v v0114EC18_0, 8, 8;
    %delay 1000, 0;
    %vpi_call 2 15 "$display", "%b", v0114EB68_0;
    %movi 8, 3, 8;
    %set/v v0114EC18_0, 8, 8;
    %delay 1000, 0;
    %vpi_call 2 16 "$display", "%b", v0114EB68_0;
    %movi 8, 127, 8;
    %set/v v0114EC18_0, 8, 8;
    %delay 1000, 0;
    %vpi_call 2 17 "$display", "%b", v0114EB68_0;
    %movi 8, 170, 8;
    %set/v v0114EC18_0, 8, 8;
    %delay 1000, 0;
    %vpi_call 2 18 "$display", "%b", v0114EB68_0;
    %vpi_call 2 19 "$finish";
    %end;
    .thread T_1;
# The file index is used to find the file name in the following table.
:file_names 4;
    "N/A";
    "<interactive>";
    "D:\buffer gate\buffer gate\verilog-judge\backend\problems\zero_detector\tb.v";
    "D:\buffer gate\buffer gate\verilog-judge\backend\submissions\e55fbfaf-a\submission.v";
