#! /c/iverilog/bin/vvp
:ivl_version "0.9.7 " "(v0_9_7)";
:vpi_time_precision - 12;
:vpi_module "system";
:vpi_module "v2005_math";
:vpi_module "va_math";
S_011D5168 .scope module, "tb" "tb" 2 2;
 .timescale -9 -12;
v01212300_0 .var "a", 15 0;
v01212358_0 .net "y", 0 0, L_012123B0; 1 drivers
S_011D1F60 .scope module, "dut" "bit_select_16bit_4" 2 6, 3 1, S_011D5168;
 .timescale 0 0;
v011D1FE8_0 .net "a", 15 0, v01212300_0; 1 drivers
v011D2040_0 .alias "y", 0 0, v01212358_0;
L_012123B0 .part v01212300_0, 4, 1;
    .scope S_011D5168;
T_0 ;
    %vpi_call 2 9 "$dumpfile", "simulation.vcd";
    %vpi_call 2 10 "$dumpvars", 1'sb0, S_011D5168;
    %set/v v01212300_0, 0, 16;
    %delay 5000, 0;
    %vpi_call 2 11 "$display", "%b %b", v01212300_0, v01212358_0;
    %movi 8, 16, 16;
    %set/v v01212300_0, 8, 16;
    %delay 5000, 0;
    %vpi_call 2 12 "$display", "%b %b", v01212300_0, v01212358_0;
    %set/v v01212300_0, 1, 16;
    %delay 5000, 0;
    %vpi_call 2 13 "$display", "%b %b", v01212300_0, v01212358_0;
    %movi 8, 43690, 16;
    %set/v v01212300_0, 8, 16;
    %delay 5000, 0;
    %vpi_call 2 14 "$display", "%b %b", v01212300_0, v01212358_0;
    %vpi_call 2 15 "$finish";
    %end;
    .thread T_0;
# The file index is used to find the file name in the following table.
:file_names 4;
    "N/A";
    "<interactive>";
    "D:\buffer gate\buffer gate\verilog-judge\backend\problems\bit_select_16bit_4\tb.v";
    "D:\buffer gate\buffer gate\verilog-judge\backend\submissions\d4f995b7-d\submission.v";
