#! /c/iverilog/bin/vvp
:ivl_version "0.9.7 " "(v0_9_7)";
:vpi_time_precision - 12;
:vpi_module "system";
:vpi_module "v2005_math";
:vpi_module "va_math";
S_01115938 .scope module, "tb" "tb" 2 2;
 .timescale -9 -12;
v01152670_0 .var "a", 15 0;
v01111F60_0 .net "y", 15 0, L_01111FB8; 1 drivers
S_01152590 .scope module, "dut" "incrementer_16bit" 2 6, 3 1, S_01115938;
 .timescale 0 0;
v01115A88_0 .net *"_s0", 15 0, C4<0000000000000001>; 1 drivers
v01115828_0 .net "a", 15 0, v01152670_0; 1 drivers
v01152618_0 .alias "y", 15 0, v01111F60_0;
L_01111FB8 .arith/sum 16, v01152670_0, C4<0000000000000001>;
    .scope S_01115938;
T_0 ;
    %vpi_call 2 9 "$dumpfile", "simulation.vcd";
    %vpi_call 2 10 "$dumpvars", 1'sb0, S_01115938;
    %set/v v01152670_0, 0, 16;
    %delay 5000, 0;
    %vpi_call 2 11 "$display", "%b %b", v01152670_0, v01111F60_0;
    %movi 8, 1, 16;
    %set/v v01152670_0, 8, 16;
    %delay 5000, 0;
    %vpi_call 2 12 "$display", "%b %b", v01152670_0, v01111F60_0;
    %movi 8, 2, 16;
    %set/v v01152670_0, 8, 16;
    %delay 5000, 0;
    %vpi_call 2 13 "$display", "%b %b", v01152670_0, v01111F60_0;
    %set/v v01152670_0, 1, 16;
    %delay 5000, 0;
    %vpi_call 2 14 "$display", "%b %b", v01152670_0, v01111F60_0;
    %movi 8, 43690, 16;
    %set/v v01152670_0, 8, 16;
    %delay 5000, 0;
    %vpi_call 2 15 "$display", "%b %b", v01152670_0, v01111F60_0;
    %vpi_call 2 16 "$finish";
    %end;
    .thread T_0;
# The file index is used to find the file name in the following table.
:file_names 4;
    "N/A";
    "<interactive>";
    "D:\buffer gate\buffer gate\verilog-judge\backend\problems\incrementer_16bit\tb.v";
    "D:\buffer gate\buffer gate\verilog-judge\backend\submissions\2f4227c4-9\submission.v";
