#! /c/iverilog/bin/vvp
:ivl_version "0.9.7 " "(v0_9_7)";
:vpi_time_precision - 12;
:vpi_module "system";
:vpi_module "v2005_math";
:vpi_module "va_math";
S_01132588 .scope module, "tb" "tb" 2 2;
 .timescale -9 -12;
v0122EF40_0 .var "a", 1 0;
v01221F78_0 .net "y", 1 0, L_01132698; 1 drivers
S_01132610 .scope module, "dut" "not_2bit" 2 6, 3 1, S_01132588;
 .timescale 0 0;
L_01132698 .functor NOT 2, v0122EF40_0, C4<00>, C4<00>, C4<00>;
v012254A0_0 .net "a", 1 0, v0122EF40_0; 1 drivers
v01225A70_0 .alias "y", 1 0, v01221F78_0;
    .scope S_01132588;
T_0 ;
    %vpi_call 2 9 "$dumpfile", "simulation.vcd";
    %vpi_call 2 10 "$dumpvars", 1'sb0, S_01132588;
    %set/v v0122EF40_0, 0, 2;
    %delay 5000, 0;
    %vpi_call 2 11 "$display", "%b %b", v0122EF40_0, v01221F78_0;
    %set/v v0122EF40_0, 1, 2;
    %delay 5000, 0;
    %vpi_call 2 12 "$display", "%b %b", v0122EF40_0, v01221F78_0;
    %movi 8, 1, 2;
    %set/v v0122EF40_0, 8, 2;
    %delay 5000, 0;
    %vpi_call 2 13 "$display", "%b %b", v0122EF40_0, v01221F78_0;
    %movi 8, 2, 2;
    %set/v v0122EF40_0, 8, 2;
    %delay 5000, 0;
    %vpi_call 2 14 "$display", "%b %b", v0122EF40_0, v01221F78_0;
    %movi 8, 2, 2;
    %set/v v0122EF40_0, 8, 2;
    %delay 5000, 0;
    %vpi_call 2 15 "$display", "%b %b", v0122EF40_0, v01221F78_0;
    %vpi_call 2 16 "$finish";
    %end;
    .thread T_0;
# The file index is used to find the file name in the following table.
:file_names 4;
    "N/A";
    "<interactive>";
    "D:\buffer gate\buffer gate\verilog-judge\backend\problems\not_2bit\tb.v";
    "D:\buffer gate\buffer gate\verilog-judge\backend\submissions\74468102-a\submission.v";
