#! /c/iverilog/bin/vvp
:ivl_version "0.9.7 " "(v0_9_7)";
:vpi_time_precision - 12;
:vpi_module "system";
:vpi_module "v2005_math";
:vpi_module "va_math";
S_01228428 .scope module, "tb" "tb" 2 2;
 .timescale -9 -12;
v01222008_0 .var "a", 1 0;
v01222060_0 .var "b", 1 0;
v01228A40_0 .net "eq", 0 0, L_0122D568; 1 drivers
v01228A98_0 .net "gt", 0 0, L_01228B48; 1 drivers
v01228AF0_0 .net "lt", 0 0, L_0122D5F8; 1 drivers
S_01228310 .scope module, "dut" "comparator_2bit" 2 6, 3 1, S_01228428;
 .timescale 0 0;
v01132EF8_0 .net "a", 1 0, v01222008_0; 1 drivers
v01132F50_0 .net "b", 1 0, v01222060_0; 1 drivers
v01132FA8_0 .alias "eq", 0 0, v01228A40_0;
v01221F58_0 .alias "gt", 0 0, v01228A98_0;
v01221FB0_0 .alias "lt", 0 0, v01228AF0_0;
L_01228B48 .cmp/gt 2, v01222008_0, v01222060_0;
L_0122D568 .cmp/eq 2, v01222008_0, v01222060_0;
L_0122D5F8 .cmp/gt 2, v01222060_0, v01222008_0;
    .scope S_01228428;
T_0 ;
    %vpi_call 2 9 "$dumpfile", "simulation.vcd";
    %vpi_call 2 10 "$dumpvars", 1'sb0, S_01228428;
    %set/v v01222008_0, 0, 2;
    %set/v v01222060_0, 0, 2;
    %delay 5000, 0;
    %vpi_call 2 11 "$display", "%b %b %b %b %b", v01222008_0, v01222060_0, v01228A98_0, v01228A40_0, v01228AF0_0;
    %movi 8, 1, 2;
    %set/v v01222008_0, 8, 2;
    %movi 8, 1, 2;
    %set/v v01222060_0, 8, 2;
    %delay 5000, 0;
    %vpi_call 2 12 "$display", "%b %b %b %b %b", v01222008_0, v01222060_0, v01228A98_0, v01228A40_0, v01228AF0_0;
    %set/v v01222008_0, 1, 2;
    %movi 8, 1, 2;
    %set/v v01222060_0, 8, 2;
    %delay 5000, 0;
    %vpi_call 2 13 "$display", "%b %b %b %b %b", v01222008_0, v01222060_0, v01228A98_0, v01228A40_0, v01228AF0_0;
    %movi 8, 1, 2;
    %set/v v01222008_0, 8, 2;
    %movi 8, 1, 2;
    %set/v v01222060_0, 8, 2;
    %delay 5000, 0;
    %vpi_call 2 14 "$display", "%b %b %b %b %b", v01222008_0, v01222060_0, v01228A98_0, v01228A40_0, v01228AF0_0;
    %set/v v01222008_0, 1, 2;
    %set/v v01222060_0, 1, 2;
    %delay 5000, 0;
    %vpi_call 2 15 "$display", "%b %b %b %b %b", v01222008_0, v01222060_0, v01228A98_0, v01228A40_0, v01228AF0_0;
    %vpi_call 2 16 "$finish";
    %end;
    .thread T_0;
# The file index is used to find the file name in the following table.
:file_names 4;
    "N/A";
    "<interactive>";
    "D:\buffer gate\buffer gate\verilog-judge\backend\problems\comparator_2bit\tb.v";
    "D:\buffer gate\buffer gate\verilog-judge\backend\submissions\29096dad-4\submission.v";
