#! /c/Source/iverilog-install/bin/vvp
:ivl_version "12.0 (devel)" "(s20150603-1110-g18392a46)";
:ivl_delay_selection "TYPICAL";
:vpi_time_precision - 12;
:vpi_module "D:\iverilog\lib\ivl\system.vpi";
:vpi_module "D:\iverilog\lib\ivl\vhdl_sys.vpi";
:vpi_module "D:\iverilog\lib\ivl\vhdl_textio.vpi";
:vpi_module "D:\iverilog\lib\ivl\v2005_math.vpi";
:vpi_module "D:\iverilog\lib\ivl\va_math.vpi";
S_000001acd48dbdc0 .scope module, "tb" "tb" 2 2;
 .timescale -9 -12;
v000001acd4996200_0 .var "a", 0 0;
v000001acd49962a0_0 .var "b", 0 0;
v000001acd4996340_0 .var "c", 0 0;
v000001acd49963e0_0 .net "y", 0 0, v000001acd4996160_0;  1 drivers
S_000001acd4995fd0 .scope module, "dut" "majority_gate" 2 8, 3 1 0, S_000001acd48dbdc0;
 .timescale 0 0;
    .port_info 0 /INPUT 1 "a";
    .port_info 1 /INPUT 1 "b";
    .port_info 2 /INPUT 1 "c";
    .port_info 3 /OUTPUT 1 "y";
v000001acd48d71d0_0 .net "a", 0 0, v000001acd4996200_0;  1 drivers
v000001acd48d9300_0 .net "b", 0 0, v000001acd49962a0_0;  1 drivers
v000001acd48d6d40_0 .net "c", 0 0, v000001acd4996340_0;  1 drivers
v000001acd4996160_0 .var "y", 0 0;
E_000001acd48db430 .event anyedge, v000001acd48d71d0_0, v000001acd48d9300_0, v000001acd48d6d40_0;
    .scope S_000001acd4995fd0;
T_0 ;
    %wait E_000001acd48db430;
    %load/vec4 v000001acd48d71d0_0;
    %load/vec4 v000001acd48d9300_0;
    %and;
    %load/vec4 v000001acd48d9300_0;
    %load/vec4 v000001acd48d6d40_0;
    %and;
    %or;
    %load/vec4 v000001acd48d71d0_0;
    %load/vec4 v000001acd48d6d40_0;
    %and;
    %or;
    %flag_set/vec4 8;
    %jmp/0xz  T_0.0, 8;
    %pushi/vec4 1, 0, 1;
    %assign/vec4 v000001acd4996160_0, 0;
    %jmp T_0.1;
T_0.0 ;
    %pushi/vec4 0, 0, 1;
    %assign/vec4 v000001acd4996160_0, 0;
T_0.1 ;
    %jmp T_0;
    .thread T_0, $push;
    .scope S_000001acd48dbdc0;
T_1 ;
    %vpi_call 2 11 "$dumpfile", "simulation.vcd" {0 0 0};
    %vpi_call 2 12 "$dumpvars", 32'sb00000000000000000000000000000000, S_000001acd48dbdc0 {0 0 0};
    %pushi/vec4 0, 0, 1;
    %store/vec4 v000001acd4996200_0, 0, 1;
    %pushi/vec4 0, 0, 1;
    %store/vec4 v000001acd49962a0_0, 0, 1;
    %pushi/vec4 0, 0, 1;
    %store/vec4 v000001acd4996340_0, 0, 1;
    %delay 1000, 0;
    %vpi_call 2 13 "$display", "%b", v000001acd49963e0_0 {0 0 0};
    %pushi/vec4 1, 0, 1;
    %store/vec4 v000001acd4996200_0, 0, 1;
    %pushi/vec4 1, 0, 1;
    %store/vec4 v000001acd49962a0_0, 0, 1;
    %pushi/vec4 1, 0, 1;
    %store/vec4 v000001acd4996340_0, 0, 1;
    %delay 1000, 0;
    %vpi_call 2 14 "$display", "%b", v000001acd49963e0_0 {0 0 0};
    %pushi/vec4 1, 0, 1;
    %store/vec4 v000001acd4996200_0, 0, 1;
    %pushi/vec4 1, 0, 1;
    %store/vec4 v000001acd49962a0_0, 0, 1;
    %pushi/vec4 1, 0, 1;
    %store/vec4 v000001acd4996340_0, 0, 1;
    %delay 1000, 0;
    %vpi_call 2 15 "$display", "%b", v000001acd49963e0_0 {0 0 0};
    %pushi/vec4 0, 0, 1;
    %store/vec4 v000001acd4996200_0, 0, 1;
    %pushi/vec4 0, 0, 1;
    %store/vec4 v000001acd49962a0_0, 0, 1;
    %pushi/vec4 0, 0, 1;
    %store/vec4 v000001acd4996340_0, 0, 1;
    %delay 1000, 0;
    %vpi_call 2 16 "$display", "%b", v000001acd49963e0_0 {0 0 0};
    %pushi/vec4 0, 0, 1;
    %store/vec4 v000001acd4996200_0, 0, 1;
    %pushi/vec4 0, 0, 1;
    %store/vec4 v000001acd49962a0_0, 0, 1;
    %pushi/vec4 0, 0, 1;
    %store/vec4 v000001acd4996340_0, 0, 1;
    %delay 1000, 0;
    %vpi_call 2 17 "$display", "%b", v000001acd49963e0_0 {0 0 0};
    %pushi/vec4 1, 0, 1;
    %store/vec4 v000001acd4996200_0, 0, 1;
    %pushi/vec4 1, 0, 1;
    %store/vec4 v000001acd49962a0_0, 0, 1;
    %pushi/vec4 1, 0, 1;
    %store/vec4 v000001acd4996340_0, 0, 1;
    %delay 1000, 0;
    %vpi_call 2 18 "$display", "%b", v000001acd49963e0_0 {0 0 0};
    %pushi/vec4 0, 0, 1;
    %store/vec4 v000001acd4996200_0, 0, 1;
    %pushi/vec4 0, 0, 1;
    %store/vec4 v000001acd49962a0_0, 0, 1;
    %pushi/vec4 0, 0, 1;
    %store/vec4 v000001acd4996340_0, 0, 1;
    %delay 1000, 0;
    %vpi_call 2 19 "$display", "%b", v000001acd49963e0_0 {0 0 0};
    %pushi/vec4 0, 0, 1;
    %store/vec4 v000001acd4996200_0, 0, 1;
    %pushi/vec4 0, 0, 1;
    %store/vec4 v000001acd49962a0_0, 0, 1;
    %pushi/vec4 0, 0, 1;
    %store/vec4 v000001acd4996340_0, 0, 1;
    %delay 1000, 0;
    %vpi_call 2 20 "$display", "%b", v000001acd49963e0_0 {0 0 0};
    %vpi_call 2 21 "$finish" {0 0 0};
    %end;
    .thread T_1;
# The file index is used to find the file name in the following table.
:file_names 4;
    "N/A";
    "<interactive>";
    "D:\buffer gate\buffer gate\verilog-judge\backend\problems\majority_gate\tb.v";
    "D:\buffer gate\buffer gate\verilog-judge\backend\submissions\47af7828-5\submission.v";
