#! /c/iverilog/bin/vvp
:ivl_version "0.9.7 " "(v0_9_7)";
:vpi_time_precision - 12;
:vpi_module "system";
:vpi_module "v2005_math";
:vpi_module "va_math";
S_01271FE8 .scope module, "tb" "tb" 2 2;
 .timescale -9 -12;
v01275A10_0 .var/s "a", 7 0;
v01275A68_0 .var/s "b", 7 0;
v01160C08_0 .net/s "y", 7 0, v0127EF40_0; 1 drivers
S_01142758 .scope module, "dut" "saturating_subtractor" 2 7, 3 1, S_01271FE8;
 .timescale 0 0;
v011427E0_0 .net/s "a", 7 0, v01275A10_0; 1 drivers
v01142838_0 .net/s "b", 7 0, v01275A68_0; 1 drivers
v0127EF40_0 .var/s "y", 7 0;
E_01273E08 .event "_s0";
    .scope S_01142758;
T_0 ;
    %wait E_01273E08;
    %jmp T_0;
    .thread T_0;
    .scope S_01271FE8;
T_1 ;
    %vpi_call 2 10 "$dumpfile", "simulation.vcd";
    %vpi_call 2 11 "$dumpvars", 1'sb0, S_01271FE8;
    %set/v v01275A10_0, 0, 8;
    %set/v v01275A68_0, 0, 8;
    %delay 5000, 0;
    %vpi_call 2 12 "$display", "%b", v01160C08_0;
    %movi 8, 1, 8;
    %set/v v01275A10_0, 8, 8;
    %movi 8, 1, 8;
    %set/v v01275A68_0, 8, 8;
    %delay 5000, 0;
    %vpi_call 2 13 "$display", "%b", v01160C08_0;
    %set/v v01275A10_0, 1, 8;
    %set/v v01275A68_0, 1, 8;
    %delay 5000, 0;
    %vpi_call 2 14 "$display", "%b", v01160C08_0;
    %movi 8, 170, 8;
    %set/v v01275A10_0, 8, 8;
    %movi 8, 170, 8;
    %set/v v01275A68_0, 8, 8;
    %delay 5000, 0;
    %vpi_call 2 15 "$display", "%b", v01160C08_0;
    %vpi_call 2 16 "$finish";
    %end;
    .thread T_1;
# The file index is used to find the file name in the following table.
:file_names 4;
    "N/A";
    "<interactive>";
    "D:\buffer gate\buffer gate\verilog-judge\backend\problems\saturating_subtractor\tb.v";
    "D:\buffer gate\buffer gate\verilog-judge\backend\submissions\f11afcaf-7\submission.v";
