#! /c/iverilog/bin/vvp
:ivl_version "0.9.7 " "(v0_9_7)";
:vpi_time_precision - 12;
:vpi_module "system";
:vpi_module "v2005_math";
:vpi_module "va_math";
S_011A1F60 .scope module, "tb" "tb" 2 2;
 .timescale -9 -12;
v011E23B8_0 .var "a", 7 0;
v011E2410_0 .net "above_threshold", 0 0, L_011E2468; 1 drivers
S_011A1FE8 .scope module, "dut" "threshold_detector" 2 6, 3 1, S_011A1F60;
 .timescale 0 0;
v011E2360_0 .net *"_s0", 7 0, C4<01100100>; 1 drivers
v011AEF38_0 .net "a", 7 0, v011E23B8_0; 1 drivers
v011AEF90_0 .alias "above_threshold", 0 0, v011E2410_0;
L_011E2468 .cmp/gt 8, v011E23B8_0, C4<01100100>;
    .scope S_011A1F60;
T_0 ;
    %vpi_call 2 9 "$dumpfile", "simulation.vcd";
    %vpi_call 2 10 "$dumpvars", 1'sb0, S_011A1F60;
    %set/v v011E23B8_0, 0, 8;
    %delay 5000, 0;
    %vpi_call 2 11 "$display", "%b", v011E2410_0;
    %movi 8, 1, 8;
    %set/v v011E23B8_0, 8, 8;
    %delay 5000, 0;
    %vpi_call 2 12 "$display", "%b", v011E2410_0;
    %set/v v011E23B8_0, 1, 8;
    %delay 5000, 0;
    %vpi_call 2 13 "$display", "%b", v011E2410_0;
    %movi 8, 170, 8;
    %set/v v011E23B8_0, 8, 8;
    %delay 5000, 0;
    %vpi_call 2 14 "$display", "%b", v011E2410_0;
    %vpi_call 2 15 "$finish";
    %end;
    .thread T_0;
# The file index is used to find the file name in the following table.
:file_names 4;
    "N/A";
    "<interactive>";
    "D:\buffer gate\buffer gate\verilog-judge\backend\problems\threshold_detector\tb.v";
    "D:\buffer gate\buffer gate\verilog-judge\backend\submissions\b9f80542-1\submission.v";
