#! /c/iverilog/bin/vvp
:ivl_version "0.9.7 " "(v0_9_7)";
:vpi_time_precision - 12;
:vpi_module "system";
:vpi_module "v2005_math";
:vpi_module "va_math";
S_00A24E78 .scope module, "tb" "tb" 2 2;
 .timescale -9 -12;
v00A25790_0 .var "a", 0 0;
v00A21F60_0 .var "b", 0 0;
v00A21FB8_0 .net "y", 0 0, L_00A22010; 1 drivers
S_00A259F8 .scope module, "dut" "or_gate" 2 5, 3 1, S_00A24E78;
 .timescale 0 0;
L_00A22010 .functor OR 1, v00A25790_0, v00A21F60_0, C4<0>, C4<0>;
v00A25A80_0 .net "a", 0 0, v00A25790_0; 1 drivers
v00A256E0_0 .net "b", 0 0, v00A21F60_0; 1 drivers
v00A25738_0 .alias "y", 0 0, v00A21FB8_0;
    .scope S_00A24E78;
T_0 ;
    %vpi_call 2 8 "$dumpfile", "simulation.vcd";
    %vpi_call 2 9 "$dumpvars", 1'sb0, S_00A24E78;
    %set/v v00A25790_0, 0, 1;
    %set/v v00A21F60_0, 0, 1;
    %delay 5000, 0;
    %vpi_call 2 10 "$display", "%b %b %b", v00A25790_0, v00A21F60_0, v00A21FB8_0;
    %set/v v00A25790_0, 0, 1;
    %set/v v00A21F60_0, 1, 1;
    %delay 5000, 0;
    %vpi_call 2 11 "$display", "%b %b %b", v00A25790_0, v00A21F60_0, v00A21FB8_0;
    %set/v v00A25790_0, 1, 1;
    %set/v v00A21F60_0, 0, 1;
    %delay 5000, 0;
    %vpi_call 2 12 "$display", "%b %b %b", v00A25790_0, v00A21F60_0, v00A21FB8_0;
    %set/v v00A25790_0, 1, 1;
    %set/v v00A21F60_0, 1, 1;
    %delay 5000, 0;
    %vpi_call 2 13 "$display", "%b %b %b", v00A25790_0, v00A21F60_0, v00A21FB8_0;
    %vpi_call 2 14 "$finish";
    %end;
    .thread T_0;
# The file index is used to find the file name in the following table.
:file_names 4;
    "N/A";
    "<interactive>";
    "D:\buffer gate\buffer gate\verilog-judge\backend\problems\or_gate\tb.v";
    "D:\buffer gate\buffer gate\verilog-judge\backend\submissions\9a0365bf-1\submission.v";
