#! /c/iverilog/bin/vvp
:ivl_version "0.9.7 " "(v0_9_7)";
:vpi_time_precision - 12;
:vpi_module "system";
:vpi_module "v2005_math";
:vpi_module "va_math";
S_01304C60 .scope module, "tb" "tb" 2 2;
 .timescale -9 -12;
v01182470_0 .var "a", 31 0;
v011824C8_0 .net "y", 31 0, L_013084B8; 1 drivers
S_01305568 .scope module, "dut" "bit_set_32bit_4" 2 6, 3 1, S_01304C60;
 .timescale 0 0;
L_013084B8 .functor OR 32, v01182470_0, C4<00000000000000000000000000010000>, C4<00000000000000000000000000000000>, C4<00000000000000000000000000000000>;
v013046C8_0 .net *"_s0", 31 0, C4<00000000000000000000000000010000>; 1 drivers
v013045A8_0 .net "a", 31 0, v01182470_0; 1 drivers
v01308460_0 .alias "y", 31 0, v011824C8_0;
    .scope S_01304C60;
T_0 ;
    %vpi_call 2 9 "$dumpfile", "simulation.vcd";
    %vpi_call 2 10 "$dumpvars", 1'sb0, S_01304C60;
    %set/v v01182470_0, 0, 32;
    %delay 5000, 0;
    %vpi_call 2 11 "$display", "%b %b", v01182470_0, v011824C8_0;
    %movi 8, 16, 32;
    %set/v v01182470_0, 8, 32;
    %delay 5000, 0;
    %vpi_call 2 12 "$display", "%b %b", v01182470_0, v011824C8_0;
    %set/v v01182470_0, 1, 32;
    %delay 5000, 0;
    %vpi_call 2 13 "$display", "%b %b", v01182470_0, v011824C8_0;
    %movi 8, 2863311530, 32;
    %set/v v01182470_0, 8, 32;
    %delay 5000, 0;
    %vpi_call 2 14 "$display", "%b %b", v01182470_0, v011824C8_0;
    %vpi_call 2 15 "$finish";
    %end;
    .thread T_0;
# The file index is used to find the file name in the following table.
:file_names 4;
    "N/A";
    "<interactive>";
    "D:\buffer gate\buffer gate\verilog-judge\backend\problems\bit_set_32bit_4\tb.v";
    "D:\buffer gate\buffer gate\verilog-judge\backend\submissions\b5ae9170-b\submission.v";
