#! /c/iverilog/bin/vvp
:ivl_version "0.9.7 " "(v0_9_7)";
:vpi_time_precision - 12;
:vpi_module "system";
:vpi_module "v2005_math";
:vpi_module "va_math";
S_01254E78 .scope module, "tb" "tb" 2 2;
 .timescale -9 -12;
v01255790_0 .var "a", 0 0;
v01251F60_0 .var "b", 0 0;
v01251FB8_0 .net "y", 0 0, L_01252010; 1 drivers
S_012559F8 .scope module, "dut" "or_gate" 2 5, 3 1, S_01254E78;
 .timescale 0 0;
L_01252010 .functor OR 1, v01255790_0, v01251F60_0, C4<0>, C4<0>;
v01255A80_0 .net "a", 0 0, v01255790_0; 1 drivers
v012556E0_0 .net "b", 0 0, v01251F60_0; 1 drivers
v01255738_0 .alias "y", 0 0, v01251FB8_0;
    .scope S_01254E78;
T_0 ;
    %vpi_call 2 8 "$dumpfile", "simulation.vcd";
    %vpi_call 2 9 "$dumpvars", 1'sb0, S_01254E78;
    %set/v v01255790_0, 0, 1;
    %set/v v01251F60_0, 0, 1;
    %delay 5000, 0;
    %vpi_call 2 10 "$display", "%b %b %b", v01255790_0, v01251F60_0, v01251FB8_0;
    %set/v v01255790_0, 0, 1;
    %set/v v01251F60_0, 1, 1;
    %delay 5000, 0;
    %vpi_call 2 11 "$display", "%b %b %b", v01255790_0, v01251F60_0, v01251FB8_0;
    %set/v v01255790_0, 1, 1;
    %set/v v01251F60_0, 0, 1;
    %delay 5000, 0;
    %vpi_call 2 12 "$display", "%b %b %b", v01255790_0, v01251F60_0, v01251FB8_0;
    %set/v v01255790_0, 1, 1;
    %set/v v01251F60_0, 1, 1;
    %delay 5000, 0;
    %vpi_call 2 13 "$display", "%b %b %b", v01255790_0, v01251F60_0, v01251FB8_0;
    %vpi_call 2 14 "$finish";
    %end;
    .thread T_0;
# The file index is used to find the file name in the following table.
:file_names 4;
    "N/A";
    "<interactive>";
    "D:\buffer gate\buffer gate\verilog-judge\backend\problems\or_gate\tb.v";
    "D:\buffer gate\buffer gate\verilog-judge\backend\submissions\a679a14f-c\submission.v";
