#! /c/iverilog/bin/vvp
:ivl_version "0.9.7 " "(v0_9_7)";
:vpi_time_precision - 12;
:vpi_module "system";
:vpi_module "v2005_math";
:vpi_module "va_math";
S_012423E8 .scope module, "tb" "tb" 2 2;
 .timescale -9 -12;
v01202028_0 .var "sel", 2 0;
v01205740_0 .net "y", 7 0, L_01205798; 1 drivers
S_01242470 .scope module, "dut" "decoder_3to8" 2 6, 3 1, S_012423E8;
 .timescale 0 0;
v01201F78_0 .net *"_s0", 7 0, C4<00000001>; 1 drivers
v0120EF40_0 .net "sel", 2 0, v01202028_0; 1 drivers
v01201FD0_0 .alias "y", 7 0, v01205740_0;
L_01205798 .shift/l 8, C4<00000001>, v01202028_0;
    .scope S_012423E8;
T_0 ;
    %vpi_call 2 9 "$dumpfile", "simulation.vcd";
    %vpi_call 2 10 "$dumpvars", 1'sb0, S_012423E8;
    %set/v v01202028_0, 0, 3;
    %delay 5000, 0;
    %vpi_call 2 11 "$display", "%b", v01205740_0;
    %movi 8, 1, 3;
    %set/v v01202028_0, 8, 3;
    %delay 5000, 0;
    %vpi_call 2 12 "$display", "%b", v01205740_0;
    %set/v v01202028_0, 0, 3;
    %delay 5000, 0;
    %vpi_call 2 13 "$display", "%b", v01205740_0;
    %movi 8, 1, 3;
    %set/v v01202028_0, 8, 3;
    %delay 5000, 0;
    %vpi_call 2 14 "$display", "%b", v01205740_0;
    %vpi_call 2 15 "$finish";
    %end;
    .thread T_0;
# The file index is used to find the file name in the following table.
:file_names 4;
    "N/A";
    "<interactive>";
    "D:\buffer gate\buffer gate\verilog-judge\backend\problems\decoder_3to8\tb.v";
    "D:\buffer gate\buffer gate\verilog-judge\backend\submissions\d6dce920-7\submission.v";
