#! /c/iverilog/bin/vvp
:ivl_version "0.9.7 " "(v0_9_7)";
:vpi_time_precision - 12;
:vpi_module "system";
:vpi_module "v2005_math";
:vpi_module "va_math";
S_012325A8 .scope module, "tb" "tb" 2 2;
 .timescale -9 -12;
v011FED68_0 .var "clk", 0 0;
v011FEDC0_0 .net "detected", 0 0, v011F1FE8_0; 1 drivers
v011FEE18_0 .var "din", 0 0;
v011FEE70_0 .var "reset", 0 0;
S_011F1F60 .scope module, "dut" "mealy_1011_detector" 2 8, 3 1, S_012325A8;
 .timescale 0 0;
v011F58A0_0 .net "clk", 0 0, v011FED68_0; 1 drivers
v011F1FE8_0 .var "detected", 0 0;
v011F2040_0 .net "din", 0 0, v011FEE18_0; 1 drivers
v011FED10_0 .net "reset", 0 0, v011FEE70_0; 1 drivers
E_011F3BE8 .event "_s0";
    .scope S_011F1F60;
T_0 ;
    %wait E_011F3BE8;
    %jmp T_0;
    .thread T_0;
    .scope S_012325A8;
T_1 ;
    %set/v v011FED68_0, 0, 1;
T_1.0 ;
    %delay 5000, 0;
    %load/v 8, v011FED68_0, 1;
    %inv 8, 1;
    %set/v v011FED68_0, 8, 1;
    %jmp T_1.0;
    %end;
    .thread T_1;
    .scope S_012325A8;
T_2 ;
    %vpi_call 2 12 "$dumpfile", "simulation.vcd";
    %vpi_call 2 13 "$dumpvars", 1'sb0, S_012325A8;
    %set/v v011FED68_0, 0, 1;
    %set/v v011FEE70_0, 1, 1;
    %set/v v011FEE18_0, 0, 1;
    %delay 5000, 0;
    %vpi_call 2 14 "$display", "%b", v011FEDC0_0;
    %set/v v011FED68_0, 0, 1;
    %set/v v011FEE70_0, 0, 1;
    %set/v v011FEE18_0, 1, 1;
    %delay 5000, 0;
    %vpi_call 2 15 "$display", "%b", v011FEDC0_0;
    %set/v v011FED68_0, 0, 1;
    %set/v v011FEE70_0, 0, 1;
    %set/v v011FEE18_0, 1, 1;
    %delay 5000, 0;
    %vpi_call 2 16 "$display", "%b", v011FEDC0_0;
    %set/v v011FED68_0, 0, 1;
    %set/v v011FEE70_0, 0, 1;
    %set/v v011FEE18_0, 0, 1;
    %delay 5000, 0;
    %vpi_call 2 17 "$display", "%b", v011FEDC0_0;
    %vpi_call 2 18 "$finish";
    %end;
    .thread T_2;
# The file index is used to find the file name in the following table.
:file_names 4;
    "N/A";
    "<interactive>";
    "D:\buffer gate\buffer gate\verilog-judge\backend\problems\mealy_sequence_detector_1011\tb.v";
    "D:\buffer gate\buffer gate\verilog-judge\backend\submissions\8dd342bd-4\submission.v";
