#! /c/iverilog/bin/vvp
:ivl_version "0.9.7 " "(v0_9_7)";
:vpi_time_precision - 12;
:vpi_module "system";
:vpi_module "v2005_math";
:vpi_module "va_math";
S_01177BB0 .scope module, "tb" "tb" 2 2;
 .timescale -9 -12;
v011B2428_0 .var "a", 15 0;
v0117EDE8_0 .net "y", 0 0, L_0117EF38; 1 drivers
S_01171F60 .scope module, "dut" "zero_detector_16bit" 2 6, 3 1, S_01177BB0;
 .timescale 0 0;
v01171FE8_0 .net *"_s0", 16 0, L_0117EE40; 1 drivers
v01172040_0 .net *"_s3", 0 0, C4<0>; 1 drivers
v011B2320_0 .net *"_s4", 16 0, C4<00000000000000000>; 1 drivers
v011B2378_0 .net "a", 15 0, v011B2428_0; 1 drivers
v011B23D0_0 .alias "y", 0 0, v0117EDE8_0;
L_0117EE40 .concat [ 16 1 0 0], v011B2428_0, C4<0>;
L_0117EF38 .cmp/eq 17, L_0117EE40, C4<00000000000000000>;
    .scope S_01177BB0;
T_0 ;
    %vpi_call 2 9 "$dumpfile", "simulation.vcd";
    %vpi_call 2 10 "$dumpvars", 1'sb0, S_01177BB0;
    %set/v v011B2428_0, 0, 16;
    %delay 5000, 0;
    %vpi_call 2 11 "$display", "%b %b", v011B2428_0, v0117EDE8_0;
    %movi 8, 1, 16;
    %set/v v011B2428_0, 8, 16;
    %delay 5000, 0;
    %vpi_call 2 12 "$display", "%b %b", v011B2428_0, v0117EDE8_0;
    %set/v v011B2428_0, 1, 16;
    %delay 5000, 0;
    %vpi_call 2 13 "$display", "%b %b", v011B2428_0, v0117EDE8_0;
    %movi 8, 32768, 16;
    %set/v v011B2428_0, 8, 16;
    %delay 5000, 0;
    %vpi_call 2 14 "$display", "%b %b", v011B2428_0, v0117EDE8_0;
    %movi 8, 43690, 16;
    %set/v v011B2428_0, 8, 16;
    %delay 5000, 0;
    %vpi_call 2 15 "$display", "%b %b", v011B2428_0, v0117EDE8_0;
    %vpi_call 2 16 "$finish";
    %end;
    .thread T_0;
# The file index is used to find the file name in the following table.
:file_names 4;
    "N/A";
    "<interactive>";
    "D:\buffer gate\buffer gate\verilog-judge\backend\problems\zero_detector_16bit\tb.v";
    "D:\buffer gate\buffer gate\verilog-judge\backend\submissions\475e87f1-9\submission.v";
