#! /c/iverilog/bin/vvp
:ivl_version "0.9.7 " "(v0_9_7)";
:vpi_time_precision - 12;
:vpi_module "system";
:vpi_module "v2005_math";
:vpi_module "va_math";
S_01132838 .scope module, "tb" "tb" 2 2;
 .timescale -9 -12;
v0126D808_0 .var "clk", 0 0;
v0126D860_0 .net "count", 3 0, v01262040_0; 1 drivers
v0126D8B8_0 .var "dir", 0 0;
v0126D910_0 .var "rst", 0 0;
S_01261F60 .scope module, "dut" "up_down_counter" 2 8, 3 1, S_01132838;
 .timescale 0 0;
v01261FE8_0 .net "clk", 0 0, v0126D808_0; 1 drivers
v01262040_0 .var "count", 3 0;
v0126D758_0 .net "dir", 0 0, v0126D8B8_0; 1 drivers
v0126D7B0_0 .net "rst", 0 0, v0126D910_0; 1 drivers
E_01267510 .event "_s0";
    .scope S_01261F60;
T_0 ;
    %wait E_01267510;
    %jmp T_0;
    .thread T_0;
    .scope S_01132838;
T_1 ;
    %set/v v0126D808_0, 0, 1;
T_1.0 ;
    %delay 5000, 0;
    %load/v 8, v0126D808_0, 1;
    %inv 8, 1;
    %set/v v0126D808_0, 8, 1;
    %jmp T_1.0;
    %end;
    .thread T_1;
    .scope S_01132838;
T_2 ;
    %vpi_call 2 12 "$dumpfile", "simulation.vcd";
    %vpi_call 2 13 "$dumpvars", 1'sb0, S_01132838;
    %set/v v0126D808_0, 0, 1;
    %set/v v0126D910_0, 1, 1;
    %set/v v0126D8B8_0, 0, 1;
    %delay 5000, 0;
    %vpi_call 2 14 "$display", "%b", v0126D860_0;
    %set/v v0126D808_0, 0, 1;
    %set/v v0126D910_0, 0, 1;
    %set/v v0126D8B8_0, 1, 1;
    %delay 5000, 0;
    %vpi_call 2 15 "$display", "%b", v0126D860_0;
    %set/v v0126D808_0, 0, 1;
    %set/v v0126D910_0, 0, 1;
    %set/v v0126D8B8_0, 0, 1;
    %delay 5000, 0;
    %vpi_call 2 16 "$display", "%b", v0126D860_0;
    %set/v v0126D808_0, 0, 1;
    %set/v v0126D910_0, 0, 1;
    %set/v v0126D8B8_0, 1, 1;
    %delay 5000, 0;
    %vpi_call 2 17 "$display", "%b", v0126D860_0;
    %vpi_call 2 18 "$finish";
    %end;
    .thread T_2;
# The file index is used to find the file name in the following table.
:file_names 4;
    "N/A";
    "<interactive>";
    "D:\buffer gate\buffer gate\verilog-judge\backend\problems\up_down_counter\tb.v";
    "D:\buffer gate\buffer gate\verilog-judge\backend\submissions\014e1f8a-6\submission.v";
