#! /c/iverilog/bin/vvp
:ivl_version "0.9.7 " "(v0_9_7)";
:vpi_time_precision - 12;
:vpi_module "system";
:vpi_module "v2005_math";
:vpi_module "va_math";
S_01175930 .scope module, "tb" "tb" 2 2;
 .timescale -9 -12;
v011B2938_0 .var "a", 0 0;
v01171F68_0 .var "b", 0 0;
v01171FC0_0 .net "y", 0 0, L_011B2990; 1 drivers
S_01178D28 .scope module, "dut" "xor_1bit" 2 6, 3 1, S_01175930;
 .timescale 0 0;
L_011B2990 .functor XOR 1, v011B2938_0, v01171F68_0, C4<0>, C4<0>;
v01178DB0_0 .net "a", 0 0, v011B2938_0; 1 drivers
v011B2888_0 .net "b", 0 0, v01171F68_0; 1 drivers
v011B28E0_0 .alias "y", 0 0, v01171FC0_0;
    .scope S_01175930;
T_0 ;
    %vpi_call 2 9 "$dumpfile", "simulation.vcd";
    %vpi_call 2 10 "$dumpvars", 1'sb0, S_01175930;
    %set/v v011B2938_0, 0, 1;
    %set/v v01171F68_0, 0, 1;
    %delay 5000, 0;
    %vpi_call 2 11 "$display", "%b %b %b", v011B2938_0, v01171F68_0, v01171FC0_0;
    %set/v v011B2938_0, 0, 1;
    %set/v v01171F68_0, 1, 1;
    %delay 5000, 0;
    %vpi_call 2 12 "$display", "%b %b %b", v011B2938_0, v01171F68_0, v01171FC0_0;
    %set/v v011B2938_0, 1, 1;
    %set/v v01171F68_0, 0, 1;
    %delay 5000, 0;
    %vpi_call 2 13 "$display", "%b %b %b", v011B2938_0, v01171F68_0, v01171FC0_0;
    %set/v v011B2938_0, 1, 1;
    %set/v v01171F68_0, 1, 1;
    %delay 5000, 0;
    %vpi_call 2 14 "$display", "%b %b %b", v011B2938_0, v01171F68_0, v01171FC0_0;
    %set/v v011B2938_0, 1, 1;
    %set/v v01171F68_0, 1, 1;
    %delay 5000, 0;
    %vpi_call 2 15 "$display", "%b %b %b", v011B2938_0, v01171F68_0, v01171FC0_0;
    %set/v v011B2938_0, 0, 1;
    %set/v v01171F68_0, 1, 1;
    %delay 5000, 0;
    %vpi_call 2 16 "$display", "%b %b %b", v011B2938_0, v01171F68_0, v01171FC0_0;
    %vpi_call 2 17 "$finish";
    %end;
    .thread T_0;
# The file index is used to find the file name in the following table.
:file_names 4;
    "N/A";
    "<interactive>";
    "D:\buffer gate\buffer gate\verilog-judge\backend\problems\xor_1bit\tb.v";
    "D:\buffer gate\buffer gate\verilog-judge\backend\submissions\7819d43d-2\submission.v";
