#! /c/iverilog/bin/vvp
:ivl_version "0.9.7 " "(v0_9_7)";
:vpi_time_precision - 12;
:vpi_module "system";
:vpi_module "v2005_math";
:vpi_module "va_math";
S_01297F70 .scope module, "tb" "tb" 2 2;
 .timescale -9 -12;
v01292068_0 .var "a", 3 0;
v0129EE20_0 .var "b", 3 0;
v0129EE78_0 .var "c", 3 0;
v0129EED0_0 .var "d", 3 0;
v0129EF28_0 .var "sel", 1 0;
v0129EF80_0 .net "y", 3 0, v01292010_0; 1 drivers
S_01298080 .scope module, "dut" "mux4_4bit" 2 7, 3 1, S_01297F70;
 .timescale 0 0;
v011634C0_0 .net "a", 3 0, v01292068_0; 1 drivers
v01163518_0 .net "b", 3 0, v0129EE20_0; 1 drivers
v01163570_0 .net "c", 3 0, v0129EE78_0; 1 drivers
v01291F60_0 .net "d", 3 0, v0129EED0_0; 1 drivers
v01291FB8_0 .net "sel", 1 0, v0129EF28_0; 1 drivers
v01292010_0 .var "y", 3 0;
E_0129E740/0 .event edge, v01291FB8_0, v011634C0_0, v01163518_0, v01163570_0;
E_0129E740/1 .event edge, v01291F60_0;
E_0129E740 .event/or E_0129E740/0, E_0129E740/1;
    .scope S_01298080;
T_0 ;
    %wait E_0129E740;
    %load/v 8, v01291FB8_0, 2;
    %cmpi/u 8, 0, 2;
    %jmp/1 T_0.0, 6;
    %cmpi/u 8, 1, 2;
    %jmp/1 T_0.1, 6;
    %cmpi/u 8, 2, 2;
    %jmp/1 T_0.2, 6;
    %load/v 8, v01291F60_0, 4;
    %set/v v01292010_0, 8, 4;
    %jmp T_0.4;
T_0.0 ;
    %load/v 8, v011634C0_0, 4;
    %set/v v01292010_0, 8, 4;
    %jmp T_0.4;
T_0.1 ;
    %load/v 8, v01163518_0, 4;
    %set/v v01292010_0, 8, 4;
    %jmp T_0.4;
T_0.2 ;
    %load/v 8, v01163570_0, 4;
    %set/v v01292010_0, 8, 4;
    %jmp T_0.4;
T_0.4 ;
    %jmp T_0;
    .thread T_0, $push;
    .scope S_01297F70;
T_1 ;
    %vpi_call 2 10 "$dumpfile", "simulation.vcd";
    %vpi_call 2 11 "$dumpvars", 1'sb0, S_01297F70;
    %set/v v01292068_0, 0, 4;
    %movi 8, 1, 4;
    %set/v v0129EE20_0, 8, 4;
    %set/v v0129EE78_0, 1, 4;
    %movi 8, 10, 4;
    %set/v v0129EED0_0, 8, 4;
    %set/v v0129EF28_0, 0, 2;
    %delay 5000, 0;
    %vpi_call 2 12 "$display", "%b %b", v0129EF28_0, v0129EF80_0;
    %set/v v01292068_0, 0, 4;
    %movi 8, 1, 4;
    %set/v v0129EE20_0, 8, 4;
    %set/v v0129EE78_0, 1, 4;
    %movi 8, 10, 4;
    %set/v v0129EED0_0, 8, 4;
    %movi 8, 1, 2;
    %set/v v0129EF28_0, 8, 2;
    %delay 5000, 0;
    %vpi_call 2 13 "$display", "%b %b", v0129EF28_0, v0129EF80_0;
    %set/v v01292068_0, 0, 4;
    %movi 8, 1, 4;
    %set/v v0129EE20_0, 8, 4;
    %set/v v0129EE78_0, 1, 4;
    %movi 8, 10, 4;
    %set/v v0129EED0_0, 8, 4;
    %movi 8, 2, 2;
    %set/v v0129EF28_0, 8, 2;
    %delay 5000, 0;
    %vpi_call 2 14 "$display", "%b %b", v0129EF28_0, v0129EF80_0;
    %set/v v01292068_0, 0, 4;
    %movi 8, 1, 4;
    %set/v v0129EE20_0, 8, 4;
    %set/v v0129EE78_0, 1, 4;
    %movi 8, 10, 4;
    %set/v v0129EED0_0, 8, 4;
    %set/v v0129EF28_0, 1, 2;
    %delay 5000, 0;
    %vpi_call 2 15 "$display", "%b %b", v0129EF28_0, v0129EF80_0;
    %vpi_call 2 16 "$finish";
    %end;
    .thread T_1;
# The file index is used to find the file name in the following table.
:file_names 4;
    "N/A";
    "<interactive>";
    "D:\buffer gate\buffer gate\verilog-judge\backend\problems\mux4_4bit\tb.v";
    "D:\buffer gate\buffer gate\verilog-judge\backend\submissions\efd60721-6\submission.v";
