#! /c/iverilog/bin/vvp
:ivl_version "0.9.7 " "(v0_9_7)";
:vpi_time_precision - 12;
:vpi_module "system";
:vpi_module "v2005_math";
:vpi_module "va_math";
S_01192390 .scope module, "tb" "tb" 2 2;
 .timescale -9 -12;
v0115EF40_0 .var "a", 3 0;
v01151F58_0 .net "y", 3 0, L_011924A0; 1 drivers
S_01192418 .scope module, "dut" "not_4bit" 2 6, 3 1, S_01192390;
 .timescale 0 0;
L_011924A0 .functor NOT 4, v0115EF40_0, C4<0000>, C4<0000>, C4<0000>;
v011554A8_0 .net "a", 3 0, v0115EF40_0; 1 drivers
v01155A78_0 .alias "y", 3 0, v01151F58_0;
    .scope S_01192390;
T_0 ;
    %vpi_call 2 9 "$dumpfile", "simulation.vcd";
    %vpi_call 2 10 "$dumpvars", 1'sb0, S_01192390;
    %set/v v0115EF40_0, 0, 4;
    %delay 5000, 0;
    %vpi_call 2 11 "$display", "%b %b", v0115EF40_0, v01151F58_0;
    %set/v v0115EF40_0, 1, 4;
    %delay 5000, 0;
    %vpi_call 2 12 "$display", "%b %b", v0115EF40_0, v01151F58_0;
    %movi 8, 1, 4;
    %set/v v0115EF40_0, 8, 4;
    %delay 5000, 0;
    %vpi_call 2 13 "$display", "%b %b", v0115EF40_0, v01151F58_0;
    %movi 8, 8, 4;
    %set/v v0115EF40_0, 8, 4;
    %delay 5000, 0;
    %vpi_call 2 14 "$display", "%b %b", v0115EF40_0, v01151F58_0;
    %movi 8, 10, 4;
    %set/v v0115EF40_0, 8, 4;
    %delay 5000, 0;
    %vpi_call 2 15 "$display", "%b %b", v0115EF40_0, v01151F58_0;
    %vpi_call 2 16 "$finish";
    %end;
    .thread T_0;
# The file index is used to find the file name in the following table.
:file_names 4;
    "N/A";
    "<interactive>";
    "D:\buffer gate\buffer gate\verilog-judge\backend\problems\not_4bit\tb.v";
    "D:\buffer gate\buffer gate\verilog-judge\backend\submissions\ebf1e576-1\submission.v";
