#! /c/iverilog/bin/vvp
:ivl_version "0.9.7 " "(v0_9_7)";
:vpi_time_precision - 12;
:vpi_module "system";
:vpi_module "v2005_math";
:vpi_module "va_math";
S_01234FD0 .scope module, "tb" "tb" 2 2;
 .timescale -9 -12;
v01231FC0_0 .var "a", 7 0;
v01232018_0 .net "y", 7 0, L_01235930; 1 drivers
S_01132430 .scope module, "dut" "bit_set_8bit_3" 2 6, 3 1, S_01234FD0;
 .timescale 0 0;
L_01235930 .functor OR 8, v01231FC0_0, C4<00001000>, C4<00000000>, C4<00000000>;
v011324B8_0 .net *"_s0", 7 0, C4<00001000>; 1 drivers
v01132510_0 .net "a", 7 0, v01231FC0_0; 1 drivers
v01231F68_0 .alias "y", 7 0, v01232018_0;
    .scope S_01234FD0;
T_0 ;
    %vpi_call 2 9 "$dumpfile", "simulation.vcd";
    %vpi_call 2 10 "$dumpvars", 1'sb0, S_01234FD0;
    %set/v v01231FC0_0, 0, 8;
    %delay 5000, 0;
    %vpi_call 2 11 "$display", "%b %b", v01231FC0_0, v01232018_0;
    %movi 8, 8, 8;
    %set/v v01231FC0_0, 8, 8;
    %delay 5000, 0;
    %vpi_call 2 12 "$display", "%b %b", v01231FC0_0, v01232018_0;
    %set/v v01231FC0_0, 1, 8;
    %delay 5000, 0;
    %vpi_call 2 13 "$display", "%b %b", v01231FC0_0, v01232018_0;
    %movi 8, 170, 8;
    %set/v v01231FC0_0, 8, 8;
    %delay 5000, 0;
    %vpi_call 2 14 "$display", "%b %b", v01231FC0_0, v01232018_0;
    %vpi_call 2 15 "$finish";
    %end;
    .thread T_0;
# The file index is used to find the file name in the following table.
:file_names 4;
    "N/A";
    "<interactive>";
    "D:\buffer gate\buffer gate\verilog-judge\backend\problems\bit_set_8bit_3\tb.v";
    "D:\buffer gate\buffer gate\verilog-judge\backend\submissions\5475f04c-8\submission.v";
