#! /c/iverilog/bin/vvp
:ivl_version "0.9.7 " "(v0_9_7)";
:vpi_time_precision - 12;
:vpi_module "system";
:vpi_module "v2005_math";
:vpi_module "va_math";
S_00AB4FD0 .scope module, "tb" "tb" 2 2;
 .timescale -9 -12;
v00AB1FC0_0 .var "a", 7 0;
v00AB2018_0 .net "y", 7 0, L_00AB5930; 1 drivers
S_011F2430 .scope module, "dut" "bit_set_8bit_4" 2 6, 3 1, S_00AB4FD0;
 .timescale 0 0;
L_00AB5930 .functor OR 8, v00AB1FC0_0, C4<00010000>, C4<00000000>, C4<00000000>;
v011F24B8_0 .net *"_s0", 7 0, C4<00010000>; 1 drivers
v011F2510_0 .net "a", 7 0, v00AB1FC0_0; 1 drivers
v00AB1F68_0 .alias "y", 7 0, v00AB2018_0;
    .scope S_00AB4FD0;
T_0 ;
    %vpi_call 2 9 "$dumpfile", "simulation.vcd";
    %vpi_call 2 10 "$dumpvars", 1'sb0, S_00AB4FD0;
    %set/v v00AB1FC0_0, 0, 8;
    %delay 5000, 0;
    %vpi_call 2 11 "$display", "%b %b", v00AB1FC0_0, v00AB2018_0;
    %movi 8, 16, 8;
    %set/v v00AB1FC0_0, 8, 8;
    %delay 5000, 0;
    %vpi_call 2 12 "$display", "%b %b", v00AB1FC0_0, v00AB2018_0;
    %set/v v00AB1FC0_0, 1, 8;
    %delay 5000, 0;
    %vpi_call 2 13 "$display", "%b %b", v00AB1FC0_0, v00AB2018_0;
    %movi 8, 170, 8;
    %set/v v00AB1FC0_0, 8, 8;
    %delay 5000, 0;
    %vpi_call 2 14 "$display", "%b %b", v00AB1FC0_0, v00AB2018_0;
    %vpi_call 2 15 "$finish";
    %end;
    .thread T_0;
# The file index is used to find the file name in the following table.
:file_names 4;
    "N/A";
    "<interactive>";
    "D:\buffer gate\buffer gate\verilog-judge\backend\problems\bit_set_8bit_4\tb.v";
    "D:\buffer gate\buffer gate\verilog-judge\backend\submissions\0365d41e-2\submission.v";
