#! /c/iverilog/bin/vvp
:ivl_version "0.9.7 " "(v0_9_7)";
:vpi_time_precision - 12;
:vpi_module "system";
:vpi_module "v2005_math";
:vpi_module "va_math";
S_01249418 .scope module, "tb" "tb" 2 2;
 .timescale -9 -12;
v01241FD0_0 .var "clk", 0 0;
v01242028_0 .net "count", 7 0, v01152F38_0; 1 drivers
v0124EE58_0 .var "enable", 0 0;
v0124EEB0_0 .var "reset", 0 0;
S_01152EB0 .scope module, "dut" "counter_up_8bit" 2 5, 3 1, S_01249418;
 .timescale 0 0;
v012494A0_0 .net "clk", 0 0, v01241FD0_0; 1 drivers
v01152F38_0 .var "count", 7 0;
v01152F90_0 .net "enable", 0 0, v0124EE58_0; 1 drivers
v01241F78_0 .net "reset", 0 0, v0124EEB0_0; 1 drivers
E_01247DB8 .event posedge, v01241F78_0, v012494A0_0;
    .scope S_01152EB0;
T_0 ;
    %wait E_01247DB8;
    %load/v 8, v01241F78_0, 1;
    %jmp/0xz  T_0.0, 8;
    %ix/load 0, 8, 0;
    %assign/v0 v01152F38_0, 0, 0;
    %jmp T_0.1;
T_0.0 ;
    %load/v 8, v01152F90_0, 1;
    %jmp/0xz  T_0.2, 8;
    %ix/load 0, 1, 0;
    %load/vp0 8, v01152F38_0, 8;
    %ix/load 0, 8, 0;
    %assign/v0 v01152F38_0, 0, 8;
T_0.2 ;
T_0.1 ;
    %jmp T_0;
    .thread T_0;
    .scope S_01249418;
T_1 ;
    %vpi_call 2 8 "$dumpfile", "simulation.vcd";
    %vpi_call 2 9 "$dumpvars", 1'sb0, S_01249418;
    %set/v v01241FD0_0, 0, 1;
T_1.0 ;
    %delay 5000, 0;
    %load/v 8, v01241FD0_0, 1;
    %inv 8, 1;
    %set/v v01241FD0_0, 8, 1;
    %jmp T_1.0;
    %end;
    .thread T_1;
    .scope S_01249418;
T_2 ;
    %set/v v0124EEB0_0, 1, 1;
    %set/v v0124EE58_0, 0, 1;
    %delay 7000, 0;
    %vpi_call 2 15 "$display", "%b %b %b", v0124EEB0_0, v0124EE58_0, v01242028_0;
    %set/v v0124EEB0_0, 0, 1;
    %set/v v0124EE58_0, 1, 1;
    %delay 10000, 0;
    %vpi_call 2 16 "$display", "%b %b %b", v0124EEB0_0, v0124EE58_0, v01242028_0;
    %delay 10000, 0;
    %vpi_call 2 17 "$display", "%b %b %b", v0124EEB0_0, v0124EE58_0, v01242028_0;
    %set/v v0124EE58_0, 0, 1;
    %delay 10000, 0;
    %vpi_call 2 18 "$display", "%b %b %b", v0124EEB0_0, v0124EE58_0, v01242028_0;
    %set/v v0124EE58_0, 1, 1;
    %delay 10000, 0;
    %vpi_call 2 19 "$display", "%b %b %b", v0124EEB0_0, v0124EE58_0, v01242028_0;
    %set/v v0124EEB0_0, 1, 1;
    %delay 3000, 0;
    %vpi_call 2 20 "$display", "%b %b %b", v0124EEB0_0, v0124EE58_0, v01242028_0;
    %vpi_call 2 21 "$finish";
    %end;
    .thread T_2;
# The file index is used to find the file name in the following table.
:file_names 4;
    "N/A";
    "<interactive>";
    "D:\buffer gate\buffer gate\verilog-judge\backend\problems\counter_up_8bit\tb.v";
    "D:\buffer gate\buffer gate\verilog-judge\backend\submissions\75a75279-f\submission.v";
