#! /c/iverilog/bin/vvp
:ivl_version "0.9.7 " "(v0_9_7)";
:vpi_time_precision - 12;
:vpi_module "system";
:vpi_module "v2005_math";
:vpi_module "va_math";
S_013683B0 .scope module, "tb" "tb" 2 2;
 .timescale -9 -12;
v01362060_0 .var "a", 7 0;
v0136EE58_0 .var "b", 7 0;
v0136EEB0_0 .var "c", 7 0;
v0136EF08_0 .var "d", 7 0;
v0136EF60_0 .var "sel", 1 0;
v0136B740_0 .net "y", 7 0, v01362008_0; 1 drivers
S_01368900 .scope module, "dut" "mux4_8bit" 2 7, 3 1, S_013683B0;
 .timescale 0 0;
v012534C0_0 .net "a", 7 0, v01362060_0; 1 drivers
v01253518_0 .net "b", 7 0, v0136EE58_0; 1 drivers
v01253570_0 .net "c", 7 0, v0136EEB0_0; 1 drivers
v01361F58_0 .net "d", 7 0, v0136EF08_0; 1 drivers
v01361FB0_0 .net "sel", 1 0, v0136EF60_0; 1 drivers
v01362008_0 .var "y", 7 0;
E_0136EDC0/0 .event edge, v01361FB0_0, v012534C0_0, v01253518_0, v01253570_0;
E_0136EDC0/1 .event edge, v01361F58_0;
E_0136EDC0 .event/or E_0136EDC0/0, E_0136EDC0/1;
    .scope S_01368900;
T_0 ;
    %wait E_0136EDC0;
    %load/v 8, v01361FB0_0, 2;
    %cmpi/u 8, 0, 2;
    %jmp/1 T_0.0, 6;
    %cmpi/u 8, 1, 2;
    %jmp/1 T_0.1, 6;
    %cmpi/u 8, 2, 2;
    %jmp/1 T_0.2, 6;
    %load/v 8, v01361F58_0, 8;
    %set/v v01362008_0, 8, 8;
    %jmp T_0.4;
T_0.0 ;
    %load/v 8, v012534C0_0, 8;
    %set/v v01362008_0, 8, 8;
    %jmp T_0.4;
T_0.1 ;
    %load/v 8, v01253518_0, 8;
    %set/v v01362008_0, 8, 8;
    %jmp T_0.4;
T_0.2 ;
    %load/v 8, v01253570_0, 8;
    %set/v v01362008_0, 8, 8;
    %jmp T_0.4;
T_0.4 ;
    %jmp T_0;
    .thread T_0, $push;
    .scope S_013683B0;
T_1 ;
    %vpi_call 2 10 "$dumpfile", "simulation.vcd";
    %vpi_call 2 11 "$dumpvars", 1'sb0, S_013683B0;
    %set/v v01362060_0, 0, 8;
    %movi 8, 1, 8;
    %set/v v0136EE58_0, 8, 8;
    %set/v v0136EEB0_0, 1, 8;
    %movi 8, 170, 8;
    %set/v v0136EF08_0, 8, 8;
    %set/v v0136EF60_0, 0, 2;
    %delay 5000, 0;
    %vpi_call 2 12 "$display", "%b %b", v0136EF60_0, v0136B740_0;
    %set/v v01362060_0, 0, 8;
    %movi 8, 1, 8;
    %set/v v0136EE58_0, 8, 8;
    %set/v v0136EEB0_0, 1, 8;
    %movi 8, 170, 8;
    %set/v v0136EF08_0, 8, 8;
    %movi 8, 1, 2;
    %set/v v0136EF60_0, 8, 2;
    %delay 5000, 0;
    %vpi_call 2 13 "$display", "%b %b", v0136EF60_0, v0136B740_0;
    %set/v v01362060_0, 0, 8;
    %movi 8, 1, 8;
    %set/v v0136EE58_0, 8, 8;
    %set/v v0136EEB0_0, 1, 8;
    %movi 8, 170, 8;
    %set/v v0136EF08_0, 8, 8;
    %movi 8, 2, 2;
    %set/v v0136EF60_0, 8, 2;
    %delay 5000, 0;
    %vpi_call 2 14 "$display", "%b %b", v0136EF60_0, v0136B740_0;
    %set/v v01362060_0, 0, 8;
    %movi 8, 1, 8;
    %set/v v0136EE58_0, 8, 8;
    %set/v v0136EEB0_0, 1, 8;
    %movi 8, 170, 8;
    %set/v v0136EF08_0, 8, 8;
    %set/v v0136EF60_0, 1, 2;
    %delay 5000, 0;
    %vpi_call 2 15 "$display", "%b %b", v0136EF60_0, v0136B740_0;
    %vpi_call 2 16 "$finish";
    %end;
    .thread T_1;
# The file index is used to find the file name in the following table.
:file_names 4;
    "N/A";
    "<interactive>";
    "D:\buffer gate\buffer gate\verilog-judge\backend\problems\mux4_8bit\tb.v";
    "D:\buffer gate\buffer gate\verilog-judge\backend\submissions\314babb3-3\submission.v";
