#! /c/iverilog/bin/vvp
:ivl_version "0.9.7 " "(v0_9_7)";
:vpi_time_precision - 12;
:vpi_module "system";
:vpi_module "v2005_math";
:vpi_module "va_math";
S_01132840 .scope module, "tb" "tb" 2 2;
 .timescale -9 -12;
v01282010_0 .var "clk", 0 0;
v01282068_0 .net "grant", 2 0, v01285880_0; 1 drivers
v0128DD28_0 .var "req", 2 0;
v0128DD80_0 .var "rst", 0 0;
S_012857A0 .scope module, "dut" "bus_arbiter" 2 8, 3 1, S_01132840;
 .timescale 0 0;
v01285828_0 .net "clk", 0 0, v01282010_0; 1 drivers
v01285880_0 .var "grant", 2 0;
v01281F60_0 .net "req", 2 0, v0128DD28_0; 1 drivers
v01281FB8_0 .net "rst", 0 0, v0128DD80_0; 1 drivers
E_01289FF8 .event "_s0";
    .scope S_012857A0;
T_0 ;
    %wait E_01289FF8;
    %jmp T_0;
    .thread T_0;
    .scope S_01132840;
T_1 ;
    %set/v v01282010_0, 0, 1;
T_1.0 ;
    %delay 5000, 0;
    %load/v 8, v01282010_0, 1;
    %inv 8, 1;
    %set/v v01282010_0, 8, 1;
    %jmp T_1.0;
    %end;
    .thread T_1;
    .scope S_01132840;
T_2 ;
    %vpi_call 2 12 "$dumpfile", "simulation.vcd";
    %vpi_call 2 13 "$dumpvars", 1'sb0, S_01132840;
    %set/v v01282010_0, 0, 1;
    %set/v v0128DD80_0, 1, 1;
    %set/v v0128DD28_0, 0, 3;
    %delay 5000, 0;
    %vpi_call 2 14 "$display", "%b", v01282068_0;
    %set/v v01282010_0, 0, 1;
    %set/v v0128DD80_0, 0, 1;
    %movi 8, 1, 3;
    %set/v v0128DD28_0, 8, 3;
    %delay 5000, 0;
    %vpi_call 2 15 "$display", "%b", v01282068_0;
    %set/v v01282010_0, 0, 1;
    %set/v v0128DD80_0, 0, 1;
    %set/v v0128DD28_0, 1, 3;
    %delay 5000, 0;
    %vpi_call 2 16 "$display", "%b", v01282068_0;
    %set/v v01282010_0, 0, 1;
    %set/v v0128DD80_0, 0, 1;
    %movi 8, 2, 3;
    %set/v v0128DD28_0, 8, 3;
    %delay 5000, 0;
    %vpi_call 2 17 "$display", "%b", v01282068_0;
    %vpi_call 2 18 "$finish";
    %end;
    .thread T_2;
# The file index is used to find the file name in the following table.
:file_names 4;
    "N/A";
    "<interactive>";
    "D:\buffer gate\buffer gate\verilog-judge\backend\problems\bus_arbiter\tb.v";
    "D:\buffer gate\buffer gate\verilog-judge\backend\submissions\f2db718d-8\submission.v";
