#! /c/iverilog/bin/vvp
:ivl_version "0.9.7 " "(v0_9_7)";
:vpi_time_precision - 12;
:vpi_module "system";
:vpi_module "v2005_math";
:vpi_module "va_math";
S_012F58A0 .scope module, "tb" "tb" 2 2;
 .timescale -9 -12;
v012F1FD0_0 .var "a", 3 0;
v012F2028_0 .net "y", 15 0, L_012FED48; 1 drivers
S_011423F8 .scope module, "dut" "decoder_4to16" 2 6, 3 1, S_012F58A0;
 .timescale 0 0;
v01142480_0 .net *"_s0", 15 0, C4<0000000000000001>; 1 drivers
v011424D8_0 .net "a", 3 0, v012F1FD0_0; 1 drivers
v012F1F78_0 .alias "y", 15 0, v012F2028_0;
L_012FED48 .shift/l 16, C4<0000000000000001>, v012F1FD0_0;
    .scope S_012F58A0;
T_0 ;
    %vpi_call 2 9 "$dumpfile", "simulation.vcd";
    %vpi_call 2 10 "$dumpvars", 1'sb0, S_012F58A0;
    %set/v v012F1FD0_0, 0, 4;
    %delay 5000, 0;
    %vpi_call 2 11 "$display", "%b %b", v012F1FD0_0, v012F2028_0;
    %movi 8, 1, 4;
    %set/v v012F1FD0_0, 8, 4;
    %delay 5000, 0;
    %vpi_call 2 12 "$display", "%b %b", v012F1FD0_0, v012F2028_0;
    %movi 8, 2, 4;
    %set/v v012F1FD0_0, 8, 4;
    %delay 5000, 0;
    %vpi_call 2 13 "$display", "%b %b", v012F1FD0_0, v012F2028_0;
    %movi 8, 3, 4;
    %set/v v012F1FD0_0, 8, 4;
    %delay 5000, 0;
    %vpi_call 2 14 "$display", "%b %b", v012F1FD0_0, v012F2028_0;
    %movi 8, 4, 4;
    %set/v v012F1FD0_0, 8, 4;
    %delay 5000, 0;
    %vpi_call 2 15 "$display", "%b %b", v012F1FD0_0, v012F2028_0;
    %movi 8, 5, 4;
    %set/v v012F1FD0_0, 8, 4;
    %delay 5000, 0;
    %vpi_call 2 16 "$display", "%b %b", v012F1FD0_0, v012F2028_0;
    %movi 8, 6, 4;
    %set/v v012F1FD0_0, 8, 4;
    %delay 5000, 0;
    %vpi_call 2 17 "$display", "%b %b", v012F1FD0_0, v012F2028_0;
    %movi 8, 7, 4;
    %set/v v012F1FD0_0, 8, 4;
    %delay 5000, 0;
    %vpi_call 2 18 "$display", "%b %b", v012F1FD0_0, v012F2028_0;
    %vpi_call 2 19 "$finish";
    %end;
    .thread T_0;
# The file index is used to find the file name in the following table.
:file_names 4;
    "N/A";
    "<interactive>";
    "D:\buffer gate\buffer gate\verilog-judge\backend\problems\decoder_4to16\tb.v";
    "D:\buffer gate\buffer gate\verilog-judge\backend\submissions\1d08d85c-d\submission.v";
