#! /c/iverilog/bin/vvp
:ivl_version "0.9.7 " "(v0_9_7)";
:vpi_time_precision - 12;
:vpi_module "system";
:vpi_module "v2005_math";
:vpi_module "va_math";
S_012E50E0 .scope module, "tb" "tb" 2 2;
 .timescale -9 -12;
v011726B8_0 .var "a", 31 0;
v01172710_0 .net "y", 31 0, L_012E5A60; 1 drivers
S_012E5388 .scope module, "dut" "bit_toggle_32bit_4" 2 6, 3 1, S_012E50E0;
 .timescale 0 0;
L_012E5A60 .functor XOR 32, v011726B8_0, C4<00000000000000000000000000010000>, C4<00000000000000000000000000000000>, C4<00000000000000000000000000000000>;
v012E45A8_0 .net *"_s0", 31 0, C4<00000000000000000000000000010000>; 1 drivers
v012E83B8_0 .net "a", 31 0, v011726B8_0; 1 drivers
v01172660_0 .alias "y", 31 0, v01172710_0;
    .scope S_012E50E0;
T_0 ;
    %vpi_call 2 9 "$dumpfile", "simulation.vcd";
    %vpi_call 2 10 "$dumpvars", 1'sb0, S_012E50E0;
    %set/v v011726B8_0, 0, 32;
    %delay 5000, 0;
    %vpi_call 2 11 "$display", "%b %b", v011726B8_0, v01172710_0;
    %movi 8, 16, 32;
    %set/v v011726B8_0, 8, 32;
    %delay 5000, 0;
    %vpi_call 2 12 "$display", "%b %b", v011726B8_0, v01172710_0;
    %set/v v011726B8_0, 1, 32;
    %delay 5000, 0;
    %vpi_call 2 13 "$display", "%b %b", v011726B8_0, v01172710_0;
    %movi 8, 2863311530, 32;
    %set/v v011726B8_0, 8, 32;
    %delay 5000, 0;
    %vpi_call 2 14 "$display", "%b %b", v011726B8_0, v01172710_0;
    %vpi_call 2 15 "$finish";
    %end;
    .thread T_0;
# The file index is used to find the file name in the following table.
:file_names 4;
    "N/A";
    "<interactive>";
    "D:\buffer gate\buffer gate\verilog-judge\backend\problems\bit_toggle_32bit_4\tb.v";
    "D:\buffer gate\buffer gate\verilog-judge\backend\submissions\b9ed9a61-1\submission.v";
