#! /c/iverilog/bin/vvp
:ivl_version "0.9.7 " "(v0_9_7)";
:vpi_time_precision - 12;
:vpi_module "system";
:vpi_module "v2005_math";
:vpi_module "va_math";
S_011058F8 .scope module, "tb" "tb" 2 2;
 .timescale -9 -12;
v011428E8_0 .var "a", 3 0;
v01142940_0 .var "b", 3 0;
v01101F68_0 .net "y", 3 0, L_01142998; 1 drivers
S_01108D28 .scope module, "dut" "xor_4bit" 2 6, 3 1, S_011058F8;
 .timescale 0 0;
L_01142998 .functor XOR 4, v011428E8_0, v01142940_0, C4<0000>, C4<0000>;
v01108DB0_0 .net "a", 3 0, v011428E8_0; 1 drivers
v0110EF68_0 .net "b", 3 0, v01142940_0; 1 drivers
v01142890_0 .alias "y", 3 0, v01101F68_0;
    .scope S_011058F8;
T_0 ;
    %vpi_call 2 9 "$dumpfile", "simulation.vcd";
    %vpi_call 2 10 "$dumpvars", 1'sb0, S_011058F8;
    %set/v v011428E8_0, 0, 4;
    %set/v v01142940_0, 0, 4;
    %delay 5000, 0;
    %vpi_call 2 11 "$display", "%b %b %b", v011428E8_0, v01142940_0, v01101F68_0;
    %set/v v011428E8_0, 0, 4;
    %set/v v01142940_0, 1, 4;
    %delay 5000, 0;
    %vpi_call 2 12 "$display", "%b %b %b", v011428E8_0, v01142940_0, v01101F68_0;
    %set/v v011428E8_0, 1, 4;
    %set/v v01142940_0, 0, 4;
    %delay 5000, 0;
    %vpi_call 2 13 "$display", "%b %b %b", v011428E8_0, v01142940_0, v01101F68_0;
    %set/v v011428E8_0, 1, 4;
    %set/v v01142940_0, 1, 4;
    %delay 5000, 0;
    %vpi_call 2 14 "$display", "%b %b %b", v011428E8_0, v01142940_0, v01101F68_0;
    %movi 8, 8, 4;
    %set/v v011428E8_0, 8, 4;
    %set/v v01142940_0, 1, 4;
    %delay 5000, 0;
    %vpi_call 2 15 "$display", "%b %b %b", v011428E8_0, v01142940_0, v01101F68_0;
    %movi 8, 5, 4;
    %set/v v011428E8_0, 8, 4;
    %movi 8, 10, 4;
    %set/v v01142940_0, 8, 4;
    %delay 5000, 0;
    %vpi_call 2 16 "$display", "%b %b %b", v011428E8_0, v01142940_0, v01101F68_0;
    %vpi_call 2 17 "$finish";
    %end;
    .thread T_0;
# The file index is used to find the file name in the following table.
:file_names 4;
    "N/A";
    "<interactive>";
    "D:\buffer gate\buffer gate\verilog-judge\backend\problems\xor_4bit\tb.v";
    "D:\buffer gate\buffer gate\verilog-judge\backend\submissions\4e66dad4-2\submission.v";
