#! /c/iverilog/bin/vvp
:ivl_version "0.9.7 " "(v0_9_7)";
:vpi_time_precision - 12;
:vpi_module "system";
:vpi_module "v2005_math";
:vpi_module "va_math";
S_01265A08 .scope module, "tb" "tb" 2 2;
 .timescale -9 -12;
v01261FC0_0 .var "a", 0 0;
v01262018_0 .var "b", 0 0;
v01262070_0 .net "y", 0 0, L_0126EC28; 1 drivers
S_011328B0 .scope module, "dut" "nor_1bit" 2 6, 3 1, S_01265A08;
 .timescale 0 0;
L_0126EB80 .functor OR 1, v01261FC0_0, v01262018_0, C4<0>, C4<0>;
L_0126EC28 .functor NOT 1, L_0126EB80, C4<0>, C4<0>, C4<0>;
v01265A90_0 .net *"_s0", 0 0, L_0126EB80; 1 drivers
v01132938_0 .net "a", 0 0, v01261FC0_0; 1 drivers
v01132990_0 .net "b", 0 0, v01262018_0; 1 drivers
v01261F68_0 .alias "y", 0 0, v01262070_0;
    .scope S_01265A08;
T_0 ;
    %vpi_call 2 9 "$dumpfile", "simulation.vcd";
    %vpi_call 2 10 "$dumpvars", 1'sb0, S_01265A08;
    %set/v v01261FC0_0, 0, 1;
    %set/v v01262018_0, 0, 1;
    %delay 5000, 0;
    %vpi_call 2 11 "$display", "%b %b %b", v01261FC0_0, v01262018_0, v01262070_0;
    %set/v v01261FC0_0, 0, 1;
    %set/v v01262018_0, 1, 1;
    %delay 5000, 0;
    %vpi_call 2 12 "$display", "%b %b %b", v01261FC0_0, v01262018_0, v01262070_0;
    %set/v v01261FC0_0, 1, 1;
    %set/v v01262018_0, 0, 1;
    %delay 5000, 0;
    %vpi_call 2 13 "$display", "%b %b %b", v01261FC0_0, v01262018_0, v01262070_0;
    %set/v v01261FC0_0, 1, 1;
    %set/v v01262018_0, 1, 1;
    %delay 5000, 0;
    %vpi_call 2 14 "$display", "%b %b %b", v01261FC0_0, v01262018_0, v01262070_0;
    %set/v v01261FC0_0, 1, 1;
    %set/v v01262018_0, 1, 1;
    %delay 5000, 0;
    %vpi_call 2 15 "$display", "%b %b %b", v01261FC0_0, v01262018_0, v01262070_0;
    %set/v v01261FC0_0, 0, 1;
    %set/v v01262018_0, 1, 1;
    %delay 5000, 0;
    %vpi_call 2 16 "$display", "%b %b %b", v01261FC0_0, v01262018_0, v01262070_0;
    %vpi_call 2 17 "$finish";
    %end;
    .thread T_0;
# The file index is used to find the file name in the following table.
:file_names 4;
    "N/A";
    "<interactive>";
    "D:\buffer gate\buffer gate\verilog-judge\backend\problems\nor_1bit\tb.v";
    "D:\buffer gate\buffer gate\verilog-judge\backend\submissions\64f59995-6\submission.v";
