#! /c/iverilog/bin/vvp
:ivl_version "0.9.7 " "(v0_9_7)";
:vpi_time_precision - 12;
:vpi_module "system";
:vpi_module "v2005_math";
:vpi_module "va_math";
S_01162888 .scope module, "tb" "tb" 2 2;
 .timescale -9 -12;
v01235918_0 .var "a", 15 0;
v01235970_0 .var "shamt", 3 0;
v012359C8_0 .net "y", 15 0, L_01235A20; 1 drivers
S_01162910 .scope module, "dut" "shift_right_16bit" 2 7, 3 1, S_01162888;
 .timescale 0 0;
v01231F60_0 .net "a", 15 0, v01235918_0; 1 drivers
v01231FB8_0 .net "shamt", 3 0, v01235970_0; 1 drivers
v01232010_0 .alias "y", 15 0, v012359C8_0;
L_01235A20 .shift/r 16, v01235918_0, v01235970_0;
    .scope S_01162888;
T_0 ;
    %vpi_call 2 10 "$dumpfile", "simulation.vcd";
    %vpi_call 2 11 "$dumpvars", 1'sb0, S_01162888;
    %movi 8, 1, 16;
    %set/v v01235918_0, 8, 16;
    %set/v v01235970_0, 0, 4;
    %delay 5000, 0;
    %vpi_call 2 12 "$display", "%b %b %b", v01235918_0, v01235970_0, v012359C8_0;
    %movi 8, 1, 16;
    %set/v v01235918_0, 8, 16;
    %movi 8, 1, 4;
    %set/v v01235970_0, 8, 4;
    %delay 5000, 0;
    %vpi_call 2 13 "$display", "%b %b %b", v01235918_0, v01235970_0, v012359C8_0;
    %set/v v01235918_0, 1, 16;
    %movi 8, 1, 4;
    %set/v v01235970_0, 8, 4;
    %delay 5000, 0;
    %vpi_call 2 14 "$display", "%b %b %b", v01235918_0, v01235970_0, v012359C8_0;
    %movi 8, 21845, 16;
    %set/v v01235918_0, 8, 16;
    %movi 8, 2, 4;
    %set/v v01235970_0, 8, 4;
    %delay 5000, 0;
    %vpi_call 2 15 "$display", "%b %b %b", v01235918_0, v01235970_0, v012359C8_0;
    %movi 8, 32768, 16;
    %set/v v01235918_0, 8, 16;
    %movi 8, 3, 4;
    %set/v v01235970_0, 8, 4;
    %delay 5000, 0;
    %vpi_call 2 16 "$display", "%b %b %b", v01235918_0, v01235970_0, v012359C8_0;
    %vpi_call 2 17 "$finish";
    %end;
    .thread T_0;
# The file index is used to find the file name in the following table.
:file_names 4;
    "N/A";
    "<interactive>";
    "D:\buffer gate\buffer gate\verilog-judge\backend\problems\shift_right_16bit\tb.v";
    "D:\buffer gate\buffer gate\verilog-judge\backend\submissions\1d079250-b\submission.v";
