#! /c/iverilog/bin/vvp
:ivl_version "0.9.7 " "(v0_9_7)";
:vpi_time_precision - 12;
:vpi_module "system";
:vpi_module "v2005_math";
:vpi_module "va_math";
S_01257BB0 .scope module, "tb" "tb" 2 2;
 .timescale -9 -12;
v01142428_0 .var "a", 15 0;
v0125EDE8_0 .net "y", 0 0, L_0125EF38; 1 drivers
S_01251F60 .scope module, "dut" "nonzero_detector_16bit" 2 6, 3 1, S_01257BB0;
 .timescale 0 0;
v01251FE8_0 .net *"_s0", 16 0, L_0125EE40; 1 drivers
v01252040_0 .net *"_s3", 0 0, C4<0>; 1 drivers
v01142320_0 .net *"_s4", 16 0, C4<00000000000000000>; 1 drivers
v01142378_0 .net "a", 15 0, v01142428_0; 1 drivers
v011423D0_0 .alias "y", 0 0, v0125EDE8_0;
L_0125EE40 .concat [ 16 1 0 0], v01142428_0, C4<0>;
L_0125EF38 .cmp/ne 17, L_0125EE40, C4<00000000000000000>;
    .scope S_01257BB0;
T_0 ;
    %vpi_call 2 9 "$dumpfile", "simulation.vcd";
    %vpi_call 2 10 "$dumpvars", 1'sb0, S_01257BB0;
    %set/v v01142428_0, 0, 16;
    %delay 5000, 0;
    %vpi_call 2 11 "$display", "%b %b", v01142428_0, v0125EDE8_0;
    %movi 8, 1, 16;
    %set/v v01142428_0, 8, 16;
    %delay 5000, 0;
    %vpi_call 2 12 "$display", "%b %b", v01142428_0, v0125EDE8_0;
    %set/v v01142428_0, 1, 16;
    %delay 5000, 0;
    %vpi_call 2 13 "$display", "%b %b", v01142428_0, v0125EDE8_0;
    %movi 8, 32768, 16;
    %set/v v01142428_0, 8, 16;
    %delay 5000, 0;
    %vpi_call 2 14 "$display", "%b %b", v01142428_0, v0125EDE8_0;
    %movi 8, 43690, 16;
    %set/v v01142428_0, 8, 16;
    %delay 5000, 0;
    %vpi_call 2 15 "$display", "%b %b", v01142428_0, v0125EDE8_0;
    %vpi_call 2 16 "$finish";
    %end;
    .thread T_0;
# The file index is used to find the file name in the following table.
:file_names 4;
    "N/A";
    "<interactive>";
    "D:\buffer gate\buffer gate\verilog-judge\backend\problems\nonzero_detector_16bit\tb.v";
    "D:\buffer gate\buffer gate\verilog-judge\backend\submissions\014d9fb7-e\submission.v";
