#! /c/iverilog/bin/vvp
:ivl_version "0.9.7 " "(v0_9_7)";
:vpi_time_precision - 12;
:vpi_module "system";
:vpi_module "v2005_math";
:vpi_module "va_math";
S_01121FE8 .scope module, "tb" "tb" 2 2;
 .timescale -9 -12;
v01125A10_0 .var "a", 7 0;
v01125A68_0 .var "b", 7 0;
v01180C08_0 .net "diff", 7 0, v0112EF40_0; 1 drivers
S_01162758 .scope module, "dut" "absolute_difference" 2 7, 3 1, S_01121FE8;
 .timescale 0 0;
v011627E0_0 .net "a", 7 0, v01125A10_0; 1 drivers
v01162838_0 .net "b", 7 0, v01125A68_0; 1 drivers
v0112EF40_0 .var "diff", 7 0;
E_01123F48 .event "_s0";
    .scope S_01162758;
T_0 ;
    %wait E_01123F48;
    %jmp T_0;
    .thread T_0;
    .scope S_01121FE8;
T_1 ;
    %vpi_call 2 10 "$dumpfile", "simulation.vcd";
    %vpi_call 2 11 "$dumpvars", 1'sb0, S_01121FE8;
    %set/v v01125A10_0, 0, 8;
    %set/v v01125A68_0, 0, 8;
    %delay 5000, 0;
    %vpi_call 2 12 "$display", "%b", v01180C08_0;
    %movi 8, 1, 8;
    %set/v v01125A10_0, 8, 8;
    %movi 8, 1, 8;
    %set/v v01125A68_0, 8, 8;
    %delay 5000, 0;
    %vpi_call 2 13 "$display", "%b", v01180C08_0;
    %set/v v01125A10_0, 1, 8;
    %set/v v01125A68_0, 1, 8;
    %delay 5000, 0;
    %vpi_call 2 14 "$display", "%b", v01180C08_0;
    %movi 8, 170, 8;
    %set/v v01125A10_0, 8, 8;
    %movi 8, 170, 8;
    %set/v v01125A68_0, 8, 8;
    %delay 5000, 0;
    %vpi_call 2 15 "$display", "%b", v01180C08_0;
    %vpi_call 2 16 "$finish";
    %end;
    .thread T_1;
# The file index is used to find the file name in the following table.
:file_names 4;
    "N/A";
    "<interactive>";
    "D:\buffer gate\buffer gate\verilog-judge\backend\problems\absolute_difference\tb.v";
    "D:\buffer gate\buffer gate\verilog-judge\backend\submissions\4ef3953a-6\submission.v";
