#! /c/iverilog/bin/vvp
:ivl_version "0.9.7 " "(v0_9_7)";
:vpi_time_precision - 12;
:vpi_module "system";
:vpi_module "v2005_math";
:vpi_module "va_math";
S_01238EA0 .scope module, "tb" "tb" 2 2;
 .timescale -9 -12;
v0115FDF0_0 .var "a", 7 0;
v0115FAD8_0 .net "parity", 0 0, L_01160F70; 1 drivers
S_012386A8 .scope module, "dut" "even_parity_generator" 2 6, 3 1, S_01238EA0;
 .timescale 0 0;
L_0123AD58 .functor XOR 1, L_0115FCE8, L_0115FEA0, C4<0>, C4<0>;
L_0123AC08 .functor XOR 1, L_0123AD58, L_0115FD98, C4<0>, C4<0>;
L_0123AD20 .functor XOR 1, L_0123AC08, L_0115FA80, C4<0>, C4<0>;
L_0123AB60 .functor XOR 1, L_0123AD20, L_0115FB88, C4<0>, C4<0>;
L_0123AAF0 .functor XOR 1, L_0123AB60, L_0115FC38, C4<0>, C4<0>;
L_0123AE00 .functor XOR 1, L_0123AAF0, L_0115FC90, C4<0>, C4<0>;
L_01160C60 .functor XOR 1, L_0123AE00, L_0115FEF8, C4<0>, C4<0>;
L_01160F70 .functor NOT 1, L_01160C60, C4<0>, C4<0>, C4<0>;
v012333F8_0 .net *"_s1", 0 0, L_0115FCE8; 1 drivers
v01233450_0 .net *"_s11", 0 0, L_0115FA80; 1 drivers
v012334A8_0 .net *"_s12", 0 0, L_0123AD20; 1 drivers
v01233FB0_0 .net *"_s15", 0 0, L_0115FB88; 1 drivers
v01234008_0 .net *"_s16", 0 0, L_0123AB60; 1 drivers
v01234060_0 .net *"_s19", 0 0, L_0115FC38; 1 drivers
v012340B8_0 .net *"_s20", 0 0, L_0123AAF0; 1 drivers
v0123E7B0_0 .net *"_s23", 0 0, L_0115FC90; 1 drivers
v0123E808_0 .net *"_s24", 0 0, L_0123AE00; 1 drivers
v0115FE48_0 .net *"_s27", 0 0, L_0115FEF8; 1 drivers
v0115FB30_0 .net *"_s28", 0 0, L_01160C60; 1 drivers
v0115F8C8_0 .net *"_s3", 0 0, L_0115FEA0; 1 drivers
v0115F9D0_0 .net *"_s4", 0 0, L_0123AD58; 1 drivers
v0115FFA8_0 .net *"_s7", 0 0, L_0115FD98; 1 drivers
v0115FA28_0 .net *"_s8", 0 0, L_0123AC08; 1 drivers
v0115FD40_0 .net "a", 7 0, v0115FDF0_0; 1 drivers
v0115FBE0_0 .alias "parity", 0 0, v0115FAD8_0;
L_0115FCE8 .part v0115FDF0_0, 0, 1;
L_0115FEA0 .part v0115FDF0_0, 1, 1;
L_0115FD98 .part v0115FDF0_0, 2, 1;
L_0115FA80 .part v0115FDF0_0, 3, 1;
L_0115FB88 .part v0115FDF0_0, 4, 1;
L_0115FC38 .part v0115FDF0_0, 5, 1;
L_0115FC90 .part v0115FDF0_0, 6, 1;
L_0115FEF8 .part v0115FDF0_0, 7, 1;
    .scope S_01238EA0;
T_0 ;
    %vpi_call 2 9 "$dumpfile", "simulation.vcd";
    %vpi_call 2 10 "$dumpvars", 1'sb0, S_01238EA0;
    %set/v v0115FDF0_0, 0, 8;
    %delay 1000, 0;
    %vpi_call 2 11 "$display", "%b", v0115FAD8_0;
    %movi 8, 1, 8;
    %set/v v0115FDF0_0, 8, 8;
    %delay 1000, 0;
    %vpi_call 2 12 "$display", "%b", v0115FAD8_0;
    %set/v v0115FDF0_0, 1, 8;
    %delay 1000, 0;
    %vpi_call 2 13 "$display", "%b", v0115FAD8_0;
    %movi 8, 170, 8;
    %set/v v0115FDF0_0, 8, 8;
    %delay 1000, 0;
    %vpi_call 2 14 "$display", "%b", v0115FAD8_0;
    %movi 8, 2, 8;
    %set/v v0115FDF0_0, 8, 8;
    %delay 1000, 0;
    %vpi_call 2 15 "$display", "%b", v0115FAD8_0;
    %movi 8, 3, 8;
    %set/v v0115FDF0_0, 8, 8;
    %delay 1000, 0;
    %vpi_call 2 16 "$display", "%b", v0115FAD8_0;
    %movi 8, 127, 8;
    %set/v v0115FDF0_0, 8, 8;
    %delay 1000, 0;
    %vpi_call 2 17 "$display", "%b", v0115FAD8_0;
    %movi 8, 170, 8;
    %set/v v0115FDF0_0, 8, 8;
    %delay 1000, 0;
    %vpi_call 2 18 "$display", "%b", v0115FAD8_0;
    %vpi_call 2 19 "$finish";
    %end;
    .thread T_0;
# The file index is used to find the file name in the following table.
:file_names 4;
    "N/A";
    "<interactive>";
    "D:\buffer gate\buffer gate\verilog-judge\backend\problems\even_parity_generator\tb.v";
    "D:\buffer gate\buffer gate\verilog-judge\backend\submissions\e357f453-d\submission.v";
