#! /c/iverilog/bin/vvp
:ivl_version "0.9.7 " "(v0_9_7)";
:vpi_time_precision - 12;
:vpi_module "system";
:vpi_module "v2005_math";
:vpi_module "va_math";
S_011A4F20 .scope module, "tb" "tb" 2 2;
 .timescale -9 -12;
v011A2040_0 .var "a", 3 0;
v011E2308_0 .net "y", 0 0, L_011AEF40; 1 drivers
S_011A1F60 .scope module, "dut" "bit_select_4bit_0" 2 6, 3 1, S_011A4F20;
 .timescale 0 0;
v011A4438_0 .net "a", 3 0, v011A2040_0; 1 drivers
v011A1FE8_0 .alias "y", 0 0, v011E2308_0;
L_011AEF40 .part v011A2040_0, 0, 1;
    .scope S_011A4F20;
T_0 ;
    %vpi_call 2 9 "$dumpfile", "simulation.vcd";
    %vpi_call 2 10 "$dumpvars", 1'sb0, S_011A4F20;
    %set/v v011A2040_0, 0, 4;
    %delay 5000, 0;
    %vpi_call 2 11 "$display", "%b %b", v011A2040_0, v011E2308_0;
    %movi 8, 1, 4;
    %set/v v011A2040_0, 8, 4;
    %delay 5000, 0;
    %vpi_call 2 12 "$display", "%b %b", v011A2040_0, v011E2308_0;
    %set/v v011A2040_0, 1, 4;
    %delay 5000, 0;
    %vpi_call 2 13 "$display", "%b %b", v011A2040_0, v011E2308_0;
    %movi 8, 10, 4;
    %set/v v011A2040_0, 8, 4;
    %delay 5000, 0;
    %vpi_call 2 14 "$display", "%b %b", v011A2040_0, v011E2308_0;
    %vpi_call 2 15 "$finish";
    %end;
    .thread T_0;
# The file index is used to find the file name in the following table.
:file_names 4;
    "N/A";
    "<interactive>";
    "D:\buffer gate\buffer gate\verilog-judge\backend\problems\bit_select_4bit_0\tb.v";
    "D:\buffer gate\buffer gate\verilog-judge\backend\submissions\39e5b1cf-7\submission.v";
