#! /c/iverilog/bin/vvp
:ivl_version "0.9.7 " "(v0_9_7)";
:vpi_time_precision - 12;
:vpi_module "system";
:vpi_module "v2005_math";
:vpi_module "va_math";
S_01365A08 .scope module, "tb" "tb" 2 2;
 .timescale -9 -12;
v01361FC0_0 .var "a", 1 0;
v01362018_0 .var "b", 1 0;
v01362070_0 .net "y", 1 0, L_0136EC28; 1 drivers
S_011F28B8 .scope module, "dut" "xnor_2bit" 2 6, 3 1, S_01365A08;
 .timescale 0 0;
L_0136EB80 .functor XOR 2, v01361FC0_0, v01362018_0, C4<00>, C4<00>;
L_0136EC28 .functor NOT 2, L_0136EB80, C4<00>, C4<00>, C4<00>;
v01365A90_0 .net *"_s0", 1 0, L_0136EB80; 1 drivers
v011F2940_0 .net "a", 1 0, v01361FC0_0; 1 drivers
v011F2998_0 .net "b", 1 0, v01362018_0; 1 drivers
v01361F68_0 .alias "y", 1 0, v01362070_0;
    .scope S_01365A08;
T_0 ;
    %vpi_call 2 9 "$dumpfile", "simulation.vcd";
    %vpi_call 2 10 "$dumpvars", 1'sb0, S_01365A08;
    %set/v v01361FC0_0, 0, 2;
    %set/v v01362018_0, 0, 2;
    %delay 5000, 0;
    %vpi_call 2 11 "$display", "%b %b %b", v01361FC0_0, v01362018_0, v01362070_0;
    %set/v v01361FC0_0, 0, 2;
    %set/v v01362018_0, 1, 2;
    %delay 5000, 0;
    %vpi_call 2 12 "$display", "%b %b %b", v01361FC0_0, v01362018_0, v01362070_0;
    %set/v v01361FC0_0, 1, 2;
    %set/v v01362018_0, 0, 2;
    %delay 5000, 0;
    %vpi_call 2 13 "$display", "%b %b %b", v01361FC0_0, v01362018_0, v01362070_0;
    %set/v v01361FC0_0, 1, 2;
    %set/v v01362018_0, 1, 2;
    %delay 5000, 0;
    %vpi_call 2 14 "$display", "%b %b %b", v01361FC0_0, v01362018_0, v01362070_0;
    %movi 8, 2, 2;
    %set/v v01361FC0_0, 8, 2;
    %set/v v01362018_0, 1, 2;
    %delay 5000, 0;
    %vpi_call 2 15 "$display", "%b %b %b", v01361FC0_0, v01362018_0, v01362070_0;
    %movi 8, 1, 2;
    %set/v v01361FC0_0, 8, 2;
    %movi 8, 2, 2;
    %set/v v01362018_0, 8, 2;
    %delay 5000, 0;
    %vpi_call 2 16 "$display", "%b %b %b", v01361FC0_0, v01362018_0, v01362070_0;
    %vpi_call 2 17 "$finish";
    %end;
    .thread T_0;
# The file index is used to find the file name in the following table.
:file_names 4;
    "N/A";
    "<interactive>";
    "D:\buffer gate\buffer gate\verilog-judge\backend\problems\xnor_2bit\tb.v";
    "D:\buffer gate\buffer gate\verilog-judge\backend\submissions\4b0ef364-d\submission.v";
