#! /c/iverilog/bin/vvp
:ivl_version "0.9.7 " "(v0_9_7)";
:vpi_time_precision - 12;
:vpi_module "system";
:vpi_module "v2005_math";
:vpi_module "va_math";
S_012B1F60 .scope module, "tb" "tb" 2 2;
 .timescale -9 -12;
v01132348_0 .var "a", 15 0;
v011323A0_0 .net "y", 0 0, L_011323F8; 1 drivers
S_012B1FE8 .scope module, "dut" "even_parity_16bit" 2 6, 3 1, S_012B1F60;
 .timescale 0 0;
v012B53D8_0 .net "a", 15 0, v01132348_0; 1 drivers
v011322F0_0 .alias "y", 0 0, v011323A0_0;
L_011323F8 .reduce/xnor v01132348_0;
    .scope S_012B1F60;
T_0 ;
    %vpi_call 2 9 "$dumpfile", "simulation.vcd";
    %vpi_call 2 10 "$dumpvars", 1'sb0, S_012B1F60;
    %set/v v01132348_0, 0, 16;
    %delay 5000, 0;
    %vpi_call 2 11 "$display", "%b %b", v01132348_0, v011323A0_0;
    %movi 8, 1, 16;
    %set/v v01132348_0, 8, 16;
    %delay 5000, 0;
    %vpi_call 2 12 "$display", "%b %b", v01132348_0, v011323A0_0;
    %movi 8, 3, 16;
    %set/v v01132348_0, 8, 16;
    %delay 5000, 0;
    %vpi_call 2 13 "$display", "%b %b", v01132348_0, v011323A0_0;
    %set/v v01132348_0, 1, 16;
    %delay 5000, 0;
    %vpi_call 2 14 "$display", "%b %b", v01132348_0, v011323A0_0;
    %movi 8, 43690, 16;
    %set/v v01132348_0, 8, 16;
    %delay 5000, 0;
    %vpi_call 2 15 "$display", "%b %b", v01132348_0, v011323A0_0;
    %vpi_call 2 16 "$finish";
    %end;
    .thread T_0;
# The file index is used to find the file name in the following table.
:file_names 4;
    "N/A";
    "<interactive>";
    "D:\buffer gate\buffer gate\verilog-judge\backend\problems\even_parity_16bit\tb.v";
    "D:\buffer gate\buffer gate\verilog-judge\backend\submissions\d68a233d-6\submission.v";
