#! /c/Source/iverilog-install/bin/vvp
:ivl_version "12.0 (devel)" "(s20150603-1110-g18392a46)";
:ivl_delay_selection "TYPICAL";
:vpi_time_precision - 12;
:vpi_module "D:\iverilog\lib\ivl\system.vpi";
:vpi_module "D:\iverilog\lib\ivl\vhdl_sys.vpi";
:vpi_module "D:\iverilog\lib\ivl\vhdl_textio.vpi";
:vpi_module "D:\iverilog\lib\ivl\v2005_math.vpi";
:vpi_module "D:\iverilog\lib\ivl\va_math.vpi";
S_00000191f8df8900 .scope module, "tb" "tb" 2 2;
 .timescale -9 -12;
v00000191f8df6d50_0 .var "a", 3 0;
v00000191f8dfb8d0_0 .var "b", 3 0;
v00000191f8dfb970_0 .net "product", 7 0, L_00000191f8dfbb50;  1 drivers
S_00000191f8df6940 .scope module, "dut" "unsigned_multiplier_4x4" 2 7, 3 1 0, S_00000191f8df8900;
 .timescale 0 0;
    .port_info 0 /INPUT 4 "a";
    .port_info 1 /INPUT 4 "b";
    .port_info 2 /OUTPUT 8 "product";
v00000191f8d1af20_0 .net *"_ivl_0", 7 0, L_00000191f8dfba10;  1 drivers
L_00000191f8d5f848 .functor BUFT 1, C4<0000>, C4<0>, C4<0>, C4<0>;
v00000191f8df7120_0 .net *"_ivl_3", 3 0, L_00000191f8d5f848;  1 drivers
v00000191f8d16130_0 .net *"_ivl_4", 7 0, L_00000191f8dfbab0;  1 drivers
L_00000191f8d5f890 .functor BUFT 1, C4<0000>, C4<0>, C4<0>, C4<0>;
v00000191f8df6ad0_0 .net *"_ivl_7", 3 0, L_00000191f8d5f890;  1 drivers
v00000191f8df6b70_0 .net "a", 3 0, v00000191f8df6d50_0;  1 drivers
v00000191f8df6c10_0 .net "b", 3 0, v00000191f8dfb8d0_0;  1 drivers
v00000191f8df6cb0_0 .net "product", 7 0, L_00000191f8dfbb50;  alias, 1 drivers
L_00000191f8dfba10 .concat [ 4 4 0 0], v00000191f8df6d50_0, L_00000191f8d5f848;
L_00000191f8dfbab0 .concat [ 4 4 0 0], v00000191f8dfb8d0_0, L_00000191f8d5f890;
L_00000191f8dfbb50 .arith/mult 8, L_00000191f8dfba10, L_00000191f8dfbab0;
    .scope S_00000191f8df8900;
T_0 ;
    %vpi_call 2 10 "$dumpfile", "simulation.vcd" {0 0 0};
    %vpi_call 2 11 "$dumpvars", 32'sb00000000000000000000000000000000, S_00000191f8df8900 {0 0 0};
    %pushi/vec4 0, 0, 4;
    %store/vec4 v00000191f8df6d50_0, 0, 4;
    %pushi/vec4 0, 0, 4;
    %store/vec4 v00000191f8dfb8d0_0, 0, 4;
    %delay 1000, 0;
    %vpi_call 2 12 "$display", "%b", v00000191f8dfb970_0 {0 0 0};
    %pushi/vec4 1, 0, 4;
    %store/vec4 v00000191f8df6d50_0, 0, 4;
    %pushi/vec4 1, 0, 4;
    %store/vec4 v00000191f8dfb8d0_0, 0, 4;
    %delay 1000, 0;
    %vpi_call 2 13 "$display", "%b", v00000191f8dfb970_0 {0 0 0};
    %pushi/vec4 15, 0, 4;
    %store/vec4 v00000191f8df6d50_0, 0, 4;
    %pushi/vec4 15, 0, 4;
    %store/vec4 v00000191f8dfb8d0_0, 0, 4;
    %delay 1000, 0;
    %vpi_call 2 14 "$display", "%b", v00000191f8dfb970_0 {0 0 0};
    %pushi/vec4 10, 0, 4;
    %store/vec4 v00000191f8df6d50_0, 0, 4;
    %pushi/vec4 10, 0, 4;
    %store/vec4 v00000191f8dfb8d0_0, 0, 4;
    %delay 1000, 0;
    %vpi_call 2 15 "$display", "%b", v00000191f8dfb970_0 {0 0 0};
    %pushi/vec4 2, 0, 4;
    %store/vec4 v00000191f8df6d50_0, 0, 4;
    %pushi/vec4 2, 0, 4;
    %store/vec4 v00000191f8dfb8d0_0, 0, 4;
    %delay 1000, 0;
    %vpi_call 2 16 "$display", "%b", v00000191f8dfb970_0 {0 0 0};
    %pushi/vec4 3, 0, 4;
    %store/vec4 v00000191f8df6d50_0, 0, 4;
    %pushi/vec4 3, 0, 4;
    %store/vec4 v00000191f8dfb8d0_0, 0, 4;
    %delay 1000, 0;
    %vpi_call 2 17 "$display", "%b", v00000191f8dfb970_0 {0 0 0};
    %pushi/vec4 7, 0, 4;
    %store/vec4 v00000191f8df6d50_0, 0, 4;
    %pushi/vec4 7, 0, 4;
    %store/vec4 v00000191f8dfb8d0_0, 0, 4;
    %delay 1000, 0;
    %vpi_call 2 18 "$display", "%b", v00000191f8dfb970_0 {0 0 0};
    %pushi/vec4 10, 0, 4;
    %store/vec4 v00000191f8df6d50_0, 0, 4;
    %pushi/vec4 10, 0, 4;
    %store/vec4 v00000191f8dfb8d0_0, 0, 4;
    %delay 1000, 0;
    %vpi_call 2 19 "$display", "%b", v00000191f8dfb970_0 {0 0 0};
    %vpi_call 2 20 "$finish" {0 0 0};
    %end;
    .thread T_0;
# The file index is used to find the file name in the following table.
:file_names 4;
    "N/A";
    "<interactive>";
    "D:\buffer gate\buffer gate\verilog-judge\backend\problems\unsigned_multiplier_4x4\tb.v";
    "D:\buffer gate\buffer gate\verilog-judge\backend\submissions\d01e63ee-5\submission.v";
