#! /c/iverilog/bin/vvp
:ivl_version "0.9.7 " "(v0_9_7)";
:vpi_time_precision - 12;
:vpi_module "system";
:vpi_module "v2005_math";
:vpi_module "va_math";
S_01148548 .scope module, "tb" "tb" 2 2;
 .timescale -9 -12;
v011434A8_0 .var "a", 7 0;
v0114B788_0 .var "b", 7 0;
v0114B7E0_0 .net "eq", 0 0, v01144A48_0; 1 drivers
v0114B838_0 .net "gt", 0 0, v011433F8_0; 1 drivers
v0114B890_0 .net "lt", 0 0, v01143450_0; 1 drivers
S_01144968 .scope module, "dut" "comparator_unsigned" 2 9, 3 1, S_01148548;
 .timescale 0 0;
v011485D0_0 .net "a", 7 0, v011434A8_0; 1 drivers
v011449F0_0 .net "b", 7 0, v0114B788_0; 1 drivers
v01144A48_0 .var "eq", 0 0;
v011433F8_0 .var "gt", 0 0;
v01143450_0 .var "lt", 0 0;
E_0114E988 .event edge, v011485D0_0, v011449F0_0;
    .scope S_01144968;
T_0 ;
    %wait E_0114E988;
    %load/v 8, v011449F0_0, 8;
    %load/v 16, v011485D0_0, 8;
    %cmp/u 8, 16, 8;
    %jmp/0xz  T_0.0, 5;
    %set/v v011433F8_0, 1, 1;
    %set/v v01144A48_0, 0, 1;
    %set/v v01143450_0, 0, 1;
    %jmp T_0.1;
T_0.0 ;
    %load/v 8, v011485D0_0, 8;
    %load/v 16, v011449F0_0, 8;
    %cmp/u 8, 16, 8;
    %jmp/0xz  T_0.2, 4;
    %set/v v01144A48_0, 1, 1;
    %set/v v011433F8_0, 0, 1;
    %set/v v01143450_0, 0, 1;
    %jmp T_0.3;
T_0.2 ;
    %set/v v011433F8_0, 0, 1;
    %set/v v01144A48_0, 0, 1;
    %set/v v01143450_0, 1, 1;
T_0.3 ;
T_0.1 ;
    %jmp T_0;
    .thread T_0, $push;
    .scope S_01148548;
T_1 ;
    %vpi_call 2 12 "$dumpfile", "simulation.vcd";
    %vpi_call 2 13 "$dumpvars", 1'sb0, S_01148548;
    %set/v v011434A8_0, 0, 8;
    %set/v v0114B788_0, 0, 8;
    %delay 1000, 0;
    %vpi_call 2 14 "$display", "%b %b %b", v0114B838_0, v0114B7E0_0, v0114B890_0;
    %movi 8, 1, 8;
    %set/v v011434A8_0, 8, 8;
    %movi 8, 1, 8;
    %set/v v0114B788_0, 8, 8;
    %delay 1000, 0;
    %vpi_call 2 15 "$display", "%b %b %b", v0114B838_0, v0114B7E0_0, v0114B890_0;
    %set/v v011434A8_0, 1, 8;
    %set/v v0114B788_0, 1, 8;
    %delay 1000, 0;
    %vpi_call 2 16 "$display", "%b %b %b", v0114B838_0, v0114B7E0_0, v0114B890_0;
    %movi 8, 170, 8;
    %set/v v011434A8_0, 8, 8;
    %movi 8, 170, 8;
    %set/v v0114B788_0, 8, 8;
    %delay 1000, 0;
    %vpi_call 2 17 "$display", "%b %b %b", v0114B838_0, v0114B7E0_0, v0114B890_0;
    %movi 8, 2, 8;
    %set/v v011434A8_0, 8, 8;
    %movi 8, 2, 8;
    %set/v v0114B788_0, 8, 8;
    %delay 1000, 0;
    %vpi_call 2 18 "$display", "%b %b %b", v0114B838_0, v0114B7E0_0, v0114B890_0;
    %movi 8, 3, 8;
    %set/v v011434A8_0, 8, 8;
    %movi 8, 3, 8;
    %set/v v0114B788_0, 8, 8;
    %delay 1000, 0;
    %vpi_call 2 19 "$display", "%b %b %b", v0114B838_0, v0114B7E0_0, v0114B890_0;
    %movi 8, 127, 8;
    %set/v v011434A8_0, 8, 8;
    %movi 8, 127, 8;
    %set/v v0114B788_0, 8, 8;
    %delay 1000, 0;
    %vpi_call 2 20 "$display", "%b %b %b", v0114B838_0, v0114B7E0_0, v0114B890_0;
    %movi 8, 170, 8;
    %set/v v011434A8_0, 8, 8;
    %movi 8, 170, 8;
    %set/v v0114B788_0, 8, 8;
    %delay 1000, 0;
    %vpi_call 2 21 "$display", "%b %b %b", v0114B838_0, v0114B7E0_0, v0114B890_0;
    %vpi_call 2 22 "$finish";
    %end;
    .thread T_1;
# The file index is used to find the file name in the following table.
:file_names 4;
    "N/A";
    "<interactive>";
    "D:\buffer gate\buffer gate\verilog-judge\backend\problems\comparator_unsigned\tb.v";
    "D:\buffer gate\buffer gate\verilog-judge\backend\submissions\4294105f-7\submission.v";
