#! /c/iverilog/bin/vvp
:ivl_version "0.9.7 " "(v0_9_7)";
:vpi_time_precision - 12;
:vpi_module "system";
:vpi_module "v2005_math";
:vpi_module "va_math";
S_012857B0 .scope module, "tb" "tb" 2 2;
 .timescale -9 -12;
v01162FA8_0 .var "a", 2 0;
v01281F68_0 .var "b", 2 0;
v01281FC0_0 .net "eq", 0 0, L_01289708; 1 drivers
v01282018_0 .net "gt", 0 0, L_01289640; 1 drivers
v01282070_0 .net "lt", 0 0, L_01289798; 1 drivers
S_01285640 .scope module, "dut" "comparator_3bit" 2 6, 3 1, S_012857B0;
 .timescale 0 0;
v012883C0_0 .net "a", 2 0, v01162FA8_0; 1 drivers
v01288418_0 .net "b", 2 0, v01281F68_0; 1 drivers
v01288470_0 .alias "eq", 0 0, v01281FC0_0;
v01162EF8_0 .alias "gt", 0 0, v01282018_0;
v01162F50_0 .alias "lt", 0 0, v01282070_0;
L_01289640 .cmp/gt 3, v01162FA8_0, v01281F68_0;
L_01289708 .cmp/eq 3, v01162FA8_0, v01281F68_0;
L_01289798 .cmp/gt 3, v01281F68_0, v01162FA8_0;
    .scope S_012857B0;
T_0 ;
    %vpi_call 2 9 "$dumpfile", "simulation.vcd";
    %vpi_call 2 10 "$dumpvars", 1'sb0, S_012857B0;
    %set/v v01162FA8_0, 0, 3;
    %set/v v01281F68_0, 0, 3;
    %delay 5000, 0;
    %vpi_call 2 11 "$display", "%b %b %b %b %b", v01162FA8_0, v01281F68_0, v01282018_0, v01281FC0_0, v01282070_0;
    %movi 8, 1, 3;
    %set/v v01162FA8_0, 8, 3;
    %movi 8, 1, 3;
    %set/v v01281F68_0, 8, 3;
    %delay 5000, 0;
    %vpi_call 2 12 "$display", "%b %b %b %b %b", v01162FA8_0, v01281F68_0, v01282018_0, v01281FC0_0, v01282070_0;
    %set/v v01162FA8_0, 1, 3;
    %movi 8, 1, 3;
    %set/v v01281F68_0, 8, 3;
    %delay 5000, 0;
    %vpi_call 2 13 "$display", "%b %b %b %b %b", v01162FA8_0, v01281F68_0, v01282018_0, v01281FC0_0, v01282070_0;
    %movi 8, 3, 3;
    %set/v v01162FA8_0, 8, 3;
    %movi 8, 2, 3;
    %set/v v01281F68_0, 8, 3;
    %delay 5000, 0;
    %vpi_call 2 14 "$display", "%b %b %b %b %b", v01162FA8_0, v01281F68_0, v01282018_0, v01281FC0_0, v01282070_0;
    %set/v v01162FA8_0, 1, 3;
    %set/v v01281F68_0, 1, 3;
    %delay 5000, 0;
    %vpi_call 2 15 "$display", "%b %b %b %b %b", v01162FA8_0, v01281F68_0, v01282018_0, v01281FC0_0, v01282070_0;
    %vpi_call 2 16 "$finish";
    %end;
    .thread T_0;
# The file index is used to find the file name in the following table.
:file_names 4;
    "N/A";
    "<interactive>";
    "D:\buffer gate\buffer gate\verilog-judge\backend\problems\comparator_3bit\tb.v";
    "D:\buffer gate\buffer gate\verilog-judge\backend\submissions\e4382a75-e\submission.v";
