#! /c/iverilog/bin/vvp
:ivl_version "0.9.7 " "(v0_9_7)";
:vpi_time_precision - 12;
:vpi_module "system";
:vpi_module "v2005_math";
:vpi_module "va_math";
S_01247D50 .scope module, "tb" "tb" 2 2;
 .timescale -9 -12;
v012452D0_0 .var "a", 31 0;
v01241F60_0 .net "y", 0 0, L_01241FB8; 1 drivers
S_01248218 .scope module, "dut" "bit_select_32bit_4" 2 6, 3 1, S_01247D50;
 .timescale 0 0;
v01244300_0 .net "a", 31 0, v012452D0_0; 1 drivers
v0124EF40_0 .alias "y", 0 0, v01241F60_0;
L_01241FB8 .part v012452D0_0, 4, 1;
    .scope S_01247D50;
T_0 ;
    %vpi_call 2 9 "$dumpfile", "simulation.vcd";
    %vpi_call 2 10 "$dumpvars", 1'sb0, S_01247D50;
    %set/v v012452D0_0, 0, 32;
    %delay 5000, 0;
    %vpi_call 2 11 "$display", "%b %b", v012452D0_0, v01241F60_0;
    %movi 8, 16, 32;
    %set/v v012452D0_0, 8, 32;
    %delay 5000, 0;
    %vpi_call 2 12 "$display", "%b %b", v012452D0_0, v01241F60_0;
    %set/v v012452D0_0, 1, 32;
    %delay 5000, 0;
    %vpi_call 2 13 "$display", "%b %b", v012452D0_0, v01241F60_0;
    %movi 8, 2863311530, 32;
    %set/v v012452D0_0, 8, 32;
    %delay 5000, 0;
    %vpi_call 2 14 "$display", "%b %b", v012452D0_0, v01241F60_0;
    %vpi_call 2 15 "$finish";
    %end;
    .thread T_0;
# The file index is used to find the file name in the following table.
:file_names 4;
    "N/A";
    "<interactive>";
    "D:\buffer gate\buffer gate\verilog-judge\backend\problems\bit_select_32bit_4\tb.v";
    "D:\buffer gate\buffer gate\verilog-judge\backend\submissions\c73a9bd1-1\submission.v";
