#! /c/iverilog/bin/vvp
:ivl_version "0.9.7 " "(v0_9_7)";
:vpi_time_precision - 12;
:vpi_module "system";
:vpi_module "v2005_math";
:vpi_module "va_math";
S_01185368 .scope module, "tb" "tb" 2 2;
 .timescale -9 -12;
v0118EF48_0 .var "a", 15 0;
v011C22E8_0 .net "y", 0 0, L_011C2340; 1 drivers
S_01181F60 .scope module, "dut" "odd_parity_16bit" 2 6, 3 1, S_01185368;
 .timescale 0 0;
v01181FE8_0 .net "a", 15 0, v0118EF48_0; 1 drivers
v01182040_0 .alias "y", 0 0, v011C22E8_0;
L_011C2340 .reduce/xor v0118EF48_0;
    .scope S_01185368;
T_0 ;
    %vpi_call 2 9 "$dumpfile", "simulation.vcd";
    %vpi_call 2 10 "$dumpvars", 1'sb0, S_01185368;
    %set/v v0118EF48_0, 0, 16;
    %delay 5000, 0;
    %vpi_call 2 11 "$display", "%b %b", v0118EF48_0, v011C22E8_0;
    %movi 8, 1, 16;
    %set/v v0118EF48_0, 8, 16;
    %delay 5000, 0;
    %vpi_call 2 12 "$display", "%b %b", v0118EF48_0, v011C22E8_0;
    %movi 8, 3, 16;
    %set/v v0118EF48_0, 8, 16;
    %delay 5000, 0;
    %vpi_call 2 13 "$display", "%b %b", v0118EF48_0, v011C22E8_0;
    %set/v v0118EF48_0, 1, 16;
    %delay 5000, 0;
    %vpi_call 2 14 "$display", "%b %b", v0118EF48_0, v011C22E8_0;
    %movi 8, 43690, 16;
    %set/v v0118EF48_0, 8, 16;
    %delay 5000, 0;
    %vpi_call 2 15 "$display", "%b %b", v0118EF48_0, v011C22E8_0;
    %vpi_call 2 16 "$finish";
    %end;
    .thread T_0;
# The file index is used to find the file name in the following table.
:file_names 4;
    "N/A";
    "<interactive>";
    "D:\buffer gate\buffer gate\verilog-judge\backend\problems\odd_parity_16bit\tb.v";
    "D:\buffer gate\buffer gate\verilog-judge\backend\submissions\93c0ce51-d\submission.v";
