#! /c/iverilog/bin/vvp
:ivl_version "0.9.7 " "(v0_9_7)";
:vpi_time_precision - 12;
:vpi_module "system";
:vpi_module "v2005_math";
:vpi_module "va_math";
S_01132858 .scope module, "tb" "tb" 2 2;
 .timescale -9 -12;
v01243718_0 .var "a", 7 0;
v01249EC0_0 .var "b", 7 0;
v01249F18_0 .var "sel", 0 0;
v01249F70_0 .net "y", 7 0, L_01249FC8; 1 drivers
S_011328E0 .scope module, "dut" "mux_2to1" 2 8, 3 1, S_01132858;
 .timescale 0 0;
v01243668_0 .net "a", 7 0, v01243718_0; 1 drivers
v0124EF38_0 .net "b", 7 0, v01249EC0_0; 1 drivers
v0124EF90_0 .net "sel", 0 0, v01249F18_0; 1 drivers
v012436C0_0 .alias "y", 7 0, v01249F70_0;
L_01249FC8 .functor MUXZ 8, v01243718_0, v01249EC0_0, v01249F18_0, C4<>;
    .scope S_01132858;
T_0 ;
    %vpi_call 2 11 "$dumpfile", "simulation.vcd";
    %vpi_call 2 12 "$dumpvars", 1'sb0, S_01132858;
    %set/v v01243718_0, 0, 8;
    %set/v v01249EC0_0, 0, 8;
    %set/v v01249F18_0, 0, 1;
    %delay 1000, 0;
    %vpi_call 2 13 "$display", "%b", v01249F70_0;
    %movi 8, 1, 8;
    %set/v v01243718_0, 8, 8;
    %movi 8, 1, 8;
    %set/v v01249EC0_0, 8, 8;
    %set/v v01249F18_0, 1, 1;
    %delay 1000, 0;
    %vpi_call 2 14 "$display", "%b", v01249F70_0;
    %set/v v01243718_0, 1, 8;
    %set/v v01249EC0_0, 1, 8;
    %set/v v01249F18_0, 0, 1;
    %delay 1000, 0;
    %vpi_call 2 15 "$display", "%b", v01249F70_0;
    %movi 8, 170, 8;
    %set/v v01243718_0, 8, 8;
    %movi 8, 170, 8;
    %set/v v01249EC0_0, 8, 8;
    %set/v v01249F18_0, 1, 1;
    %delay 1000, 0;
    %vpi_call 2 16 "$display", "%b", v01249F70_0;
    %movi 8, 2, 8;
    %set/v v01243718_0, 8, 8;
    %movi 8, 2, 8;
    %set/v v01249EC0_0, 8, 8;
    %set/v v01249F18_0, 0, 1;
    %delay 1000, 0;
    %vpi_call 2 17 "$display", "%b", v01249F70_0;
    %movi 8, 3, 8;
    %set/v v01243718_0, 8, 8;
    %movi 8, 3, 8;
    %set/v v01249EC0_0, 8, 8;
    %set/v v01249F18_0, 1, 1;
    %delay 1000, 0;
    %vpi_call 2 18 "$display", "%b", v01249F70_0;
    %movi 8, 127, 8;
    %set/v v01243718_0, 8, 8;
    %movi 8, 127, 8;
    %set/v v01249EC0_0, 8, 8;
    %set/v v01249F18_0, 0, 1;
    %delay 1000, 0;
    %vpi_call 2 19 "$display", "%b", v01249F70_0;
    %movi 8, 170, 8;
    %set/v v01243718_0, 8, 8;
    %movi 8, 170, 8;
    %set/v v01249EC0_0, 8, 8;
    %set/v v01249F18_0, 1, 1;
    %delay 1000, 0;
    %vpi_call 2 20 "$display", "%b", v01249F70_0;
    %vpi_call 2 21 "$finish";
    %end;
    .thread T_0;
# The file index is used to find the file name in the following table.
:file_names 4;
    "N/A";
    "<interactive>";
    "D:\buffer gate\buffer gate\verilog-judge\backend\problems\mux_2to1\tb.v";
    "D:\buffer gate\buffer gate\verilog-judge\backend\submissions\9c81e556-b\submission.v";
