#! /c/iverilog/bin/vvp
:ivl_version "0.9.7 " "(v0_9_7)";
:vpi_time_precision - 12;
:vpi_module "system";
:vpi_module "v2005_math";
:vpi_module "va_math";
S_012430A8 .scope module, "tb" "tb" 2 2;
 .timescale -9 -12;
v01202040_0 .net "code", 1 0, v012057B8_0; 1 drivers
v012058D8_0 .var "in", 3 0;
v01205930_0 .net "valid", 0 0, v01201FE8_0; 1 drivers
S_01201F60 .scope module, "dut" "priority_encoder_4to2" 2 7, 3 1, S_012430A8;
 .timescale 0 0;
v012057B8_0 .var "code", 1 0;
v0120EF48_0 .net "in", 3 0, v012058D8_0; 1 drivers
v01201FE8_0 .var "valid", 0 0;
E_01203D88 .event edge, v0120EF48_0;
    .scope S_01201F60;
T_0 ;
    %wait E_01203D88;
    %load/v 8, v0120EF48_0, 4;
    %or/r 8, 8, 4;
    %set/v v01201FE8_0, 8, 1;
    %ix/load 1, 3, 0;
    %mov 4, 0, 1;
    %jmp/1 T_0.0, 4;
    %load/x1p 8, v0120EF48_0, 1;
    %jmp T_0.1;
T_0.0 ;
    %mov 8, 2, 1;
T_0.1 ;
; Save base=8 wid=1 in lookaside.
    %jmp/0xz  T_0.2, 8;
    %set/v v012057B8_0, 1, 2;
    %jmp T_0.3;
T_0.2 ;
    %ix/load 1, 2, 0;
    %mov 4, 0, 1;
    %jmp/1 T_0.4, 4;
    %load/x1p 8, v0120EF48_0, 1;
    %jmp T_0.5;
T_0.4 ;
    %mov 8, 2, 1;
T_0.5 ;
; Save base=8 wid=1 in lookaside.
    %jmp/0xz  T_0.6, 8;
    %movi 8, 2, 2;
    %set/v v012057B8_0, 8, 2;
    %jmp T_0.7;
T_0.6 ;
    %ix/load 1, 1, 0;
    %mov 4, 0, 1;
    %jmp/1 T_0.8, 4;
    %load/x1p 8, v0120EF48_0, 1;
    %jmp T_0.9;
T_0.8 ;
    %mov 8, 2, 1;
T_0.9 ;
; Save base=8 wid=1 in lookaside.
    %jmp/0xz  T_0.10, 8;
    %movi 8, 1, 2;
    %set/v v012057B8_0, 8, 2;
    %jmp T_0.11;
T_0.10 ;
    %set/v v012057B8_0, 0, 2;
T_0.11 ;
T_0.7 ;
T_0.3 ;
    %jmp T_0;
    .thread T_0, $push;
    .scope S_012430A8;
T_1 ;
    %vpi_call 2 10 "$dumpfile", "simulation.vcd";
    %vpi_call 2 11 "$dumpvars", 1'sb0, S_012430A8;
    %set/v v012058D8_0, 0, 4;
    %delay 5000, 0;
    %vpi_call 2 12 "$display", "%b %b", v01202040_0, v01205930_0;
    %movi 8, 1, 4;
    %set/v v012058D8_0, 8, 4;
    %delay 5000, 0;
    %vpi_call 2 13 "$display", "%b %b", v01202040_0, v01205930_0;
    %set/v v012058D8_0, 1, 4;
    %delay 5000, 0;
    %vpi_call 2 14 "$display", "%b %b", v01202040_0, v01205930_0;
    %movi 8, 10, 4;
    %set/v v012058D8_0, 8, 4;
    %delay 5000, 0;
    %vpi_call 2 15 "$display", "%b %b", v01202040_0, v01205930_0;
    %vpi_call 2 16 "$finish";
    %end;
    .thread T_1;
# The file index is used to find the file name in the following table.
:file_names 4;
    "N/A";
    "<interactive>";
    "D:\buffer gate\buffer gate\verilog-judge\backend\problems\priority_encoder_4to2\tb.v";
    "D:\buffer gate\buffer gate\verilog-judge\backend\submissions\ef54b3e3-d\submission.v";
