#! /c/iverilog/bin/vvp
:ivl_version "0.9.7 " "(v0_9_7)";
:vpi_time_precision - 12;
:vpi_module "system";
:vpi_module "v2005_math";
:vpi_module "va_math";
S_01233480 .scope module, "tb" "tb" 2 2;
 .timescale -9 -12;
v0123EF68_0 .var "value", 7 0;
v01150E40_0 .net "zero", 0 0, v01233B50_0; 1 drivers
S_01233A70 .scope module, "dut" "zero_flag_unit" 2 6, 3 1, S_01233480;
 .timescale 0 0;
v01233AF8_0 .net "value", 7 0, v0123EF68_0; 1 drivers
v01233B50_0 .var "zero", 0 0;
E_01131E70 .event edge, v01233AF8_0;
    .scope S_01233A70;
T_0 ;
    %wait E_01131E70;
    %load/v 8, v01233AF8_0, 8;
    %mov 16, 0, 1;
    %cmpi/u 8, 0, 9;
    %jmp/0xz  T_0.0, 4;
    %set/v v01233B50_0, 1, 1;
    %jmp T_0.1;
T_0.0 ;
    %set/v v01233B50_0, 0, 1;
T_0.1 ;
    %jmp T_0;
    .thread T_0, $push;
    .scope S_01233480;
T_1 ;
    %vpi_call 2 9 "$dumpfile", "simulation.vcd";
    %vpi_call 2 10 "$dumpvars", 1'sb0, S_01233480;
    %set/v v0123EF68_0, 0, 8;
    %delay 1000, 0;
    %vpi_call 2 11 "$display", "%b", v01150E40_0;
    %movi 8, 1, 8;
    %set/v v0123EF68_0, 8, 8;
    %delay 1000, 0;
    %vpi_call 2 12 "$display", "%b", v01150E40_0;
    %set/v v0123EF68_0, 1, 8;
    %delay 1000, 0;
    %vpi_call 2 13 "$display", "%b", v01150E40_0;
    %movi 8, 170, 8;
    %set/v v0123EF68_0, 8, 8;
    %delay 1000, 0;
    %vpi_call 2 14 "$display", "%b", v01150E40_0;
    %movi 8, 2, 8;
    %set/v v0123EF68_0, 8, 8;
    %delay 1000, 0;
    %vpi_call 2 15 "$display", "%b", v01150E40_0;
    %movi 8, 3, 8;
    %set/v v0123EF68_0, 8, 8;
    %delay 1000, 0;
    %vpi_call 2 16 "$display", "%b", v01150E40_0;
    %movi 8, 127, 8;
    %set/v v0123EF68_0, 8, 8;
    %delay 1000, 0;
    %vpi_call 2 17 "$display", "%b", v01150E40_0;
    %movi 8, 170, 8;
    %set/v v0123EF68_0, 8, 8;
    %delay 1000, 0;
    %vpi_call 2 18 "$display", "%b", v01150E40_0;
    %vpi_call 2 19 "$finish";
    %end;
    .thread T_1;
# The file index is used to find the file name in the following table.
:file_names 4;
    "N/A";
    "<interactive>";
    "D:\buffer gate\buffer gate\verilog-judge\backend\problems\zero_flag_unit\tb.v";
    "D:\buffer gate\buffer gate\verilog-judge\backend\submissions\88ae4f07-7\submission.v";
