#! /c/iverilog/bin/vvp
:ivl_version "0.9.7 " "(v0_9_7)";
:vpi_time_precision - 12;
:vpi_module "system";
:vpi_module "v2005_math";
:vpi_module "va_math";
S_0123B728 .scope module, "tb" "tb" 2 2;
 .timescale -9 -12;
v0123EC68_0 .var "a", 3 0;
v0123ECC0_0 .net "acc", 7 0, v01142C10_0; 1 drivers
v0123ED18_0 .var "b", 3 0;
v0123ED70_0 .var "clk", 0 0;
v0123EDC8_0 .var "en", 0 0;
v0123EE20_0 .var "rst", 0 0;
S_0123AEA8 .scope module, "dut" "multiplier_accumulator" 2 10, 3 1, S_0123B728;
 .timescale 0 0;
v01142BB8_0 .net "a", 3 0, v0123EC68_0; 1 drivers
v01142C10_0 .var "acc", 7 0;
v01231F60_0 .net "b", 3 0, v0123ED18_0; 1 drivers
v01231FB8_0 .net "clk", 0 0, v0123ED70_0; 1 drivers
v01232010_0 .net "en", 0 0, v0123EDC8_0; 1 drivers
v0123EC10_0 .net "rst", 0 0, v0123EE20_0; 1 drivers
E_01238BD0 .event "_s0";
    .scope S_0123AEA8;
T_0 ;
    %wait E_01238BD0;
    %jmp T_0;
    .thread T_0;
    .scope S_0123B728;
T_1 ;
    %set/v v0123ED70_0, 0, 1;
T_1.0 ;
    %delay 5000, 0;
    %load/v 8, v0123ED70_0, 1;
    %inv 8, 1;
    %set/v v0123ED70_0, 8, 1;
    %jmp T_1.0;
    %end;
    .thread T_1;
    .scope S_0123B728;
T_2 ;
    %vpi_call 2 14 "$dumpfile", "simulation.vcd";
    %vpi_call 2 15 "$dumpvars", 1'sb0, S_0123B728;
    %set/v v0123ED70_0, 0, 1;
    %set/v v0123EE20_0, 1, 1;
    %set/v v0123EDC8_0, 0, 1;
    %set/v v0123EC68_0, 0, 4;
    %set/v v0123ED18_0, 0, 4;
    %delay 5000, 0;
    %vpi_call 2 16 "$display", "%b", v0123ECC0_0;
    %set/v v0123ED70_0, 0, 1;
    %set/v v0123EE20_0, 0, 1;
    %set/v v0123EDC8_0, 1, 1;
    %movi 8, 1, 4;
    %set/v v0123EC68_0, 8, 4;
    %movi 8, 1, 4;
    %set/v v0123ED18_0, 8, 4;
    %delay 5000, 0;
    %vpi_call 2 17 "$display", "%b", v0123ECC0_0;
    %set/v v0123ED70_0, 0, 1;
    %set/v v0123EE20_0, 0, 1;
    %set/v v0123EDC8_0, 0, 1;
    %set/v v0123EC68_0, 1, 4;
    %set/v v0123ED18_0, 1, 4;
    %delay 5000, 0;
    %vpi_call 2 18 "$display", "%b", v0123ECC0_0;
    %set/v v0123ED70_0, 0, 1;
    %set/v v0123EE20_0, 0, 1;
    %set/v v0123EDC8_0, 1, 1;
    %movi 8, 10, 4;
    %set/v v0123EC68_0, 8, 4;
    %movi 8, 10, 4;
    %set/v v0123ED18_0, 8, 4;
    %delay 5000, 0;
    %vpi_call 2 19 "$display", "%b", v0123ECC0_0;
    %vpi_call 2 20 "$finish";
    %end;
    .thread T_2;
# The file index is used to find the file name in the following table.
:file_names 4;
    "N/A";
    "<interactive>";
    "D:\buffer gate\buffer gate\verilog-judge\backend\problems\multiplier_accumulator\tb.v";
    "D:\buffer gate\buffer gate\verilog-judge\backend\submissions\b91b0237-1\submission.v";
