#! /c/iverilog/bin/vvp
:ivl_version "0.9.7 " "(v0_9_7)";
:vpi_time_precision - 12;
:vpi_module "system";
:vpi_module "v2005_math";
:vpi_module "va_math";
S_012441D8 .scope module, "tb" "tb" 2 2;
 .timescale -9 -12;
v0124B848_0 .var "a", 0 0;
v0124B8A0_0 .var "b", 0 0;
v0124B8F8_0 .var "c", 0 0;
v0124B950_0 .net "y", 0 0, v0124B7F0_0; 1 drivers
S_012433F8 .scope module, "dut" "majority_gate" 2 8, 3 1, S_012441D8;
 .timescale 0 0;
v01243480_0 .net "a", 0 0, v0124B848_0; 1 drivers
v012434D8_0 .net "b", 0 0, v0124B8A0_0; 1 drivers
v0124B798_0 .net "c", 0 0, v0124B8F8_0; 1 drivers
v0124B7F0_0 .var "y", 0 0;
E_0124CAA8 .event edge, v01243480_0, v012434D8_0, v0124B798_0;
    .scope S_012433F8;
T_0 ;
    %wait E_0124CAA8;
    %load/v 8, v01243480_0, 1;
    %load/v 9, v012434D8_0, 1;
    %and 8, 9, 1;
    %load/v 9, v012434D8_0, 1;
    %load/v 10, v0124B798_0, 1;
    %and 9, 10, 1;
    %or 8, 9, 1;
    %load/v 9, v01243480_0, 1;
    %load/v 10, v0124B798_0, 1;
    %and 9, 10, 1;
    %or 8, 9, 1;
    %jmp/0xz  T_0.0, 8;
    %ix/load 0, 1, 0;
    %assign/v0 v0124B7F0_0, 0, 1;
    %jmp T_0.1;
T_0.0 ;
    %ix/load 0, 1, 0;
    %assign/v0 v0124B7F0_0, 0, 0;
T_0.1 ;
    %jmp T_0;
    .thread T_0, $push;
    .scope S_012441D8;
T_1 ;
    %vpi_call 2 11 "$dumpfile", "simulation.vcd";
    %vpi_call 2 12 "$dumpvars", 1'sb0, S_012441D8;
    %set/v v0124B848_0, 0, 1;
    %set/v v0124B8A0_0, 0, 1;
    %set/v v0124B8F8_0, 0, 1;
    %delay 1000, 0;
    %vpi_call 2 13 "$display", "%b", v0124B950_0;
    %set/v v0124B848_0, 1, 1;
    %set/v v0124B8A0_0, 1, 1;
    %set/v v0124B8F8_0, 1, 1;
    %delay 1000, 0;
    %vpi_call 2 14 "$display", "%b", v0124B950_0;
    %set/v v0124B848_0, 1, 1;
    %set/v v0124B8A0_0, 1, 1;
    %set/v v0124B8F8_0, 1, 1;
    %delay 1000, 0;
    %vpi_call 2 15 "$display", "%b", v0124B950_0;
    %set/v v0124B848_0, 0, 1;
    %set/v v0124B8A0_0, 0, 1;
    %set/v v0124B8F8_0, 0, 1;
    %delay 1000, 0;
    %vpi_call 2 16 "$display", "%b", v0124B950_0;
    %set/v v0124B848_0, 0, 1;
    %set/v v0124B8A0_0, 0, 1;
    %set/v v0124B8F8_0, 0, 1;
    %delay 1000, 0;
    %vpi_call 2 17 "$display", "%b", v0124B950_0;
    %set/v v0124B848_0, 1, 1;
    %set/v v0124B8A0_0, 1, 1;
    %set/v v0124B8F8_0, 1, 1;
    %delay 1000, 0;
    %vpi_call 2 18 "$display", "%b", v0124B950_0;
    %set/v v0124B848_0, 0, 1;
    %set/v v0124B8A0_0, 0, 1;
    %set/v v0124B8F8_0, 0, 1;
    %delay 1000, 0;
    %vpi_call 2 19 "$display", "%b", v0124B950_0;
    %set/v v0124B848_0, 0, 1;
    %set/v v0124B8A0_0, 0, 1;
    %set/v v0124B8F8_0, 0, 1;
    %delay 1000, 0;
    %vpi_call 2 20 "$display", "%b", v0124B950_0;
    %vpi_call 2 21 "$finish";
    %end;
    .thread T_1;
# The file index is used to find the file name in the following table.
:file_names 4;
    "N/A";
    "<interactive>";
    "D:\buffer gate\buffer gate\verilog-judge\backend\problems\majority_gate\tb.v";
    "D:\buffer gate\buffer gate\verilog-judge\backend\submissions\53404571-6\submission.v";
