#! /c/iverilog/bin/vvp
:ivl_version "0.9.7 " "(v0_9_7)";
:vpi_time_precision - 12;
:vpi_module "system";
:vpi_module "v2005_math";
:vpi_module "va_math";
S_012E44C0 .scope module, "tb" "tb" 2 2;
 .timescale -9 -12;
v012E34D8_0 .var "clk", 0 0;
v012EECB0_0 .net "q", 7 0, v012EE950_0; 1 drivers
v012EED08_0 .var "rst", 0 0;
v012EED60_0 .var "serial_in", 0 0;
S_012E33F8 .scope module, "dut" "shift_register_8bit" 2 8, 3 1, S_012E44C0;
 .timescale 0 0;
v012EE890_0 .net "clk", 0 0, v012E34D8_0; 1 drivers
v012EE950_0 .var "q", 7 0;
v012EEC20_0 .net "rst", 0 0, v012EED08_0; 1 drivers
v012E3480_0 .net "serial_in", 0 0, v012EED60_0; 1 drivers
E_012E99C0 .event posedge, v012EE890_0;
    .scope S_012E33F8;
T_0 ;
    %wait E_012E99C0;
    %load/v 8, v012EEC20_0, 1;
    %jmp/0xz  T_0.0, 8;
    %ix/load 0, 8, 0;
    %assign/v0 v012EE950_0, 0, 0;
    %jmp T_0.1;
T_0.0 ;
    %load/v 16, v012EE950_0, 1; Select 1 out of 8 bits
    %ix/load 1, 1, 0;
    %mov 4, 0, 1;
    %jmp/1 T_0.2, 4;
    %load/x1p 23, v012EE950_0, 6;
    %jmp T_0.3;
T_0.2 ;
    %mov 23, 2, 6;
T_0.3 ;
    %mov 17, 23, 6; Move signal select into place
    %mov 8, 16, 7;
    %mov 15, 0, 1;
    %ix/load 0, 8, 0;
    %assign/v0 v012EE950_0, 0, 8;
T_0.1 ;
    %jmp T_0;
    .thread T_0;
    .scope S_012E44C0;
T_1 ;
    %set/v v012E34D8_0, 0, 1;
T_1.0 ;
    %delay 5000, 0;
    %load/v 8, v012E34D8_0, 1;
    %inv 8, 1;
    %set/v v012E34D8_0, 8, 1;
    %jmp T_1.0;
    %end;
    .thread T_1;
    .scope S_012E44C0;
T_2 ;
    %vpi_call 2 12 "$dumpfile", "simulation.vcd";
    %vpi_call 2 13 "$dumpvars", 1'sb0, S_012E44C0;
    %set/v v012EED08_0, 1, 1;
    %set/v v012EED60_0, 0, 1;
    %delay 1000, 0;
    %wait E_012E99C0;
    %delay 1000, 0;
    %vpi_call 2 14 "$display", "%b", v012EECB0_0;
    %set/v v012EED08_0, 0, 1;
    %set/v v012EED60_0, 1, 1;
    %delay 1000, 0;
    %wait E_012E99C0;
    %delay 1000, 0;
    %vpi_call 2 15 "$display", "%b", v012EECB0_0;
    %set/v v012EED08_0, 0, 1;
    %set/v v012EED60_0, 1, 1;
    %delay 1000, 0;
    %wait E_012E99C0;
    %delay 1000, 0;
    %vpi_call 2 16 "$display", "%b", v012EECB0_0;
    %set/v v012EED08_0, 0, 1;
    %set/v v012EED60_0, 0, 1;
    %delay 1000, 0;
    %wait E_012E99C0;
    %delay 1000, 0;
    %vpi_call 2 17 "$display", "%b", v012EECB0_0;
    %set/v v012EED08_0, 0, 1;
    %set/v v012EED60_0, 0, 1;
    %delay 1000, 0;
    %wait E_012E99C0;
    %delay 1000, 0;
    %vpi_call 2 18 "$display", "%b", v012EECB0_0;
    %set/v v012EED08_0, 0, 1;
    %set/v v012EED60_0, 1, 1;
    %delay 1000, 0;
    %wait E_012E99C0;
    %delay 1000, 0;
    %vpi_call 2 19 "$display", "%b", v012EECB0_0;
    %set/v v012EED08_0, 0, 1;
    %set/v v012EED60_0, 0, 1;
    %delay 1000, 0;
    %wait E_012E99C0;
    %delay 1000, 0;
    %vpi_call 2 20 "$display", "%b", v012EECB0_0;
    %set/v v012EED08_0, 0, 1;
    %set/v v012EED60_0, 0, 1;
    %delay 1000, 0;
    %wait E_012E99C0;
    %delay 1000, 0;
    %vpi_call 2 21 "$display", "%b", v012EECB0_0;
    %vpi_call 2 22 "$finish";
    %end;
    .thread T_2;
# The file index is used to find the file name in the following table.
:file_names 4;
    "N/A";
    "<interactive>";
    "D:\buffer gate\buffer gate\verilog-judge\backend\problems\shift_register_8bit\tb.v";
    "D:\buffer gate\buffer gate\verilog-judge\backend\submissions\58fd3506-1\submission.v";
