#! /c/iverilog/bin/vvp
:ivl_version "0.9.7 " "(v0_9_7)";
:vpi_time_precision - 12;
:vpi_module "system";
:vpi_module "v2005_math";
:vpi_module "va_math";
S_01285010 .scope module, "tb" "tb" 2 2;
 .timescale -9 -12;
v01282040_0 .var "a", 7 0;
v01132430_0 .net "y", 7 0, L_01132488; 1 drivers
S_01281F60 .scope module, "dut" "bit_clear_8bit_1" 2 6, 3 1, S_01285010;
 .timescale 0 0;
L_01132488 .functor AND 8, v01282040_0, C4<11111101>, C4<11111111>, C4<11111111>;
v01284BF8_0 .net *"_s0", 7 0, C4<11111101>; 1 drivers
v0128EF40_0 .net "a", 7 0, v01282040_0; 1 drivers
v01281FE8_0 .alias "y", 7 0, v01132430_0;
    .scope S_01285010;
T_0 ;
    %vpi_call 2 9 "$dumpfile", "simulation.vcd";
    %vpi_call 2 10 "$dumpvars", 1'sb0, S_01285010;
    %set/v v01282040_0, 0, 8;
    %delay 5000, 0;
    %vpi_call 2 11 "$display", "%b %b", v01282040_0, v01132430_0;
    %movi 8, 2, 8;
    %set/v v01282040_0, 8, 8;
    %delay 5000, 0;
    %vpi_call 2 12 "$display", "%b %b", v01282040_0, v01132430_0;
    %set/v v01282040_0, 1, 8;
    %delay 5000, 0;
    %vpi_call 2 13 "$display", "%b %b", v01282040_0, v01132430_0;
    %movi 8, 170, 8;
    %set/v v01282040_0, 8, 8;
    %delay 5000, 0;
    %vpi_call 2 14 "$display", "%b %b", v01282040_0, v01132430_0;
    %vpi_call 2 15 "$finish";
    %end;
    .thread T_0;
# The file index is used to find the file name in the following table.
:file_names 4;
    "N/A";
    "<interactive>";
    "D:\buffer gate\buffer gate\verilog-judge\backend\problems\bit_clear_8bit_1\tb.v";
    "D:\buffer gate\buffer gate\verilog-judge\backend\submissions\a7e8c989-5\submission.v";
