#! /c/iverilog/bin/vvp
:ivl_version "0.9.7 " "(v0_9_7)";
:vpi_time_precision - 12;
:vpi_module "system";
:vpi_module "v2005_math";
:vpi_module "va_math";
S_01142580 .scope module, "tb" "tb" 2 2;
 .timescale -9 -12;
v0110E968_0 .var "clk", 0 0;
v0110E9C0_0 .net "gray", 2 0, v01102040_0; 1 drivers
v0110EA18_0 .var "reset", 0 0;
S_01101F60 .scope module, "dut" "gray_counter_3bit" 2 7, 3 1, S_01142580;
 .timescale 0 0;
v01101FE8_0 .net "clk", 0 0, v0110E968_0; 1 drivers
v01102040_0 .var "gray", 2 0;
v0110E910_0 .net "reset", 0 0, v0110EA18_0; 1 drivers
E_01108628 .event "_s0";
    .scope S_01101F60;
T_0 ;
    %wait E_01108628;
    %jmp T_0;
    .thread T_0;
    .scope S_01142580;
T_1 ;
    %set/v v0110E968_0, 0, 1;
T_1.0 ;
    %delay 5000, 0;
    %load/v 8, v0110E968_0, 1;
    %inv 8, 1;
    %set/v v0110E968_0, 8, 1;
    %jmp T_1.0;
    %end;
    .thread T_1;
    .scope S_01142580;
T_2 ;
    %vpi_call 2 11 "$dumpfile", "simulation.vcd";
    %vpi_call 2 12 "$dumpvars", 1'sb0, S_01142580;
    %set/v v0110E968_0, 0, 1;
    %set/v v0110EA18_0, 1, 1;
    %delay 5000, 0;
    %vpi_call 2 13 "$display", "%b", v0110E9C0_0;
    %set/v v0110E968_0, 0, 1;
    %set/v v0110EA18_0, 0, 1;
    %delay 5000, 0;
    %vpi_call 2 14 "$display", "%b", v0110E9C0_0;
    %set/v v0110E968_0, 0, 1;
    %set/v v0110EA18_0, 0, 1;
    %delay 5000, 0;
    %vpi_call 2 15 "$display", "%b", v0110E9C0_0;
    %set/v v0110E968_0, 0, 1;
    %set/v v0110EA18_0, 0, 1;
    %delay 5000, 0;
    %vpi_call 2 16 "$display", "%b", v0110E9C0_0;
    %vpi_call 2 17 "$finish";
    %end;
    .thread T_2;
# The file index is used to find the file name in the following table.
:file_names 4;
    "N/A";
    "<interactive>";
    "D:\buffer gate\buffer gate\verilog-judge\backend\problems\gray_counter_3bit\tb.v";
    "D:\buffer gate\buffer gate\verilog-judge\backend\submissions\489bd9ec-7\submission.v";
