#! /c/iverilog/bin/vvp
:ivl_version "0.9.7 " "(v0_9_7)";
:vpi_time_precision - 12;
:vpi_module "system";
:vpi_module "v2005_math";
:vpi_module "va_math";
S_012E45E0 .scope module, "tb" "tb" 2 2;
 .timescale -9 -12;
v011D2490_0 .var "a", 15 0;
v011D24E8_0 .net "y", 15 0, L_011D2540; 1 drivers
S_012E1F60 .scope module, "dut" "bit_clear_16bit_2" 2 6, 3 1, S_012E45E0;
 .timescale 0 0;
L_011D2540 .functor AND 16, v011D2490_0, C4<1111111111111011>, C4<1111111111111111>, C4<1111111111111111>;
v012E1FE8_0 .net *"_s0", 15 0, C4<1111111111111011>; 1 drivers
v012E2040_0 .net "a", 15 0, v011D2490_0; 1 drivers
v011D2438_0 .alias "y", 15 0, v011D24E8_0;
    .scope S_012E45E0;
T_0 ;
    %vpi_call 2 9 "$dumpfile", "simulation.vcd";
    %vpi_call 2 10 "$dumpvars", 1'sb0, S_012E45E0;
    %set/v v011D2490_0, 0, 16;
    %delay 5000, 0;
    %vpi_call 2 11 "$display", "%b %b", v011D2490_0, v011D24E8_0;
    %movi 8, 4, 16;
    %set/v v011D2490_0, 8, 16;
    %delay 5000, 0;
    %vpi_call 2 12 "$display", "%b %b", v011D2490_0, v011D24E8_0;
    %set/v v011D2490_0, 1, 16;
    %delay 5000, 0;
    %vpi_call 2 13 "$display", "%b %b", v011D2490_0, v011D24E8_0;
    %movi 8, 43690, 16;
    %set/v v011D2490_0, 8, 16;
    %delay 5000, 0;
    %vpi_call 2 14 "$display", "%b %b", v011D2490_0, v011D24E8_0;
    %vpi_call 2 15 "$finish";
    %end;
    .thread T_0;
# The file index is used to find the file name in the following table.
:file_names 4;
    "N/A";
    "<interactive>";
    "D:\buffer gate\buffer gate\verilog-judge\backend\problems\bit_clear_16bit_2\tb.v";
    "D:\buffer gate\buffer gate\verilog-judge\backend\submissions\9a25c395-6\submission.v";
