#! /c/iverilog/bin/vvp
:ivl_version "0.9.7 " "(v0_9_7)";
:vpi_time_precision - 12;
:vpi_module "system";
:vpi_module "v2005_math";
:vpi_module "va_math";
S_0138ECF8 .scope module, "tb" "tb" 2 2;
 .timescale -9 -12;
v00A50C58_0 .var "a", 0 0;
v00A50F18_0 .var "b", 0 0;
v00A51078_0 .var "cin", 0 0;
v00A51338_0 .net "cout", 0 0, L_0138A228; 1 drivers
v00A510D0_0 .net "sum", 0 0, L_01382098; 1 drivers
S_0138ED80 .scope module, "dut" "full_adder" 2 6, 3 1, S_0138ECF8;
 .timescale 0 0;
L_00A52CB0 .functor XOR 1, v00A50C58_0, v00A50F18_0, C4<0>, C4<0>;
L_01382098 .functor XOR 1, L_00A52CB0, v00A51078_0, C4<0>, C4<0>;
L_0138A260 .functor AND 1, v00A50C58_0, v00A50F18_0, C4<1>, C4<1>;
L_0138A298 .functor AND 1, v00A50C58_0, v00A51078_0, C4<1>, C4<1>;
L_01382028 .functor OR 1, L_0138A260, L_0138A298, C4<0>, C4<0>;
L_0138B768 .functor AND 1, v00A50F18_0, v00A51078_0, C4<1>, C4<1>;
L_0138A228 .functor OR 1, L_01382028, L_0138B768, C4<0>, C4<0>;
v0138DB18_0 .net *"_s0", 0 0, L_00A52CB0; 1 drivers
v013883F8_0 .net *"_s10", 0 0, L_0138B768; 1 drivers
v01388450_0 .net *"_s4", 0 0, L_0138A260; 1 drivers
v013884A8_0 .net *"_s6", 0 0, L_0138A298; 1 drivers
v00A52BA8_0 .net *"_s8", 0 0, L_01382028; 1 drivers
v00A52C00_0 .net "a", 0 0, v00A50C58_0; 1 drivers
v00A52C58_0 .net "b", 0 0, v00A50F18_0; 1 drivers
v01381F78_0 .net "cin", 0 0, v00A51078_0; 1 drivers
v01381FD0_0 .alias "cout", 0 0, v00A51338_0;
v00A50E10_0 .alias "sum", 0 0, v00A510D0_0;
    .scope S_0138ECF8;
T_0 ;
    %vpi_call 2 9 "$dumpfile", "simulation.vcd";
    %vpi_call 2 10 "$dumpvars", 1'sb0, S_0138ECF8;
    %set/v v00A50C58_0, 0, 1;
    %set/v v00A50F18_0, 0, 1;
    %set/v v00A51078_0, 0, 1;
    %delay 5000, 0;
    %vpi_call 2 12 "$display", "%b %b %b %b %b", v00A50C58_0, v00A50F18_0, v00A51078_0, v00A510D0_0, v00A51338_0;
    %set/v v00A50C58_0, 0, 1;
    %set/v v00A50F18_0, 0, 1;
    %set/v v00A51078_0, 1, 1;
    %delay 5000, 0;
    %vpi_call 2 13 "$display", "%b %b %b %b %b", v00A50C58_0, v00A50F18_0, v00A51078_0, v00A510D0_0, v00A51338_0;
    %set/v v00A50C58_0, 0, 1;
    %set/v v00A50F18_0, 1, 1;
    %set/v v00A51078_0, 0, 1;
    %delay 5000, 0;
    %vpi_call 2 14 "$display", "%b %b %b %b %b", v00A50C58_0, v00A50F18_0, v00A51078_0, v00A510D0_0, v00A51338_0;
    %set/v v00A50C58_0, 0, 1;
    %set/v v00A50F18_0, 1, 1;
    %set/v v00A51078_0, 1, 1;
    %delay 5000, 0;
    %vpi_call 2 15 "$display", "%b %b %b %b %b", v00A50C58_0, v00A50F18_0, v00A51078_0, v00A510D0_0, v00A51338_0;
    %set/v v00A50C58_0, 1, 1;
    %set/v v00A50F18_0, 0, 1;
    %set/v v00A51078_0, 0, 1;
    %delay 5000, 0;
    %vpi_call 2 16 "$display", "%b %b %b %b %b", v00A50C58_0, v00A50F18_0, v00A51078_0, v00A510D0_0, v00A51338_0;
    %set/v v00A50C58_0, 1, 1;
    %set/v v00A50F18_0, 0, 1;
    %set/v v00A51078_0, 1, 1;
    %delay 5000, 0;
    %vpi_call 2 17 "$display", "%b %b %b %b %b", v00A50C58_0, v00A50F18_0, v00A51078_0, v00A510D0_0, v00A51338_0;
    %set/v v00A50C58_0, 1, 1;
    %set/v v00A50F18_0, 1, 1;
    %set/v v00A51078_0, 0, 1;
    %delay 5000, 0;
    %vpi_call 2 18 "$display", "%b %b %b %b %b", v00A50C58_0, v00A50F18_0, v00A51078_0, v00A510D0_0, v00A51338_0;
    %set/v v00A50C58_0, 1, 1;
    %set/v v00A50F18_0, 1, 1;
    %set/v v00A51078_0, 1, 1;
    %delay 5000, 0;
    %vpi_call 2 19 "$display", "%b %b %b %b %b", v00A50C58_0, v00A50F18_0, v00A51078_0, v00A510D0_0, v00A51338_0;
    %vpi_call 2 20 "$finish";
    %end;
    .thread T_0;
# The file index is used to find the file name in the following table.
:file_names 4;
    "N/A";
    "<interactive>";
    "D:\buffer gate\buffer gate\verilog-judge\backend\problems\full_adder\tb.v";
    "D:\buffer gate\buffer gate\verilog-judge\backend\submissions\db2aad89-1\submission.v";
