#! /c/iverilog/bin/vvp
:ivl_version "0.9.7 " "(v0_9_7)";
:vpi_time_precision - 12;
:vpi_module "system";
:vpi_module "v2005_math";
:vpi_module "va_math";
S_01192BA8 .scope module, "tb" "tb" 2 2;
 .timescale -9 -12;
v0131DAA8_0 .var/s "a", 7 0;
v0131DB00_0 .var/s "b", 7 0;
v0131DB58_0 .net "negative", 0 0, v01312040_0; 1 drivers
v0131DBB0_0 .var "sel", 0 0;
v0131DC08_0 .net/s "y", 7 0, v0131DA50_0; 1 drivers
S_01311F60 .scope module, "dut" "signed_magnitude_selector" 2 9, 3 1, S_01192BA8;
 .timescale 0 0;
v01319BF8_0 .net/s "a", 7 0, v0131DAA8_0; 1 drivers
v01311FE8_0 .net/s "b", 7 0, v0131DB00_0; 1 drivers
v01312040_0 .var "negative", 0 0;
v0131D9F8_0 .net "sel", 0 0, v0131DBB0_0; 1 drivers
v0131DA50_0 .var/s "y", 7 0;
E_01319060 .event "_s0";
    .scope S_01311F60;
T_0 ;
    %wait E_01319060;
    %jmp T_0;
    .thread T_0;
    .scope S_01192BA8;
T_1 ;
    %vpi_call 2 12 "$dumpfile", "simulation.vcd";
    %vpi_call 2 13 "$dumpvars", 1'sb0, S_01192BA8;
    %set/v v0131DAA8_0, 0, 8;
    %set/v v0131DB00_0, 0, 8;
    %set/v v0131DBB0_0, 0, 1;
    %delay 5000, 0;
    %vpi_call 2 14 "$display", "%b %b", v0131DC08_0, v0131DB58_0;
    %movi 8, 1, 8;
    %set/v v0131DAA8_0, 8, 8;
    %movi 8, 1, 8;
    %set/v v0131DB00_0, 8, 8;
    %set/v v0131DBB0_0, 1, 1;
    %delay 5000, 0;
    %vpi_call 2 15 "$display", "%b %b", v0131DC08_0, v0131DB58_0;
    %set/v v0131DAA8_0, 1, 8;
    %set/v v0131DB00_0, 1, 8;
    %set/v v0131DBB0_0, 0, 1;
    %delay 5000, 0;
    %vpi_call 2 16 "$display", "%b %b", v0131DC08_0, v0131DB58_0;
    %movi 8, 170, 8;
    %set/v v0131DAA8_0, 8, 8;
    %movi 8, 170, 8;
    %set/v v0131DB00_0, 8, 8;
    %set/v v0131DBB0_0, 1, 1;
    %delay 5000, 0;
    %vpi_call 2 17 "$display", "%b %b", v0131DC08_0, v0131DB58_0;
    %vpi_call 2 18 "$finish";
    %end;
    .thread T_1;
# The file index is used to find the file name in the following table.
:file_names 4;
    "N/A";
    "<interactive>";
    "D:\buffer gate\buffer gate\verilog-judge\backend\problems\signed_magnitude_selector\tb.v";
    "D:\buffer gate\buffer gate\verilog-judge\backend\submissions\85a16b10-f\submission.v";
