#! /c/iverilog/bin/vvp
:ivl_version "0.9.7 " "(v0_9_7)";
:vpi_time_precision - 12;
:vpi_module "system";
:vpi_module "v2005_math";
:vpi_module "va_math";
S_011D4C08 .scope module, "tb" "tb" 2 2;
 .timescale -9 -12;
v01212430_0 .var "addr", 15 0;
v01212488_0 .var "incr", 0 0;
v012124E0_0 .net "next_addr", 15 0, C4<0000000000000000>; 1 drivers
S_011D1F60 .scope module, "dut" "address_incrementer" 2 7, 3 1, S_011D4C08;
 .timescale 0 0;
v011D1FE8_0 .net "addr", 15 0, v01212430_0; 1 drivers
v011D2040_0 .net "incr", 0 0, v01212488_0; 1 drivers
v011D5A68_0 .alias "next_addr", 15 0, v012124E0_0;
    .scope S_011D4C08;
T_0 ;
    %vpi_call 2 10 "$dumpfile", "simulation.vcd";
    %vpi_call 2 11 "$dumpvars", 1'sb0, S_011D4C08;
    %set/v v01212430_0, 0, 16;
    %set/v v01212488_0, 0, 1;
    %delay 5000, 0;
    %vpi_call 2 12 "$display", "%b", v012124E0_0;
    %movi 8, 1, 16;
    %set/v v01212430_0, 8, 16;
    %set/v v01212488_0, 1, 1;
    %delay 5000, 0;
    %vpi_call 2 13 "$display", "%b", v012124E0_0;
    %set/v v01212430_0, 1, 16;
    %set/v v01212488_0, 1, 1;
    %delay 5000, 0;
    %vpi_call 2 14 "$display", "%b", v012124E0_0;
    %movi 8, 170, 16;
    %set/v v01212430_0, 8, 16;
    %set/v v01212488_0, 0, 1;
    %delay 5000, 0;
    %vpi_call 2 15 "$display", "%b", v012124E0_0;
    %vpi_call 2 16 "$finish";
    %end;
    .thread T_0;
# The file index is used to find the file name in the following table.
:file_names 4;
    "N/A";
    "<interactive>";
    "D:\buffer gate\buffer gate\verilog-judge\backend\problems\address_incrementer\tb.v";
    "D:\buffer gate\buffer gate\verilog-judge\backend\submissions\2a1ffdb0-e\submission.v";
