#! /c/iverilog/bin/vvp
:ivl_version "0.9.7 " "(v0_9_7)";
:vpi_time_precision - 12;
:vpi_module "system";
:vpi_module "v2005_math";
:vpi_module "va_math";
S_011E51E0 .scope module, "tb" "tb" 2 2;
 .timescale -9 -12;
v01222410_0 .var "a", 7 0;
v01222468_0 .net "y", 0 0, L_011E57E0; 1 drivers
S_011E1F60 .scope module, "dut" "all_ones_detector_8bit" 2 6, 3 1, S_011E51E0;
 .timescale 0 0;
v011E1FE8_0 .net *"_s0", 7 0, C4<11111111>; 1 drivers
v011E2040_0 .net "a", 7 0, v01222410_0; 1 drivers
v012223B8_0 .alias "y", 0 0, v01222468_0;
L_011E57E0 .cmp/eq 8, v01222410_0, C4<11111111>;
    .scope S_011E51E0;
T_0 ;
    %vpi_call 2 9 "$dumpfile", "simulation.vcd";
    %vpi_call 2 10 "$dumpvars", 1'sb0, S_011E51E0;
    %set/v v01222410_0, 0, 8;
    %delay 5000, 0;
    %vpi_call 2 11 "$display", "%b %b", v01222410_0, v01222468_0;
    %movi 8, 1, 8;
    %set/v v01222410_0, 8, 8;
    %delay 5000, 0;
    %vpi_call 2 12 "$display", "%b %b", v01222410_0, v01222468_0;
    %set/v v01222410_0, 1, 8;
    %delay 5000, 0;
    %vpi_call 2 13 "$display", "%b %b", v01222410_0, v01222468_0;
    %movi 8, 128, 8;
    %set/v v01222410_0, 8, 8;
    %delay 5000, 0;
    %vpi_call 2 14 "$display", "%b %b", v01222410_0, v01222468_0;
    %movi 8, 170, 8;
    %set/v v01222410_0, 8, 8;
    %delay 5000, 0;
    %vpi_call 2 15 "$display", "%b %b", v01222410_0, v01222468_0;
    %vpi_call 2 16 "$finish";
    %end;
    .thread T_0;
# The file index is used to find the file name in the following table.
:file_names 4;
    "N/A";
    "<interactive>";
    "D:\buffer gate\buffer gate\verilog-judge\backend\problems\all_ones_detector_8bit\tb.v";
    "D:\buffer gate\buffer gate\verilog-judge\backend\submissions\a93f7f31-0\submission.v";
