#! /c/iverilog/bin/vvp
:ivl_version "0.9.7 " "(v0_9_7)";
:vpi_time_precision - 12;
:vpi_module "system";
:vpi_module "v2005_math";
:vpi_module "va_math";
S_011C1FE8 .scope module, "tb" "tb" 2 2;
 .timescale -9 -12;
v011C5850_0 .var "clk", 0 0;
v011CD920_0 .net "fan_enable", 0 0, v01202660_0; 1 drivers
v011CD978_0 .var "rst", 0 0;
v011CD9D0_0 .var "temp", 7 0;
S_01202580 .scope module, "dut" "thermal_shutdown_fsm" 2 8, 3 1, S_011C1FE8;
 .timescale 0 0;
v01202608_0 .net "clk", 0 0, v011C5850_0; 1 drivers
v01202660_0 .var "fan_enable", 0 0;
v011C57A0_0 .net "rst", 0 0, v011CD978_0; 1 drivers
v011C57F8_0 .net "temp", 7 0, v011CD9D0_0; 1 drivers
E_011C79B0 .event "_s0";
    .scope S_01202580;
T_0 ;
    %wait E_011C79B0;
    %jmp T_0;
    .thread T_0;
    .scope S_011C1FE8;
T_1 ;
    %set/v v011C5850_0, 0, 1;
T_1.0 ;
    %delay 5000, 0;
    %load/v 8, v011C5850_0, 1;
    %inv 8, 1;
    %set/v v011C5850_0, 8, 1;
    %jmp T_1.0;
    %end;
    .thread T_1;
    .scope S_011C1FE8;
T_2 ;
    %vpi_call 2 12 "$dumpfile", "simulation.vcd";
    %vpi_call 2 13 "$dumpvars", 1'sb0, S_011C1FE8;
    %set/v v011C5850_0, 0, 1;
    %set/v v011CD978_0, 1, 1;
    %set/v v011CD9D0_0, 0, 8;
    %delay 5000, 0;
    %vpi_call 2 14 "$display", "%b", v011CD920_0;
    %set/v v011C5850_0, 0, 1;
    %set/v v011CD978_0, 0, 1;
    %movi 8, 1, 8;
    %set/v v011CD9D0_0, 8, 8;
    %delay 5000, 0;
    %vpi_call 2 15 "$display", "%b", v011CD920_0;
    %set/v v011C5850_0, 0, 1;
    %set/v v011CD978_0, 0, 1;
    %set/v v011CD9D0_0, 1, 8;
    %delay 5000, 0;
    %vpi_call 2 16 "$display", "%b", v011CD920_0;
    %set/v v011C5850_0, 0, 1;
    %set/v v011CD978_0, 0, 1;
    %movi 8, 170, 8;
    %set/v v011CD9D0_0, 8, 8;
    %delay 5000, 0;
    %vpi_call 2 17 "$display", "%b", v011CD920_0;
    %vpi_call 2 18 "$finish";
    %end;
    .thread T_2;
# The file index is used to find the file name in the following table.
:file_names 4;
    "N/A";
    "<interactive>";
    "D:\buffer gate\buffer gate\verilog-judge\backend\problems\thermal_shutdown_fsm\tb.v";
    "D:\buffer gate\buffer gate\verilog-judge\backend\submissions\eaa38628-5\submission.v";
