#! /c/iverilog/bin/vvp
:ivl_version "0.9.7 " "(v0_9_7)";
:vpi_time_precision - 12;
:vpi_module "system";
:vpi_module "v2005_math";
:vpi_module "va_math";
S_011054E0 .scope module, "tb" "tb" 2 2;
 .timescale -9 -12;
v01102028_0 .var "a", 1 0;
v01105780_0 .var "b", 1 0;
v011057D8_0 .var "sel", 0 0;
v01105830_0 .net "y", 1 0, L_01105888; 1 drivers
S_01142970 .scope module, "dut" "mux2_2bit" 2 7, 3 1, S_011054E0;
 .timescale 0 0;
v011429F8_0 .net "a", 1 0, v01102028_0; 1 drivers
v01142A50_0 .net "b", 1 0, v01105780_0; 1 drivers
v01101F78_0 .net "sel", 0 0, v011057D8_0; 1 drivers
v01101FD0_0 .alias "y", 1 0, v01105830_0;
L_01105888 .functor MUXZ 2, v01102028_0, v01105780_0, v011057D8_0, C4<>;
    .scope S_011054E0;
T_0 ;
    %vpi_call 2 10 "$dumpfile", "simulation.vcd";
    %vpi_call 2 11 "$dumpvars", 1'sb0, S_011054E0;
    %set/v v01102028_0, 0, 2;
    %set/v v01105780_0, 1, 2;
    %set/v v011057D8_0, 0, 1;
    %delay 5000, 0;
    %vpi_call 2 12 "$display", "%b %b %b %b", v01102028_0, v01105780_0, v011057D8_0, v01105830_0;
    %set/v v01102028_0, 0, 2;
    %set/v v01105780_0, 1, 2;
    %set/v v011057D8_0, 1, 1;
    %delay 5000, 0;
    %vpi_call 2 13 "$display", "%b %b %b %b", v01102028_0, v01105780_0, v011057D8_0, v01105830_0;
    %movi 8, 1, 2;
    %set/v v01102028_0, 8, 2;
    %movi 8, 2, 2;
    %set/v v01105780_0, 8, 2;
    %set/v v011057D8_0, 0, 1;
    %delay 5000, 0;
    %vpi_call 2 14 "$display", "%b %b %b %b", v01102028_0, v01105780_0, v011057D8_0, v01105830_0;
    %movi 8, 1, 2;
    %set/v v01102028_0, 8, 2;
    %movi 8, 2, 2;
    %set/v v01105780_0, 8, 2;
    %set/v v011057D8_0, 1, 1;
    %delay 5000, 0;
    %vpi_call 2 15 "$display", "%b %b %b %b", v01102028_0, v01105780_0, v011057D8_0, v01105830_0;
    %vpi_call 2 16 "$finish";
    %end;
    .thread T_0;
# The file index is used to find the file name in the following table.
:file_names 4;
    "N/A";
    "<interactive>";
    "D:\buffer gate\buffer gate\verilog-judge\backend\problems\mux2_2bit\tb.v";
    "D:\buffer gate\buffer gate\verilog-judge\backend\submissions\ad50fb5b-d\submission.v";
