#! /c/iverilog/bin/vvp
:ivl_version "0.9.7 " "(v0_9_7)";
:vpi_time_precision - 12;
:vpi_module "system";
:vpi_module "v2005_math";
:vpi_module "va_math";
S_0118B0F8 .scope module, "tb" "tb" 2 2;
 .timescale -9 -12;
v0118ABB0_0 .var "clk", 0 0;
v01181F60_0 .var "rst", 0 0;
v01181FB8_0 .net "vehicle_green", 0 0, v011C2EE8_0; 1 drivers
v01182010_0 .net "vehicle_red", 0 0, v011C2F40_0; 1 drivers
v01182068_0 .net "vehicle_yellow", 0 0, v0118AAA8_0; 1 drivers
v0118EC80_0 .net "walk", 0 0, v0118AB00_0; 1 drivers
v0118ECD8_0 .var "walk_request", 0 0;
S_0118B6D0 .scope module, "dut" "pedestrian_crossing_controller" 2 11, 3 1, S_0118B0F8;
 .timescale 0 0;
v01188E90_0 .net "clk", 0 0, v0118ABB0_0; 1 drivers
v011C2E90_0 .net "rst", 0 0, v01181F60_0; 1 drivers
v011C2EE8_0 .var "vehicle_green", 0 0;
v011C2F40_0 .var "vehicle_red", 0 0;
v0118AAA8_0 .var "vehicle_yellow", 0 0;
v0118AB00_0 .var "walk", 0 0;
v0118AB58_0 .net "walk_request", 0 0, v0118ECD8_0; 1 drivers
E_011885F0 .event "_s0";
    .scope S_0118B6D0;
T_0 ;
    %wait E_011885F0;
    %jmp T_0;
    .thread T_0;
    .scope S_0118B0F8;
T_1 ;
    %set/v v0118ABB0_0, 0, 1;
T_1.0 ;
    %delay 5000, 0;
    %load/v 8, v0118ABB0_0, 1;
    %inv 8, 1;
    %set/v v0118ABB0_0, 8, 1;
    %jmp T_1.0;
    %end;
    .thread T_1;
    .scope S_0118B0F8;
T_2 ;
    %vpi_call 2 15 "$dumpfile", "simulation.vcd";
    %vpi_call 2 16 "$dumpvars", 1'sb0, S_0118B0F8;
    %set/v v0118ABB0_0, 0, 1;
    %set/v v01181F60_0, 1, 1;
    %set/v v0118ECD8_0, 0, 1;
    %delay 5000, 0;
    %vpi_call 2 17 "$display", "%b %b %b %b", v01181FB8_0, v01182068_0, v01182010_0, v0118EC80_0;
    %set/v v0118ABB0_0, 0, 1;
    %set/v v01181F60_0, 0, 1;
    %set/v v0118ECD8_0, 1, 1;
    %delay 5000, 0;
    %vpi_call 2 18 "$display", "%b %b %b %b", v01181FB8_0, v01182068_0, v01182010_0, v0118EC80_0;
    %set/v v0118ABB0_0, 0, 1;
    %set/v v01181F60_0, 0, 1;
    %set/v v0118ECD8_0, 1, 1;
    %delay 5000, 0;
    %vpi_call 2 19 "$display", "%b %b %b %b", v01181FB8_0, v01182068_0, v01182010_0, v0118EC80_0;
    %set/v v0118ABB0_0, 0, 1;
    %set/v v01181F60_0, 0, 1;
    %set/v v0118ECD8_0, 0, 1;
    %delay 5000, 0;
    %vpi_call 2 20 "$display", "%b %b %b %b", v01181FB8_0, v01182068_0, v01182010_0, v0118EC80_0;
    %vpi_call 2 21 "$finish";
    %end;
    .thread T_2;
# The file index is used to find the file name in the following table.
:file_names 4;
    "N/A";
    "<interactive>";
    "D:\buffer gate\buffer gate\verilog-judge\backend\problems\pedestrian_crossing_controller\tb.v";
    "D:\buffer gate\buffer gate\verilog-judge\backend\submissions\531e7f8a-c\submission.v";
