#! /c/Source/iverilog-install/bin/vvp
:ivl_version "12.0 (devel)" "(s20150603-1110-g18392a46)";
:ivl_delay_selection "TYPICAL";
:vpi_time_precision - 12;
:vpi_module "D:\iverilog\lib\ivl\system.vpi";
:vpi_module "D:\iverilog\lib\ivl\vhdl_sys.vpi";
:vpi_module "D:\iverilog\lib\ivl\vhdl_textio.vpi";
:vpi_module "D:\iverilog\lib\ivl\v2005_math.vpi";
:vpi_module "D:\iverilog\lib\ivl\va_math.vpi";
S_000001d31830a460 .scope module, "tb" "tb" 2 2;
 .timescale -9 -12;
v000001d318309a20_0 .var "a", 0 0;
v000001d318308bd0_0 .var "b", 0 0;
v000001d318235d30_0 .net "carry", 0 0, L_000001d318309ac0;  1 drivers
v000001d318235dd0_0 .net "sum", 0 0, L_000001d318308c70;  1 drivers
S_000001d318235ba0 .scope module, "dut" "half_adder" 2 6, 3 1 0, S_000001d31830a460;
 .timescale 0 0;
    .port_info 0 /INPUT 1 "a";
    .port_info 1 /INPUT 1 "b";
    .port_info 2 /OUTPUT 1 "sum";
    .port_info 3 /OUTPUT 1 "carry";
L_000001d318308c70 .functor XOR 1, v000001d318309a20_0, v000001d318308bd0_0, C4<0>, C4<0>;
L_000001d318309ac0 .functor AND 1, v000001d318309a20_0, v000001d318308bd0_0, C4<1>, C4<1>;
v000001d318307210_0 .net "a", 0 0, v000001d318309a20_0;  1 drivers
v000001d318307350_0 .net "b", 0 0, v000001d318308bd0_0;  1 drivers
v000001d318306d60_0 .net "carry", 0 0, L_000001d318309ac0;  alias, 1 drivers
v000001d31830bef0_0 .net "sum", 0 0, L_000001d318308c70;  alias, 1 drivers
    .scope S_000001d31830a460;
T_0 ;
    %vpi_call 2 9 "$dumpfile", "simulation.vcd" {0 0 0};
    %vpi_call 2 10 "$dumpvars", 32'sb00000000000000000000000000000000, S_000001d31830a460 {0 0 0};
    %pushi/vec4 0, 0, 1;
    %store/vec4 v000001d318309a20_0, 0, 1;
    %pushi/vec4 0, 0, 1;
    %store/vec4 v000001d318308bd0_0, 0, 1;
    %delay 5000, 0;
    %vpi_call 2 12 "$display", "%b %b %b %b", v000001d318309a20_0, v000001d318308bd0_0, v000001d318235dd0_0, v000001d318235d30_0 {0 0 0};
    %pushi/vec4 0, 0, 1;
    %store/vec4 v000001d318309a20_0, 0, 1;
    %pushi/vec4 1, 0, 1;
    %store/vec4 v000001d318308bd0_0, 0, 1;
    %delay 5000, 0;
    %vpi_call 2 13 "$display", "%b %b %b %b", v000001d318309a20_0, v000001d318308bd0_0, v000001d318235dd0_0, v000001d318235d30_0 {0 0 0};
    %pushi/vec4 1, 0, 1;
    %store/vec4 v000001d318309a20_0, 0, 1;
    %pushi/vec4 0, 0, 1;
    %store/vec4 v000001d318308bd0_0, 0, 1;
    %delay 5000, 0;
    %vpi_call 2 14 "$display", "%b %b %b %b", v000001d318309a20_0, v000001d318308bd0_0, v000001d318235dd0_0, v000001d318235d30_0 {0 0 0};
    %pushi/vec4 1, 0, 1;
    %store/vec4 v000001d318309a20_0, 0, 1;
    %pushi/vec4 1, 0, 1;
    %store/vec4 v000001d318308bd0_0, 0, 1;
    %delay 5000, 0;
    %vpi_call 2 15 "$display", "%b %b %b %b", v000001d318309a20_0, v000001d318308bd0_0, v000001d318235dd0_0, v000001d318235d30_0 {0 0 0};
    %vpi_call 2 16 "$finish" {0 0 0};
    %end;
    .thread T_0;
# The file index is used to find the file name in the following table.
:file_names 4;
    "N/A";
    "<interactive>";
    "D:\buffer gate\buffer gate\verilog-judge\backend\problems\half_adder\tb.v";
    "D:\buffer gate\buffer gate\verilog-judge\backend\submissions\4ec1b28d-0\submission.v";
