#! /c/iverilog/bin/vvp
:ivl_version "0.9.7 " "(v0_9_7)";
:vpi_time_precision - 12;
:vpi_module "system";
:vpi_module "v2005_math";
:vpi_module "va_math";
S_012C4E78 .scope module, "tb" "tb" 2 2;
 .timescale -9 -12;
v012C1F58_0 .var "a", 2 0;
v012C1FB0_0 .net "y", 2 0, L_012C2008; 1 drivers
S_01132370 .scope module, "dut" "buffer_3bit" 2 6, 3 1, S_012C4E78;
 .timescale 0 0;
L_012C2008 .functor BUFZ 3, v012C1F58_0, C4<000>, C4<000>, C4<000>;
v011323F8_0 .net "a", 2 0, v012C1F58_0; 1 drivers
v01132450_0 .alias "y", 2 0, v012C1FB0_0;
    .scope S_012C4E78;
T_0 ;
    %vpi_call 2 9 "$dumpfile", "simulation.vcd";
    %vpi_call 2 10 "$dumpvars", 1'sb0, S_012C4E78;
    %set/v v012C1F58_0, 0, 3;
    %delay 5000, 0;
    %vpi_call 2 11 "$display", "%b %b", v012C1F58_0, v012C1FB0_0;
    %movi 8, 1, 3;
    %set/v v012C1F58_0, 8, 3;
    %delay 5000, 0;
    %vpi_call 2 12 "$display", "%b %b", v012C1F58_0, v012C1FB0_0;
    %set/v v012C1F58_0, 1, 3;
    %delay 5000, 0;
    %vpi_call 2 13 "$display", "%b %b", v012C1F58_0, v012C1FB0_0;
    %movi 8, 5, 3;
    %set/v v012C1F58_0, 8, 3;
    %delay 5000, 0;
    %vpi_call 2 14 "$display", "%b %b", v012C1F58_0, v012C1FB0_0;
    %vpi_call 2 15 "$finish";
    %end;
    .thread T_0;
# The file index is used to find the file name in the following table.
:file_names 4;
    "N/A";
    "<interactive>";
    "D:\buffer gate\buffer gate\verilog-judge\backend\problems\buffer_3bit\tb.v";
    "D:\buffer gate\buffer gate\verilog-judge\backend\submissions\df03f376-6\submission.v";
