#! /c/iverilog/bin/vvp
:ivl_version "0.9.7 " "(v0_9_7)";
:vpi_time_precision - 12;
:vpi_module "system";
:vpi_module "v2005_math";
:vpi_module "va_math";
S_011E1F60 .scope module, "tb" "tb" 2 2;
 .timescale -9 -12;
v01222670_0 .var "a", 7 0;
v012226C8_0 .var "enable", 0 0;
v01222720_0 .net "y", 7 0, C4<00000000>; 1 drivers
S_011E1FE8 .scope module, "dut" "conditional_incrementer" 2 7, 3 1, S_011E1F60;
 .timescale 0 0;
v01222618_0 .net "a", 7 0, v01222670_0; 1 drivers
v011EEF38_0 .net "enable", 0 0, v012226C8_0; 1 drivers
v011EEF90_0 .alias "y", 7 0, v01222720_0;
    .scope S_011E1F60;
T_0 ;
    %vpi_call 2 10 "$dumpfile", "simulation.vcd";
    %vpi_call 2 11 "$dumpvars", 1'sb0, S_011E1F60;
    %set/v v01222670_0, 0, 8;
    %set/v v012226C8_0, 0, 1;
    %delay 5000, 0;
    %vpi_call 2 12 "$display", "%b", v01222720_0;
    %movi 8, 1, 8;
    %set/v v01222670_0, 8, 8;
    %set/v v012226C8_0, 1, 1;
    %delay 5000, 0;
    %vpi_call 2 13 "$display", "%b", v01222720_0;
    %set/v v01222670_0, 1, 8;
    %set/v v012226C8_0, 1, 1;
    %delay 5000, 0;
    %vpi_call 2 14 "$display", "%b", v01222720_0;
    %movi 8, 170, 8;
    %set/v v01222670_0, 8, 8;
    %set/v v012226C8_0, 0, 1;
    %delay 5000, 0;
    %vpi_call 2 15 "$display", "%b", v01222720_0;
    %vpi_call 2 16 "$finish";
    %end;
    .thread T_0;
# The file index is used to find the file name in the following table.
:file_names 4;
    "N/A";
    "<interactive>";
    "D:\buffer gate\buffer gate\verilog-judge\backend\problems\conditional_incrementer\tb.v";
    "D:\buffer gate\buffer gate\verilog-judge\backend\submissions\43891f12-3\submission.v";
