#! /c/iverilog/bin/vvp
:ivl_version "0.9.7 " "(v0_9_7)";
:vpi_time_precision - 12;
:vpi_module "system";
:vpi_module "v2005_math";
:vpi_module "va_math";
S_01172488 .scope module, "tb" "tb" 2 2;
 .timescale -9 -12;
v0091EF48_0 .net "fault", 0 0, v00911FE8_0; 1 drivers
v01190C18_0 .var "value", 3 0;
S_00911F60 .scope module, "dut" "assertion_checker" 2 6, 3 1, S_01172488;
 .timescale 0 0;
v00911FE8_0 .var "fault", 0 0;
v00912040_0 .net "value", 3 0, v01190C18_0; 1 drivers
E_009151B8 .event "_s0";
    .scope S_00911F60;
T_0 ;
    %wait E_009151B8;
    %jmp T_0;
    .thread T_0;
    .scope S_01172488;
T_1 ;
    %vpi_call 2 9 "$dumpfile", "simulation.vcd";
    %vpi_call 2 10 "$dumpvars", 1'sb0, S_01172488;
    %set/v v01190C18_0, 0, 4;
    %delay 5000, 0;
    %vpi_call 2 11 "$display", "%b", v0091EF48_0;
    %movi 8, 1, 4;
    %set/v v01190C18_0, 8, 4;
    %delay 5000, 0;
    %vpi_call 2 12 "$display", "%b", v0091EF48_0;
    %set/v v01190C18_0, 1, 4;
    %delay 5000, 0;
    %vpi_call 2 13 "$display", "%b", v0091EF48_0;
    %movi 8, 10, 4;
    %set/v v01190C18_0, 8, 4;
    %delay 5000, 0;
    %vpi_call 2 14 "$display", "%b", v0091EF48_0;
    %vpi_call 2 15 "$finish";
    %end;
    .thread T_1;
# The file index is used to find the file name in the following table.
:file_names 4;
    "N/A";
    "<interactive>";
    "D:\buffer gate\buffer gate\verilog-judge\backend\problems\assertion_checker\tb.v";
    "D:\buffer gate\buffer gate\verilog-judge\backend\submissions\ba90f5bc-3\submission.v";
