#! /c/iverilog/bin/vvp
:ivl_version "0.9.7 " "(v0_9_7)";
:vpi_time_precision - 12;
:vpi_module "system";
:vpi_module "v2005_math";
:vpi_module "va_math";
S_012757A8 .scope module, "tb" "tb" 2 2;
 .timescale -9 -12;
v01271F78_0 .var "a", 2 0;
v01271FD0_0 .net "y", 7 0, L_01272058; 1 drivers
S_011823E8 .scope module, "dut" "decoder_3to8" 2 6, 3 1, S_012757A8;
 .timescale 0 0;
v01275A78_0 .net *"_s0", 7 0, C4<00000001>; 1 drivers
v01182470_0 .net "a", 2 0, v01271F78_0; 1 drivers
v011824C8_0 .alias "y", 7 0, v01271FD0_0;
L_01272058 .shift/l 8, C4<00000001>, v01271F78_0;
    .scope S_012757A8;
T_0 ;
    %vpi_call 2 9 "$dumpfile", "simulation.vcd";
    %vpi_call 2 10 "$dumpvars", 1'sb0, S_012757A8;
    %set/v v01271F78_0, 0, 3;
    %delay 5000, 0;
    %vpi_call 2 11 "$display", "%b %b", v01271F78_0, v01271FD0_0;
    %movi 8, 1, 3;
    %set/v v01271F78_0, 8, 3;
    %delay 5000, 0;
    %vpi_call 2 12 "$display", "%b %b", v01271F78_0, v01271FD0_0;
    %movi 8, 2, 3;
    %set/v v01271F78_0, 8, 3;
    %delay 5000, 0;
    %vpi_call 2 13 "$display", "%b %b", v01271F78_0, v01271FD0_0;
    %movi 8, 3, 3;
    %set/v v01271F78_0, 8, 3;
    %delay 5000, 0;
    %vpi_call 2 14 "$display", "%b %b", v01271F78_0, v01271FD0_0;
    %movi 8, 4, 3;
    %set/v v01271F78_0, 8, 3;
    %delay 5000, 0;
    %vpi_call 2 15 "$display", "%b %b", v01271F78_0, v01271FD0_0;
    %movi 8, 5, 3;
    %set/v v01271F78_0, 8, 3;
    %delay 5000, 0;
    %vpi_call 2 16 "$display", "%b %b", v01271F78_0, v01271FD0_0;
    %movi 8, 6, 3;
    %set/v v01271F78_0, 8, 3;
    %delay 5000, 0;
    %vpi_call 2 17 "$display", "%b %b", v01271F78_0, v01271FD0_0;
    %set/v v01271F78_0, 1, 3;
    %delay 5000, 0;
    %vpi_call 2 18 "$display", "%b %b", v01271F78_0, v01271FD0_0;
    %vpi_call 2 19 "$finish";
    %end;
    .thread T_0;
# The file index is used to find the file name in the following table.
:file_names 4;
    "N/A";
    "<interactive>";
    "D:\buffer gate\buffer gate\verilog-judge\backend\problems\decoder_3to8\tb.v";
    "D:\buffer gate\buffer gate\verilog-judge\backend\submissions\2fc45557-d\submission.v";
