#! /c/iverilog/bin/vvp
:ivl_version "0.9.7 " "(v0_9_7)";
:vpi_time_precision - 12;
:vpi_module "system";
:vpi_module "v2005_math";
:vpi_module "va_math";
S_01278730 .scope module, "tb" "tb" 2 2;
 .timescale -9 -12;
v0115D388_0 .var "a", 7 0;
v0115D438_0 .net "parity", 0 0, L_0115E318; 1 drivers
S_01278510 .scope module, "dut" "even_parity_generator" 2 6, 3 1, S_01278730;
 .timescale 0 0;
L_0127AA30 .functor XOR 1, L_0115D0C8, L_0115D070, C4<0>, C4<0>;
L_0127AD40 .functor XOR 1, L_0127AA30, L_0115D178, C4<0>, C4<0>;
L_0127AAD8 .functor XOR 1, L_0127AD40, L_0115D228, C4<0>, C4<0>;
L_0127AC60 .functor XOR 1, L_0127AAD8, L_0115CE08, C4<0>, C4<0>;
L_0127AB80 .functor XOR 1, L_0127AC60, L_0115D1D0, C4<0>, C4<0>;
L_0127ADB0 .functor XOR 1, L_0127AB80, L_0115CD00, C4<0>, C4<0>;
L_0115E318 .functor XOR 1, L_0127ADB0, L_0115D2D8, C4<0>, C4<0>;
v012733F8_0 .net *"_s1", 0 0, L_0115D0C8; 1 drivers
v0127EF70_0 .net *"_s11", 0 0, L_0115D228; 1 drivers
v01273450_0 .net *"_s12", 0 0, L_0127AAD8; 1 drivers
v012734A8_0 .net *"_s15", 0 0, L_0115CE08; 1 drivers
v01273FB0_0 .net *"_s16", 0 0, L_0127AC60; 1 drivers
v01274008_0 .net *"_s19", 0 0, L_0115D1D0; 1 drivers
v01274060_0 .net *"_s20", 0 0, L_0127AB80; 1 drivers
v012740B8_0 .net *"_s23", 0 0, L_0115CD00; 1 drivers
v0115CC28_0 .net *"_s24", 0 0, L_0127ADB0; 1 drivers
v0115CC80_0 .net *"_s27", 0 0, L_0115D2D8; 1 drivers
v0115D330_0 .net *"_s3", 0 0, L_0115D070; 1 drivers
v0115D280_0 .net *"_s4", 0 0, L_0127AA30; 1 drivers
v0115CD58_0 .net *"_s7", 0 0, L_0115D178; 1 drivers
v0115D120_0 .net *"_s8", 0 0, L_0127AD40; 1 drivers
v0115CFC0_0 .net "a", 7 0, v0115D388_0; 1 drivers
v0115D3E0_0 .alias "parity", 0 0, v0115D438_0;
L_0115D0C8 .part v0115D388_0, 0, 1;
L_0115D070 .part v0115D388_0, 1, 1;
L_0115D178 .part v0115D388_0, 2, 1;
L_0115D228 .part v0115D388_0, 3, 1;
L_0115CE08 .part v0115D388_0, 4, 1;
L_0115D1D0 .part v0115D388_0, 5, 1;
L_0115CD00 .part v0115D388_0, 6, 1;
L_0115D2D8 .part v0115D388_0, 7, 1;
    .scope S_01278730;
T_0 ;
    %vpi_call 2 9 "$dumpfile", "simulation.vcd";
    %vpi_call 2 10 "$dumpvars", 1'sb0, S_01278730;
    %set/v v0115D388_0, 0, 8;
    %delay 1000, 0;
    %vpi_call 2 11 "$display", "%b", v0115D438_0;
    %movi 8, 1, 8;
    %set/v v0115D388_0, 8, 8;
    %delay 1000, 0;
    %vpi_call 2 12 "$display", "%b", v0115D438_0;
    %set/v v0115D388_0, 1, 8;
    %delay 1000, 0;
    %vpi_call 2 13 "$display", "%b", v0115D438_0;
    %movi 8, 170, 8;
    %set/v v0115D388_0, 8, 8;
    %delay 1000, 0;
    %vpi_call 2 14 "$display", "%b", v0115D438_0;
    %movi 8, 2, 8;
    %set/v v0115D388_0, 8, 8;
    %delay 1000, 0;
    %vpi_call 2 15 "$display", "%b", v0115D438_0;
    %movi 8, 3, 8;
    %set/v v0115D388_0, 8, 8;
    %delay 1000, 0;
    %vpi_call 2 16 "$display", "%b", v0115D438_0;
    %movi 8, 127, 8;
    %set/v v0115D388_0, 8, 8;
    %delay 1000, 0;
    %vpi_call 2 17 "$display", "%b", v0115D438_0;
    %movi 8, 170, 8;
    %set/v v0115D388_0, 8, 8;
    %delay 1000, 0;
    %vpi_call 2 18 "$display", "%b", v0115D438_0;
    %vpi_call 2 19 "$finish";
    %end;
    .thread T_0;
# The file index is used to find the file name in the following table.
:file_names 4;
    "N/A";
    "<interactive>";
    "D:\buffer gate\buffer gate\verilog-judge\backend\problems\even_parity_generator\tb.v";
    "D:\buffer gate\buffer gate\verilog-judge\backend\submissions\0791f70b-1\submission.v";
