#! /c/iverilog/bin/vvp
:ivl_version "0.9.7 " "(v0_9_7)";
:vpi_time_precision - 12;
:vpi_module "system";
:vpi_module "v2005_math";
:vpi_module "va_math";
S_011B38E8 .scope module, "tb" "tb" 2 2;
 .timescale -9 -12;
v01210D58_0 .var "clk", 0 0;
v01210DB0_0 .var "d", 0 0;
v01210E08_0 .net "q", 0 0, v011BEF60_0; 1 drivers
v01210E60_0 .var "rst", 0 0;
S_011B33F8 .scope module, "dut" "d_flipflop_sync_reset" 2 8, 3 1, S_011B38E8;
 .timescale 0 0;
v011B3480_0 .net "clk", 0 0, v01210D58_0; 1 drivers
v011B34D8_0 .net "d", 0 0, v01210DB0_0; 1 drivers
v011BEF60_0 .var "q", 0 0;
v01210D00_0 .net "rst", 0 0, v01210E60_0; 1 drivers
    .scope S_011B38E8;
T_0 ;
    %set/v v01210D58_0, 0, 1;
T_0.0 ;
    %delay 5000, 0;
    %load/v 8, v01210D58_0, 1;
    %inv 8, 1;
    %set/v v01210D58_0, 8, 1;
    %jmp T_0.0;
    %end;
    .thread T_0;
    .scope S_011B38E8;
T_1 ;
    %vpi_call 2 12 "$dumpfile", "simulation.vcd";
    %vpi_call 2 13 "$dumpvars", 1'sb0, S_011B38E8;
    %set/v v01210D58_0, 0, 1;
    %set/v v01210E60_0, 1, 1;
    %set/v v01210DB0_0, 0, 1;
    %delay 5000, 0;
    %vpi_call 2 14 "$display", "%b", v01210E08_0;
    %set/v v01210D58_0, 0, 1;
    %set/v v01210E60_0, 0, 1;
    %set/v v01210DB0_0, 1, 1;
    %delay 5000, 0;
    %vpi_call 2 15 "$display", "%b", v01210E08_0;
    %set/v v01210D58_0, 0, 1;
    %set/v v01210E60_0, 0, 1;
    %set/v v01210DB0_0, 1, 1;
    %delay 5000, 0;
    %vpi_call 2 16 "$display", "%b", v01210E08_0;
    %set/v v01210D58_0, 0, 1;
    %set/v v01210E60_0, 0, 1;
    %set/v v01210DB0_0, 0, 1;
    %delay 5000, 0;
    %vpi_call 2 17 "$display", "%b", v01210E08_0;
    %vpi_call 2 18 "$finish";
    %end;
    .thread T_1;
# The file index is used to find the file name in the following table.
:file_names 4;
    "N/A";
    "<interactive>";
    "D:\buffer gate\buffer gate\verilog-judge\backend\problems\d_flipflop_sync_reset\tb.v";
    "D:\buffer gate\buffer gate\verilog-judge\backend\submissions\12f3d51c-0\submission.v";
