#! /c/iverilog/bin/vvp
:ivl_version "0.9.7 " "(v0_9_7)";
:vpi_time_precision - 12;
:vpi_module "system";
:vpi_module "v2005_math";
:vpi_module "va_math";
S_011453D8 .scope module, "tb" "tb" 2 2;
 .timescale -9 -12;
v01141F78_0 .var "a", 2 0;
v01141FD0_0 .var "b", 2 0;
v01142028_0 .net "borrow", 0 0, L_01149408; 1 drivers
v01149358_0 .net "diff", 2 0, L_011493B0; 1 drivers
S_01145750 .scope module, "dut" "subtractor_3bit" 2 7, 3 1, S_011453D8;
 .timescale 0 0;
v011457D8_0 .net "a", 2 0, v01141F78_0; 1 drivers
v01182E08_0 .net "b", 2 0, v01141FD0_0; 1 drivers
v01182E60_0 .alias "borrow", 0 0, v01142028_0;
v01182EB8_0 .alias "diff", 2 0, v01149358_0;
L_011493B0 .arith/sub 3, v01141F78_0, v01141FD0_0;
L_01149408 .cmp/gt 3, v01141FD0_0, v01141F78_0;
    .scope S_011453D8;
T_0 ;
    %vpi_call 2 10 "$dumpfile", "simulation.vcd";
    %vpi_call 2 11 "$dumpvars", 1'sb0, S_011453D8;
    %set/v v01141F78_0, 0, 3;
    %set/v v01141FD0_0, 0, 3;
    %delay 5000, 0;
    %vpi_call 2 12 "$display", "%b %b %b %b", v01141F78_0, v01141FD0_0, v01149358_0, v01142028_0;
    %movi 8, 1, 3;
    %set/v v01141F78_0, 8, 3;
    %movi 8, 1, 3;
    %set/v v01141FD0_0, 8, 3;
    %delay 5000, 0;
    %vpi_call 2 13 "$display", "%b %b %b %b", v01141F78_0, v01141FD0_0, v01149358_0, v01142028_0;
    %set/v v01141F78_0, 1, 3;
    %movi 8, 1, 3;
    %set/v v01141FD0_0, 8, 3;
    %delay 5000, 0;
    %vpi_call 2 14 "$display", "%b %b %b %b", v01141F78_0, v01141FD0_0, v01149358_0, v01142028_0;
    %movi 8, 3, 3;
    %set/v v01141F78_0, 8, 3;
    %movi 8, 2, 3;
    %set/v v01141FD0_0, 8, 3;
    %delay 5000, 0;
    %vpi_call 2 15 "$display", "%b %b %b %b", v01141F78_0, v01141FD0_0, v01149358_0, v01142028_0;
    %set/v v01141F78_0, 1, 3;
    %set/v v01141FD0_0, 1, 3;
    %delay 5000, 0;
    %vpi_call 2 16 "$display", "%b %b %b %b", v01141F78_0, v01141FD0_0, v01149358_0, v01142028_0;
    %vpi_call 2 17 "$finish";
    %end;
    .thread T_0;
# The file index is used to find the file name in the following table.
:file_names 4;
    "N/A";
    "<interactive>";
    "D:\buffer gate\buffer gate\verilog-judge\backend\problems\subtractor_3bit\tb.v";
    "D:\buffer gate\buffer gate\verilog-judge\backend\submissions\71b65399-5\submission.v";
