#! /c/iverilog/bin/vvp
:ivl_version "0.9.7 " "(v0_9_7)";
:vpi_time_precision - 12;
:vpi_module "system";
:vpi_module "v2005_math";
:vpi_module "va_math";
S_011C25B0 .scope module, "tb" "tb" 2 2;
 .timescale -9 -12;
v01185850_0 .net "clean", 0 0, v01182000_0; 1 drivers
v0118D920_0 .var "clk", 0 0;
v0118D978_0 .var "noisy", 0 0;
v0118D9D0_0 .var "rst", 0 0;
S_01181F78 .scope module, "dut" "debounce_filter" 2 8, 3 1, S_011C25B0;
 .timescale 0 0;
v01182000_0 .var "clean", 0 0;
v01182058_0 .net "clk", 0 0, v0118D920_0; 1 drivers
v011857A0_0 .net "noisy", 0 0, v0118D978_0; 1 drivers
v011857F8_0 .net "rst", 0 0, v0118D9D0_0; 1 drivers
E_011841C8 .event "_s0";
    .scope S_01181F78;
T_0 ;
    %wait E_011841C8;
    %jmp T_0;
    .thread T_0;
    .scope S_011C25B0;
T_1 ;
    %set/v v0118D920_0, 0, 1;
T_1.0 ;
    %delay 5000, 0;
    %load/v 8, v0118D920_0, 1;
    %inv 8, 1;
    %set/v v0118D920_0, 8, 1;
    %jmp T_1.0;
    %end;
    .thread T_1;
    .scope S_011C25B0;
T_2 ;
    %vpi_call 2 12 "$dumpfile", "simulation.vcd";
    %vpi_call 2 13 "$dumpvars", 1'sb0, S_011C25B0;
    %set/v v0118D920_0, 0, 1;
    %set/v v0118D9D0_0, 1, 1;
    %set/v v0118D978_0, 0, 1;
    %delay 5000, 0;
    %vpi_call 2 14 "$display", "%b", v01185850_0;
    %set/v v0118D920_0, 0, 1;
    %set/v v0118D9D0_0, 0, 1;
    %set/v v0118D978_0, 1, 1;
    %delay 5000, 0;
    %vpi_call 2 15 "$display", "%b", v01185850_0;
    %set/v v0118D920_0, 0, 1;
    %set/v v0118D9D0_0, 0, 1;
    %set/v v0118D978_0, 1, 1;
    %delay 5000, 0;
    %vpi_call 2 16 "$display", "%b", v01185850_0;
    %set/v v0118D920_0, 0, 1;
    %set/v v0118D9D0_0, 0, 1;
    %set/v v0118D978_0, 0, 1;
    %delay 5000, 0;
    %vpi_call 2 17 "$display", "%b", v01185850_0;
    %vpi_call 2 18 "$finish";
    %end;
    .thread T_2;
# The file index is used to find the file name in the following table.
:file_names 4;
    "N/A";
    "<interactive>";
    "D:\buffer gate\buffer gate\verilog-judge\backend\problems\debounce_filter\tb.v";
    "D:\buffer gate\buffer gate\verilog-judge\backend\submissions\3ce912d4-a\submission.v";
