#! /c/iverilog/bin/vvp
:ivl_version "0.9.7 " "(v0_9_7)";
:vpi_time_precision - 12;
:vpi_module "system";
:vpi_module "v2005_math";
:vpi_module "va_math";
S_01333B08 .scope module, "tb" "tb" 2 2;
 .timescale -9 -12;
v0133EDA0_0 .var "d", 0 0;
v0133EDF8_0 .var "en", 0 0;
v0133EE50_0 .net "q", 0 0, v0133ED48_0; 1 drivers
S_013333F8 .scope module, "dut" "gated_d_latch" 2 7, 3 1, S_01333B08;
 .timescale 0 0;
v01333480_0 .net "d", 0 0, v0133EDA0_0; 1 drivers
v013334D8_0 .net "en", 0 0, v0133EDF8_0; 1 drivers
v0133ED48_0 .var "q", 0 0;
E_0133E038 .event edge, v013334D8_0, v01333480_0, v0133ED48_0;
    .scope S_013333F8;
T_0 ;
    %wait E_0133E038;
    %load/v 8, v013334D8_0, 1;
    %jmp/0xz  T_0.0, 8;
    %load/v 8, v01333480_0, 1;
    %set/v v0133ED48_0, 8, 1;
    %jmp T_0.1;
T_0.0 ;
    %load/v 8, v0133ED48_0, 1;
    %set/v v0133ED48_0, 8, 1;
T_0.1 ;
    %jmp T_0;
    .thread T_0, $push;
    .scope S_01333B08;
T_1 ;
    %vpi_call 2 10 "$dumpfile", "simulation.vcd";
    %vpi_call 2 11 "$dumpvars", 1'sb0, S_01333B08;
    %set/v v0133EDF8_0, 0, 1;
    %set/v v0133EDA0_0, 0, 1;
    %delay 1000, 0;
    %vpi_call 2 12 "$display", "%b", v0133EE50_0;
    %set/v v0133EDF8_0, 1, 1;
    %set/v v0133EDA0_0, 1, 1;
    %delay 1000, 0;
    %vpi_call 2 13 "$display", "%b", v0133EE50_0;
    %set/v v0133EDF8_0, 0, 1;
    %set/v v0133EDA0_0, 1, 1;
    %delay 1000, 0;
    %vpi_call 2 14 "$display", "%b", v0133EE50_0;
    %set/v v0133EDF8_0, 1, 1;
    %set/v v0133EDA0_0, 0, 1;
    %delay 1000, 0;
    %vpi_call 2 15 "$display", "%b", v0133EE50_0;
    %set/v v0133EDF8_0, 0, 1;
    %set/v v0133EDA0_0, 0, 1;
    %delay 1000, 0;
    %vpi_call 2 16 "$display", "%b", v0133EE50_0;
    %set/v v0133EDF8_0, 1, 1;
    %set/v v0133EDA0_0, 1, 1;
    %delay 1000, 0;
    %vpi_call 2 17 "$display", "%b", v0133EE50_0;
    %set/v v0133EDF8_0, 0, 1;
    %set/v v0133EDA0_0, 0, 1;
    %delay 1000, 0;
    %vpi_call 2 18 "$display", "%b", v0133EE50_0;
    %set/v v0133EDF8_0, 1, 1;
    %set/v v0133EDA0_0, 0, 1;
    %delay 1000, 0;
    %vpi_call 2 19 "$display", "%b", v0133EE50_0;
    %vpi_call 2 20 "$finish";
    %end;
    .thread T_1;
# The file index is used to find the file name in the following table.
:file_names 4;
    "N/A";
    "<interactive>";
    "D:\buffer gate\buffer gate\verilog-judge\backend\problems\gated_d_latch\tb.v";
    "D:\buffer gate\buffer gate\verilog-judge\backend\submissions\1a1d8ae3-9\submission.v";
