#! /c/iverilog/bin/vvp
:ivl_version "0.9.7 " "(v0_9_7)";
:vpi_time_precision - 12;
:vpi_module "system";
:vpi_module "v2005_math";
:vpi_module "va_math";
S_012D58A0 .scope module, "tb" "tb" 2 2;
 .timescale -9 -12;
v01132398_0 .var "a", 7 0;
v011323F0_0 .net "y", 0 0, L_012DE7A8; 1 drivers
S_012D59F0 .scope module, "dut" "nonzero_detector_8bit" 2 6, 3 1, S_012D58A0;
 .timescale 0 0;
v012D5A78_0 .net *"_s0", 8 0, L_01132448; 1 drivers
v012D1F60_0 .net *"_s3", 0 0, C4<0>; 1 drivers
v012D1FB8_0 .net *"_s4", 8 0, C4<000000000>; 1 drivers
v012D2010_0 .net "a", 7 0, v01132398_0; 1 drivers
v01132340_0 .alias "y", 0 0, v011323F0_0;
L_01132448 .concat [ 8 1 0 0], v01132398_0, C4<0>;
L_012DE7A8 .cmp/ne 9, L_01132448, C4<000000000>;
    .scope S_012D58A0;
T_0 ;
    %vpi_call 2 9 "$dumpfile", "simulation.vcd";
    %vpi_call 2 10 "$dumpvars", 1'sb0, S_012D58A0;
    %set/v v01132398_0, 0, 8;
    %delay 5000, 0;
    %vpi_call 2 11 "$display", "%b %b", v01132398_0, v011323F0_0;
    %movi 8, 1, 8;
    %set/v v01132398_0, 8, 8;
    %delay 5000, 0;
    %vpi_call 2 12 "$display", "%b %b", v01132398_0, v011323F0_0;
    %set/v v01132398_0, 1, 8;
    %delay 5000, 0;
    %vpi_call 2 13 "$display", "%b %b", v01132398_0, v011323F0_0;
    %movi 8, 128, 8;
    %set/v v01132398_0, 8, 8;
    %delay 5000, 0;
    %vpi_call 2 14 "$display", "%b %b", v01132398_0, v011323F0_0;
    %movi 8, 170, 8;
    %set/v v01132398_0, 8, 8;
    %delay 5000, 0;
    %vpi_call 2 15 "$display", "%b %b", v01132398_0, v011323F0_0;
    %vpi_call 2 16 "$finish";
    %end;
    .thread T_0;
# The file index is used to find the file name in the following table.
:file_names 4;
    "N/A";
    "<interactive>";
    "D:\buffer gate\buffer gate\verilog-judge\backend\problems\nonzero_detector_8bit\tb.v";
    "D:\buffer gate\buffer gate\verilog-judge\backend\submissions\68894e18-7\submission.v";
