#! /c/iverilog/bin/vvp
:ivl_version "0.9.7 " "(v0_9_7)";
:vpi_time_precision - 12;
:vpi_module "system";
:vpi_module "v2005_math";
:vpi_module "va_math";
S_01178988 .scope module, "tb" "tb" 2 2;
 .timescale -9 -12;
v011752D0_0 .var "a", 31 0;
v01171F60_0 .net "y", 0 0, L_01171FB8; 1 drivers
S_01178328 .scope module, "dut" "bit_select_32bit_5" 2 6, 3 1, S_01178988;
 .timescale 0 0;
v01174300_0 .net "a", 31 0, v011752D0_0; 1 drivers
v0117EF40_0 .alias "y", 0 0, v01171F60_0;
L_01171FB8 .part v011752D0_0, 5, 1;
    .scope S_01178988;
T_0 ;
    %vpi_call 2 9 "$dumpfile", "simulation.vcd";
    %vpi_call 2 10 "$dumpvars", 1'sb0, S_01178988;
    %set/v v011752D0_0, 0, 32;
    %delay 5000, 0;
    %vpi_call 2 11 "$display", "%b %b", v011752D0_0, v01171F60_0;
    %movi 8, 32, 32;
    %set/v v011752D0_0, 8, 32;
    %delay 5000, 0;
    %vpi_call 2 12 "$display", "%b %b", v011752D0_0, v01171F60_0;
    %set/v v011752D0_0, 1, 32;
    %delay 5000, 0;
    %vpi_call 2 13 "$display", "%b %b", v011752D0_0, v01171F60_0;
    %movi 8, 2863311530, 32;
    %set/v v011752D0_0, 8, 32;
    %delay 5000, 0;
    %vpi_call 2 14 "$display", "%b %b", v011752D0_0, v01171F60_0;
    %vpi_call 2 15 "$finish";
    %end;
    .thread T_0;
# The file index is used to find the file name in the following table.
:file_names 4;
    "N/A";
    "<interactive>";
    "D:\buffer gate\buffer gate\verilog-judge\backend\problems\bit_select_32bit_5\tb.v";
    "D:\buffer gate\buffer gate\verilog-judge\backend\submissions\50d7d0ef-e\submission.v";
