#! /c/iverilog/bin/vvp
:ivl_version "0.9.7 " "(v0_9_7)";
:vpi_time_precision - 12;
:vpi_module "system";
:vpi_module "v2005_math";
:vpi_module "va_math";
S_01225A60 .scope module, "tb" "tb" 2 2;
 .timescale -9 -12;
v01221F60_0 .var "clk", 0 0;
v01221FB8_0 .net "clk_out", 0 0, v01132590_0; 1 drivers
v01222010_0 .var "reset", 0 0;
S_01132508 .scope module, "dut" "clock_divider" 2 7, 3 1, S_01225A60;
 .timescale 0 0;
P_01223B8C .param/l "N" 3 1, +C4<0100>;
v01132018_0 .net "clk", 0 0, v01221F60_0; 1 drivers
v01132590_0 .var "clk_out", 0 0;
v011325E8_0 .net "reset", 0 0, v01222010_0; 1 drivers
E_01223CA8 .event "_s0";
    .scope S_01132508;
T_0 ;
    %wait E_01223CA8;
    %jmp T_0;
    .thread T_0;
    .scope S_01225A60;
T_1 ;
    %set/v v01221F60_0, 0, 1;
T_1.0 ;
    %delay 5000, 0;
    %load/v 8, v01221F60_0, 1;
    %inv 8, 1;
    %set/v v01221F60_0, 8, 1;
    %jmp T_1.0;
    %end;
    .thread T_1;
    .scope S_01225A60;
T_2 ;
    %vpi_call 2 11 "$dumpfile", "simulation.vcd";
    %vpi_call 2 12 "$dumpvars", 1'sb0, S_01225A60;
    %set/v v01221F60_0, 0, 1;
    %set/v v01222010_0, 1, 1;
    %delay 5000, 0;
    %vpi_call 2 13 "$display", "%b", v01221FB8_0;
    %set/v v01221F60_0, 0, 1;
    %set/v v01222010_0, 0, 1;
    %delay 5000, 0;
    %vpi_call 2 14 "$display", "%b", v01221FB8_0;
    %set/v v01221F60_0, 0, 1;
    %set/v v01222010_0, 0, 1;
    %delay 5000, 0;
    %vpi_call 2 15 "$display", "%b", v01221FB8_0;
    %set/v v01221F60_0, 0, 1;
    %set/v v01222010_0, 0, 1;
    %delay 5000, 0;
    %vpi_call 2 16 "$display", "%b", v01221FB8_0;
    %vpi_call 2 17 "$finish";
    %end;
    .thread T_2;
# The file index is used to find the file name in the following table.
:file_names 4;
    "N/A";
    "<interactive>";
    "D:\buffer gate\buffer gate\verilog-judge\backend\problems\parameterized_clock_divider\tb.v";
    "D:\buffer gate\buffer gate\verilog-judge\backend\submissions\d577de19-7\submission.v";
