#! /c/iverilog/bin/vvp
:ivl_version "0.9.7 " "(v0_9_7)";
:vpi_time_precision - 12;
:vpi_module "system";
:vpi_module "v2005_math";
:vpi_module "va_math";
S_012958F8 .scope module, "tb" "tb" 2 2;
 .timescale -9 -12;
v011828E8_0 .var "a", 3 0;
v01182940_0 .var "b", 3 0;
v01291F68_0 .net "y", 3 0, L_01182998; 1 drivers
S_01298D28 .scope module, "dut" "and_4bit" 2 6, 3 1, S_012958F8;
 .timescale 0 0;
L_01182998 .functor AND 4, v011828E8_0, v01182940_0, C4<1111>, C4<1111>;
v01298DB0_0 .net "a", 3 0, v011828E8_0; 1 drivers
v0129EF68_0 .net "b", 3 0, v01182940_0; 1 drivers
v01182890_0 .alias "y", 3 0, v01291F68_0;
    .scope S_012958F8;
T_0 ;
    %vpi_call 2 9 "$dumpfile", "simulation.vcd";
    %vpi_call 2 10 "$dumpvars", 1'sb0, S_012958F8;
    %set/v v011828E8_0, 0, 4;
    %set/v v01182940_0, 0, 4;
    %delay 5000, 0;
    %vpi_call 2 11 "$display", "%b %b %b", v011828E8_0, v01182940_0, v01291F68_0;
    %set/v v011828E8_0, 0, 4;
    %set/v v01182940_0, 1, 4;
    %delay 5000, 0;
    %vpi_call 2 12 "$display", "%b %b %b", v011828E8_0, v01182940_0, v01291F68_0;
    %set/v v011828E8_0, 1, 4;
    %set/v v01182940_0, 0, 4;
    %delay 5000, 0;
    %vpi_call 2 13 "$display", "%b %b %b", v011828E8_0, v01182940_0, v01291F68_0;
    %set/v v011828E8_0, 1, 4;
    %set/v v01182940_0, 1, 4;
    %delay 5000, 0;
    %vpi_call 2 14 "$display", "%b %b %b", v011828E8_0, v01182940_0, v01291F68_0;
    %movi 8, 8, 4;
    %set/v v011828E8_0, 8, 4;
    %set/v v01182940_0, 1, 4;
    %delay 5000, 0;
    %vpi_call 2 15 "$display", "%b %b %b", v011828E8_0, v01182940_0, v01291F68_0;
    %movi 8, 5, 4;
    %set/v v011828E8_0, 8, 4;
    %movi 8, 10, 4;
    %set/v v01182940_0, 8, 4;
    %delay 5000, 0;
    %vpi_call 2 16 "$display", "%b %b %b", v011828E8_0, v01182940_0, v01291F68_0;
    %vpi_call 2 17 "$finish";
    %end;
    .thread T_0;
# The file index is used to find the file name in the following table.
:file_names 4;
    "N/A";
    "<interactive>";
    "D:\buffer gate\buffer gate\verilog-judge\backend\problems\and_4bit\tb.v";
    "D:\buffer gate\buffer gate\verilog-judge\backend\submissions\d62e65c8-3\submission.v";
