#! /c/iverilog/bin/vvp
:ivl_version "0.9.7 " "(v0_9_7)";
:vpi_time_precision - 12;
:vpi_module "system";
:vpi_module "v2005_math";
:vpi_module "va_math";
S_011CB5B0 .scope module, "tb" "tb" 2 2;
 .timescale -9 -12;
v011C2070_0 .var "a", 7 0;
v011CA628_0 .var "b", 7 0;
v011CA680_0 .net "carry", 0 0, v012030F0_0; 1 drivers
v011CA6D8_0 .net "negative", 0 0, v01203148_0; 1 drivers
v011CA730_0 .var "op", 2 0;
v011CEA98_0 .net "result", 7 0, v011C1FC0_0; 1 drivers
v011CEAF0_0 .net "zero", 0 0, v011C2018_0; 1 drivers
S_011CB418 .scope module, "dut" "alu_with_flags" 2 11, 3 1, S_011CB5B0;
 .timescale 0 0;
v011C88F8_0 .net "a", 7 0, v011C2070_0; 1 drivers
v01203098_0 .net "b", 7 0, v011CA628_0; 1 drivers
v012030F0_0 .var "carry", 0 0;
v01203148_0 .var "negative", 0 0;
v011C1F68_0 .net "op", 2 0, v011CA730_0; 1 drivers
v011C1FC0_0 .var "result", 7 0;
v011C2018_0 .var "zero", 0 0;
E_011C52B0 .event "_s0";
    .scope S_011CB418;
T_0 ;
    %wait E_011C52B0;
    %jmp T_0;
    .thread T_0;
    .scope S_011CB5B0;
T_1 ;
    %vpi_call 2 14 "$dumpfile", "simulation.vcd";
    %vpi_call 2 15 "$dumpvars", 1'sb0, S_011CB5B0;
    %set/v v011C2070_0, 0, 8;
    %set/v v011CA628_0, 0, 8;
    %set/v v011CA730_0, 0, 3;
    %delay 5000, 0;
    %vpi_call 2 16 "$display", "%b %b %b %b", v011CEA98_0, v011CEAF0_0, v011CA6D8_0, v011CA680_0;
    %movi 8, 1, 8;
    %set/v v011C2070_0, 8, 8;
    %movi 8, 1, 8;
    %set/v v011CA628_0, 8, 8;
    %movi 8, 1, 3;
    %set/v v011CA730_0, 8, 3;
    %delay 5000, 0;
    %vpi_call 2 17 "$display", "%b %b %b %b", v011CEA98_0, v011CEAF0_0, v011CA6D8_0, v011CA680_0;
    %set/v v011C2070_0, 1, 8;
    %set/v v011CA628_0, 1, 8;
    %set/v v011CA730_0, 1, 3;
    %delay 5000, 0;
    %vpi_call 2 18 "$display", "%b %b %b %b", v011CEA98_0, v011CEAF0_0, v011CA6D8_0, v011CA680_0;
    %movi 8, 170, 8;
    %set/v v011C2070_0, 8, 8;
    %movi 8, 170, 8;
    %set/v v011CA628_0, 8, 8;
    %movi 8, 2, 3;
    %set/v v011CA730_0, 8, 3;
    %delay 5000, 0;
    %vpi_call 2 19 "$display", "%b %b %b %b", v011CEA98_0, v011CEAF0_0, v011CA6D8_0, v011CA680_0;
    %vpi_call 2 20 "$finish";
    %end;
    .thread T_1;
# The file index is used to find the file name in the following table.
:file_names 4;
    "N/A";
    "<interactive>";
    "D:\buffer gate\buffer gate\verilog-judge\backend\problems\alu_with_flags\tb.v";
    "D:\buffer gate\buffer gate\verilog-judge\backend\submissions\14bde205-c\submission.v";
