#! /c/iverilog/bin/vvp
:ivl_version "0.9.7 " "(v0_9_7)";
:vpi_time_precision - 12;
:vpi_module "system";
:vpi_module "v2005_math";
:vpi_module "va_math";
S_00A85318 .scope module, "tb" "tb" 2 2;
 .timescale -9 -12;
v00A88508_0 .var "a", 31 0;
v00A8EE90_0 .net "y", 31 0, L_011E2960; 1 drivers
S_00A85180 .scope module, "dut" "bit_clear_32bit_4" 2 6, 3 1, S_00A85318;
 .timescale 0 0;
L_011E2960 .functor AND 32, v00A88508_0, C4<11111111111111111111111111101111>, C4<11111111111111111111111111111111>, C4<11111111111111111111111111111111>;
v00A84760_0 .net *"_s0", 31 0, C4<11111111111111111111111111101111>; 1 drivers
v00A88350_0 .net "a", 31 0, v00A88508_0; 1 drivers
v00A845C0_0 .alias "y", 31 0, v00A8EE90_0;
    .scope S_00A85318;
T_0 ;
    %vpi_call 2 9 "$dumpfile", "simulation.vcd";
    %vpi_call 2 10 "$dumpvars", 1'sb0, S_00A85318;
    %set/v v00A88508_0, 0, 32;
    %delay 5000, 0;
    %vpi_call 2 11 "$display", "%b %b", v00A88508_0, v00A8EE90_0;
    %movi 8, 16, 32;
    %set/v v00A88508_0, 8, 32;
    %delay 5000, 0;
    %vpi_call 2 12 "$display", "%b %b", v00A88508_0, v00A8EE90_0;
    %set/v v00A88508_0, 1, 32;
    %delay 5000, 0;
    %vpi_call 2 13 "$display", "%b %b", v00A88508_0, v00A8EE90_0;
    %movi 8, 2863311530, 32;
    %set/v v00A88508_0, 8, 32;
    %delay 5000, 0;
    %vpi_call 2 14 "$display", "%b %b", v00A88508_0, v00A8EE90_0;
    %vpi_call 2 15 "$finish";
    %end;
    .thread T_0;
# The file index is used to find the file name in the following table.
:file_names 4;
    "N/A";
    "<interactive>";
    "D:\buffer gate\buffer gate\verilog-judge\backend\problems\bit_clear_32bit_4\tb.v";
    "D:\buffer gate\buffer gate\verilog-judge\backend\submissions\66c3ebe7-f\submission.v";
