#! /c/iverilog/bin/vvp
:ivl_version "0.9.7 " "(v0_9_7)";
:vpi_time_precision - 12;
:vpi_module "system";
:vpi_module "v2005_math";
:vpi_module "va_math";
S_011F1F60 .scope module, "tb" "tb" 2 2;
 .timescale -9 -12;
v01232468_0 .var "branch_neg", 0 0;
v012324C0_0 .net "taken", 0 0, C4<0>; 1 drivers
v011F59B0_0 .var/s "value", 7 0;
S_011F1FE8 .scope module, "dut" "branch_condition_unit" 2 7, 3 1, S_011F1F60;
 .timescale 0 0;
v012323B8_0 .net "branch_neg", 0 0, v01232468_0; 1 drivers
v011FEF40_0 .alias "taken", 0 0, v012324C0_0;
v01232410_0 .net/s "value", 7 0, v011F59B0_0; 1 drivers
    .scope S_011F1F60;
T_0 ;
    %vpi_call 2 10 "$dumpfile", "simulation.vcd";
    %vpi_call 2 11 "$dumpvars", 1'sb0, S_011F1F60;
    %set/v v011F59B0_0, 0, 8;
    %set/v v01232468_0, 0, 1;
    %delay 5000, 0;
    %vpi_call 2 12 "$display", "%b", v012324C0_0;
    %movi 8, 1, 8;
    %set/v v011F59B0_0, 8, 8;
    %set/v v01232468_0, 1, 1;
    %delay 5000, 0;
    %vpi_call 2 13 "$display", "%b", v012324C0_0;
    %set/v v011F59B0_0, 1, 8;
    %set/v v01232468_0, 1, 1;
    %delay 5000, 0;
    %vpi_call 2 14 "$display", "%b", v012324C0_0;
    %movi 8, 170, 8;
    %set/v v011F59B0_0, 8, 8;
    %set/v v01232468_0, 0, 1;
    %delay 5000, 0;
    %vpi_call 2 15 "$display", "%b", v012324C0_0;
    %vpi_call 2 16 "$finish";
    %end;
    .thread T_0;
# The file index is used to find the file name in the following table.
:file_names 4;
    "N/A";
    "<interactive>";
    "D:\buffer gate\buffer gate\verilog-judge\backend\problems\branch_condition_unit\tb.v";
    "D:\buffer gate\buffer gate\verilog-judge\backend\submissions\8937a6a9-4\submission.v";
