#! /c/iverilog/bin/vvp
:ivl_version "0.9.7 " "(v0_9_7)";
:vpi_time_precision - 12;
:vpi_module "system";
:vpi_module "v2005_math";
:vpi_module "va_math";
S_011E82A0 .scope module, "tb" "tb" 2 2;
 .timescale -9 -12;
v011E5A88_0 .var "a", 31 0;
v012225B8_0 .net "y", 0 0, L_01222610; 1 drivers
S_011E8190 .scope module, "dut" "all_ones_detector_32bit" 2 6, 3 1, S_011E82A0;
 .timescale 0 0;
v011E4AD8_0 .net *"_s0", 31 0, C4<11111111111111111111111111111111>; 1 drivers
v011E59D8_0 .net "a", 31 0, v011E5A88_0; 1 drivers
v011E5A30_0 .alias "y", 0 0, v012225B8_0;
L_01222610 .cmp/eq 32, v011E5A88_0, C4<11111111111111111111111111111111>;
    .scope S_011E82A0;
T_0 ;
    %vpi_call 2 9 "$dumpfile", "simulation.vcd";
    %vpi_call 2 10 "$dumpvars", 1'sb0, S_011E82A0;
    %set/v v011E5A88_0, 0, 32;
    %delay 5000, 0;
    %vpi_call 2 11 "$display", "%b %b", v011E5A88_0, v012225B8_0;
    %movi 8, 1, 32;
    %set/v v011E5A88_0, 8, 32;
    %delay 5000, 0;
    %vpi_call 2 12 "$display", "%b %b", v011E5A88_0, v012225B8_0;
    %set/v v011E5A88_0, 1, 32;
    %delay 5000, 0;
    %vpi_call 2 13 "$display", "%b %b", v011E5A88_0, v012225B8_0;
    %movi 8, 2147483648, 32;
    %set/v v011E5A88_0, 8, 32;
    %delay 5000, 0;
    %vpi_call 2 14 "$display", "%b %b", v011E5A88_0, v012225B8_0;
    %movi 8, 2863311530, 32;
    %set/v v011E5A88_0, 8, 32;
    %delay 5000, 0;
    %vpi_call 2 15 "$display", "%b %b", v011E5A88_0, v012225B8_0;
    %vpi_call 2 16 "$finish";
    %end;
    .thread T_0;
# The file index is used to find the file name in the following table.
:file_names 4;
    "N/A";
    "<interactive>";
    "D:\buffer gate\buffer gate\verilog-judge\backend\problems\all_ones_detector_32bit\tb.v";
    "D:\buffer gate\buffer gate\verilog-judge\backend\submissions\a76dfa28-0\submission.v";
