#! /c/iverilog/bin/vvp
:ivl_version "0.9.7 " "(v0_9_7)";
:vpi_time_precision - 12;
:vpi_module "system";
:vpi_module "v2005_math";
:vpi_module "va_math";
S_012F3A70 .scope module, "tb" "tb" 2 2;
 .timescale -9 -12;
v012FE1C0_0 .var "d", 0 0;
v012FE218_0 .var "en", 0 0;
v012FE270_0 .net "q", 0 0, v012FE168_0; 1 drivers
S_012F33F8 .scope module, "dut" "gated_d_latch" 2 7, 3 1, S_012F3A70;
 .timescale 0 0;
v012F3480_0 .net "d", 0 0, v012FE1C0_0; 1 drivers
v012F34D8_0 .net "en", 0 0, v012FE218_0; 1 drivers
v012FE168_0 .var "q", 0 0;
E_012FA458 .event edge, v012F34D8_0, v012F3480_0;
    .scope S_012F33F8;
T_0 ;
    %wait E_012FA458;
    %load/v 8, v012F34D8_0, 1;
    %jmp/0xz  T_0.0, 8;
    %load/v 8, v012F3480_0, 1;
    %set/v v012FE168_0, 8, 1;
T_0.0 ;
    %jmp T_0;
    .thread T_0, $push;
    .scope S_012F3A70;
T_1 ;
    %vpi_call 2 10 "$dumpfile", "simulation.vcd";
    %vpi_call 2 11 "$dumpvars", 1'sb0, S_012F3A70;
    %set/v v012FE218_0, 0, 1;
    %set/v v012FE1C0_0, 0, 1;
    %delay 1000, 0;
    %vpi_call 2 12 "$display", "%b", v012FE270_0;
    %set/v v012FE218_0, 1, 1;
    %set/v v012FE1C0_0, 1, 1;
    %delay 1000, 0;
    %vpi_call 2 13 "$display", "%b", v012FE270_0;
    %set/v v012FE218_0, 0, 1;
    %set/v v012FE1C0_0, 1, 1;
    %delay 1000, 0;
    %vpi_call 2 14 "$display", "%b", v012FE270_0;
    %set/v v012FE218_0, 1, 1;
    %set/v v012FE1C0_0, 0, 1;
    %delay 1000, 0;
    %vpi_call 2 15 "$display", "%b", v012FE270_0;
    %set/v v012FE218_0, 0, 1;
    %set/v v012FE1C0_0, 0, 1;
    %delay 1000, 0;
    %vpi_call 2 16 "$display", "%b", v012FE270_0;
    %set/v v012FE218_0, 1, 1;
    %set/v v012FE1C0_0, 1, 1;
    %delay 1000, 0;
    %vpi_call 2 17 "$display", "%b", v012FE270_0;
    %set/v v012FE218_0, 0, 1;
    %set/v v012FE1C0_0, 0, 1;
    %delay 1000, 0;
    %vpi_call 2 18 "$display", "%b", v012FE270_0;
    %set/v v012FE218_0, 1, 1;
    %set/v v012FE1C0_0, 0, 1;
    %delay 1000, 0;
    %vpi_call 2 19 "$display", "%b", v012FE270_0;
    %vpi_call 2 20 "$finish";
    %end;
    .thread T_1;
# The file index is used to find the file name in the following table.
:file_names 4;
    "N/A";
    "<interactive>";
    "D:\buffer gate\buffer gate\verilog-judge\backend\problems\gated_d_latch\tb.v";
    "D:\buffer gate\buffer gate\verilog-judge\backend\submissions\b2ab55a1-f\submission.v";
