#! /c/iverilog/bin/vvp
:ivl_version "0.9.7 " "(v0_9_7)";
:vpi_time_precision - 12;
:vpi_module "system";
:vpi_module "v2005_math";
:vpi_module "va_math";
S_011D7BB8 .scope module, "tb" "tb" 2 2;
 .timescale -9 -12;
v011DEF38_0 .var "a", 31 0;
v011DEF90_0 .net "y", 0 0, L_011D1F60; 1 drivers
S_011D8218 .scope module, "dut" "bit_select_32bit_1" 2 6, 3 1, S_011D7BB8;
 .timescale 0 0;
v011D4360_0 .net "a", 31 0, v011DEF38_0; 1 drivers
v011D4F30_0 .alias "y", 0 0, v011DEF90_0;
L_011D1F60 .part v011DEF38_0, 1, 1;
    .scope S_011D7BB8;
T_0 ;
    %vpi_call 2 9 "$dumpfile", "simulation.vcd";
    %vpi_call 2 10 "$dumpvars", 1'sb0, S_011D7BB8;
    %set/v v011DEF38_0, 0, 32;
    %delay 5000, 0;
    %vpi_call 2 11 "$display", "%b %b", v011DEF38_0, v011DEF90_0;
    %movi 8, 2, 32;
    %set/v v011DEF38_0, 8, 32;
    %delay 5000, 0;
    %vpi_call 2 12 "$display", "%b %b", v011DEF38_0, v011DEF90_0;
    %set/v v011DEF38_0, 1, 32;
    %delay 5000, 0;
    %vpi_call 2 13 "$display", "%b %b", v011DEF38_0, v011DEF90_0;
    %movi 8, 2863311530, 32;
    %set/v v011DEF38_0, 8, 32;
    %delay 5000, 0;
    %vpi_call 2 14 "$display", "%b %b", v011DEF38_0, v011DEF90_0;
    %vpi_call 2 15 "$finish";
    %end;
    .thread T_0;
# The file index is used to find the file name in the following table.
:file_names 4;
    "N/A";
    "<interactive>";
    "D:\buffer gate\buffer gate\verilog-judge\backend\problems\bit_select_32bit_1\tb.v";
    "D:\buffer gate\buffer gate\verilog-judge\backend\submissions\ad4b4d1d-1\submission.v";
