#! /c/iverilog/bin/vvp
:ivl_version "0.9.7 " "(v0_9_7)";
:vpi_time_precision - 12;
:vpi_module "system";
:vpi_module "v2005_math";
:vpi_module "va_math";
S_012C33F8 .scope module, "tb" "tb" 2 2;
 .timescale -9 -12;
v012CEBC0_0 .var "a", 7 0;
v012CEC18_0 .net "above_threshold", 0 0, L_012CECF8; 1 drivers
S_012C3480 .scope module, "dut" "threshold_detector" 2 6, 3 1, S_012C33F8;
 .timescale 0 0;
v012C3878_0 .net *"_s0", 8 0, L_012CEC70; 1 drivers
v012C38D0_0 .net *"_s3", 0 0, C4<0>; 1 drivers
v012C3928_0 .net *"_s4", 8 0, C4<001100100>; 1 drivers
v012C3980_0 .net "a", 7 0, v012CEBC0_0; 1 drivers
v012CEB68_0 .alias "above_threshold", 0 0, v012CEC18_0;
L_012CEC70 .concat [ 8 1 0 0], v012CEBC0_0, C4<0>;
L_012CECF8 .cmp/gt 9, L_012CEC70, C4<001100100>;
    .scope S_012C33F8;
T_0 ;
    %vpi_call 2 9 "$dumpfile", "simulation.vcd";
    %vpi_call 2 10 "$dumpvars", 1'sb0, S_012C33F8;
    %set/v v012CEBC0_0, 0, 8;
    %delay 1000, 0;
    %vpi_call 2 11 "$display", "%b", v012CEC18_0;
    %movi 8, 1, 8;
    %set/v v012CEBC0_0, 8, 8;
    %delay 1000, 0;
    %vpi_call 2 12 "$display", "%b", v012CEC18_0;
    %set/v v012CEBC0_0, 1, 8;
    %delay 1000, 0;
    %vpi_call 2 13 "$display", "%b", v012CEC18_0;
    %movi 8, 170, 8;
    %set/v v012CEBC0_0, 8, 8;
    %delay 1000, 0;
    %vpi_call 2 14 "$display", "%b", v012CEC18_0;
    %movi 8, 2, 8;
    %set/v v012CEBC0_0, 8, 8;
    %delay 1000, 0;
    %vpi_call 2 15 "$display", "%b", v012CEC18_0;
    %movi 8, 3, 8;
    %set/v v012CEBC0_0, 8, 8;
    %delay 1000, 0;
    %vpi_call 2 16 "$display", "%b", v012CEC18_0;
    %movi 8, 127, 8;
    %set/v v012CEBC0_0, 8, 8;
    %delay 1000, 0;
    %vpi_call 2 17 "$display", "%b", v012CEC18_0;
    %movi 8, 170, 8;
    %set/v v012CEBC0_0, 8, 8;
    %delay 1000, 0;
    %vpi_call 2 18 "$display", "%b", v012CEC18_0;
    %vpi_call 2 19 "$finish";
    %end;
    .thread T_0;
# The file index is used to find the file name in the following table.
:file_names 4;
    "N/A";
    "<interactive>";
    "D:\buffer gate\buffer gate\verilog-judge\backend\problems\threshold_detector\tb.v";
    "D:\buffer gate\buffer gate\verilog-judge\backend\submissions\c195f042-d\submission.v";
