#! /c/iverilog/bin/vvp
:ivl_version "0.9.7 " "(v0_9_7)";
:vpi_time_precision - 12;
:vpi_module "system";
:vpi_module "v2005_math";
:vpi_module "va_math";
S_011D44A8 .scope module, "tb" "tb" 2 2;
 .timescale -9 -12;
v011D34D8_0 .var "clk", 0 0;
v011DECC8_0 .net "q", 7 0, v011DE160_0; 1 drivers
v011DED20_0 .var "rst", 0 0;
v011DED78_0 .var "serial_in", 0 0;
S_011D33F8 .scope module, "dut" "shift_register_8bit" 2 8, 3 1, S_011D44A8;
 .timescale 0 0;
v011DE0A0_0 .net "clk", 0 0, v011D34D8_0; 1 drivers
v011DE160_0 .var "q", 7 0;
v011DEC08_0 .net "rst", 0 0, v011DED20_0; 1 drivers
v011D3480_0 .net "serial_in", 0 0, v011DED78_0; 1 drivers
E_011F1390 .event posedge, v011DE0A0_0;
    .scope S_011D33F8;
T_0 ;
    %wait E_011F1390;
    %load/v 8, v011DEC08_0, 1;
    %jmp/0xz  T_0.0, 8;
    %ix/load 0, 8, 0;
    %assign/v0 v011DE160_0, 0, 0;
    %jmp T_0.1;
T_0.0 ;
    %load/v 8, v011D3480_0, 1;
    %ix/load 1, 1, 0;
    %mov 4, 0, 1;
    %jmp/1 T_0.2, 4;
    %load/x1p 16, v011DE160_0, 7;
    %jmp T_0.3;
T_0.2 ;
    %mov 16, 2, 7;
T_0.3 ;
    %mov 9, 16, 7; Move signal select into place
    %ix/load 0, 8, 0;
    %assign/v0 v011DE160_0, 0, 8;
T_0.1 ;
    %jmp T_0;
    .thread T_0;
    .scope S_011D44A8;
T_1 ;
    %set/v v011D34D8_0, 0, 1;
T_1.0 ;
    %delay 5000, 0;
    %load/v 8, v011D34D8_0, 1;
    %inv 8, 1;
    %set/v v011D34D8_0, 8, 1;
    %jmp T_1.0;
    %end;
    .thread T_1;
    .scope S_011D44A8;
T_2 ;
    %vpi_call 2 12 "$dumpfile", "simulation.vcd";
    %vpi_call 2 13 "$dumpvars", 1'sb0, S_011D44A8;
    %set/v v011DED20_0, 1, 1;
    %set/v v011DED78_0, 0, 1;
    %delay 1000, 0;
    %wait E_011F1390;
    %delay 1000, 0;
    %vpi_call 2 14 "$display", "%b", v011DECC8_0;
    %set/v v011DED20_0, 0, 1;
    %set/v v011DED78_0, 1, 1;
    %delay 1000, 0;
    %wait E_011F1390;
    %delay 1000, 0;
    %vpi_call 2 15 "$display", "%b", v011DECC8_0;
    %set/v v011DED20_0, 0, 1;
    %set/v v011DED78_0, 1, 1;
    %delay 1000, 0;
    %wait E_011F1390;
    %delay 1000, 0;
    %vpi_call 2 16 "$display", "%b", v011DECC8_0;
    %set/v v011DED20_0, 0, 1;
    %set/v v011DED78_0, 0, 1;
    %delay 1000, 0;
    %wait E_011F1390;
    %delay 1000, 0;
    %vpi_call 2 17 "$display", "%b", v011DECC8_0;
    %set/v v011DED20_0, 0, 1;
    %set/v v011DED78_0, 0, 1;
    %delay 1000, 0;
    %wait E_011F1390;
    %delay 1000, 0;
    %vpi_call 2 18 "$display", "%b", v011DECC8_0;
    %set/v v011DED20_0, 0, 1;
    %set/v v011DED78_0, 1, 1;
    %delay 1000, 0;
    %wait E_011F1390;
    %delay 1000, 0;
    %vpi_call 2 19 "$display", "%b", v011DECC8_0;
    %set/v v011DED20_0, 0, 1;
    %set/v v011DED78_0, 0, 1;
    %delay 1000, 0;
    %wait E_011F1390;
    %delay 1000, 0;
    %vpi_call 2 20 "$display", "%b", v011DECC8_0;
    %set/v v011DED20_0, 0, 1;
    %set/v v011DED78_0, 0, 1;
    %delay 1000, 0;
    %wait E_011F1390;
    %delay 1000, 0;
    %vpi_call 2 21 "$display", "%b", v011DECC8_0;
    %vpi_call 2 22 "$finish";
    %end;
    .thread T_2;
# The file index is used to find the file name in the following table.
:file_names 4;
    "N/A";
    "<interactive>";
    "D:\buffer gate\buffer gate\verilog-judge\backend\problems\shift_register_8bit\tb.v";
    "D:\buffer gate\buffer gate\verilog-judge\backend\submissions\6a438299-3\submission.v";
