#! /c/iverilog/bin/vvp
:ivl_version "0.9.7 " "(v0_9_7)";
:vpi_time_precision - 12;
:vpi_module "system";
:vpi_module "v2005_math";
:vpi_module "va_math";
S_011958A0 .scope module, "tb" "tb" 2 2;
 .timescale -9 -12;
v01191FD0_0 .var "a", 3 0;
v01192028_0 .net "y", 15 0, L_0119ED48; 1 drivers
S_011D23F8 .scope module, "dut" "decoder_4to16" 2 6, 3 1, S_011958A0;
 .timescale 0 0;
v011D2480_0 .net *"_s0", 15 0, C4<0000000000000001>; 1 drivers
v011D24D8_0 .net "a", 3 0, v01191FD0_0; 1 drivers
v01191F78_0 .alias "y", 15 0, v01192028_0;
L_0119ED48 .shift/l 16, C4<0000000000000001>, v01191FD0_0;
    .scope S_011958A0;
T_0 ;
    %vpi_call 2 9 "$dumpfile", "simulation.vcd";
    %vpi_call 2 10 "$dumpvars", 1'sb0, S_011958A0;
    %set/v v01191FD0_0, 0, 4;
    %delay 5000, 0;
    %vpi_call 2 11 "$display", "%b %b", v01191FD0_0, v01192028_0;
    %movi 8, 1, 4;
    %set/v v01191FD0_0, 8, 4;
    %delay 5000, 0;
    %vpi_call 2 12 "$display", "%b %b", v01191FD0_0, v01192028_0;
    %movi 8, 2, 4;
    %set/v v01191FD0_0, 8, 4;
    %delay 5000, 0;
    %vpi_call 2 13 "$display", "%b %b", v01191FD0_0, v01192028_0;
    %movi 8, 3, 4;
    %set/v v01191FD0_0, 8, 4;
    %delay 5000, 0;
    %vpi_call 2 14 "$display", "%b %b", v01191FD0_0, v01192028_0;
    %movi 8, 4, 4;
    %set/v v01191FD0_0, 8, 4;
    %delay 5000, 0;
    %vpi_call 2 15 "$display", "%b %b", v01191FD0_0, v01192028_0;
    %movi 8, 5, 4;
    %set/v v01191FD0_0, 8, 4;
    %delay 5000, 0;
    %vpi_call 2 16 "$display", "%b %b", v01191FD0_0, v01192028_0;
    %movi 8, 6, 4;
    %set/v v01191FD0_0, 8, 4;
    %delay 5000, 0;
    %vpi_call 2 17 "$display", "%b %b", v01191FD0_0, v01192028_0;
    %movi 8, 7, 4;
    %set/v v01191FD0_0, 8, 4;
    %delay 5000, 0;
    %vpi_call 2 18 "$display", "%b %b", v01191FD0_0, v01192028_0;
    %vpi_call 2 19 "$finish";
    %end;
    .thread T_0;
# The file index is used to find the file name in the following table.
:file_names 4;
    "N/A";
    "<interactive>";
    "D:\buffer gate\buffer gate\verilog-judge\backend\problems\decoder_4to16\tb.v";
    "D:\buffer gate\buffer gate\verilog-judge\backend\submissions\e3125216-a\submission.v";
