#! /c/iverilog/bin/vvp
:ivl_version "0.9.7 " "(v0_9_7)";
:vpi_time_precision - 12;
:vpi_module "system";
:vpi_module "v2005_math";
:vpi_module "va_math";
S_011E27D8 .scope module, "tb" "tb" 2 2;
 .timescale -9 -12;
v011A5A10_0 .var "a", 7 0;
v011A5A68_0 .var "b", 7 0;
v01200FF0_0 .net "remainder", 7 0, v011AEF40_0; 1 drivers
S_011A1F78 .scope module, "dut" "modulo_unit" 2 7, 3 1, S_011E27D8;
 .timescale 0 0;
v011A2000_0 .net "a", 7 0, v011A5A10_0; 1 drivers
v011A2058_0 .net "b", 7 0, v011A5A68_0; 1 drivers
v011AEF40_0 .var "remainder", 7 0;
E_011A3FE8 .event "_s0";
    .scope S_011A1F78;
T_0 ;
    %wait E_011A3FE8;
    %jmp T_0;
    .thread T_0;
    .scope S_011E27D8;
T_1 ;
    %vpi_call 2 10 "$dumpfile", "simulation.vcd";
    %vpi_call 2 11 "$dumpvars", 1'sb0, S_011E27D8;
    %set/v v011A5A10_0, 0, 8;
    %set/v v011A5A68_0, 0, 8;
    %delay 5000, 0;
    %vpi_call 2 12 "$display", "%b", v01200FF0_0;
    %movi 8, 1, 8;
    %set/v v011A5A10_0, 8, 8;
    %movi 8, 1, 8;
    %set/v v011A5A68_0, 8, 8;
    %delay 5000, 0;
    %vpi_call 2 13 "$display", "%b", v01200FF0_0;
    %set/v v011A5A10_0, 1, 8;
    %set/v v011A5A68_0, 1, 8;
    %delay 5000, 0;
    %vpi_call 2 14 "$display", "%b", v01200FF0_0;
    %movi 8, 170, 8;
    %set/v v011A5A10_0, 8, 8;
    %movi 8, 170, 8;
    %set/v v011A5A68_0, 8, 8;
    %delay 5000, 0;
    %vpi_call 2 15 "$display", "%b", v01200FF0_0;
    %vpi_call 2 16 "$finish";
    %end;
    .thread T_1;
# The file index is used to find the file name in the following table.
:file_names 4;
    "N/A";
    "<interactive>";
    "D:\buffer gate\buffer gate\verilog-judge\backend\problems\modulo_unit\tb.v";
    "D:\buffer gate\buffer gate\verilog-judge\backend\submissions\d16c9222-3\submission.v";
