#! /c/iverilog/bin/vvp
:ivl_version "0.9.7 " "(v0_9_7)";
:vpi_time_precision - 12;
:vpi_module "system";
:vpi_module "v2005_math";
:vpi_module "va_math";
S_011323D0 .scope module, "tb" "tb" 2 2;
 .timescale -9 -12;
v0125EF20_0 .var "clk", 0 0;
v0125EF78_0 .net "q", 3 0, v01252000_0; 1 drivers
v01151018_0 .var "rst", 0 0;
S_01251F20 .scope module, "dut" "johnson_counter_4bit" 2 7, 3 1, S_011323D0;
 .timescale 0 0;
v01251FA8_0 .net "clk", 0 0, v0125EF20_0; 1 drivers
v01252000_0 .var "q", 3 0;
v0125EEC8_0 .net "rst", 0 0, v01151018_0; 1 drivers
    .scope S_011323D0;
T_0 ;
    %set/v v0125EF20_0, 0, 1;
T_0.0 ;
    %delay 5000, 0;
    %load/v 8, v0125EF20_0, 1;
    %inv 8, 1;
    %set/v v0125EF20_0, 8, 1;
    %jmp T_0.0;
    %end;
    .thread T_0;
    .scope S_011323D0;
T_1 ;
    %vpi_call 2 11 "$dumpfile", "simulation.vcd";
    %vpi_call 2 12 "$dumpvars", 1'sb0, S_011323D0;
    %set/v v0125EF20_0, 0, 1;
    %set/v v01151018_0, 1, 1;
    %delay 5000, 0;
    %vpi_call 2 13 "$display", "%b", v0125EF78_0;
    %set/v v0125EF20_0, 0, 1;
    %set/v v01151018_0, 0, 1;
    %delay 5000, 0;
    %vpi_call 2 14 "$display", "%b", v0125EF78_0;
    %set/v v0125EF20_0, 0, 1;
    %set/v v01151018_0, 0, 1;
    %delay 5000, 0;
    %vpi_call 2 15 "$display", "%b", v0125EF78_0;
    %set/v v0125EF20_0, 0, 1;
    %set/v v01151018_0, 0, 1;
    %delay 5000, 0;
    %vpi_call 2 16 "$display", "%b", v0125EF78_0;
    %vpi_call 2 17 "$finish";
    %end;
    .thread T_1;
# The file index is used to find the file name in the following table.
:file_names 4;
    "N/A";
    "<interactive>";
    "D:\buffer gate\buffer gate\verilog-judge\backend\problems\johnson_counter_4bit\tb.v";
    "D:\buffer gate\buffer gate\verilog-judge\backend\submissions\32f8ee64-c\submission.v";
