#! /c/iverilog/bin/vvp
:ivl_version "0.9.7 " "(v0_9_7)";
:vpi_time_precision - 12;
:vpi_module "system";
:vpi_module "v2005_math";
:vpi_module "va_math";
S_011382A8 .scope module, "tb" "tb" 2 2;
 .timescale -9 -12;
v01131FB8_0 .var "a", 31 0;
v01132010_0 .var "b", 31 0;
v01132068_0 .var "c", 31 0;
v0113EE18_0 .var "d", 31 0;
v0113EE70_0 .var "sel", 1 0;
v0113EEC8_0 .net "y", 31 0, v01131F60_0; 1 drivers
S_01138220 .scope module, "dut" "mux4_32bit" 2 7, 3 1, S_011382A8;
 .timescale 0 0;
v0113E088_0 .net "a", 31 0, v01131FB8_0; 1 drivers
v0113ECC8_0 .net "b", 31 0, v01132010_0; 1 drivers
v011730C8_0 .net "c", 31 0, v01132068_0; 1 drivers
v01173120_0 .net "d", 31 0, v0113EE18_0; 1 drivers
v01173178_0 .net "sel", 1 0, v0113EE70_0; 1 drivers
v01131F60_0 .var "y", 31 0;
E_0113A1E0/0 .event edge, v01173178_0, v0113E088_0, v0113ECC8_0, v011730C8_0;
E_0113A1E0/1 .event edge, v01173120_0;
E_0113A1E0 .event/or E_0113A1E0/0, E_0113A1E0/1;
    .scope S_01138220;
T_0 ;
    %wait E_0113A1E0;
    %load/v 8, v01173178_0, 2;
    %cmpi/u 8, 0, 2;
    %jmp/1 T_0.0, 6;
    %cmpi/u 8, 1, 2;
    %jmp/1 T_0.1, 6;
    %cmpi/u 8, 2, 2;
    %jmp/1 T_0.2, 6;
    %load/v 8, v01173120_0, 32;
    %set/v v01131F60_0, 8, 32;
    %jmp T_0.4;
T_0.0 ;
    %load/v 8, v0113E088_0, 32;
    %set/v v01131F60_0, 8, 32;
    %jmp T_0.4;
T_0.1 ;
    %load/v 8, v0113ECC8_0, 32;
    %set/v v01131F60_0, 8, 32;
    %jmp T_0.4;
T_0.2 ;
    %load/v 8, v011730C8_0, 32;
    %set/v v01131F60_0, 8, 32;
    %jmp T_0.4;
T_0.4 ;
    %jmp T_0;
    .thread T_0, $push;
    .scope S_011382A8;
T_1 ;
    %vpi_call 2 10 "$dumpfile", "simulation.vcd";
    %vpi_call 2 11 "$dumpvars", 1'sb0, S_011382A8;
    %set/v v01131FB8_0, 0, 32;
    %movi 8, 1, 32;
    %set/v v01132010_0, 8, 32;
    %set/v v01132068_0, 1, 32;
    %movi 8, 2863311530, 32;
    %set/v v0113EE18_0, 8, 32;
    %set/v v0113EE70_0, 0, 2;
    %delay 5000, 0;
    %vpi_call 2 12 "$display", "%b %b", v0113EE70_0, v0113EEC8_0;
    %set/v v01131FB8_0, 0, 32;
    %movi 8, 1, 32;
    %set/v v01132010_0, 8, 32;
    %set/v v01132068_0, 1, 32;
    %movi 8, 2863311530, 32;
    %set/v v0113EE18_0, 8, 32;
    %movi 8, 1, 2;
    %set/v v0113EE70_0, 8, 2;
    %delay 5000, 0;
    %vpi_call 2 13 "$display", "%b %b", v0113EE70_0, v0113EEC8_0;
    %set/v v01131FB8_0, 0, 32;
    %movi 8, 1, 32;
    %set/v v01132010_0, 8, 32;
    %set/v v01132068_0, 1, 32;
    %movi 8, 2863311530, 32;
    %set/v v0113EE18_0, 8, 32;
    %movi 8, 2, 2;
    %set/v v0113EE70_0, 8, 2;
    %delay 5000, 0;
    %vpi_call 2 14 "$display", "%b %b", v0113EE70_0, v0113EEC8_0;
    %set/v v01131FB8_0, 0, 32;
    %movi 8, 1, 32;
    %set/v v01132010_0, 8, 32;
    %set/v v01132068_0, 1, 32;
    %movi 8, 2863311530, 32;
    %set/v v0113EE18_0, 8, 32;
    %set/v v0113EE70_0, 1, 2;
    %delay 5000, 0;
    %vpi_call 2 15 "$display", "%b %b", v0113EE70_0, v0113EEC8_0;
    %vpi_call 2 16 "$finish";
    %end;
    .thread T_1;
# The file index is used to find the file name in the following table.
:file_names 4;
    "N/A";
    "<interactive>";
    "D:\buffer gate\buffer gate\verilog-judge\backend\problems\mux4_32bit\tb.v";
    "D:\buffer gate\buffer gate\verilog-judge\backend\submissions\52f54a4a-c\submission.v";
