#! /c/iverilog/bin/vvp
:ivl_version "0.9.7 " "(v0_9_7)";
:vpi_time_precision - 12;
:vpi_module "system";
:vpi_module "v2005_math";
:vpi_module "va_math";
S_01163DD8 .scope module, "tb" "tb" 2 2;
 .timescale -9 -12;
v0116EE20_0 .var "addr", 15 0;
v0116EE78_0 .var "incr", 0 0;
v0116EED0_0 .net "next_addr", 15 0, v011634D8_0; 1 drivers
S_011633F8 .scope module, "dut" "address_incrementer" 2 7, 3 1, S_01163DD8;
 .timescale 0 0;
v0116D3C0_0 .net "addr", 15 0, v0116EE20_0; 1 drivers
v01163480_0 .net "incr", 0 0, v0116EE78_0; 1 drivers
v011634D8_0 .var "next_addr", 15 0;
E_0116D210 .event edge, v01163480_0, v0116D3C0_0;
    .scope S_011633F8;
T_0 ;
    %wait E_0116D210;
    %load/v 8, v01163480_0, 1;
    %jmp/0xz  T_0.0, 8;
    %load/v 8, v0116D3C0_0, 16;
    %mov 24, 0, 16;
    %addi 8, 1, 32;
    %set/v v011634D8_0, 8, 16;
    %jmp T_0.1;
T_0.0 ;
    %load/v 8, v0116D3C0_0, 16;
    %set/v v011634D8_0, 8, 16;
T_0.1 ;
    %jmp T_0;
    .thread T_0, $push;
    .scope S_01163DD8;
T_1 ;
    %vpi_call 2 10 "$dumpfile", "simulation.vcd";
    %vpi_call 2 11 "$dumpvars", 1'sb0, S_01163DD8;
    %set/v v0116EE20_0, 0, 16;
    %set/v v0116EE78_0, 0, 1;
    %delay 1000, 0;
    %vpi_call 2 12 "$display", "%b", v0116EED0_0;
    %movi 8, 1, 16;
    %set/v v0116EE20_0, 8, 16;
    %set/v v0116EE78_0, 1, 1;
    %delay 1000, 0;
    %vpi_call 2 13 "$display", "%b", v0116EED0_0;
    %set/v v0116EE20_0, 1, 16;
    %set/v v0116EE78_0, 1, 1;
    %delay 1000, 0;
    %vpi_call 2 14 "$display", "%b", v0116EED0_0;
    %movi 8, 170, 16;
    %set/v v0116EE20_0, 8, 16;
    %set/v v0116EE78_0, 0, 1;
    %delay 1000, 0;
    %vpi_call 2 15 "$display", "%b", v0116EED0_0;
    %movi 8, 2, 16;
    %set/v v0116EE20_0, 8, 16;
    %set/v v0116EE78_0, 0, 1;
    %delay 1000, 0;
    %vpi_call 2 16 "$display", "%b", v0116EED0_0;
    %movi 8, 3, 16;
    %set/v v0116EE20_0, 8, 16;
    %set/v v0116EE78_0, 1, 1;
    %delay 1000, 0;
    %vpi_call 2 17 "$display", "%b", v0116EED0_0;
    %movi 8, 32767, 16;
    %set/v v0116EE20_0, 8, 16;
    %set/v v0116EE78_0, 0, 1;
    %delay 1000, 0;
    %vpi_call 2 18 "$display", "%b", v0116EED0_0;
    %movi 8, 65450, 16;
    %set/v v0116EE20_0, 8, 16;
    %set/v v0116EE78_0, 0, 1;
    %delay 1000, 0;
    %vpi_call 2 19 "$display", "%b", v0116EED0_0;
    %vpi_call 2 20 "$finish";
    %end;
    .thread T_1;
# The file index is used to find the file name in the following table.
:file_names 4;
    "N/A";
    "<interactive>";
    "D:\buffer gate\buffer gate\verilog-judge\backend\problems\address_incrementer\tb.v";
    "D:\buffer gate\buffer gate\verilog-judge\backend\submissions\924c8652-6\submission.v";
