#! /c/iverilog/bin/vvp
:ivl_version "0.9.7 " "(v0_9_7)";
:vpi_time_precision - 12;
:vpi_module "system";
:vpi_module "v2005_math";
:vpi_module "va_math";
S_01232098 .scope module, "tb" "tb" 2 2;
 .timescale -9 -12;
v01240CC0_0 .var "data_in", 31 0;
v01240848_0 .net "data_out", 31 0, L_012414A8; 1 drivers
S_01232450 .scope module, "dut" "byte_swap_32" 2 6, 3 1, S_01232098;
 .timescale 0 0;
v012033F8_0 .net *"_s1", 0 0, L_01241138; 1 drivers
v01203450_0 .net *"_s11", 0 0, L_01240950; 1 drivers
v012034A8_0 .net *"_s13", 0 0, L_01240A58; 1 drivers
v012052A0_0 .net *"_s15", 0 0, L_01240798; 1 drivers
v012052F8_0 .net *"_s17", 0 0, L_01240C68; 1 drivers
v01205350_0 .net *"_s19", 0 0, L_01240AB0; 1 drivers
v012053A8_0 .net *"_s21", 0 0, L_012408A0; 1 drivers
v0123FCB8_0 .net *"_s23", 0 0, L_01241088; 1 drivers
v0123FD10_0 .net *"_s25", 0 0, L_012410E0; 1 drivers
v0123FD68_0 .net *"_s27", 0 0, L_012408F8; 1 drivers
v0123FDC0_0 .net *"_s29", 0 0, L_01240D70; 1 drivers
v0123FE18_0 .net *"_s3", 0 0, L_01240B08; 1 drivers
v01240678_0 .net *"_s31", 0 0, L_01240F80; 1 drivers
v01240520_0 .net *"_s33", 0 0, L_012407F0; 1 drivers
v01240578_0 .net *"_s35", 0 0, L_01240FD8; 1 drivers
v0123FEF0_0 .net *"_s37", 0 0, L_012409A8; 1 drivers
v01240100_0 .net *"_s39", 0 0, L_01240A00; 1 drivers
v012401B0_0 .net *"_s41", 0 0, L_01240ED0; 1 drivers
v01240368_0 .net *"_s43", 0 0, L_01241030; 1 drivers
v012403C0_0 .net *"_s45", 0 0, L_01241190; 1 drivers
v0123FFF8_0 .net *"_s47", 0 0, L_01240B60; 1 drivers
v01240050_0 .net *"_s49", 0 0, L_01240BB8; 1 drivers
v0123FFA0_0 .net *"_s5", 0 0, L_01241240; 1 drivers
v012404C8_0 .net *"_s51", 0 0, L_01240C10; 1 drivers
v012405D0_0 .net *"_s53", 0 0, L_01240D18; 1 drivers
v0123FE98_0 .net *"_s55", 0 0, L_01240DC8; 1 drivers
v012400A8_0 .net *"_s57", 0 0, L_01240E20; 1 drivers
v0123FF48_0 .net *"_s59", 0 0, L_01240E78; 1 drivers
v01240418_0 .net *"_s61", 0 0, L_01241558; 1 drivers
v01240208_0 .net *"_s62", 30 0, L_012413F8; 1 drivers
v01240158_0 .net *"_s67", 0 0, C4<0>; 1 drivers
v01240260_0 .net *"_s7", 0 0, L_01240F28; 1 drivers
v012402B8_0 .net *"_s9", 0 0, L_012411E8; 1 drivers
v01240470_0 .net "data_in", 31 0, v01240CC0_0; 1 drivers
v01240310_0 .alias "data_out", 31 0, v01240848_0;
L_01241138 .part v01240CC0_0, 0, 1;
L_01240B08 .part v01240CC0_0, 1, 1;
L_01241240 .part v01240CC0_0, 2, 1;
L_01240F28 .part v01240CC0_0, 3, 1;
L_012411E8 .part v01240CC0_0, 4, 1;
L_01240950 .part v01240CC0_0, 5, 1;
L_01240A58 .part v01240CC0_0, 6, 1;
L_01240798 .part v01240CC0_0, 7, 1;
L_01240C68 .part v01240CC0_0, 8, 1;
L_01240AB0 .part v01240CC0_0, 9, 1;
L_012408A0 .part v01240CC0_0, 10, 1;
L_01241088 .part v01240CC0_0, 11, 1;
L_012410E0 .part v01240CC0_0, 12, 1;
L_012408F8 .part v01240CC0_0, 13, 1;
L_01240D70 .part v01240CC0_0, 14, 1;
L_01240F80 .part v01240CC0_0, 15, 1;
L_012407F0 .part v01240CC0_0, 16, 1;
L_01240FD8 .part v01240CC0_0, 17, 1;
L_012409A8 .part v01240CC0_0, 18, 1;
L_01240A00 .part v01240CC0_0, 19, 1;
L_01240ED0 .part v01240CC0_0, 20, 1;
L_01241030 .part v01240CC0_0, 21, 1;
L_01241190 .part v01240CC0_0, 22, 1;
L_01240B60 .part v01240CC0_0, 23, 1;
L_01240BB8 .part v01240CC0_0, 24, 1;
L_01240C10 .part v01240CC0_0, 25, 1;
L_01240D18 .part v01240CC0_0, 26, 1;
L_01240DC8 .part v01240CC0_0, 27, 1;
L_01240E20 .part v01240CC0_0, 28, 1;
L_01240E78 .part v01240CC0_0, 29, 1;
L_01241558 .part v01240CC0_0, 30, 1;
LS_012413F8_0_0 .concat [ 1 1 1 1], L_01241558, L_01240E78, L_01240E20, L_01240DC8;
LS_012413F8_0_4 .concat [ 1 1 1 1], L_01240D18, L_01240C10, L_01240BB8, L_01240B60;
LS_012413F8_0_8 .concat [ 1 1 1 1], L_01241190, L_01241030, L_01240ED0, L_01240A00;
LS_012413F8_0_12 .concat [ 1 1 1 1], L_012409A8, L_01240FD8, L_012407F0, L_01240F80;
LS_012413F8_0_16 .concat [ 1 1 1 1], L_01240D70, L_012408F8, L_012410E0, L_01241088;
LS_012413F8_0_20 .concat [ 1 1 1 1], L_012408A0, L_01240AB0, L_01240C68, L_01240798;
LS_012413F8_0_24 .concat [ 1 1 1 1], L_01240A58, L_01240950, L_012411E8, L_01240F28;
LS_012413F8_0_28 .concat [ 1 1 1 0], L_01241240, L_01240B08, L_01241138;
LS_012413F8_1_0 .concat [ 4 4 4 4], LS_012413F8_0_0, LS_012413F8_0_4, LS_012413F8_0_8, LS_012413F8_0_12;
LS_012413F8_1_4 .concat [ 4 4 4 3], LS_012413F8_0_16, LS_012413F8_0_20, LS_012413F8_0_24, LS_012413F8_0_28;
L_012413F8 .concat [ 16 15 0 0], LS_012413F8_1_0, LS_012413F8_1_4;
L_012414A8 .concat [ 31 1 0 0], L_012413F8, C4<0>;
    .scope S_01232098;
T_0 ;
    %vpi_call 2 9 "$dumpfile", "simulation.vcd";
    %vpi_call 2 10 "$dumpvars", 1'sb0, S_01232098;
    %set/v v01240CC0_0, 0, 32;
    %delay 1000, 0;
    %vpi_call 2 11 "$display", "%b", v01240848_0;
    %movi 8, 1, 32;
    %set/v v01240CC0_0, 8, 32;
    %delay 1000, 0;
    %vpi_call 2 12 "$display", "%b", v01240848_0;
    %set/v v01240CC0_0, 1, 32;
    %delay 1000, 0;
    %vpi_call 2 13 "$display", "%b", v01240848_0;
    %movi 8, 170, 32;
    %set/v v01240CC0_0, 8, 32;
    %delay 1000, 0;
    %vpi_call 2 14 "$display", "%b", v01240848_0;
    %movi 8, 2, 32;
    %set/v v01240CC0_0, 8, 32;
    %delay 1000, 0;
    %vpi_call 2 15 "$display", "%b", v01240848_0;
    %movi 8, 3, 32;
    %set/v v01240CC0_0, 8, 32;
    %delay 1000, 0;
    %vpi_call 2 16 "$display", "%b", v01240848_0;
    %movi 8, 2147483647, 32;
    %set/v v01240CC0_0, 8, 32;
    %delay 1000, 0;
    %vpi_call 2 17 "$display", "%b", v01240848_0;
    %movi 8, 4294967210, 32;
    %set/v v01240CC0_0, 8, 32;
    %delay 1000, 0;
    %vpi_call 2 18 "$display", "%b", v01240848_0;
    %vpi_call 2 19 "$finish";
    %end;
    .thread T_0;
# The file index is used to find the file name in the following table.
:file_names 4;
    "N/A";
    "<interactive>";
    "D:\buffer gate\buffer gate\verilog-judge\backend\problems\byte_swap_32\tb.v";
    "D:\buffer gate\buffer gate\verilog-judge\backend\submissions\4e2b261a-f\submission.v";
