#! /c/iverilog/bin/vvp
:ivl_version "0.9.7 " "(v0_9_7)";
:vpi_time_precision - 12;
:vpi_module "system";
:vpi_module "v2005_math";
:vpi_module "va_math";
S_011C8F20 .scope module, "tb" "tb" 2 2;
 .timescale -9 -12;
v011C1F68_0 .var "a", 15 0;
v011C1FC0_0 .var "b", 15 0;
v011C2018_0 .net "y", 15 0, L_011CEF98; 1 drivers
S_01202888 .scope module, "dut" "xor_16bit" 2 6, 3 1, S_011C8F20;
 .timescale 0 0;
L_011CEF98 .functor XOR 16, v011C1F68_0, v011C1FC0_0, C4<0000000000000000>, C4<0000000000000000>;
v01202910_0 .net "a", 15 0, v011C1F68_0; 1 drivers
v01202968_0 .net "b", 15 0, v011C1FC0_0; 1 drivers
v011CEF40_0 .alias "y", 15 0, v011C2018_0;
    .scope S_011C8F20;
T_0 ;
    %vpi_call 2 9 "$dumpfile", "simulation.vcd";
    %vpi_call 2 10 "$dumpvars", 1'sb0, S_011C8F20;
    %set/v v011C1F68_0, 0, 16;
    %set/v v011C1FC0_0, 0, 16;
    %delay 5000, 0;
    %vpi_call 2 11 "$display", "%b %b %b", v011C1F68_0, v011C1FC0_0, v011C2018_0;
    %set/v v011C1F68_0, 0, 16;
    %set/v v011C1FC0_0, 1, 16;
    %delay 5000, 0;
    %vpi_call 2 12 "$display", "%b %b %b", v011C1F68_0, v011C1FC0_0, v011C2018_0;
    %set/v v011C1F68_0, 1, 16;
    %set/v v011C1FC0_0, 0, 16;
    %delay 5000, 0;
    %vpi_call 2 13 "$display", "%b %b %b", v011C1F68_0, v011C1FC0_0, v011C2018_0;
    %set/v v011C1F68_0, 1, 16;
    %set/v v011C1FC0_0, 1, 16;
    %delay 5000, 0;
    %vpi_call 2 14 "$display", "%b %b %b", v011C1F68_0, v011C1FC0_0, v011C2018_0;
    %movi 8, 32768, 16;
    %set/v v011C1F68_0, 8, 16;
    %set/v v011C1FC0_0, 1, 16;
    %delay 5000, 0;
    %vpi_call 2 15 "$display", "%b %b %b", v011C1F68_0, v011C1FC0_0, v011C2018_0;
    %movi 8, 21845, 16;
    %set/v v011C1F68_0, 8, 16;
    %movi 8, 43690, 16;
    %set/v v011C1FC0_0, 8, 16;
    %delay 5000, 0;
    %vpi_call 2 16 "$display", "%b %b %b", v011C1F68_0, v011C1FC0_0, v011C2018_0;
    %vpi_call 2 17 "$finish";
    %end;
    .thread T_0;
# The file index is used to find the file name in the following table.
:file_names 4;
    "N/A";
    "<interactive>";
    "D:\buffer gate\buffer gate\verilog-judge\backend\problems\xor_16bit\tb.v";
    "D:\buffer gate\buffer gate\verilog-judge\backend\submissions\8e6b7468-2\submission.v";
