#! /c/iverilog/bin/vvp
:ivl_version "0.9.7 " "(v0_9_7)";
:vpi_time_precision - 12;
:vpi_module "system";
:vpi_module "v2005_math";
:vpi_module "va_math";
S_01265930 .scope module, "tb" "tb" 2 2;
 .timescale -9 -12;
v011823B0_0 .var "a", 7 0;
v01182408_0 .net "y", 7 0, L_01182490; 1 drivers
S_01261F60 .scope module, "dut" "decrementer_8bit" 2 6, 3 1, S_01265930;
 .timescale 0 0;
v01264D30_0 .net *"_s0", 7 0, C4<00000001>; 1 drivers
v01261FE8_0 .net "a", 7 0, v011823B0_0; 1 drivers
v01262040_0 .alias "y", 7 0, v01182408_0;
L_01182490 .arith/sub 8, v011823B0_0, C4<00000001>;
    .scope S_01265930;
T_0 ;
    %vpi_call 2 9 "$dumpfile", "simulation.vcd";
    %vpi_call 2 10 "$dumpvars", 1'sb0, S_01265930;
    %set/v v011823B0_0, 0, 8;
    %delay 5000, 0;
    %vpi_call 2 11 "$display", "%b %b", v011823B0_0, v01182408_0;
    %movi 8, 1, 8;
    %set/v v011823B0_0, 8, 8;
    %delay 5000, 0;
    %vpi_call 2 12 "$display", "%b %b", v011823B0_0, v01182408_0;
    %movi 8, 2, 8;
    %set/v v011823B0_0, 8, 8;
    %delay 5000, 0;
    %vpi_call 2 13 "$display", "%b %b", v011823B0_0, v01182408_0;
    %set/v v011823B0_0, 1, 8;
    %delay 5000, 0;
    %vpi_call 2 14 "$display", "%b %b", v011823B0_0, v01182408_0;
    %movi 8, 170, 8;
    %set/v v011823B0_0, 8, 8;
    %delay 5000, 0;
    %vpi_call 2 15 "$display", "%b %b", v011823B0_0, v01182408_0;
    %vpi_call 2 16 "$finish";
    %end;
    .thread T_0;
# The file index is used to find the file name in the following table.
:file_names 4;
    "N/A";
    "<interactive>";
    "D:\buffer gate\buffer gate\verilog-judge\backend\problems\decrementer_8bit\tb.v";
    "D:\buffer gate\buffer gate\verilog-judge\backend\submissions\c86e8c4b-6\submission.v";
