#! /c/iverilog/bin/vvp
:ivl_version "0.9.7 " "(v0_9_7)";
:vpi_time_precision - 12;
:vpi_module "system";
:vpi_module "v2005_math";
:vpi_module "va_math";
S_011CA680 .scope module, "tb" "tb" 2 2;
 .timescale -9 -12;
v011C8EC8_0 .var "a", 15 0;
v011CEBB0_0 .var "b", 15 0;
v01224F08_0 .net "cout", 0 0, L_01224F60; 1 drivers
v012250C0_0 .net "sum", 15 0, L_01225220; 1 drivers
S_011CA790 .scope module, "dut" "adder_16bit" 2 7, 3 1, S_011CA680;
 .timescale 0 0;
v01202980_0 .net *"_s10", 0 0, C4<0>; 1 drivers
v012029D8_0 .net *"_s11", 16 0, L_012251C8; 1 drivers
v01202A30_0 .net *"_s3", 16 0, L_01225328; 1 drivers
v011C1F78_0 .net *"_s6", 0 0, C4<0>; 1 drivers
v011C1FD0_0 .net *"_s7", 16 0, L_01225118; 1 drivers
v011C2028_0 .net "a", 15 0, v011C8EC8_0; 1 drivers
v011C8DC0_0 .net "b", 15 0, v011CEBB0_0; 1 drivers
v011C8E18_0 .alias "cout", 0 0, v01224F08_0;
v011C8E70_0 .alias "sum", 15 0, v012250C0_0;
L_01224F60 .part L_012251C8, 16, 1;
L_01225220 .part L_012251C8, 0, 16;
L_01225328 .concat [ 16 1 0 0], v011C8EC8_0, C4<0>;
L_01225118 .concat [ 16 1 0 0], v011CEBB0_0, C4<0>;
L_012251C8 .arith/sum 17, L_01225328, L_01225118;
    .scope S_011CA680;
T_0 ;
    %vpi_call 2 10 "$dumpfile", "simulation.vcd";
    %vpi_call 2 11 "$dumpvars", 1'sb0, S_011CA680;
    %set/v v011C8EC8_0, 0, 16;
    %set/v v011CEBB0_0, 0, 16;
    %delay 5000, 0;
    %vpi_call 2 12 "$display", "%b %b %b %b", v011C8EC8_0, v011CEBB0_0, v012250C0_0, v01224F08_0;
    %movi 8, 1, 16;
    %set/v v011C8EC8_0, 8, 16;
    %movi 8, 1, 16;
    %set/v v011CEBB0_0, 8, 16;
    %delay 5000, 0;
    %vpi_call 2 13 "$display", "%b %b %b %b", v011C8EC8_0, v011CEBB0_0, v012250C0_0, v01224F08_0;
    %set/v v011C8EC8_0, 1, 16;
    %movi 8, 1, 16;
    %set/v v011CEBB0_0, 8, 16;
    %delay 5000, 0;
    %vpi_call 2 14 "$display", "%b %b %b %b", v011C8EC8_0, v011CEBB0_0, v012250C0_0, v01224F08_0;
    %movi 8, 32767, 16;
    %set/v v011C8EC8_0, 8, 16;
    %movi 8, 21845, 16;
    %set/v v011CEBB0_0, 8, 16;
    %delay 5000, 0;
    %vpi_call 2 15 "$display", "%b %b %b %b", v011C8EC8_0, v011CEBB0_0, v012250C0_0, v01224F08_0;
    %set/v v011C8EC8_0, 1, 16;
    %set/v v011CEBB0_0, 1, 16;
    %delay 5000, 0;
    %vpi_call 2 16 "$display", "%b %b %b %b", v011C8EC8_0, v011CEBB0_0, v012250C0_0, v01224F08_0;
    %vpi_call 2 17 "$finish";
    %end;
    .thread T_0;
# The file index is used to find the file name in the following table.
:file_names 4;
    "N/A";
    "<interactive>";
    "D:\buffer gate\buffer gate\verilog-judge\backend\problems\adder_16bit\tb.v";
    "D:\buffer gate\buffer gate\verilog-judge\backend\submissions\c6f0ecad-8\submission.v";
