#! /c/iverilog/bin/vvp
:ivl_version "0.9.7 " "(v0_9_7)";
:vpi_time_precision - 12;
:vpi_module "system";
:vpi_module "v2005_math";
:vpi_module "va_math";
S_011985D0 .scope module, "tb" "tb" 2 2;
 .timescale -9 -12;
v01191FB0_0 .var "clk", 0 0;
v01192008_0 .var "rd_addr", 3 0;
v01192060_0 .net "rd_data", 7 0, v0119E200_0; 1 drivers
v0119ED28_0 .var "wr_addr", 3 0;
v0119ED80_0 .var "wr_data", 7 0;
v0119EDD8_0 .var "wr_en", 0 0;
S_01198080 .scope module, "dut" "dual_port_ram" 2 10, 3 1, S_011985D0;
 .timescale 0 0;
v011D2BC0_0 .net "clk", 0 0, v01191FB0_0; 1 drivers
v011D2C18_0 .net "rd_addr", 3 0, v01192008_0; 1 drivers
v0119E200_0 .var "rd_data", 7 0;
v0119E258_0 .net "wr_addr", 3 0, v0119ED28_0; 1 drivers
v0119E2B0_0 .net "wr_data", 7 0, v0119ED80_0; 1 drivers
v01191F58_0 .net "wr_en", 0 0, v0119EDD8_0; 1 drivers
E_0119C2A0 .event "_s0";
    .scope S_01198080;
T_0 ;
    %wait E_0119C2A0;
    %jmp T_0;
    .thread T_0;
    .scope S_011985D0;
T_1 ;
    %set/v v01191FB0_0, 0, 1;
T_1.0 ;
    %delay 5000, 0;
    %load/v 8, v01191FB0_0, 1;
    %inv 8, 1;
    %set/v v01191FB0_0, 8, 1;
    %jmp T_1.0;
    %end;
    .thread T_1;
    .scope S_011985D0;
T_2 ;
    %vpi_call 2 14 "$dumpfile", "simulation.vcd";
    %vpi_call 2 15 "$dumpvars", 1'sb0, S_011985D0;
    %set/v v01191FB0_0, 0, 1;
    %set/v v0119EDD8_0, 0, 1;
    %set/v v0119ED28_0, 0, 4;
    %set/v v0119ED80_0, 0, 8;
    %set/v v01192008_0, 0, 4;
    %delay 5000, 0;
    %vpi_call 2 16 "$display", "%b", v01192060_0;
    %set/v v01191FB0_0, 0, 1;
    %set/v v0119EDD8_0, 1, 1;
    %movi 8, 1, 4;
    %set/v v0119ED28_0, 8, 4;
    %movi 8, 1, 8;
    %set/v v0119ED80_0, 8, 8;
    %movi 8, 1, 4;
    %set/v v01192008_0, 8, 4;
    %delay 5000, 0;
    %vpi_call 2 17 "$display", "%b", v01192060_0;
    %set/v v01191FB0_0, 0, 1;
    %set/v v0119EDD8_0, 0, 1;
    %set/v v0119ED28_0, 1, 4;
    %set/v v0119ED80_0, 1, 8;
    %set/v v01192008_0, 1, 4;
    %delay 5000, 0;
    %vpi_call 2 18 "$display", "%b", v01192060_0;
    %set/v v01191FB0_0, 0, 1;
    %set/v v0119EDD8_0, 1, 1;
    %movi 8, 10, 4;
    %set/v v0119ED28_0, 8, 4;
    %movi 8, 170, 8;
    %set/v v0119ED80_0, 8, 8;
    %movi 8, 10, 4;
    %set/v v01192008_0, 8, 4;
    %delay 5000, 0;
    %vpi_call 2 19 "$display", "%b", v01192060_0;
    %vpi_call 2 20 "$finish";
    %end;
    .thread T_2;
# The file index is used to find the file name in the following table.
:file_names 4;
    "N/A";
    "<interactive>";
    "D:\buffer gate\buffer gate\verilog-judge\backend\problems\dual_port_ram\tb.v";
    "D:\buffer gate\buffer gate\verilog-judge\backend\submissions\1b3659cb-d\submission.v";
