#! /c/Source/iverilog-install/bin/vvp
:ivl_version "12.0 (devel)" "(s20150603-1110-g18392a46)";
:ivl_delay_selection "TYPICAL";
:vpi_time_precision - 12;
:vpi_module "D:\iverilog\lib\ivl\system.vpi";
:vpi_module "D:\iverilog\lib\ivl\vhdl_sys.vpi";
:vpi_module "D:\iverilog\lib\ivl\vhdl_textio.vpi";
:vpi_module "D:\iverilog\lib\ivl\v2005_math.vpi";
:vpi_module "D:\iverilog\lib\ivl\va_math.vpi";
S_0000018b1ebf6940 .scope module, "tb" "tb" 2 2;
 .timescale -9 -12;
v0000018b1ebfc330_0 .var "sel", 2 0;
v0000018b1ebfc3d0_0 .net "y", 7 0, v0000018b1ebf7120_0;  1 drivers
S_0000018b1ebf6ad0 .scope module, "dut" "decoder_3to8" 2 6, 3 1 0, S_0000018b1ebf6940;
 .timescale 0 0;
    .port_info 0 /INPUT 3 "sel";
    .port_info 1 /OUTPUT 8 "y";
v0000018b1ebfac80_0 .net "sel", 2 0, v0000018b1ebfc330_0;  1 drivers
v0000018b1ebf7120_0 .var "y", 7 0;
E_0000018b1ec48150 .event anyedge, v0000018b1ebfac80_0;
    .scope S_0000018b1ebf6ad0;
T_0 ;
    %wait E_0000018b1ec48150;
    %load/vec4 v0000018b1ebfac80_0;
    %dup/vec4;
    %pushi/vec4 0, 0, 3;
    %cmp/u;
    %jmp/1 T_0.0, 6;
    %dup/vec4;
    %pushi/vec4 1, 0, 3;
    %cmp/u;
    %jmp/1 T_0.1, 6;
    %dup/vec4;
    %pushi/vec4 2, 0, 3;
    %cmp/u;
    %jmp/1 T_0.2, 6;
    %dup/vec4;
    %pushi/vec4 3, 0, 3;
    %cmp/u;
    %jmp/1 T_0.3, 6;
    %dup/vec4;
    %pushi/vec4 4, 0, 3;
    %cmp/u;
    %jmp/1 T_0.4, 6;
    %dup/vec4;
    %pushi/vec4 5, 0, 3;
    %cmp/u;
    %jmp/1 T_0.5, 6;
    %dup/vec4;
    %pushi/vec4 6, 0, 3;
    %cmp/u;
    %jmp/1 T_0.6, 6;
    %dup/vec4;
    %pushi/vec4 7, 0, 3;
    %cmp/u;
    %jmp/1 T_0.7, 6;
    %pushi/vec4 0, 0, 8;
    %store/vec4 v0000018b1ebf7120_0, 0, 8;
    %jmp T_0.9;
T_0.0 ;
    %pushi/vec4 1, 0, 8;
    %store/vec4 v0000018b1ebf7120_0, 0, 8;
    %jmp T_0.9;
T_0.1 ;
    %pushi/vec4 2, 0, 8;
    %store/vec4 v0000018b1ebf7120_0, 0, 8;
    %jmp T_0.9;
T_0.2 ;
    %pushi/vec4 4, 0, 8;
    %store/vec4 v0000018b1ebf7120_0, 0, 8;
    %jmp T_0.9;
T_0.3 ;
    %pushi/vec4 8, 0, 8;
    %store/vec4 v0000018b1ebf7120_0, 0, 8;
    %jmp T_0.9;
T_0.4 ;
    %pushi/vec4 16, 0, 8;
    %store/vec4 v0000018b1ebf7120_0, 0, 8;
    %jmp T_0.9;
T_0.5 ;
    %pushi/vec4 32, 0, 8;
    %store/vec4 v0000018b1ebf7120_0, 0, 8;
    %jmp T_0.9;
T_0.6 ;
    %pushi/vec4 64, 0, 8;
    %store/vec4 v0000018b1ebf7120_0, 0, 8;
    %jmp T_0.9;
T_0.7 ;
    %pushi/vec4 128, 0, 8;
    %store/vec4 v0000018b1ebf7120_0, 0, 8;
    %jmp T_0.9;
T_0.9 ;
    %pop/vec4 1;
    %jmp T_0;
    .thread T_0, $push;
    .scope S_0000018b1ebf6940;
T_1 ;
    %vpi_call 2 9 "$dumpfile", "simulation.vcd" {0 0 0};
    %vpi_call 2 10 "$dumpvars", 32'sb00000000000000000000000000000000, S_0000018b1ebf6940 {0 0 0};
    %pushi/vec4 0, 0, 3;
    %store/vec4 v0000018b1ebfc330_0, 0, 3;
    %delay 1000, 0;
    %vpi_call 2 11 "$display", "%b", v0000018b1ebfc3d0_0 {0 0 0};
    %pushi/vec4 1, 0, 3;
    %store/vec4 v0000018b1ebfc330_0, 0, 3;
    %delay 1000, 0;
    %vpi_call 2 12 "$display", "%b", v0000018b1ebfc3d0_0 {0 0 0};
    %pushi/vec4 0, 0, 3;
    %store/vec4 v0000018b1ebfc330_0, 0, 3;
    %delay 1000, 0;
    %vpi_call 2 13 "$display", "%b", v0000018b1ebfc3d0_0 {0 0 0};
    %pushi/vec4 1, 0, 3;
    %store/vec4 v0000018b1ebfc330_0, 0, 3;
    %delay 1000, 0;
    %vpi_call 2 14 "$display", "%b", v0000018b1ebfc3d0_0 {0 0 0};
    %pushi/vec4 0, 0, 3;
    %store/vec4 v0000018b1ebfc330_0, 0, 3;
    %delay 1000, 0;
    %vpi_call 2 15 "$display", "%b", v0000018b1ebfc3d0_0 {0 0 0};
    %pushi/vec4 1, 0, 3;
    %store/vec4 v0000018b1ebfc330_0, 0, 3;
    %delay 1000, 0;
    %vpi_call 2 16 "$display", "%b", v0000018b1ebfc3d0_0 {0 0 0};
    %pushi/vec4 0, 0, 3;
    %store/vec4 v0000018b1ebfc330_0, 0, 3;
    %delay 1000, 0;
    %vpi_call 2 17 "$display", "%b", v0000018b1ebfc3d0_0 {0 0 0};
    %pushi/vec4 1, 0, 3;
    %store/vec4 v0000018b1ebfc330_0, 0, 3;
    %delay 1000, 0;
    %vpi_call 2 18 "$display", "%b", v0000018b1ebfc3d0_0 {0 0 0};
    %vpi_call 2 19 "$finish" {0 0 0};
    %end;
    .thread T_1;
# The file index is used to find the file name in the following table.
:file_names 4;
    "N/A";
    "<interactive>";
    "D:\buffer gate\buffer gate\verilog-judge\backend\problems\decoder_3to8\tb.v";
    "D:\buffer gate\buffer gate\verilog-judge\backend\submissions\ec6ae89a-7\submission.v";
