#! /c/iverilog/bin/vvp
:ivl_version "0.9.7 " "(v0_9_7)";
:vpi_time_precision - 12;
:vpi_module "system";
:vpi_module "v2005_math";
:vpi_module "va_math";
S_01314E78 .scope module, "tb" "tb" 2 2;
 .timescale -9 -12;
v01311F58_0 .var "a", 3 0;
v01311FB0_0 .net "y", 3 0, L_01312008; 1 drivers
S_01152370 .scope module, "dut" "buffer_4bit" 2 6, 3 1, S_01314E78;
 .timescale 0 0;
L_01312008 .functor BUFZ 4, v01311F58_0, C4<0000>, C4<0000>, C4<0000>;
v011523F8_0 .net "a", 3 0, v01311F58_0; 1 drivers
v01152450_0 .alias "y", 3 0, v01311FB0_0;
    .scope S_01314E78;
T_0 ;
    %vpi_call 2 9 "$dumpfile", "simulation.vcd";
    %vpi_call 2 10 "$dumpvars", 1'sb0, S_01314E78;
    %set/v v01311F58_0, 0, 4;
    %delay 5000, 0;
    %vpi_call 2 11 "$display", "%b %b", v01311F58_0, v01311FB0_0;
    %movi 8, 1, 4;
    %set/v v01311F58_0, 8, 4;
    %delay 5000, 0;
    %vpi_call 2 12 "$display", "%b %b", v01311F58_0, v01311FB0_0;
    %set/v v01311F58_0, 1, 4;
    %delay 5000, 0;
    %vpi_call 2 13 "$display", "%b %b", v01311F58_0, v01311FB0_0;
    %movi 8, 10, 4;
    %set/v v01311F58_0, 8, 4;
    %delay 5000, 0;
    %vpi_call 2 14 "$display", "%b %b", v01311F58_0, v01311FB0_0;
    %vpi_call 2 15 "$finish";
    %end;
    .thread T_0;
# The file index is used to find the file name in the following table.
:file_names 4;
    "N/A";
    "<interactive>";
    "D:\buffer gate\buffer gate\verilog-judge\backend\problems\buffer_4bit\tb.v";
    "D:\buffer gate\buffer gate\verilog-judge\backend\submissions\ff9d3d9c-a\submission.v";
