#! /c/iverilog/bin/vvp
:ivl_version "0.9.7 " "(v0_9_7)";
:vpi_time_precision - 12;
:vpi_module "system";
:vpi_module "v2005_math";
:vpi_module "va_math";
S_01238978 .scope module, "tb" "tb" 2 2;
 .timescale -9 -12;
v01231FB8_0 .var "a", 15 0;
v01232010_0 .var "b", 15 0;
v01238FE8_0 .net "eq", 0 0, L_01239148; 1 drivers
v01239040_0 .net "gt", 0 0, L_012390F0; 1 drivers
v01239098_0 .net "lt", 0 0, L_0123E718; 1 drivers
S_01238860 .scope module, "dut" "comparator_16bit" 2 6, 3 1, S_01238978;
 .timescale 0 0;
v01238D88_0 .net "a", 15 0, v01231FB8_0; 1 drivers
v01142D10_0 .net "b", 15 0, v01232010_0; 1 drivers
v01142D68_0 .alias "eq", 0 0, v01238FE8_0;
v01142DC0_0 .alias "gt", 0 0, v01239040_0;
v01231F60_0 .alias "lt", 0 0, v01239098_0;
L_012390F0 .cmp/gt 16, v01231FB8_0, v01232010_0;
L_01239148 .cmp/eq 16, v01231FB8_0, v01232010_0;
L_0123E718 .cmp/gt 16, v01232010_0, v01231FB8_0;
    .scope S_01238978;
T_0 ;
    %vpi_call 2 9 "$dumpfile", "simulation.vcd";
    %vpi_call 2 10 "$dumpvars", 1'sb0, S_01238978;
    %set/v v01231FB8_0, 0, 16;
    %set/v v01232010_0, 0, 16;
    %delay 5000, 0;
    %vpi_call 2 11 "$display", "%b %b %b %b %b", v01231FB8_0, v01232010_0, v01239040_0, v01238FE8_0, v01239098_0;
    %movi 8, 1, 16;
    %set/v v01231FB8_0, 8, 16;
    %movi 8, 1, 16;
    %set/v v01232010_0, 8, 16;
    %delay 5000, 0;
    %vpi_call 2 12 "$display", "%b %b %b %b %b", v01231FB8_0, v01232010_0, v01239040_0, v01238FE8_0, v01239098_0;
    %set/v v01231FB8_0, 1, 16;
    %movi 8, 1, 16;
    %set/v v01232010_0, 8, 16;
    %delay 5000, 0;
    %vpi_call 2 13 "$display", "%b %b %b %b %b", v01231FB8_0, v01232010_0, v01239040_0, v01238FE8_0, v01239098_0;
    %movi 8, 32767, 16;
    %set/v v01231FB8_0, 8, 16;
    %movi 8, 21845, 16;
    %set/v v01232010_0, 8, 16;
    %delay 5000, 0;
    %vpi_call 2 14 "$display", "%b %b %b %b %b", v01231FB8_0, v01232010_0, v01239040_0, v01238FE8_0, v01239098_0;
    %set/v v01231FB8_0, 1, 16;
    %set/v v01232010_0, 1, 16;
    %delay 5000, 0;
    %vpi_call 2 15 "$display", "%b %b %b %b %b", v01231FB8_0, v01232010_0, v01239040_0, v01238FE8_0, v01239098_0;
    %vpi_call 2 16 "$finish";
    %end;
    .thread T_0;
# The file index is used to find the file name in the following table.
:file_names 4;
    "N/A";
    "<interactive>";
    "D:\buffer gate\buffer gate\verilog-judge\backend\problems\comparator_16bit\tb.v";
    "D:\buffer gate\buffer gate\verilog-judge\backend\submissions\21176a6d-8\submission.v";
