#! /c/iverilog/bin/vvp
:ivl_version "0.9.7 " "(v0_9_7)";
:vpi_time_precision - 12;
:vpi_module "system";
:vpi_module "v2005_math";
:vpi_module "va_math";
S_01159CE0 .scope module, "tb" "tb" 2 2;
 .timescale -9 -12;
v01151FD0_0 .var "clk", 0 0;
v01152028_0 .var "d", 0 0;
v0115DB28_0 .net "q", 0 0, v01192D08_0; 1 drivers
v0115DB80_0 .var "reset", 0 0;
S_01192C28 .scope module, "dut" "d_flipflop" 2 6, 3 1, S_01159CE0;
 .timescale 0 0;
v01159D68_0 .net "clk", 0 0, v01151FD0_0; 1 drivers
v01192CB0_0 .net "d", 0 0, v01152028_0; 1 drivers
v01192D08_0 .var "q", 0 0;
v01151F78_0 .net "reset", 0 0, v0115DB80_0; 1 drivers
E_01157FC8 .event posedge, v01151F78_0, v01159D68_0;
    .scope S_01192C28;
T_0 ;
    %wait E_01157FC8;
    %load/v 8, v01151F78_0, 1;
    %jmp/0xz  T_0.0, 8;
    %ix/load 0, 1, 0;
    %assign/v0 v01192D08_0, 0, 0;
    %jmp T_0.1;
T_0.0 ;
    %load/v 8, v01192CB0_0, 1;
    %ix/load 0, 1, 0;
    %assign/v0 v01192D08_0, 0, 8;
T_0.1 ;
    %jmp T_0;
    .thread T_0;
    .scope S_01159CE0;
T_1 ;
    %vpi_call 2 9 "$dumpfile", "simulation.vcd";
    %vpi_call 2 10 "$dumpvars", 1'sb0, S_01159CE0;
    %set/v v01151FD0_0, 0, 1;
T_1.0 ;
    %delay 5000, 0;
    %load/v 8, v01151FD0_0, 1;
    %inv 8, 1;
    %set/v v01151FD0_0, 8, 1;
    %jmp T_1.0;
    %end;
    .thread T_1;
    .scope S_01159CE0;
T_2 ;
    %set/v v0115DB80_0, 1, 1;
    %set/v v01152028_0, 0, 1;
    %delay 7000, 0;
    %vpi_call 2 16 "$display", "%b %b %b", v0115DB80_0, v01152028_0, v0115DB28_0;
    %set/v v0115DB80_0, 0, 1;
    %set/v v01152028_0, 1, 1;
    %delay 10000, 0;
    %vpi_call 2 17 "$display", "%b %b %b", v0115DB80_0, v01152028_0, v0115DB28_0;
    %set/v v01152028_0, 0, 1;
    %delay 10000, 0;
    %vpi_call 2 18 "$display", "%b %b %b", v0115DB80_0, v01152028_0, v0115DB28_0;
    %set/v v01152028_0, 1, 1;
    %delay 10000, 0;
    %vpi_call 2 19 "$display", "%b %b %b", v0115DB80_0, v01152028_0, v0115DB28_0;
    %set/v v0115DB80_0, 1, 1;
    %delay 3000, 0;
    %vpi_call 2 20 "$display", "%b %b %b", v0115DB80_0, v01152028_0, v0115DB28_0;
    %set/v v0115DB80_0, 0, 1;
    %set/v v01152028_0, 0, 1;
    %delay 10000, 0;
    %vpi_call 2 21 "$display", "%b %b %b", v0115DB80_0, v01152028_0, v0115DB28_0;
    %vpi_call 2 22 "$finish";
    %end;
    .thread T_2;
# The file index is used to find the file name in the following table.
:file_names 4;
    "N/A";
    "<interactive>";
    "D:\buffer gate\buffer gate\verilog-judge\backend\problems\d_flipflop\tb.v";
    "D:\buffer gate\buffer gate\verilog-judge\backend\submissions\951e61db-c\submission.v";
