#! /c/Source/iverilog-install/bin/vvp
:ivl_version "12.0 (devel)" "(s20150603-1110-g18392a46)";
:ivl_delay_selection "TYPICAL";
:vpi_time_precision - 12;
:vpi_module "D:\iverilog\lib\ivl\system.vpi";
:vpi_module "D:\iverilog\lib\ivl\vhdl_sys.vpi";
:vpi_module "D:\iverilog\lib\ivl\vhdl_textio.vpi";
:vpi_module "D:\iverilog\lib\ivl\v2005_math.vpi";
:vpi_module "D:\iverilog\lib\ivl\va_math.vpi";
S_000001cc9153b3a0 .scope module, "tb" "tb" 2 2;
 .timescale -9 -12;
v000001cc9153bf70_0 .var "clear", 0 0;
v000001cc91552e30_0 .var "clk", 0 0;
v000001cc91552ed0_0 .net "count", 3 0, v000001cc91539ca0_0;  1 drivers
v000001cc91552f70_0 .var "rst", 0 0;
E_000001cc9153a000 .event posedge, v000001cc9153b530_0;
S_000001cc91552ca0 .scope module, "dut" "synchronous_clear_counter" 2 8, 3 1 0, S_000001cc9153b3a0;
 .timescale 0 0;
    .port_info 0 /INPUT 1 "clk";
    .port_info 1 /INPUT 1 "rst";
    .port_info 2 /INPUT 1 "clear";
    .port_info 3 /OUTPUT 4 "count";
v000001cc91553250_0 .net "clear", 0 0, v000001cc9153bf70_0;  1 drivers
v000001cc9153b530_0 .net "clk", 0 0, v000001cc91552e30_0;  1 drivers
v000001cc91539ca0_0 .var "count", 3 0;
v000001cc9153bed0_0 .net "rst", 0 0, v000001cc91552f70_0;  1 drivers
E_000001cc9153a980 .event posedge, v000001cc9153bed0_0, v000001cc9153b530_0;
    .scope S_000001cc91552ca0;
T_0 ;
    %wait E_000001cc9153a980;
    %load/vec4 v000001cc9153bed0_0;
    %flag_set/vec4 8;
    %jmp/0xz  T_0.0, 8;
    %pushi/vec4 0, 0, 4;
    %assign/vec4 v000001cc91539ca0_0, 0;
    %jmp T_0.1;
T_0.0 ;
    %load/vec4 v000001cc91553250_0;
    %flag_set/vec4 8;
    %jmp/0xz  T_0.2, 8;
    %pushi/vec4 0, 0, 4;
    %assign/vec4 v000001cc91539ca0_0, 0;
    %jmp T_0.3;
T_0.2 ;
    %load/vec4 v000001cc91539ca0_0;
    %addi 1, 0, 4;
    %assign/vec4 v000001cc91539ca0_0, 0;
T_0.3 ;
T_0.1 ;
    %jmp T_0;
    .thread T_0;
    .scope S_000001cc9153b3a0;
T_1 ;
    %pushi/vec4 0, 0, 1;
    %store/vec4 v000001cc91552e30_0, 0, 1;
T_1.0 ;
    %delay 5000, 0;
    %load/vec4 v000001cc91552e30_0;
    %inv;
    %store/vec4 v000001cc91552e30_0, 0, 1;
    %jmp T_1.0;
    %end;
    .thread T_1;
    .scope S_000001cc9153b3a0;
T_2 ;
    %vpi_call 2 12 "$dumpfile", "simulation.vcd" {0 0 0};
    %vpi_call 2 13 "$dumpvars", 32'sb00000000000000000000000000000000, S_000001cc9153b3a0 {0 0 0};
    %pushi/vec4 1, 0, 1;
    %store/vec4 v000001cc91552f70_0, 0, 1;
    %pushi/vec4 0, 0, 1;
    %store/vec4 v000001cc9153bf70_0, 0, 1;
    %delay 1000, 0;
    %wait E_000001cc9153a000;
    %delay 1000, 0;
    %vpi_call 2 14 "$display", "%b", v000001cc91552ed0_0 {0 0 0};
    %pushi/vec4 0, 0, 1;
    %store/vec4 v000001cc91552f70_0, 0, 1;
    %pushi/vec4 1, 0, 1;
    %store/vec4 v000001cc9153bf70_0, 0, 1;
    %delay 1000, 0;
    %wait E_000001cc9153a000;
    %delay 1000, 0;
    %vpi_call 2 15 "$display", "%b", v000001cc91552ed0_0 {0 0 0};
    %pushi/vec4 0, 0, 1;
    %store/vec4 v000001cc91552f70_0, 0, 1;
    %pushi/vec4 1, 0, 1;
    %store/vec4 v000001cc9153bf70_0, 0, 1;
    %delay 1000, 0;
    %wait E_000001cc9153a000;
    %delay 1000, 0;
    %vpi_call 2 16 "$display", "%b", v000001cc91552ed0_0 {0 0 0};
    %pushi/vec4 0, 0, 1;
    %store/vec4 v000001cc91552f70_0, 0, 1;
    %pushi/vec4 0, 0, 1;
    %store/vec4 v000001cc9153bf70_0, 0, 1;
    %delay 1000, 0;
    %wait E_000001cc9153a000;
    %delay 1000, 0;
    %vpi_call 2 17 "$display", "%b", v000001cc91552ed0_0 {0 0 0};
    %pushi/vec4 0, 0, 1;
    %store/vec4 v000001cc91552f70_0, 0, 1;
    %pushi/vec4 0, 0, 1;
    %store/vec4 v000001cc9153bf70_0, 0, 1;
    %delay 1000, 0;
    %wait E_000001cc9153a000;
    %delay 1000, 0;
    %vpi_call 2 18 "$display", "%b", v000001cc91552ed0_0 {0 0 0};
    %pushi/vec4 0, 0, 1;
    %store/vec4 v000001cc91552f70_0, 0, 1;
    %pushi/vec4 1, 0, 1;
    %store/vec4 v000001cc9153bf70_0, 0, 1;
    %delay 1000, 0;
    %wait E_000001cc9153a000;
    %delay 1000, 0;
    %vpi_call 2 19 "$display", "%b", v000001cc91552ed0_0 {0 0 0};
    %pushi/vec4 0, 0, 1;
    %store/vec4 v000001cc91552f70_0, 0, 1;
    %pushi/vec4 0, 0, 1;
    %store/vec4 v000001cc9153bf70_0, 0, 1;
    %delay 1000, 0;
    %wait E_000001cc9153a000;
    %delay 1000, 0;
    %vpi_call 2 20 "$display", "%b", v000001cc91552ed0_0 {0 0 0};
    %pushi/vec4 0, 0, 1;
    %store/vec4 v000001cc91552f70_0, 0, 1;
    %pushi/vec4 0, 0, 1;
    %store/vec4 v000001cc9153bf70_0, 0, 1;
    %delay 1000, 0;
    %wait E_000001cc9153a000;
    %delay 1000, 0;
    %vpi_call 2 21 "$display", "%b", v000001cc91552ed0_0 {0 0 0};
    %vpi_call 2 22 "$finish" {0 0 0};
    %end;
    .thread T_2;
# The file index is used to find the file name in the following table.
:file_names 4;
    "N/A";
    "<interactive>";
    "D:\buffer gate\buffer gate\verilog-judge\backend\problems\synchronous_clear_counter\tb.v";
    "D:\buffer gate\buffer gate\verilog-judge\backend\submissions\e68c608a-b\submission.v";
