#! /c/iverilog/bin/vvp
:ivl_version "0.9.7 " "(v0_9_7)";
:vpi_time_precision - 12;
:vpi_module "system";
:vpi_module "v2005_math";
:vpi_module "va_math";
S_011B53B8 .scope module, "tb" "tb" 2 2;
 .timescale -9 -12;
v011F2438_0 .var "a", 15 0;
v011F2490_0 .net "y", 15 0, L_011BEF98; 1 drivers
S_011B1F60 .scope module, "dut" "bit_clear_16bit_7" 2 6, 3 1, S_011B53B8;
 .timescale 0 0;
L_011BEF98 .functor AND 16, v011F2438_0, C4<1111111101111111>, C4<1111111111111111>, C4<1111111111111111>;
v011B1FE8_0 .net *"_s0", 15 0, C4<1111111101111111>; 1 drivers
v011B2040_0 .net "a", 15 0, v011F2438_0; 1 drivers
v011BEF40_0 .alias "y", 15 0, v011F2490_0;
    .scope S_011B53B8;
T_0 ;
    %vpi_call 2 9 "$dumpfile", "simulation.vcd";
    %vpi_call 2 10 "$dumpvars", 1'sb0, S_011B53B8;
    %set/v v011F2438_0, 0, 16;
    %delay 5000, 0;
    %vpi_call 2 11 "$display", "%b %b", v011F2438_0, v011F2490_0;
    %movi 8, 128, 16;
    %set/v v011F2438_0, 8, 16;
    %delay 5000, 0;
    %vpi_call 2 12 "$display", "%b %b", v011F2438_0, v011F2490_0;
    %set/v v011F2438_0, 1, 16;
    %delay 5000, 0;
    %vpi_call 2 13 "$display", "%b %b", v011F2438_0, v011F2490_0;
    %movi 8, 43690, 16;
    %set/v v011F2438_0, 8, 16;
    %delay 5000, 0;
    %vpi_call 2 14 "$display", "%b %b", v011F2438_0, v011F2490_0;
    %vpi_call 2 15 "$finish";
    %end;
    .thread T_0;
# The file index is used to find the file name in the following table.
:file_names 4;
    "N/A";
    "<interactive>";
    "D:\buffer gate\buffer gate\verilog-judge\backend\problems\bit_clear_16bit_7\tb.v";
    "D:\buffer gate\buffer gate\verilog-judge\backend\submissions\227a3235-b\submission.v";
