#! /c/iverilog/bin/vvp
:ivl_version "0.9.7 " "(v0_9_7)";
:vpi_time_precision - 12;
:vpi_module "system";
:vpi_module "v2005_math";
:vpi_module "va_math";
S_01238218 .scope module, "tb" "tb" 2 2;
 .timescale -9 -12;
v01232010_0 .var "a", 1 0;
v01232068_0 .var "b", 1 0;
v0123EDE8_0 .var "c", 1 0;
v0123EE40_0 .var "d", 1 0;
v0123EE98_0 .var "sel", 1 0;
v0123EEF0_0 .net "y", 1 0, v01231FB8_0; 1 drivers
S_01238878 .scope module, "dut" "mux4_2bit" 2 7, 3 1, S_01238218;
 .timescale 0 0;
v0123DF78_0 .net "a", 1 0, v01232010_0; 1 drivers
v01133050_0 .net "b", 1 0, v01232068_0; 1 drivers
v011330A8_0 .net "c", 1 0, v0123EDE8_0; 1 drivers
v01133100_0 .net "d", 1 0, v0123EE40_0; 1 drivers
v01231F60_0 .net "sel", 1 0, v0123EE98_0; 1 drivers
v01231FB8_0 .var "y", 1 0;
E_0123E808/0 .event edge, v01231F60_0, v0123DF78_0, v01133050_0, v011330A8_0;
E_0123E808/1 .event edge, v01133100_0;
E_0123E808 .event/or E_0123E808/0, E_0123E808/1;
    .scope S_01238878;
T_0 ;
    %wait E_0123E808;
    %load/v 8, v01231F60_0, 2;
    %cmpi/u 8, 0, 2;
    %jmp/1 T_0.0, 6;
    %cmpi/u 8, 1, 2;
    %jmp/1 T_0.1, 6;
    %cmpi/u 8, 2, 2;
    %jmp/1 T_0.2, 6;
    %load/v 8, v01133100_0, 2;
    %set/v v01231FB8_0, 8, 2;
    %jmp T_0.4;
T_0.0 ;
    %load/v 8, v0123DF78_0, 2;
    %set/v v01231FB8_0, 8, 2;
    %jmp T_0.4;
T_0.1 ;
    %load/v 8, v01133050_0, 2;
    %set/v v01231FB8_0, 8, 2;
    %jmp T_0.4;
T_0.2 ;
    %load/v 8, v011330A8_0, 2;
    %set/v v01231FB8_0, 8, 2;
    %jmp T_0.4;
T_0.4 ;
    %jmp T_0;
    .thread T_0, $push;
    .scope S_01238218;
T_1 ;
    %vpi_call 2 10 "$dumpfile", "simulation.vcd";
    %vpi_call 2 11 "$dumpvars", 1'sb0, S_01238218;
    %set/v v01232010_0, 0, 2;
    %movi 8, 1, 2;
    %set/v v01232068_0, 8, 2;
    %set/v v0123EDE8_0, 1, 2;
    %movi 8, 2, 2;
    %set/v v0123EE40_0, 8, 2;
    %set/v v0123EE98_0, 0, 2;
    %delay 5000, 0;
    %vpi_call 2 12 "$display", "%b %b", v0123EE98_0, v0123EEF0_0;
    %set/v v01232010_0, 0, 2;
    %movi 8, 1, 2;
    %set/v v01232068_0, 8, 2;
    %set/v v0123EDE8_0, 1, 2;
    %movi 8, 2, 2;
    %set/v v0123EE40_0, 8, 2;
    %movi 8, 1, 2;
    %set/v v0123EE98_0, 8, 2;
    %delay 5000, 0;
    %vpi_call 2 13 "$display", "%b %b", v0123EE98_0, v0123EEF0_0;
    %set/v v01232010_0, 0, 2;
    %movi 8, 1, 2;
    %set/v v01232068_0, 8, 2;
    %set/v v0123EDE8_0, 1, 2;
    %movi 8, 2, 2;
    %set/v v0123EE40_0, 8, 2;
    %movi 8, 2, 2;
    %set/v v0123EE98_0, 8, 2;
    %delay 5000, 0;
    %vpi_call 2 14 "$display", "%b %b", v0123EE98_0, v0123EEF0_0;
    %set/v v01232010_0, 0, 2;
    %movi 8, 1, 2;
    %set/v v01232068_0, 8, 2;
    %set/v v0123EDE8_0, 1, 2;
    %movi 8, 2, 2;
    %set/v v0123EE40_0, 8, 2;
    %set/v v0123EE98_0, 1, 2;
    %delay 5000, 0;
    %vpi_call 2 15 "$display", "%b %b", v0123EE98_0, v0123EEF0_0;
    %vpi_call 2 16 "$finish";
    %end;
    .thread T_1;
# The file index is used to find the file name in the following table.
:file_names 4;
    "N/A";
    "<interactive>";
    "D:\buffer gate\buffer gate\verilog-judge\backend\problems\mux4_2bit\tb.v";
    "D:\buffer gate\buffer gate\verilog-judge\backend\submissions\8370dbcd-8\submission.v";
