#! /c/iverilog/bin/vvp
:ivl_version "0.9.7 " "(v0_9_7)";
:vpi_time_precision - 12;
:vpi_module "system";
:vpi_module "v2005_math";
:vpi_module "va_math";
S_00971F60 .scope module, "tb" "tb" 2 2;
 .timescale -9 -12;
v0097DEA0_0 .var "clk", 0 0;
v0097DEF8_0 .net "green", 0 0, v011A28F8_0; 1 drivers
v0097DF50_0 .net "red", 0 0, v011A2950_0; 1 drivers
v0097DFA8_0 .var "rst", 0 0;
v0097E000_0 .net "yellow", 0 0, v0097DE48_0; 1 drivers
S_00971FE8 .scope module, "dut" "traffic_light_fsm" 2 9, 3 1, S_00971F60;
 .timescale 0 0;
v00978F70_0 .net "clk", 0 0, v0097DEA0_0; 1 drivers
v011A28F8_0 .var "green", 0 0;
v011A2950_0 .var "red", 0 0;
v011A29A8_0 .net "rst", 0 0, v0097DFA8_0; 1 drivers
v0097DE48_0 .var "yellow", 0 0;
E_00979BF0 .event "_s0";
    .scope S_00971FE8;
T_0 ;
    %wait E_00979BF0;
    %jmp T_0;
    .thread T_0;
    .scope S_00971F60;
T_1 ;
    %set/v v0097DEA0_0, 0, 1;
T_1.0 ;
    %delay 5000, 0;
    %load/v 8, v0097DEA0_0, 1;
    %inv 8, 1;
    %set/v v0097DEA0_0, 8, 1;
    %jmp T_1.0;
    %end;
    .thread T_1;
    .scope S_00971F60;
T_2 ;
    %vpi_call 2 13 "$dumpfile", "simulation.vcd";
    %vpi_call 2 14 "$dumpvars", 1'sb0, S_00971F60;
    %set/v v0097DEA0_0, 0, 1;
    %set/v v0097DFA8_0, 1, 1;
    %delay 5000, 0;
    %vpi_call 2 15 "$display", "%b %b %b", v0097DF50_0, v0097DEF8_0, v0097E000_0;
    %set/v v0097DEA0_0, 0, 1;
    %set/v v0097DFA8_0, 0, 1;
    %delay 5000, 0;
    %vpi_call 2 16 "$display", "%b %b %b", v0097DF50_0, v0097DEF8_0, v0097E000_0;
    %set/v v0097DEA0_0, 0, 1;
    %set/v v0097DFA8_0, 0, 1;
    %delay 5000, 0;
    %vpi_call 2 17 "$display", "%b %b %b", v0097DF50_0, v0097DEF8_0, v0097E000_0;
    %set/v v0097DEA0_0, 0, 1;
    %set/v v0097DFA8_0, 0, 1;
    %delay 5000, 0;
    %vpi_call 2 18 "$display", "%b %b %b", v0097DF50_0, v0097DEF8_0, v0097E000_0;
    %vpi_call 2 19 "$finish";
    %end;
    .thread T_2;
# The file index is used to find the file name in the following table.
:file_names 4;
    "N/A";
    "<interactive>";
    "D:\buffer gate\buffer gate\verilog-judge\backend\problems\traffic_light_fsm\tb.v";
    "D:\buffer gate\buffer gate\verilog-judge\backend\submissions\2572a937-f\submission.v";
