#! /c/iverilog/bin/vvp
:ivl_version "0.9.7 " "(v0_9_7)";
:vpi_time_precision - 12;
:vpi_module "system";
:vpi_module "v2005_math";
:vpi_module "va_math";
S_011425A8 .scope module, "tb" "tb" 2 2;
 .timescale -9 -12;
v01255830_0 .var "clk", 0 0;
v0125D920_0 .net "frame_valid", 0 0, v01252040_0; 1 drivers
v0125D978_0 .var "rst", 0 0;
v0125D9D0_0 .var "serial_in", 0 0;
S_01251F60 .scope module, "dut" "serial_frame_detector" 2 8, 3 1, S_011425A8;
 .timescale 0 0;
v01251FE8_0 .net "clk", 0 0, v01255830_0; 1 drivers
v01252040_0 .var "frame_valid", 0 0;
v01255780_0 .net "rst", 0 0, v0125D978_0; 1 drivers
v012557D8_0 .net "serial_in", 0 0, v0125D9D0_0; 1 drivers
E_01254028 .event "_s0";
    .scope S_01251F60;
T_0 ;
    %wait E_01254028;
    %jmp T_0;
    .thread T_0;
    .scope S_011425A8;
T_1 ;
    %set/v v01255830_0, 0, 1;
T_1.0 ;
    %delay 5000, 0;
    %load/v 8, v01255830_0, 1;
    %inv 8, 1;
    %set/v v01255830_0, 8, 1;
    %jmp T_1.0;
    %end;
    .thread T_1;
    .scope S_011425A8;
T_2 ;
    %vpi_call 2 12 "$dumpfile", "simulation.vcd";
    %vpi_call 2 13 "$dumpvars", 1'sb0, S_011425A8;
    %set/v v01255830_0, 0, 1;
    %set/v v0125D978_0, 1, 1;
    %set/v v0125D9D0_0, 0, 1;
    %delay 5000, 0;
    %vpi_call 2 14 "$display", "%b", v0125D920_0;
    %set/v v01255830_0, 0, 1;
    %set/v v0125D978_0, 0, 1;
    %set/v v0125D9D0_0, 1, 1;
    %delay 5000, 0;
    %vpi_call 2 15 "$display", "%b", v0125D920_0;
    %set/v v01255830_0, 0, 1;
    %set/v v0125D978_0, 0, 1;
    %set/v v0125D9D0_0, 1, 1;
    %delay 5000, 0;
    %vpi_call 2 16 "$display", "%b", v0125D920_0;
    %set/v v01255830_0, 0, 1;
    %set/v v0125D978_0, 0, 1;
    %set/v v0125D9D0_0, 0, 1;
    %delay 5000, 0;
    %vpi_call 2 17 "$display", "%b", v0125D920_0;
    %vpi_call 2 18 "$finish";
    %end;
    .thread T_2;
# The file index is used to find the file name in the following table.
:file_names 4;
    "N/A";
    "<interactive>";
    "D:\buffer gate\buffer gate\verilog-judge\backend\problems\serial_frame_detector\tb.v";
    "D:\buffer gate\buffer gate\verilog-judge\backend\submissions\06b15382-0\submission.v";
