#! /c/iverilog/bin/vvp
:ivl_version "0.9.7 " "(v0_9_7)";
:vpi_time_precision - 12;
:vpi_module "system";
:vpi_module "v2005_math";
:vpi_module "va_math";
S_011587F0 .scope module, "tb" "tb" 2 2;
 .timescale -9 -12;
v01192590_0 .var "a", 31 0;
v011925E8_0 .net "y", 31 0, L_01192640; 1 drivers
S_011582A0 .scope module, "dut" "decrementer_32bit" 2 6, 3 1, S_011587F0;
 .timescale 0 0;
v01154A88_0 .net *"_s0", 31 0, C4<00000000000000000000000000000001>; 1 drivers
v01155A18_0 .net "a", 31 0, v01192590_0; 1 drivers
v01155A70_0 .alias "y", 31 0, v011925E8_0;
L_01192640 .arith/sub 32, v01192590_0, C4<00000000000000000000000000000001>;
    .scope S_011587F0;
T_0 ;
    %vpi_call 2 9 "$dumpfile", "simulation.vcd";
    %vpi_call 2 10 "$dumpvars", 1'sb0, S_011587F0;
    %set/v v01192590_0, 0, 32;
    %delay 5000, 0;
    %vpi_call 2 11 "$display", "%b %b", v01192590_0, v011925E8_0;
    %movi 8, 1, 32;
    %set/v v01192590_0, 8, 32;
    %delay 5000, 0;
    %vpi_call 2 12 "$display", "%b %b", v01192590_0, v011925E8_0;
    %movi 8, 2, 32;
    %set/v v01192590_0, 8, 32;
    %delay 5000, 0;
    %vpi_call 2 13 "$display", "%b %b", v01192590_0, v011925E8_0;
    %set/v v01192590_0, 1, 32;
    %delay 5000, 0;
    %vpi_call 2 14 "$display", "%b %b", v01192590_0, v011925E8_0;
    %movi 8, 2863311530, 32;
    %set/v v01192590_0, 8, 32;
    %delay 5000, 0;
    %vpi_call 2 15 "$display", "%b %b", v01192590_0, v011925E8_0;
    %vpi_call 2 16 "$finish";
    %end;
    .thread T_0;
# The file index is used to find the file name in the following table.
:file_names 4;
    "N/A";
    "<interactive>";
    "D:\buffer gate\buffer gate\verilog-judge\backend\problems\decrementer_32bit\tb.v";
    "D:\buffer gate\buffer gate\verilog-judge\backend\submissions\bb245382-9\submission.v";
