#! /c/iverilog/bin/vvp
:ivl_version "0.9.7 " "(v0_9_7)";
:vpi_time_precision - 12;
:vpi_module "system";
:vpi_module "v2005_math";
:vpi_module "va_math";
S_012124F8 .scope module, "tb" "tb" 2 2;
 .timescale -9 -12;
v011DEB48_0 .var "d", 0 0;
v011DEBA0_0 .var "en", 0 0;
v011DEBF8_0 .net "q", 0 0, v011D2040_0; 1 drivers
S_011D1F60 .scope module, "dut" "gated_d_latch" 2 7, 3 1, S_012124F8;
 .timescale 0 0;
v011D5780_0 .net "d", 0 0, v011DEB48_0; 1 drivers
v011D1FE8_0 .net "en", 0 0, v011DEBA0_0; 1 drivers
v011D2040_0 .var "q", 0 0;
E_011D3FE8 .event "_s0";
    .scope S_011D1F60;
T_0 ;
    %wait E_011D3FE8;
    %jmp T_0;
    .thread T_0;
    .scope S_012124F8;
T_1 ;
    %vpi_call 2 10 "$dumpfile", "simulation.vcd";
    %vpi_call 2 11 "$dumpvars", 1'sb0, S_012124F8;
    %set/v v011DEBA0_0, 0, 1;
    %set/v v011DEB48_0, 0, 1;
    %delay 5000, 0;
    %vpi_call 2 12 "$display", "%b", v011DEBF8_0;
    %set/v v011DEBA0_0, 1, 1;
    %set/v v011DEB48_0, 1, 1;
    %delay 5000, 0;
    %vpi_call 2 13 "$display", "%b", v011DEBF8_0;
    %set/v v011DEBA0_0, 0, 1;
    %set/v v011DEB48_0, 1, 1;
    %delay 5000, 0;
    %vpi_call 2 14 "$display", "%b", v011DEBF8_0;
    %set/v v011DEBA0_0, 1, 1;
    %set/v v011DEB48_0, 0, 1;
    %delay 5000, 0;
    %vpi_call 2 15 "$display", "%b", v011DEBF8_0;
    %vpi_call 2 16 "$finish";
    %end;
    .thread T_1;
# The file index is used to find the file name in the following table.
:file_names 4;
    "N/A";
    "<interactive>";
    "D:\buffer gate\buffer gate\verilog-judge\backend\problems\gated_d_latch\tb.v";
    "D:\buffer gate\buffer gate\verilog-judge\backend\submissions\4a4ea30d-8\submission.v";
