#! /c/iverilog/bin/vvp
:ivl_version "0.9.7 " "(v0_9_7)";
:vpi_time_precision - 12;
:vpi_module "system";
:vpi_module "v2005_math";
:vpi_module "va_math";
S_011F4F28 .scope module, "tb" "tb" 2 2;
 .timescale -9 -12;
v012326A0_0 .var "a", 31 0;
v012326F8_0 .net "y", 31 0, L_011F5A28; 1 drivers
S_011F4EA0 .scope module, "dut" "bit_toggle_32bit_1" 2 6, 3 1, S_011F4F28;
 .timescale 0 0;
L_011F5A28 .functor XOR 32, v012326A0_0, C4<00000000000000000000000000000010>, C4<00000000000000000000000000000000>, C4<00000000000000000000000000000000>;
v011F56D8_0 .net *"_s0", 31 0, C4<00000000000000000000000000000010>; 1 drivers
v011F8868_0 .net "a", 31 0, v012326A0_0; 1 drivers
v01232648_0 .alias "y", 31 0, v012326F8_0;
    .scope S_011F4F28;
T_0 ;
    %vpi_call 2 9 "$dumpfile", "simulation.vcd";
    %vpi_call 2 10 "$dumpvars", 1'sb0, S_011F4F28;
    %set/v v012326A0_0, 0, 32;
    %delay 5000, 0;
    %vpi_call 2 11 "$display", "%b %b", v012326A0_0, v012326F8_0;
    %movi 8, 2, 32;
    %set/v v012326A0_0, 8, 32;
    %delay 5000, 0;
    %vpi_call 2 12 "$display", "%b %b", v012326A0_0, v012326F8_0;
    %set/v v012326A0_0, 1, 32;
    %delay 5000, 0;
    %vpi_call 2 13 "$display", "%b %b", v012326A0_0, v012326F8_0;
    %movi 8, 2863311530, 32;
    %set/v v012326A0_0, 8, 32;
    %delay 5000, 0;
    %vpi_call 2 14 "$display", "%b %b", v012326A0_0, v012326F8_0;
    %vpi_call 2 15 "$finish";
    %end;
    .thread T_0;
# The file index is used to find the file name in the following table.
:file_names 4;
    "N/A";
    "<interactive>";
    "D:\buffer gate\buffer gate\verilog-judge\backend\problems\bit_toggle_32bit_1\tb.v";
    "D:\buffer gate\buffer gate\verilog-judge\backend\submissions\6b7f318e-e\submission.v";
