#! /c/iverilog/bin/vvp
:ivl_version "0.9.7 " "(v0_9_7)";
:vpi_time_precision - 12;
:vpi_module "system";
:vpi_module "v2005_math";
:vpi_module "va_math";
S_012391D0 .scope module, "tb" "tb" 2 2;
 .timescale -9 -12;
v0114FB88_0 .var "a", 7 0;
v0114FC38_0 .var "b", 7 0;
v0114FCE8_0 .net "g", 0 0, L_0114FC90; 1 drivers
v0114FE48_0 .net "p", 0 0, L_0114FF50; 1 drivers
S_01238AE8 .scope module, "dut" "carry_generate_combiner" 2 8, 3 1, S_012391D0;
 .timescale 0 0;
L_01150108 .functor XOR 8, v0114FB88_0, v0114FC38_0, C4<00000000>, C4<00000000>;
v01238260_0 .net *"_s0", 8 0, L_0114FFA8; 1 drivers
v01238460_0 .net *"_s12", 7 0, L_01150108; 1 drivers
v0123BC20_0 .net *"_s3", 0 0, C4<0>; 1 drivers
v01234428_0 .net *"_s4", 8 0, L_0114F978; 1 drivers
v01234480_0 .net *"_s7", 0 0, C4<0>; 1 drivers
v012344D8_0 .net "a", 7 0, v0114FB88_0; 1 drivers
v012333F8_0 .net "b", 7 0, v0114FC38_0; 1 drivers
v01233450_0 .alias "g", 0 0, v0114FCE8_0;
v012334A8_0 .alias "p", 0 0, v0114FE48_0;
v0123EDA0_0 .net "temp", 8 0, L_0114FBE0; 1 drivers
L_0114FFA8 .concat [ 8 1 0 0], v0114FB88_0, C4<0>;
L_0114F978 .concat [ 8 1 0 0], v0114FC38_0, C4<0>;
L_0114FBE0 .arith/sum 9, L_0114FFA8, L_0114F978;
L_0114FC90 .part L_0114FBE0, 8, 1;
L_0114FF50 .reduce/and L_01150108;
    .scope S_012391D0;
T_0 ;
    %vpi_call 2 11 "$dumpfile", "simulation.vcd";
    %vpi_call 2 12 "$dumpvars", 1'sb0, S_012391D0;
    %set/v v0114FB88_0, 0, 8;
    %set/v v0114FC38_0, 0, 8;
    %delay 1000, 0;
    %vpi_call 2 13 "$display", "%b %b", v0114FCE8_0, v0114FE48_0;
    %movi 8, 1, 8;
    %set/v v0114FB88_0, 8, 8;
    %movi 8, 1, 8;
    %set/v v0114FC38_0, 8, 8;
    %delay 1000, 0;
    %vpi_call 2 14 "$display", "%b %b", v0114FCE8_0, v0114FE48_0;
    %set/v v0114FB88_0, 1, 8;
    %set/v v0114FC38_0, 1, 8;
    %delay 1000, 0;
    %vpi_call 2 15 "$display", "%b %b", v0114FCE8_0, v0114FE48_0;
    %movi 8, 170, 8;
    %set/v v0114FB88_0, 8, 8;
    %movi 8, 170, 8;
    %set/v v0114FC38_0, 8, 8;
    %delay 1000, 0;
    %vpi_call 2 16 "$display", "%b %b", v0114FCE8_0, v0114FE48_0;
    %movi 8, 2, 8;
    %set/v v0114FB88_0, 8, 8;
    %movi 8, 2, 8;
    %set/v v0114FC38_0, 8, 8;
    %delay 1000, 0;
    %vpi_call 2 17 "$display", "%b %b", v0114FCE8_0, v0114FE48_0;
    %movi 8, 3, 8;
    %set/v v0114FB88_0, 8, 8;
    %movi 8, 3, 8;
    %set/v v0114FC38_0, 8, 8;
    %delay 1000, 0;
    %vpi_call 2 18 "$display", "%b %b", v0114FCE8_0, v0114FE48_0;
    %movi 8, 127, 8;
    %set/v v0114FB88_0, 8, 8;
    %movi 8, 127, 8;
    %set/v v0114FC38_0, 8, 8;
    %delay 1000, 0;
    %vpi_call 2 19 "$display", "%b %b", v0114FCE8_0, v0114FE48_0;
    %movi 8, 170, 8;
    %set/v v0114FB88_0, 8, 8;
    %movi 8, 170, 8;
    %set/v v0114FC38_0, 8, 8;
    %delay 1000, 0;
    %vpi_call 2 20 "$display", "%b %b", v0114FCE8_0, v0114FE48_0;
    %vpi_call 2 21 "$finish";
    %end;
    .thread T_0;
# The file index is used to find the file name in the following table.
:file_names 4;
    "N/A";
    "<interactive>";
    "D:\buffer gate\buffer gate\verilog-judge\backend\problems\carry_generate_combiner\tb.v";
    "D:\buffer gate\buffer gate\verilog-judge\backend\submissions\1550d2da-5\submission.v";
