#! /c/iverilog/bin/vvp
:ivl_version "0.9.7 " "(v0_9_7)";
:vpi_time_precision - 12;
:vpi_module "system";
:vpi_module "v2005_math";
:vpi_module "va_math";
S_011D53D8 .scope module, "tb" "tb" 2 2;
 .timescale -9 -12;
v011D1F78_0 .var "a", 2 0;
v011D1FD0_0 .var "b", 2 0;
v011D2028_0 .net "borrow", 0 0, L_011D9408; 1 drivers
v011D9358_0 .net "diff", 2 0, L_011D93B0; 1 drivers
S_011D5750 .scope module, "dut" "subtractor_3bit" 2 7, 3 1, S_011D53D8;
 .timescale 0 0;
v011D57D8_0 .net "a", 2 0, v011D1F78_0; 1 drivers
v01212E08_0 .net "b", 2 0, v011D1FD0_0; 1 drivers
v01212E60_0 .alias "borrow", 0 0, v011D2028_0;
v01212EB8_0 .alias "diff", 2 0, v011D9358_0;
L_011D93B0 .arith/sub 3, v011D1F78_0, v011D1FD0_0;
L_011D9408 .cmp/gt 3, v011D1FD0_0, v011D1F78_0;
    .scope S_011D53D8;
T_0 ;
    %vpi_call 2 10 "$dumpfile", "simulation.vcd";
    %vpi_call 2 11 "$dumpvars", 1'sb0, S_011D53D8;
    %set/v v011D1F78_0, 0, 3;
    %set/v v011D1FD0_0, 0, 3;
    %delay 5000, 0;
    %vpi_call 2 12 "$display", "%b %b %b %b", v011D1F78_0, v011D1FD0_0, v011D9358_0, v011D2028_0;
    %movi 8, 1, 3;
    %set/v v011D1F78_0, 8, 3;
    %movi 8, 1, 3;
    %set/v v011D1FD0_0, 8, 3;
    %delay 5000, 0;
    %vpi_call 2 13 "$display", "%b %b %b %b", v011D1F78_0, v011D1FD0_0, v011D9358_0, v011D2028_0;
    %set/v v011D1F78_0, 1, 3;
    %movi 8, 1, 3;
    %set/v v011D1FD0_0, 8, 3;
    %delay 5000, 0;
    %vpi_call 2 14 "$display", "%b %b %b %b", v011D1F78_0, v011D1FD0_0, v011D9358_0, v011D2028_0;
    %movi 8, 3, 3;
    %set/v v011D1F78_0, 8, 3;
    %movi 8, 2, 3;
    %set/v v011D1FD0_0, 8, 3;
    %delay 5000, 0;
    %vpi_call 2 15 "$display", "%b %b %b %b", v011D1F78_0, v011D1FD0_0, v011D9358_0, v011D2028_0;
    %set/v v011D1F78_0, 1, 3;
    %set/v v011D1FD0_0, 1, 3;
    %delay 5000, 0;
    %vpi_call 2 16 "$display", "%b %b %b %b", v011D1F78_0, v011D1FD0_0, v011D9358_0, v011D2028_0;
    %vpi_call 2 17 "$finish";
    %end;
    .thread T_0;
# The file index is used to find the file name in the following table.
:file_names 4;
    "N/A";
    "<interactive>";
    "D:\buffer gate\buffer gate\verilog-judge\backend\problems\subtractor_3bit\tb.v";
    "D:\buffer gate\buffer gate\verilog-judge\backend\submissions\68403a66-4\submission.v";
