#! /c/iverilog/bin/vvp
:ivl_version "0.9.7 " "(v0_9_7)";
:vpi_time_precision - 12;
:vpi_module "system";
:vpi_module "v2005_math";
:vpi_module "va_math";
S_011735F8 .scope module, "tb" "tb" 2 2;
 .timescale -9 -12;
v01172340_0 .net "y", 3 0, C4<0000>; 1 drivers
S_01172260 .scope module, "dut" "constant_zero_4bit" 2 4, 3 1, S_011735F8;
 .timescale 0 0;
v011722E8_0 .alias "y", 3 0, v01172340_0;
    .scope S_011735F8;
T_0 ;
    %vpi_call 2 7 "$dumpfile", "simulation.vcd";
    %vpi_call 2 8 "$dumpvars", 1'sb0, S_011735F8;
    %delay 5000, 0;
    %vpi_call 2 9 "$display", "%b", v01172340_0;
    %vpi_call 2 10 "$finish";
    %end;
    .thread T_0;
# The file index is used to find the file name in the following table.
:file_names 4;
    "N/A";
    "<interactive>";
    "D:\buffer gate\buffer gate\verilog-judge\backend\problems\constant_zero_4bit\tb.v";
    "D:\buffer gate\buffer gate\verilog-judge\backend\submissions\ab914b8d-6\submission.v";
