#! /c/iverilog/bin/vvp
:ivl_version "0.9.7 " "(v0_9_7)";
:vpi_time_precision - 12;
:vpi_module "system";
:vpi_module "v2005_math";
:vpi_module "va_math";
S_01328CC8 .scope module, "tb" "tb" 2 2;
 .timescale -9 -12;
v01321F58_0 .var "carry_in", 0 0;
v01321FB0_0 .net "carry_out", 0 0, C4<0>; 1 drivers
v01322008_0 .net "negative", 0 0, C4<0>; 1 drivers
v01322060_0 .net "parity", 0 0, C4<0>; 1 drivers
v01329318_0 .var "result", 7 0;
v0132E3C8_0 .net "zero", 0 0, C4<0>; 1 drivers
S_01328668 .scope module, "dut" "flag_generator" 2 10, 3 1, S_01328CC8;
 .timescale 0 0;
v01325750_0 .net "carry_in", 0 0, v01321F58_0; 1 drivers
v013257A8_0 .alias "carry_out", 0 0, v01321FB0_0;
v01325800_0 .alias "negative", 0 0, v01322008_0;
v01172BA0_0 .alias "parity", 0 0, v01322060_0;
v01172BF8_0 .net "result", 7 0, v01329318_0; 1 drivers
v01172C50_0 .alias "zero", 0 0, v0132E3C8_0;
    .scope S_01328CC8;
T_0 ;
    %vpi_call 2 13 "$dumpfile", "simulation.vcd";
    %vpi_call 2 14 "$dumpvars", 1'sb0, S_01328CC8;
    %set/v v01329318_0, 0, 8;
    %set/v v01321F58_0, 0, 1;
    %delay 5000, 0;
    %vpi_call 2 15 "$display", "%b %b %b %b", v0132E3C8_0, v01322008_0, v01322060_0, v01321FB0_0;
    %movi 8, 1, 8;
    %set/v v01329318_0, 8, 8;
    %set/v v01321F58_0, 1, 1;
    %delay 5000, 0;
    %vpi_call 2 16 "$display", "%b %b %b %b", v0132E3C8_0, v01322008_0, v01322060_0, v01321FB0_0;
    %set/v v01329318_0, 1, 8;
    %set/v v01321F58_0, 1, 1;
    %delay 5000, 0;
    %vpi_call 2 17 "$display", "%b %b %b %b", v0132E3C8_0, v01322008_0, v01322060_0, v01321FB0_0;
    %movi 8, 170, 8;
    %set/v v01329318_0, 8, 8;
    %set/v v01321F58_0, 0, 1;
    %delay 5000, 0;
    %vpi_call 2 18 "$display", "%b %b %b %b", v0132E3C8_0, v01322008_0, v01322060_0, v01321FB0_0;
    %vpi_call 2 19 "$finish";
    %end;
    .thread T_0;
# The file index is used to find the file name in the following table.
:file_names 4;
    "N/A";
    "<interactive>";
    "D:\buffer gate\buffer gate\verilog-judge\backend\problems\flag_generator\tb.v";
    "D:\buffer gate\buffer gate\verilog-judge\backend\submissions\a99d7e0f-9\submission.v";
