#! /c/Source/iverilog-install/bin/vvp
:ivl_version "12.0 (devel)" "(s20150603-1110-g18392a46)";
:ivl_delay_selection "TYPICAL";
:vpi_time_precision - 12;
:vpi_module "D:\iverilog\lib\ivl\system.vpi";
:vpi_module "D:\iverilog\lib\ivl\vhdl_sys.vpi";
:vpi_module "D:\iverilog\lib\ivl\vhdl_textio.vpi";
:vpi_module "D:\iverilog\lib\ivl\v2005_math.vpi";
:vpi_module "D:\iverilog\lib\ivl\va_math.vpi";
S_000001e5eae6db20 .scope module, "tb" "tb" 2 2;
 .timescale -9 -12;
v000001e5eae6b940_0 .var "clk", 0 0;
v000001e5eae6b9e0_0 .net "gray", 2 0, v000001e5eae66d40_0;  1 drivers
v000001e5eae6ba80_0 .var "reset", 0 0;
S_000001e5eae6dcb0 .scope module, "dut" "gray_counter_3bit" 2 7, 3 1 0, S_000001e5eae6db20;
 .timescale 0 0;
    .port_info 0 /INPUT 1 "clk";
    .port_info 1 /INPUT 1 "reset";
    .port_info 2 /OUTPUT 3 "gray";
v000001e5eae671d0_0 .var "bin", 2 0;
v000001e5eae6b2a0_0 .net "clk", 0 0, v000001e5eae6b940_0;  1 drivers
v000001e5eae66d40_0 .var "gray", 2 0;
v000001e5eae6de40_0 .var "next_bin", 2 0;
v000001e5eae6dee0_0 .net "reset", 0 0, v000001e5eae6ba80_0;  1 drivers
E_000001e5eae6aab0 .event posedge, v000001e5eae6b2a0_0;
    .scope S_000001e5eae6dcb0;
T_0 ;
    %wait E_000001e5eae6aab0;
    %load/vec4 v000001e5eae6dee0_0;
    %flag_set/vec4 8;
    %jmp/0xz  T_0.0, 8;
    %pushi/vec4 0, 0, 3;
    %assign/vec4 v000001e5eae671d0_0, 0;
    %pushi/vec4 0, 0, 3;
    %assign/vec4 v000001e5eae66d40_0, 0;
    %jmp T_0.1;
T_0.0 ;
    %load/vec4 v000001e5eae671d0_0;
    %addi 1, 0, 3;
    %store/vec4 v000001e5eae6de40_0, 0, 3;
    %load/vec4 v000001e5eae6de40_0;
    %assign/vec4 v000001e5eae671d0_0, 0;
    %load/vec4 v000001e5eae6de40_0;
    %parti/s 1, 2, 3;
    %ix/load 4, 2, 0;
    %ix/load 5, 0, 0;
    %flag_set/imm 4, 0;
    %assign/vec4/off/d v000001e5eae66d40_0, 4, 5;
    %load/vec4 v000001e5eae6de40_0;
    %parti/s 1, 2, 3;
    %load/vec4 v000001e5eae6de40_0;
    %parti/s 1, 1, 2;
    %xor;
    %ix/load 4, 1, 0;
    %ix/load 5, 0, 0;
    %flag_set/imm 4, 0;
    %assign/vec4/off/d v000001e5eae66d40_0, 4, 5;
    %load/vec4 v000001e5eae6de40_0;
    %parti/s 1, 1, 2;
    %load/vec4 v000001e5eae6de40_0;
    %parti/s 1, 0, 2;
    %xor;
    %ix/load 4, 0, 0;
    %ix/load 5, 0, 0;
    %flag_set/imm 4, 0;
    %assign/vec4/off/d v000001e5eae66d40_0, 4, 5;
T_0.1 ;
    %jmp T_0;
    .thread T_0;
    .scope S_000001e5eae6db20;
T_1 ;
    %pushi/vec4 0, 0, 1;
    %store/vec4 v000001e5eae6b940_0, 0, 1;
T_1.0 ;
    %delay 5000, 0;
    %load/vec4 v000001e5eae6b940_0;
    %inv;
    %store/vec4 v000001e5eae6b940_0, 0, 1;
    %jmp T_1.0;
    %end;
    .thread T_1;
    .scope S_000001e5eae6db20;
T_2 ;
    %vpi_call 2 11 "$dumpfile", "simulation.vcd" {0 0 0};
    %vpi_call 2 12 "$dumpvars", 32'sb00000000000000000000000000000000, S_000001e5eae6db20 {0 0 0};
    %pushi/vec4 1, 0, 1;
    %store/vec4 v000001e5eae6ba80_0, 0, 1;
    %delay 1000, 0;
    %wait E_000001e5eae6aab0;
    %delay 1000, 0;
    %vpi_call 2 13 "$display", "%b", v000001e5eae6b9e0_0 {0 0 0};
    %pushi/vec4 0, 0, 1;
    %store/vec4 v000001e5eae6ba80_0, 0, 1;
    %delay 1000, 0;
    %wait E_000001e5eae6aab0;
    %delay 1000, 0;
    %vpi_call 2 14 "$display", "%b", v000001e5eae6b9e0_0 {0 0 0};
    %pushi/vec4 0, 0, 1;
    %store/vec4 v000001e5eae6ba80_0, 0, 1;
    %delay 1000, 0;
    %wait E_000001e5eae6aab0;
    %delay 1000, 0;
    %vpi_call 2 15 "$display", "%b", v000001e5eae6b9e0_0 {0 0 0};
    %pushi/vec4 0, 0, 1;
    %store/vec4 v000001e5eae6ba80_0, 0, 1;
    %delay 1000, 0;
    %wait E_000001e5eae6aab0;
    %delay 1000, 0;
    %vpi_call 2 16 "$display", "%b", v000001e5eae6b9e0_0 {0 0 0};
    %pushi/vec4 0, 0, 1;
    %store/vec4 v000001e5eae6ba80_0, 0, 1;
    %delay 1000, 0;
    %wait E_000001e5eae6aab0;
    %delay 1000, 0;
    %vpi_call 2 17 "$display", "%b", v000001e5eae6b9e0_0 {0 0 0};
    %pushi/vec4 0, 0, 1;
    %store/vec4 v000001e5eae6ba80_0, 0, 1;
    %delay 1000, 0;
    %wait E_000001e5eae6aab0;
    %delay 1000, 0;
    %vpi_call 2 18 "$display", "%b", v000001e5eae6b9e0_0 {0 0 0};
    %pushi/vec4 0, 0, 1;
    %store/vec4 v000001e5eae6ba80_0, 0, 1;
    %delay 1000, 0;
    %wait E_000001e5eae6aab0;
    %delay 1000, 0;
    %vpi_call 2 19 "$display", "%b", v000001e5eae6b9e0_0 {0 0 0};
    %pushi/vec4 0, 0, 1;
    %store/vec4 v000001e5eae6ba80_0, 0, 1;
    %delay 1000, 0;
    %wait E_000001e5eae6aab0;
    %delay 1000, 0;
    %vpi_call 2 20 "$display", "%b", v000001e5eae6b9e0_0 {0 0 0};
    %vpi_call 2 21 "$finish" {0 0 0};
    %end;
    .thread T_2;
# The file index is used to find the file name in the following table.
:file_names 4;
    "N/A";
    "<interactive>";
    "D:\buffer gate\buffer gate\verilog-judge\backend\problems\gray_counter_3bit\tb.v";
    "D:\buffer gate\buffer gate\verilog-judge\backend\submissions\1520afe7-f\submission.v";
