#! /c/iverilog/bin/vvp
:ivl_version "0.9.7 " "(v0_9_7)";
:vpi_time_precision - 12;
:vpi_module "system";
:vpi_module "v2005_math";
:vpi_module "va_math";
S_01182318 .scope module, "tb" "tb" 2 2;
 .timescale -9 -12;
v01141F68_0 .var "a", 3 0;
v01141FC0_0 .net "y", 0 0, L_0114EF40; 1 drivers
S_011823A0 .scope module, "dut" "odd_parity_4bit" 2 6, 3 1, S_01182318;
 .timescale 0 0;
v01145148_0 .net "a", 3 0, v01141F68_0; 1 drivers
v01145A78_0 .alias "y", 0 0, v01141FC0_0;
L_0114EF40 .reduce/xor v01141F68_0;
    .scope S_01182318;
T_0 ;
    %vpi_call 2 9 "$dumpfile", "simulation.vcd";
    %vpi_call 2 10 "$dumpvars", 1'sb0, S_01182318;
    %set/v v01141F68_0, 0, 4;
    %delay 5000, 0;
    %vpi_call 2 11 "$display", "%b %b", v01141F68_0, v01141FC0_0;
    %movi 8, 1, 4;
    %set/v v01141F68_0, 8, 4;
    %delay 5000, 0;
    %vpi_call 2 12 "$display", "%b %b", v01141F68_0, v01141FC0_0;
    %movi 8, 3, 4;
    %set/v v01141F68_0, 8, 4;
    %delay 5000, 0;
    %vpi_call 2 13 "$display", "%b %b", v01141F68_0, v01141FC0_0;
    %set/v v01141F68_0, 1, 4;
    %delay 5000, 0;
    %vpi_call 2 14 "$display", "%b %b", v01141F68_0, v01141FC0_0;
    %movi 8, 10, 4;
    %set/v v01141F68_0, 8, 4;
    %delay 5000, 0;
    %vpi_call 2 15 "$display", "%b %b", v01141F68_0, v01141FC0_0;
    %vpi_call 2 16 "$finish";
    %end;
    .thread T_0;
# The file index is used to find the file name in the following table.
:file_names 4;
    "N/A";
    "<interactive>";
    "D:\buffer gate\buffer gate\verilog-judge\backend\problems\odd_parity_4bit\tb.v";
    "D:\buffer gate\buffer gate\verilog-judge\backend\submissions\b2b95081-6\submission.v";
