#! /c/iverilog/bin/vvp
:ivl_version "0.9.7 " "(v0_9_7)";
:vpi_time_precision - 12;
:vpi_module "system";
:vpi_module "v2005_math";
:vpi_module "va_math";
S_0118E478 .scope module, "tb" "tb" 2 2;
 .timescale -9 -12;
v011C0F70_0 .var "a", 0 0;
v011C10D0_0 .var "b", 0 0;
v011C0EC0_0 .var "cin", 0 0;
v011C0DB8_0 .net "cout", 0 0, L_0118A228; 1 drivers
v011C0F18_0 .net "sum", 0 0, L_01182098; 1 drivers
S_0118E038 .scope module, "dut" "full_adder" 2 6, 3 1, S_0118E478;
 .timescale 0 0;
L_011C2CB0 .functor XOR 1, v011C0F70_0, v011C10D0_0, C4<0>, C4<0>;
L_01182098 .functor XOR 1, L_011C2CB0, v011C0EC0_0, C4<0>, C4<0>;
L_0118A260 .functor AND 1, v011C0F70_0, v011C10D0_0, C4<1>, C4<1>;
L_0118A298 .functor AND 1, v011C0F70_0, v011C0EC0_0, C4<1>, C4<1>;
L_01182028 .functor OR 1, L_0118A260, L_0118A298, C4<0>, C4<0>;
L_0118B768 .functor AND 1, v011C10D0_0, v011C0EC0_0, C4<1>, C4<1>;
L_0118A228 .functor OR 1, L_01182028, L_0118B768, C4<0>, C4<0>;
v0118DB18_0 .net *"_s0", 0 0, L_011C2CB0; 1 drivers
v011883F8_0 .net *"_s10", 0 0, L_0118B768; 1 drivers
v01188450_0 .net *"_s4", 0 0, L_0118A260; 1 drivers
v011884A8_0 .net *"_s6", 0 0, L_0118A298; 1 drivers
v011C2BA8_0 .net *"_s8", 0 0, L_01182028; 1 drivers
v011C2C00_0 .net "a", 0 0, v011C0F70_0; 1 drivers
v011C2C58_0 .net "b", 0 0, v011C10D0_0; 1 drivers
v01181F78_0 .net "cin", 0 0, v011C0EC0_0; 1 drivers
v01181FD0_0 .alias "cout", 0 0, v011C0DB8_0;
v011C1230_0 .alias "sum", 0 0, v011C0F18_0;
    .scope S_0118E478;
T_0 ;
    %vpi_call 2 9 "$dumpfile", "simulation.vcd";
    %vpi_call 2 10 "$dumpvars", 1'sb0, S_0118E478;
    %set/v v011C0F70_0, 0, 1;
    %set/v v011C10D0_0, 0, 1;
    %set/v v011C0EC0_0, 0, 1;
    %delay 5000, 0;
    %vpi_call 2 12 "$display", "%b %b %b %b %b", v011C0F70_0, v011C10D0_0, v011C0EC0_0, v011C0F18_0, v011C0DB8_0;
    %set/v v011C0F70_0, 0, 1;
    %set/v v011C10D0_0, 0, 1;
    %set/v v011C0EC0_0, 1, 1;
    %delay 5000, 0;
    %vpi_call 2 13 "$display", "%b %b %b %b %b", v011C0F70_0, v011C10D0_0, v011C0EC0_0, v011C0F18_0, v011C0DB8_0;
    %set/v v011C0F70_0, 0, 1;
    %set/v v011C10D0_0, 1, 1;
    %set/v v011C0EC0_0, 0, 1;
    %delay 5000, 0;
    %vpi_call 2 14 "$display", "%b %b %b %b %b", v011C0F70_0, v011C10D0_0, v011C0EC0_0, v011C0F18_0, v011C0DB8_0;
    %set/v v011C0F70_0, 0, 1;
    %set/v v011C10D0_0, 1, 1;
    %set/v v011C0EC0_0, 1, 1;
    %delay 5000, 0;
    %vpi_call 2 15 "$display", "%b %b %b %b %b", v011C0F70_0, v011C10D0_0, v011C0EC0_0, v011C0F18_0, v011C0DB8_0;
    %set/v v011C0F70_0, 1, 1;
    %set/v v011C10D0_0, 0, 1;
    %set/v v011C0EC0_0, 0, 1;
    %delay 5000, 0;
    %vpi_call 2 16 "$display", "%b %b %b %b %b", v011C0F70_0, v011C10D0_0, v011C0EC0_0, v011C0F18_0, v011C0DB8_0;
    %set/v v011C0F70_0, 1, 1;
    %set/v v011C10D0_0, 0, 1;
    %set/v v011C0EC0_0, 1, 1;
    %delay 5000, 0;
    %vpi_call 2 17 "$display", "%b %b %b %b %b", v011C0F70_0, v011C10D0_0, v011C0EC0_0, v011C0F18_0, v011C0DB8_0;
    %set/v v011C0F70_0, 1, 1;
    %set/v v011C10D0_0, 1, 1;
    %set/v v011C0EC0_0, 0, 1;
    %delay 5000, 0;
    %vpi_call 2 18 "$display", "%b %b %b %b %b", v011C0F70_0, v011C10D0_0, v011C0EC0_0, v011C0F18_0, v011C0DB8_0;
    %set/v v011C0F70_0, 1, 1;
    %set/v v011C10D0_0, 1, 1;
    %set/v v011C0EC0_0, 1, 1;
    %delay 5000, 0;
    %vpi_call 2 19 "$display", "%b %b %b %b %b", v011C0F70_0, v011C10D0_0, v011C0EC0_0, v011C0F18_0, v011C0DB8_0;
    %vpi_call 2 20 "$finish";
    %end;
    .thread T_0;
# The file index is used to find the file name in the following table.
:file_names 4;
    "N/A";
    "<interactive>";
    "D:\buffer gate\buffer gate\verilog-judge\backend\problems\full_adder\tb.v";
    "D:\buffer gate\buffer gate\verilog-judge\backend\submissions\c4b6be23-b\submission.v";
