#! /c/iverilog/bin/vvp
:ivl_version "0.9.7 " "(v0_9_7)";
:vpi_time_precision - 12;
:vpi_module "system";
:vpi_module "v2005_math";
:vpi_module "va_math";
S_01173070 .scope module, "tb" "tb" 2 2;
 .timescale -9 -12;
v00895798_0 .var "a", 7 0;
v008957F0_0 .net "count", 3 0, v00892040_0; 1 drivers
S_00891F60 .scope module, "dut" "population_count" 2 6, 3 1, S_01173070;
 .timescale 0 0;
v00891FE8_0 .net "a", 7 0, v00895798_0; 1 drivers
v00892040_0 .var "count", 3 0;
v0089EF48_0 .var/i "i", 31 0;
E_00893EE8 .event edge, v00892040_0, v0089EF48_0, v00891FE8_0;
    .scope S_00891F60;
T_0 ;
    %wait E_00893EE8;
    %set/v v00892040_0, 0, 4;
    %set/v v0089EF48_0, 0, 32;
T_0.0 ;
    %load/v 8, v0089EF48_0, 32;
   %cmpi/s 8, 8, 32;
    %jmp/0xz T_0.1, 5;
    %load/v 8, v00892040_0, 4;
    %ix/getv/s 1, v0089EF48_0;
    %jmp/1 T_0.2, 4;
    %load/x1p 16, v00891FE8_0, 1;
    %jmp T_0.3;
T_0.2 ;
    %mov 16, 2, 1;
T_0.3 ;
    %mov 12, 16, 1; Move signal select into place
    %mov 13, 0, 3;
    %add 8, 12, 4;
    %set/v v00892040_0, 8, 4;
    %ix/load 0, 1, 0;
    %load/vp0/s 8, v0089EF48_0, 32;
    %set/v v0089EF48_0, 8, 32;
    %jmp T_0.0;
T_0.1 ;
    %jmp T_0;
    .thread T_0, $push;
    .scope S_01173070;
T_1 ;
    %vpi_call 2 9 "$dumpfile", "simulation.vcd";
    %vpi_call 2 10 "$dumpvars", 1'sb0, S_01173070;
    %set/v v00895798_0, 0, 8;
    %delay 5000, 0;
    %vpi_call 2 11 "$display", "%b", v008957F0_0;
    %movi 8, 1, 8;
    %set/v v00895798_0, 8, 8;
    %delay 5000, 0;
    %vpi_call 2 12 "$display", "%b", v008957F0_0;
    %set/v v00895798_0, 1, 8;
    %delay 5000, 0;
    %vpi_call 2 13 "$display", "%b", v008957F0_0;
    %movi 8, 170, 8;
    %set/v v00895798_0, 8, 8;
    %delay 5000, 0;
    %vpi_call 2 14 "$display", "%b", v008957F0_0;
    %vpi_call 2 15 "$finish";
    %end;
    .thread T_1;
# The file index is used to find the file name in the following table.
:file_names 4;
    "N/A";
    "<interactive>";
    "D:\buffer gate\buffer gate\verilog-judge\backend\problems\population_count\tb.v";
    "D:\buffer gate\buffer gate\verilog-judge\backend\submissions\6a36def7-9\submission.v";
