#! /c/iverilog/bin/vvp
:ivl_version "0.9.7 " "(v0_9_7)";
:vpi_time_precision - 12;
:vpi_module "system";
:vpi_module "v2005_math";
:vpi_module "va_math";
S_011D8F70 .scope module, "tb" "tb" 2 2;
 .timescale -9 -12;
v011D2068_0 .var "a", 15 0;
v011DEDC0_0 .var "b", 15 0;
v011DEE18_0 .var "c", 15 0;
v011DEE70_0 .var "d", 15 0;
v011DEEC8_0 .var "sel", 1 0;
v011DEF20_0 .net "y", 15 0, v011D2010_0; 1 drivers
S_011D8558 .scope module, "dut" "mux4_16bit" 2 7, 3 1, S_011D8F70;
 .timescale 0 0;
v012130C8_0 .net "a", 15 0, v011D2068_0; 1 drivers
v01213120_0 .net "b", 15 0, v011DEDC0_0; 1 drivers
v01213178_0 .net "c", 15 0, v011DEE18_0; 1 drivers
v011D1F60_0 .net "d", 15 0, v011DEE70_0; 1 drivers
v011D1FB8_0 .net "sel", 1 0, v011DEEC8_0; 1 drivers
v011D2010_0 .var "y", 15 0;
E_011D8178/0 .event edge, v011D1FB8_0, v012130C8_0, v01213120_0, v01213178_0;
E_011D8178/1 .event edge, v011D1F60_0;
E_011D8178 .event/or E_011D8178/0, E_011D8178/1;
    .scope S_011D8558;
T_0 ;
    %wait E_011D8178;
    %load/v 8, v011D1FB8_0, 2;
    %cmpi/u 8, 0, 2;
    %jmp/1 T_0.0, 6;
    %cmpi/u 8, 1, 2;
    %jmp/1 T_0.1, 6;
    %cmpi/u 8, 2, 2;
    %jmp/1 T_0.2, 6;
    %load/v 8, v011D1F60_0, 16;
    %set/v v011D2010_0, 8, 16;
    %jmp T_0.4;
T_0.0 ;
    %load/v 8, v012130C8_0, 16;
    %set/v v011D2010_0, 8, 16;
    %jmp T_0.4;
T_0.1 ;
    %load/v 8, v01213120_0, 16;
    %set/v v011D2010_0, 8, 16;
    %jmp T_0.4;
T_0.2 ;
    %load/v 8, v01213178_0, 16;
    %set/v v011D2010_0, 8, 16;
    %jmp T_0.4;
T_0.4 ;
    %jmp T_0;
    .thread T_0, $push;
    .scope S_011D8F70;
T_1 ;
    %vpi_call 2 10 "$dumpfile", "simulation.vcd";
    %vpi_call 2 11 "$dumpvars", 1'sb0, S_011D8F70;
    %set/v v011D2068_0, 0, 16;
    %movi 8, 1, 16;
    %set/v v011DEDC0_0, 8, 16;
    %set/v v011DEE18_0, 1, 16;
    %movi 8, 43690, 16;
    %set/v v011DEE70_0, 8, 16;
    %set/v v011DEEC8_0, 0, 2;
    %delay 5000, 0;
    %vpi_call 2 12 "$display", "%b %b", v011DEEC8_0, v011DEF20_0;
    %set/v v011D2068_0, 0, 16;
    %movi 8, 1, 16;
    %set/v v011DEDC0_0, 8, 16;
    %set/v v011DEE18_0, 1, 16;
    %movi 8, 43690, 16;
    %set/v v011DEE70_0, 8, 16;
    %movi 8, 1, 2;
    %set/v v011DEEC8_0, 8, 2;
    %delay 5000, 0;
    %vpi_call 2 13 "$display", "%b %b", v011DEEC8_0, v011DEF20_0;
    %set/v v011D2068_0, 0, 16;
    %movi 8, 1, 16;
    %set/v v011DEDC0_0, 8, 16;
    %set/v v011DEE18_0, 1, 16;
    %movi 8, 43690, 16;
    %set/v v011DEE70_0, 8, 16;
    %movi 8, 2, 2;
    %set/v v011DEEC8_0, 8, 2;
    %delay 5000, 0;
    %vpi_call 2 14 "$display", "%b %b", v011DEEC8_0, v011DEF20_0;
    %set/v v011D2068_0, 0, 16;
    %movi 8, 1, 16;
    %set/v v011DEDC0_0, 8, 16;
    %set/v v011DEE18_0, 1, 16;
    %movi 8, 43690, 16;
    %set/v v011DEE70_0, 8, 16;
    %set/v v011DEEC8_0, 1, 2;
    %delay 5000, 0;
    %vpi_call 2 15 "$display", "%b %b", v011DEEC8_0, v011DEF20_0;
    %vpi_call 2 16 "$finish";
    %end;
    .thread T_1;
# The file index is used to find the file name in the following table.
:file_names 4;
    "N/A";
    "<interactive>";
    "D:\buffer gate\buffer gate\verilog-judge\backend\problems\mux4_16bit\tb.v";
    "D:\buffer gate\buffer gate\verilog-judge\backend\submissions\f1534fe1-5\submission.v";
