#! /c/iverilog/bin/vvp
:ivl_version "0.9.7 " "(v0_9_7)";
:vpi_time_precision - 12;
:vpi_module "system";
:vpi_module "v2005_math";
:vpi_module "va_math";
S_01275518 .scope module, "tb" "tb" 2 2;
 .timescale -9 -12;
v01272010_0 .var "a", 7 0;
v0127E9E8_0 .var "b", 7 0;
v0127EA40_0 .var "cin", 0 0;
v0127EA98_0 .net "cout", 0 0, C4<0>; 1 drivers
v0127EAF0_0 .net "sum", 7 0, C4<00000000>; 1 drivers
S_01278BC0 .scope module, "dut" "ripple_carry_adder" 2 9, 3 1, S_01275518;
 .timescale 0 0;
v011529E8_0 .net "a", 7 0, v01272010_0; 1 drivers
v01152A40_0 .net "b", 7 0, v0127E9E8_0; 1 drivers
v01152A98_0 .net "cin", 0 0, v0127EA40_0; 1 drivers
v01271F60_0 .alias "cout", 0 0, v0127EA98_0;
v01271FB8_0 .alias "sum", 7 0, v0127EAF0_0;
    .scope S_01275518;
T_0 ;
    %vpi_call 2 12 "$dumpfile", "simulation.vcd";
    %vpi_call 2 13 "$dumpvars", 1'sb0, S_01275518;
    %set/v v01272010_0, 0, 8;
    %set/v v0127E9E8_0, 0, 8;
    %set/v v0127EA40_0, 0, 1;
    %delay 5000, 0;
    %vpi_call 2 14 "$display", "%b %b", v0127EAF0_0, v0127EA98_0;
    %movi 8, 1, 8;
    %set/v v01272010_0, 8, 8;
    %movi 8, 1, 8;
    %set/v v0127E9E8_0, 8, 8;
    %set/v v0127EA40_0, 1, 1;
    %delay 5000, 0;
    %vpi_call 2 15 "$display", "%b %b", v0127EAF0_0, v0127EA98_0;
    %set/v v01272010_0, 1, 8;
    %set/v v0127E9E8_0, 1, 8;
    %set/v v0127EA40_0, 1, 1;
    %delay 5000, 0;
    %vpi_call 2 16 "$display", "%b %b", v0127EAF0_0, v0127EA98_0;
    %movi 8, 170, 8;
    %set/v v01272010_0, 8, 8;
    %movi 8, 170, 8;
    %set/v v0127E9E8_0, 8, 8;
    %set/v v0127EA40_0, 0, 1;
    %delay 5000, 0;
    %vpi_call 2 17 "$display", "%b %b", v0127EAF0_0, v0127EA98_0;
    %vpi_call 2 18 "$finish";
    %end;
    .thread T_0;
# The file index is used to find the file name in the following table.
:file_names 4;
    "N/A";
    "<interactive>";
    "D:\buffer gate\buffer gate\verilog-judge\backend\problems\ripple_carry_adder\tb.v";
    "D:\buffer gate\buffer gate\verilog-judge\backend\submissions\fe8fbd1e-0\submission.v";
