#! /c/iverilog/bin/vvp
:ivl_version "0.9.7 " "(v0_9_7)";
:vpi_time_precision - 12;
:vpi_module "system";
:vpi_module "v2005_math";
:vpi_module "va_math";
S_01269CD0 .scope module, "tb" "tb" 2 2;
 .timescale -9 -12;
v0126E998_0 .var "a", 7 0;
v0126E9F0_0 .var "b", 7 0;
v0116CF10_0 .net "cout", 0 0, L_0116CFC0; 1 drivers
v0116CF68_0 .net "sum", 7 0, L_0116D2D8; 1 drivers
S_01269EF0 .scope module, "dut" "adder_8bit" 2 7, 3 1, S_01269CD0;
 .timescale 0 0;
v01142990_0 .net *"_s10", 0 0, C4<0>; 1 drivers
v011429E8_0 .net *"_s11", 8 0, L_0116CEB8; 1 drivers
v01142A40_0 .net *"_s3", 8 0, L_0116D018; 1 drivers
v01261F68_0 .net *"_s6", 0 0, C4<0>; 1 drivers
v01261FC0_0 .net *"_s7", 8 0, L_0116D070; 1 drivers
v01262018_0 .net "a", 7 0, v0126E998_0; 1 drivers
v01262070_0 .net "b", 7 0, v0126E9F0_0; 1 drivers
v0126E8E8_0 .alias "cout", 0 0, v0116CF10_0;
v0126E940_0 .alias "sum", 7 0, v0116CF68_0;
L_0116CFC0 .part L_0116CEB8, 8, 1;
L_0116D2D8 .part L_0116CEB8, 0, 8;
L_0116D018 .concat [ 8 1 0 0], v0126E998_0, C4<0>;
L_0116D070 .concat [ 8 1 0 0], v0126E9F0_0, C4<0>;
L_0116CEB8 .arith/sum 9, L_0116D018, L_0116D070;
    .scope S_01269CD0;
T_0 ;
    %vpi_call 2 10 "$dumpfile", "simulation.vcd";
    %vpi_call 2 11 "$dumpvars", 1'sb0, S_01269CD0;
    %set/v v0126E998_0, 0, 8;
    %set/v v0126E9F0_0, 0, 8;
    %delay 5000, 0;
    %vpi_call 2 12 "$display", "%b %b %b %b", v0126E998_0, v0126E9F0_0, v0116CF68_0, v0116CF10_0;
    %movi 8, 1, 8;
    %set/v v0126E998_0, 8, 8;
    %movi 8, 1, 8;
    %set/v v0126E9F0_0, 8, 8;
    %delay 5000, 0;
    %vpi_call 2 13 "$display", "%b %b %b %b", v0126E998_0, v0126E9F0_0, v0116CF68_0, v0116CF10_0;
    %set/v v0126E998_0, 1, 8;
    %movi 8, 1, 8;
    %set/v v0126E9F0_0, 8, 8;
    %delay 5000, 0;
    %vpi_call 2 14 "$display", "%b %b %b %b", v0126E998_0, v0126E9F0_0, v0116CF68_0, v0116CF10_0;
    %movi 8, 127, 8;
    %set/v v0126E998_0, 8, 8;
    %movi 8, 85, 8;
    %set/v v0126E9F0_0, 8, 8;
    %delay 5000, 0;
    %vpi_call 2 15 "$display", "%b %b %b %b", v0126E998_0, v0126E9F0_0, v0116CF68_0, v0116CF10_0;
    %set/v v0126E998_0, 1, 8;
    %set/v v0126E9F0_0, 1, 8;
    %delay 5000, 0;
    %vpi_call 2 16 "$display", "%b %b %b %b", v0126E998_0, v0126E9F0_0, v0116CF68_0, v0116CF10_0;
    %vpi_call 2 17 "$finish";
    %end;
    .thread T_0;
# The file index is used to find the file name in the following table.
:file_names 4;
    "N/A";
    "<interactive>";
    "D:\buffer gate\buffer gate\verilog-judge\backend\problems\adder_8bit\tb.v";
    "D:\buffer gate\buffer gate\verilog-judge\backend\submissions\bbd83cf9-d\submission.v";
