#! /c/iverilog/bin/vvp
:ivl_version "0.9.7 " "(v0_9_7)";
:vpi_time_precision - 12;
:vpi_module "system";
:vpi_module "v2005_math";
:vpi_module "va_math";
S_01162518 .scope module, "tb" "tb" 2 2;
 .timescale -9 -12;
v0112EB90_0 .var/s "a", 7 0;
v0112EBE8_0 .net "y", 7 0, v01122040_0; 1 drivers
S_01121F60 .scope module, "dut" "absolute_value_unit" 2 6, 3 1, S_01162518;
 .timescale 0 0;
v01121FE8_0 .net/s "a", 7 0, v0112EB90_0; 1 drivers
v01122040_0 .var "y", 7 0;
E_01123D68 .event "_s0";
    .scope S_01121F60;
T_0 ;
    %wait E_01123D68;
    %jmp T_0;
    .thread T_0;
    .scope S_01162518;
T_1 ;
    %vpi_call 2 9 "$dumpfile", "simulation.vcd";
    %vpi_call 2 10 "$dumpvars", 1'sb0, S_01162518;
    %set/v v0112EB90_0, 0, 8;
    %delay 5000, 0;
    %vpi_call 2 11 "$display", "%b", v0112EBE8_0;
    %movi 8, 1, 8;
    %set/v v0112EB90_0, 8, 8;
    %delay 5000, 0;
    %vpi_call 2 12 "$display", "%b", v0112EBE8_0;
    %set/v v0112EB90_0, 1, 8;
    %delay 5000, 0;
    %vpi_call 2 13 "$display", "%b", v0112EBE8_0;
    %movi 8, 170, 8;
    %set/v v0112EB90_0, 8, 8;
    %delay 5000, 0;
    %vpi_call 2 14 "$display", "%b", v0112EBE8_0;
    %vpi_call 2 15 "$finish";
    %end;
    .thread T_1;
# The file index is used to find the file name in the following table.
:file_names 4;
    "N/A";
    "<interactive>";
    "D:\buffer gate\buffer gate\verilog-judge\backend\problems\absolute_value_unit\tb.v";
    "D:\buffer gate\buffer gate\verilog-judge\backend\submissions\41c5bcbd-7\submission.v";
