#! /c/iverilog/bin/vvp
:ivl_version "0.9.7 " "(v0_9_7)";
:vpi_time_precision - 12;
:vpi_module "system";
:vpi_module "v2005_math";
:vpi_module "va_math";
S_00EBE038 .scope module, "tb" "tb" 2 2;
 .timescale -9 -12;
v00EBB9C8_0 .var "clk", 0 0;
v00EBBA20_0 .var "data_in", 15 0;
v00EBBA78_0 .net "data_out", 15 0, v00D53158_0; 1 drivers
v00D50030_0 .net "hit", 0 0, v00D531B0_0; 1 drivers
v00D50088_0 .var "index", 1 0;
v00D500E0_0 .var "rst", 0 0;
v00D50138_0 .var "tag", 7 0;
v00D50190_0 .var "write_en", 0 0;
S_00EBE610 .scope module, "dut" "cache_line_buffer" 2 12, 3 1, S_00EBE038;
 .timescale 0 0;
v00EBA000_0 .net "clk", 0 0, v00EBB9C8_0; 1 drivers
v00D53100_0 .net "data_in", 15 0, v00EBBA20_0; 1 drivers
v00D53158_0 .var "data_out", 15 0;
v00D531B0_0 .var "hit", 0 0;
v00EB1F60_0 .net "index", 1 0, v00D50088_0; 1 drivers
v00EB1FB8_0 .net "rst", 0 0, v00D500E0_0; 1 drivers
v00EB2010_0 .net "tag", 7 0, v00D50138_0; 1 drivers
v00EBB970_0 .net "write_en", 0 0, v00D50190_0; 1 drivers
E_00EBD908 .event "_s0";
    .scope S_00EBE610;
T_0 ;
    %wait E_00EBD908;
    %jmp T_0;
    .thread T_0;
    .scope S_00EBE038;
T_1 ;
    %set/v v00EBB9C8_0, 0, 1;
T_1.0 ;
    %delay 5000, 0;
    %load/v 8, v00EBB9C8_0, 1;
    %inv 8, 1;
    %set/v v00EBB9C8_0, 8, 1;
    %jmp T_1.0;
    %end;
    .thread T_1;
    .scope S_00EBE038;
T_2 ;
    %vpi_call 2 16 "$dumpfile", "simulation.vcd";
    %vpi_call 2 17 "$dumpvars", 1'sb0, S_00EBE038;
    %set/v v00EBB9C8_0, 0, 1;
    %set/v v00D500E0_0, 1, 1;
    %set/v v00D50088_0, 0, 2;
    %set/v v00D50138_0, 0, 8;
    %set/v v00EBBA20_0, 0, 16;
    %set/v v00D50190_0, 0, 1;
    %delay 5000, 0;
    %vpi_call 2 18 "$display", "%b %b", v00EBBA78_0, v00D50030_0;
    %set/v v00EBB9C8_0, 0, 1;
    %set/v v00D500E0_0, 0, 1;
    %movi 8, 1, 2;
    %set/v v00D50088_0, 8, 2;
    %movi 8, 1, 8;
    %set/v v00D50138_0, 8, 8;
    %movi 8, 1, 16;
    %set/v v00EBBA20_0, 8, 16;
    %set/v v00D50190_0, 1, 1;
    %delay 5000, 0;
    %vpi_call 2 19 "$display", "%b %b", v00EBBA78_0, v00D50030_0;
    %set/v v00EBB9C8_0, 0, 1;
    %set/v v00D500E0_0, 0, 1;
    %set/v v00D50088_0, 1, 2;
    %set/v v00D50138_0, 1, 8;
    %set/v v00EBBA20_0, 1, 16;
    %set/v v00D50190_0, 1, 1;
    %delay 5000, 0;
    %vpi_call 2 20 "$display", "%b %b", v00EBBA78_0, v00D50030_0;
    %set/v v00EBB9C8_0, 0, 1;
    %set/v v00D500E0_0, 0, 1;
    %movi 8, 2, 2;
    %set/v v00D50088_0, 8, 2;
    %movi 8, 170, 8;
    %set/v v00D50138_0, 8, 8;
    %movi 8, 170, 16;
    %set/v v00EBBA20_0, 8, 16;
    %set/v v00D50190_0, 0, 1;
    %delay 5000, 0;
    %vpi_call 2 21 "$display", "%b %b", v00EBBA78_0, v00D50030_0;
    %vpi_call 2 22 "$finish";
    %end;
    .thread T_2;
# The file index is used to find the file name in the following table.
:file_names 4;
    "N/A";
    "<interactive>";
    "D:\buffer gate\buffer gate\verilog-judge\backend\problems\cache_line_buffer\tb.v";
    "D:\buffer gate\buffer gate\verilog-judge\backend\submissions\e548f7b3-0\submission.v";
