#! /c/iverilog/bin/vvp
:ivl_version "0.9.7 " "(v0_9_7)";
:vpi_time_precision - 12;
:vpi_module "system";
:vpi_module "v2005_math";
:vpi_module "va_math";
S_011EB210 .scope module, "tb" "tb" 2 2;
 .timescale -9 -12;
v011E2010_0 .var "a", 7 0;
v011E2068_0 .var "b", 7 0;
v011E9598_0 .net "carry", 0 0, v011E4460_0; 1 drivers
v011E95F0_0 .var "opcode", 2 0;
v011E9648_0 .net "result", 7 0, v011E4510_0; 1 drivers
v011E96A0_0 .net "zero", 0 0, v011E1FB8_0; 1 drivers
S_011EA660 .scope module, "dut" "simple_alu_8" 2 7, 3 1, S_011EB210;
 .timescale 0 0;
v011EEF20_0 .net "a", 7 0, v011E2010_0; 1 drivers
v011EEF78_0 .net "b", 7 0, v011E2068_0; 1 drivers
v011E4460_0 .var "carry", 0 0;
v011E44B8_0 .net "opcode", 2 0, v011E95F0_0; 1 drivers
v011E4510_0 .var "result", 7 0;
v011E1F60_0 .var "tmp", 8 0;
v011E1FB8_0 .var "zero", 0 0;
E_011E9C80/0 .event edge, v011E44B8_0, v011EEF20_0, v011EEF78_0, v011E1F60_0;
E_011E9C80/1 .event edge, v011E4510_0;
E_011E9C80 .event/or E_011E9C80/0, E_011E9C80/1;
    .scope S_011EA660;
T_0 ;
    %wait E_011E9C80;
    %set/v v011E4510_0, 0, 8;
    %set/v v011E4460_0, 0, 1;
    %set/v v011E1F60_0, 0, 9;
    %load/v 8, v011E44B8_0, 3;
    %cmpi/u 8, 0, 3;
    %jmp/1 T_0.0, 6;
    %cmpi/u 8, 1, 3;
    %jmp/1 T_0.1, 6;
    %cmpi/u 8, 2, 3;
    %jmp/1 T_0.2, 6;
    %cmpi/u 8, 3, 3;
    %jmp/1 T_0.3, 6;
    %cmpi/u 8, 4, 3;
    %jmp/1 T_0.4, 6;
    %set/v v011E4510_0, 0, 8;
    %jmp T_0.6;
T_0.0 ;
    %load/v 8, v011EEF20_0, 8;
    %mov 16, 0, 1;
    %load/v 17, v011EEF78_0, 8;
    %mov 25, 0, 1;
    %add 8, 17, 9;
    %set/v v011E1F60_0, 8, 9;
    %load/v 8, v011E1F60_0, 8; Only need 8 of 9 bits
; Save base=8 wid=8 in lookaside.
    %set/v v011E4510_0, 8, 8;
    %ix/load 1, 8, 0;
    %mov 4, 0, 1;
    %jmp/1 T_0.7, 4;
    %load/x1p 8, v011E1F60_0, 1;
    %jmp T_0.8;
T_0.7 ;
    %mov 8, 2, 1;
T_0.8 ;
; Save base=8 wid=1 in lookaside.
    %set/v v011E4460_0, 8, 1;
    %jmp T_0.6;
T_0.1 ;
    %load/v 8, v011EEF20_0, 8;
    %load/v 16, v011EEF78_0, 8;
    %sub 8, 16, 8;
    %set/v v011E4510_0, 8, 8;
    %load/v 8, v011EEF20_0, 8;
    %load/v 16, v011EEF78_0, 8;
    %cmp/u 8, 16, 8;
    %mov 8, 5, 1;
    %set/v v011E4460_0, 8, 1;
    %jmp T_0.6;
T_0.2 ;
    %load/v 8, v011EEF20_0, 8;
    %load/v 16, v011EEF78_0, 8;
    %and 8, 16, 8;
    %set/v v011E4510_0, 8, 8;
    %jmp T_0.6;
T_0.3 ;
    %load/v 8, v011EEF20_0, 8;
    %load/v 16, v011EEF78_0, 8;
    %or 8, 16, 8;
    %set/v v011E4510_0, 8, 8;
    %jmp T_0.6;
T_0.4 ;
    %load/v 8, v011EEF20_0, 8;
    %inv 8, 8;
    %set/v v011E4510_0, 8, 8;
    %jmp T_0.6;
T_0.6 ;
    %load/v 8, v011E4510_0, 8;
    %cmpi/u 8, 0, 8;
    %mov 8, 4, 1;
    %set/v v011E1FB8_0, 8, 1;
    %jmp T_0;
    .thread T_0, $push;
    .scope S_011EB210;
T_1 ;
    %vpi_call 2 9 "$dumpfile", "simulation.vcd";
    %vpi_call 2 9 "$dumpvars", 1'sb0, S_011EB210;
    %movi 8, 5, 8;
    %set/v v011E2010_0, 8, 8;
    %movi 8, 3, 8;
    %set/v v011E2068_0, 8, 8;
    %set/v v011E95F0_0, 0, 3;
    %delay 5000, 0;
    %vpi_call 2 10 "$display", "%h %h %b %h %b %b", v011E2010_0, v011E2068_0, v011E95F0_0, v011E9648_0, v011E9598_0, v011E96A0_0;
    %movi 8, 5, 8;
    %set/v v011E2010_0, 8, 8;
    %movi 8, 3, 8;
    %set/v v011E2068_0, 8, 8;
    %movi 8, 1, 3;
    %set/v v011E95F0_0, 8, 3;
    %delay 5000, 0;
    %vpi_call 2 11 "$display", "%h %h %b %h %b %b", v011E2010_0, v011E2068_0, v011E95F0_0, v011E9648_0, v011E9598_0, v011E96A0_0;
    %movi 8, 240, 8;
    %set/v v011E2010_0, 8, 8;
    %movi 8, 15, 8;
    %set/v v011E2068_0, 8, 8;
    %movi 8, 2, 3;
    %set/v v011E95F0_0, 8, 3;
    %delay 5000, 0;
    %vpi_call 2 12 "$display", "%h %h %b %h %b %b", v011E2010_0, v011E2068_0, v011E95F0_0, v011E9648_0, v011E9598_0, v011E96A0_0;
    %movi 8, 240, 8;
    %set/v v011E2010_0, 8, 8;
    %movi 8, 15, 8;
    %set/v v011E2068_0, 8, 8;
    %movi 8, 3, 3;
    %set/v v011E95F0_0, 8, 3;
    %delay 5000, 0;
    %vpi_call 2 13 "$display", "%h %h %b %h %b %b", v011E2010_0, v011E2068_0, v011E95F0_0, v011E9648_0, v011E9598_0, v011E96A0_0;
    %movi 8, 240, 8;
    %set/v v011E2010_0, 8, 8;
    %set/v v011E2068_0, 0, 8;
    %movi 8, 4, 3;
    %set/v v011E95F0_0, 8, 3;
    %delay 5000, 0;
    %vpi_call 2 14 "$display", "%h %h %b %h %b %b", v011E2010_0, v011E2068_0, v011E95F0_0, v011E9648_0, v011E9598_0, v011E96A0_0;
    %vpi_call 2 15 "$finish";
    %end;
    .thread T_1;
# The file index is used to find the file name in the following table.
:file_names 4;
    "N/A";
    "<interactive>";
    "D:\buffer gate\buffer gate\verilog-judge\backend\problems\simple_alu_8bit\tb.v";
    "D:\buffer gate\buffer gate\verilog-judge\backend\submissions\df648798-d\submission.v";
