#! /c/iverilog/bin/vvp
:ivl_version "0.9.7 " "(v0_9_7)";
:vpi_time_precision - 12;
:vpi_module "system";
:vpi_module "v2005_math";
:vpi_module "va_math";
S_012747B0 .scope module, "tb" "tb" 2 2;
 .timescale -9 -12;
v0127EC60_0 .var "a", 7 0;
v0127ECB8_0 .net "count", 3 0, v012734D8_0; 1 drivers
S_012733F8 .scope module, "dut" "population_count" 2 6, 3 1, S_012747B0;
 .timescale 0 0;
v01273480_0 .net "a", 7 0, v0127EC60_0; 1 drivers
v012734D8_0 .var "count", 3 0;
v0127EC08_0 .var/i "i", 31 0;
E_01278FD0 .event edge, v0127EC08_0, v01273480_0, v012734D8_0;
    .scope S_012733F8;
T_0 ;
    %wait E_01278FD0;
    %set/v v012734D8_0, 0, 4;
    %set/v v0127EC08_0, 0, 32;
T_0.0 ;
    %load/v 8, v0127EC08_0, 32;
   %cmpi/s 8, 8, 32;
    %jmp/0xz T_0.1, 5;
    %ix/getv/s 1, v0127EC08_0;
    %jmp/1 T_0.2, 4;
    %load/x1p 8, v01273480_0, 1;
    %jmp T_0.3;
T_0.2 ;
    %mov 8, 2, 1;
T_0.3 ;
; Save base=8 wid=1 in lookaside.
    %jmp/0xz  T_0.4, 8;
    %ix/load 0, 1, 0;
    %load/vp0 8, v012734D8_0, 4;
    %set/v v012734D8_0, 8, 4;
T_0.4 ;
    %ix/load 0, 1, 0;
    %load/vp0/s 8, v0127EC08_0, 32;
    %set/v v0127EC08_0, 8, 32;
    %jmp T_0.0;
T_0.1 ;
    %jmp T_0;
    .thread T_0, $push;
    .scope S_012747B0;
T_1 ;
    %vpi_call 2 9 "$dumpfile", "simulation.vcd";
    %vpi_call 2 10 "$dumpvars", 1'sb0, S_012747B0;
    %set/v v0127EC60_0, 0, 8;
    %delay 1000, 0;
    %vpi_call 2 11 "$display", "%b", v0127ECB8_0;
    %movi 8, 1, 8;
    %set/v v0127EC60_0, 8, 8;
    %delay 1000, 0;
    %vpi_call 2 12 "$display", "%b", v0127ECB8_0;
    %set/v v0127EC60_0, 1, 8;
    %delay 1000, 0;
    %vpi_call 2 13 "$display", "%b", v0127ECB8_0;
    %movi 8, 170, 8;
    %set/v v0127EC60_0, 8, 8;
    %delay 1000, 0;
    %vpi_call 2 14 "$display", "%b", v0127ECB8_0;
    %movi 8, 2, 8;
    %set/v v0127EC60_0, 8, 8;
    %delay 1000, 0;
    %vpi_call 2 15 "$display", "%b", v0127ECB8_0;
    %movi 8, 3, 8;
    %set/v v0127EC60_0, 8, 8;
    %delay 1000, 0;
    %vpi_call 2 16 "$display", "%b", v0127ECB8_0;
    %movi 8, 127, 8;
    %set/v v0127EC60_0, 8, 8;
    %delay 1000, 0;
    %vpi_call 2 17 "$display", "%b", v0127ECB8_0;
    %movi 8, 170, 8;
    %set/v v0127EC60_0, 8, 8;
    %delay 1000, 0;
    %vpi_call 2 18 "$display", "%b", v0127ECB8_0;
    %vpi_call 2 19 "$finish";
    %end;
    .thread T_1;
# The file index is used to find the file name in the following table.
:file_names 4;
    "N/A";
    "<interactive>";
    "D:\buffer gate\buffer gate\verilog-judge\backend\problems\population_count\tb.v";
    "D:\buffer gate\buffer gate\verilog-judge\backend\submissions\81222b18-d\submission.v";
