#! /c/iverilog/bin/vvp
:ivl_version "0.9.7 " "(v0_9_7)";
:vpi_time_precision - 12;
:vpi_module "system";
:vpi_module "v2005_math";
:vpi_module "va_math";
S_012C54A8 .scope module, "tb" "tb" 2 2;
 .timescale -9 -12;
v012C2028_0 .var "a", 7 0;
v012C5748_0 .var "b", 7 0;
v012C57A0_0 .var "sel", 0 0;
v012C57F8_0 .net "y", 7 0, L_012C5850; 1 drivers
S_01162940 .scope module, "dut" "mux2_8bit" 2 7, 3 1, S_012C54A8;
 .timescale 0 0;
v011629C8_0 .net "a", 7 0, v012C2028_0; 1 drivers
v01162A20_0 .net "b", 7 0, v012C5748_0; 1 drivers
v012C1F78_0 .net "sel", 0 0, v012C57A0_0; 1 drivers
v012C1FD0_0 .alias "y", 7 0, v012C57F8_0;
L_012C5850 .functor MUXZ 8, v012C2028_0, v012C5748_0, v012C57A0_0, C4<>;
    .scope S_012C54A8;
T_0 ;
    %vpi_call 2 10 "$dumpfile", "simulation.vcd";
    %vpi_call 2 11 "$dumpvars", 1'sb0, S_012C54A8;
    %set/v v012C2028_0, 0, 8;
    %set/v v012C5748_0, 1, 8;
    %set/v v012C57A0_0, 0, 1;
    %delay 5000, 0;
    %vpi_call 2 12 "$display", "%b %b %b %b", v012C2028_0, v012C5748_0, v012C57A0_0, v012C57F8_0;
    %set/v v012C2028_0, 0, 8;
    %set/v v012C5748_0, 1, 8;
    %set/v v012C57A0_0, 1, 1;
    %delay 5000, 0;
    %vpi_call 2 13 "$display", "%b %b %b %b", v012C2028_0, v012C5748_0, v012C57A0_0, v012C57F8_0;
    %movi 8, 1, 8;
    %set/v v012C2028_0, 8, 8;
    %movi 8, 2, 8;
    %set/v v012C5748_0, 8, 8;
    %set/v v012C57A0_0, 0, 1;
    %delay 5000, 0;
    %vpi_call 2 14 "$display", "%b %b %b %b", v012C2028_0, v012C5748_0, v012C57A0_0, v012C57F8_0;
    %movi 8, 1, 8;
    %set/v v012C2028_0, 8, 8;
    %movi 8, 2, 8;
    %set/v v012C5748_0, 8, 8;
    %set/v v012C57A0_0, 1, 1;
    %delay 5000, 0;
    %vpi_call 2 15 "$display", "%b %b %b %b", v012C2028_0, v012C5748_0, v012C57A0_0, v012C57F8_0;
    %vpi_call 2 16 "$finish";
    %end;
    .thread T_0;
# The file index is used to find the file name in the following table.
:file_names 4;
    "N/A";
    "<interactive>";
    "D:\buffer gate\buffer gate\verilog-judge\backend\problems\mux2_8bit\tb.v";
    "D:\buffer gate\buffer gate\verilog-judge\backend\submissions\57c904b4-6\submission.v";
