#! /c/iverilog/bin/vvp
:ivl_version "0.9.7 " "(v0_9_7)";
:vpi_time_precision - 12;
:vpi_module "system";
:vpi_module "v2005_math";
:vpi_module "va_math";
S_011553C0 .scope module, "tb" "tb" 2 2;
 .timescale -9 -12;
v01192410_0 .var "a", 15 0;
v01192468_0 .net "y", 15 0, L_0115EF98; 1 drivers
S_01151F60 .scope module, "dut" "bit_toggle_16bit_5" 2 6, 3 1, S_011553C0;
 .timescale 0 0;
L_0115EF98 .functor XOR 16, v01192410_0, C4<0000000000100000>, C4<0000000000000000>, C4<0000000000000000>;
v01151FE8_0 .net *"_s0", 15 0, C4<0000000000100000>; 1 drivers
v01152040_0 .net "a", 15 0, v01192410_0; 1 drivers
v0115EF40_0 .alias "y", 15 0, v01192468_0;
    .scope S_011553C0;
T_0 ;
    %vpi_call 2 9 "$dumpfile", "simulation.vcd";
    %vpi_call 2 10 "$dumpvars", 1'sb0, S_011553C0;
    %set/v v01192410_0, 0, 16;
    %delay 5000, 0;
    %vpi_call 2 11 "$display", "%b %b", v01192410_0, v01192468_0;
    %movi 8, 32, 16;
    %set/v v01192410_0, 8, 16;
    %delay 5000, 0;
    %vpi_call 2 12 "$display", "%b %b", v01192410_0, v01192468_0;
    %set/v v01192410_0, 1, 16;
    %delay 5000, 0;
    %vpi_call 2 13 "$display", "%b %b", v01192410_0, v01192468_0;
    %movi 8, 43690, 16;
    %set/v v01192410_0, 8, 16;
    %delay 5000, 0;
    %vpi_call 2 14 "$display", "%b %b", v01192410_0, v01192468_0;
    %vpi_call 2 15 "$finish";
    %end;
    .thread T_0;
# The file index is used to find the file name in the following table.
:file_names 4;
    "N/A";
    "<interactive>";
    "D:\buffer gate\buffer gate\verilog-judge\backend\problems\bit_toggle_16bit_5\tb.v";
    "D:\buffer gate\buffer gate\verilog-judge\backend\submissions\de54b04e-8\submission.v";
