#! /c/iverilog/bin/vvp
:ivl_version "0.9.7 " "(v0_9_7)";
:vpi_time_precision - 12;
:vpi_module "system";
:vpi_module "v2005_math";
:vpi_module "va_math";
S_01222910 .scope module, "tb" "tb" 2 2;
 .timescale -9 -12;
v011EE378_0 .var "clk", 0 0;
v011EE3D0_0 .var "d", 7 0;
v011EE428_0 .var "en", 0 0;
v011EE480_0 .net "q", 7 0, v011EE2C8_0; 1 drivers
v011EE4D8_0 .var "rst", 0 0;
S_011E1F60 .scope module, "dut" "buggy_register_debug" 2 9, 3 1, S_01222910;
 .timescale 0 0;
v011E1FE8_0 .net "clk", 0 0, v011EE378_0; 1 drivers
v011E2040_0 .net "d", 7 0, v011EE3D0_0; 1 drivers
v011EE270_0 .net "en", 0 0, v011EE428_0; 1 drivers
v011EE2C8_0 .var "q", 7 0;
v011EE320_0 .net "rst", 0 0, v011EE4D8_0; 1 drivers
E_011E9990 .event "_s0";
    .scope S_011E1F60;
T_0 ;
    %wait E_011E9990;
    %jmp T_0;
    .thread T_0;
    .scope S_01222910;
T_1 ;
    %set/v v011EE378_0, 0, 1;
T_1.0 ;
    %delay 5000, 0;
    %load/v 8, v011EE378_0, 1;
    %inv 8, 1;
    %set/v v011EE378_0, 8, 1;
    %jmp T_1.0;
    %end;
    .thread T_1;
    .scope S_01222910;
T_2 ;
    %vpi_call 2 13 "$dumpfile", "simulation.vcd";
    %vpi_call 2 14 "$dumpvars", 1'sb0, S_01222910;
    %set/v v011EE378_0, 0, 1;
    %set/v v011EE4D8_0, 1, 1;
    %set/v v011EE428_0, 0, 1;
    %set/v v011EE3D0_0, 0, 8;
    %delay 5000, 0;
    %vpi_call 2 15 "$display", "%b", v011EE480_0;
    %set/v v011EE378_0, 0, 1;
    %set/v v011EE4D8_0, 0, 1;
    %set/v v011EE428_0, 1, 1;
    %movi 8, 1, 8;
    %set/v v011EE3D0_0, 8, 8;
    %delay 5000, 0;
    %vpi_call 2 16 "$display", "%b", v011EE480_0;
    %set/v v011EE378_0, 0, 1;
    %set/v v011EE4D8_0, 0, 1;
    %set/v v011EE428_0, 0, 1;
    %set/v v011EE3D0_0, 1, 8;
    %delay 5000, 0;
    %vpi_call 2 17 "$display", "%b", v011EE480_0;
    %set/v v011EE378_0, 0, 1;
    %set/v v011EE4D8_0, 0, 1;
    %set/v v011EE428_0, 1, 1;
    %movi 8, 170, 8;
    %set/v v011EE3D0_0, 8, 8;
    %delay 5000, 0;
    %vpi_call 2 18 "$display", "%b", v011EE480_0;
    %vpi_call 2 19 "$finish";
    %end;
    .thread T_2;
# The file index is used to find the file name in the following table.
:file_names 4;
    "N/A";
    "<interactive>";
    "D:\buffer gate\buffer gate\verilog-judge\backend\problems\buggy_register_debug\tb.v";
    "D:\buffer gate\buffer gate\verilog-judge\backend\submissions\86d0edd5-2\submission.v";
