#! /c/iverilog/bin/vvp
:ivl_version "0.9.7 " "(v0_9_7)";
:vpi_time_precision - 12;
:vpi_module "system";
:vpi_module "v2005_math";
:vpi_module "va_math";
S_01161F60 .scope module, "tb" "tb" 2 2;
 .timescale -9 -12;
v011A26C0_0 .var/s "a", 7 0;
v011A2718_0 .var/s "b", 7 0;
v011A2770_0 .net/s "product", 15 0, C4<0000000000000000>; 1 drivers
S_01161FE8 .scope module, "dut" "fixed_point_multiplier" 2 7, 3 1, S_01161F60;
 .timescale 0 0;
v011A2668_0 .net/s "a", 7 0, v011A26C0_0; 1 drivers
v01165A58_0 .net/s "b", 7 0, v011A2718_0; 1 drivers
v0116EF40_0 .alias/s "product", 15 0, v011A2770_0;
    .scope S_01161F60;
T_0 ;
    %vpi_call 2 10 "$dumpfile", "simulation.vcd";
    %vpi_call 2 11 "$dumpvars", 1'sb0, S_01161F60;
    %set/v v011A26C0_0, 0, 8;
    %set/v v011A2718_0, 0, 8;
    %delay 5000, 0;
    %vpi_call 2 12 "$display", "%b", v011A2770_0;
    %movi 8, 1, 8;
    %set/v v011A26C0_0, 8, 8;
    %movi 8, 1, 8;
    %set/v v011A2718_0, 8, 8;
    %delay 5000, 0;
    %vpi_call 2 13 "$display", "%b", v011A2770_0;
    %set/v v011A26C0_0, 1, 8;
    %set/v v011A2718_0, 1, 8;
    %delay 5000, 0;
    %vpi_call 2 14 "$display", "%b", v011A2770_0;
    %movi 8, 170, 8;
    %set/v v011A26C0_0, 8, 8;
    %movi 8, 170, 8;
    %set/v v011A2718_0, 8, 8;
    %delay 5000, 0;
    %vpi_call 2 15 "$display", "%b", v011A2770_0;
    %vpi_call 2 16 "$finish";
    %end;
    .thread T_0;
# The file index is used to find the file name in the following table.
:file_names 4;
    "N/A";
    "<interactive>";
    "D:\buffer gate\buffer gate\verilog-judge\backend\problems\fixed_point_multiplier\tb.v";
    "D:\buffer gate\buffer gate\verilog-judge\backend\submissions\9de28189-9\submission.v";
