#! /c/iverilog/bin/vvp
:ivl_version "0.9.7 " "(v0_9_7)";
:vpi_time_precision - 12;
:vpi_module "system";
:vpi_module "v2005_math";
:vpi_module "va_math";
S_011D5528 .scope module, "tb" "tb" 2 2;
 .timescale -9 -12;
v012123B0_0 .var "a", 2 0;
v01212408_0 .net "y", 2 0, L_01212460; 1 drivers
S_011D1F60 .scope module, "dut" "decrementer_3bit" 2 6, 3 1, S_011D5528;
 .timescale 0 0;
v011D1FE8_0 .net *"_s0", 2 0, C4<001>; 1 drivers
v011D2040_0 .net "a", 2 0, v012123B0_0; 1 drivers
v011DEF48_0 .alias "y", 2 0, v01212408_0;
L_01212460 .arith/sub 3, v012123B0_0, C4<001>;
    .scope S_011D5528;
T_0 ;
    %vpi_call 2 9 "$dumpfile", "simulation.vcd";
    %vpi_call 2 10 "$dumpvars", 1'sb0, S_011D5528;
    %set/v v012123B0_0, 0, 3;
    %delay 5000, 0;
    %vpi_call 2 11 "$display", "%b %b", v012123B0_0, v01212408_0;
    %movi 8, 1, 3;
    %set/v v012123B0_0, 8, 3;
    %delay 5000, 0;
    %vpi_call 2 12 "$display", "%b %b", v012123B0_0, v01212408_0;
    %movi 8, 2, 3;
    %set/v v012123B0_0, 8, 3;
    %delay 5000, 0;
    %vpi_call 2 13 "$display", "%b %b", v012123B0_0, v01212408_0;
    %set/v v012123B0_0, 1, 3;
    %delay 5000, 0;
    %vpi_call 2 14 "$display", "%b %b", v012123B0_0, v01212408_0;
    %movi 8, 5, 3;
    %set/v v012123B0_0, 8, 3;
    %delay 5000, 0;
    %vpi_call 2 15 "$display", "%b %b", v012123B0_0, v01212408_0;
    %vpi_call 2 16 "$finish";
    %end;
    .thread T_0;
# The file index is used to find the file name in the following table.
:file_names 4;
    "N/A";
    "<interactive>";
    "D:\buffer gate\buffer gate\verilog-judge\backend\problems\decrementer_3bit\tb.v";
    "D:\buffer gate\buffer gate\verilog-judge\backend\submissions\b0534b7f-8\submission.v";
