#! /c/iverilog/bin/vvp
:ivl_version "0.9.7 " "(v0_9_7)";
:vpi_time_precision - 12;
:vpi_module "system";
:vpi_module "v2005_math";
:vpi_module "va_math";
S_0134AF98 .scope module, "tb" "tb" 2 2;
 .timescale -9 -12;
v0134E2B0_0 .var "a", 7 0;
v0134E308_0 .net "y", 15 0, L_0134E6A0; 1 drivers
S_0134A938 .scope module, "dut" "sign_extender" 2 6, 3 1, S_0134AF98;
 .timescale 0 0;
v01347B30_0 .net *"_s1", 0 0, L_0134E360; 1 drivers
v01344250_0 .net *"_s11", 0 0, L_0134E540; 1 drivers
v013442A8_0 .net *"_s13", 0 0, L_0134EB18; 1 drivers
v01344300_0 .net *"_s14", 14 0, L_0134E960; 1 drivers
v013433F8_0 .net *"_s19", 0 0, C4<0>; 1 drivers
v01343450_0 .net *"_s3", 0 0, L_0134E908; 1 drivers
v013434A8_0 .net *"_s5", 0 0, L_0134EA68; 1 drivers
v0134E150_0 .net *"_s7", 0 0, L_0134E7A8; 1 drivers
v0134E1A8_0 .net *"_s9", 0 0, L_0134E490; 1 drivers
v0134E200_0 .net "a", 7 0, v0134E2B0_0; 1 drivers
v0134E258_0 .alias "y", 15 0, v0134E308_0;
L_0134E360 .part v0134E2B0_0, 7, 1;
L_0134E908 .part v0134E2B0_0, 7, 1;
L_0134EA68 .part v0134E2B0_0, 7, 1;
L_0134E7A8 .part v0134E2B0_0, 7, 1;
L_0134E490 .part v0134E2B0_0, 7, 1;
L_0134E540 .part v0134E2B0_0, 7, 1;
L_0134EB18 .part v0134E2B0_0, 7, 1;
LS_0134E960_0_0 .concat [ 8 1 1 1], v0134E2B0_0, L_0134EB18, L_0134E540, L_0134E490;
LS_0134E960_0_4 .concat [ 1 1 1 1], L_0134E7A8, L_0134EA68, L_0134E908, L_0134E360;
L_0134E960 .concat [ 11 4 0 0], LS_0134E960_0_0, LS_0134E960_0_4;
L_0134E6A0 .concat [ 15 1 0 0], L_0134E960, C4<0>;
    .scope S_0134AF98;
T_0 ;
    %vpi_call 2 9 "$dumpfile", "simulation.vcd";
    %vpi_call 2 10 "$dumpvars", 1'sb0, S_0134AF98;
    %set/v v0134E2B0_0, 0, 8;
    %delay 1000, 0;
    %vpi_call 2 11 "$display", "%b", v0134E308_0;
    %movi 8, 1, 8;
    %set/v v0134E2B0_0, 8, 8;
    %delay 1000, 0;
    %vpi_call 2 12 "$display", "%b", v0134E308_0;
    %set/v v0134E2B0_0, 1, 8;
    %delay 1000, 0;
    %vpi_call 2 13 "$display", "%b", v0134E308_0;
    %movi 8, 170, 8;
    %set/v v0134E2B0_0, 8, 8;
    %delay 1000, 0;
    %vpi_call 2 14 "$display", "%b", v0134E308_0;
    %movi 8, 2, 8;
    %set/v v0134E2B0_0, 8, 8;
    %delay 1000, 0;
    %vpi_call 2 15 "$display", "%b", v0134E308_0;
    %movi 8, 3, 8;
    %set/v v0134E2B0_0, 8, 8;
    %delay 1000, 0;
    %vpi_call 2 16 "$display", "%b", v0134E308_0;
    %movi 8, 127, 8;
    %set/v v0134E2B0_0, 8, 8;
    %delay 1000, 0;
    %vpi_call 2 17 "$display", "%b", v0134E308_0;
    %movi 8, 170, 8;
    %set/v v0134E2B0_0, 8, 8;
    %delay 1000, 0;
    %vpi_call 2 18 "$display", "%b", v0134E308_0;
    %vpi_call 2 19 "$finish";
    %end;
    .thread T_0;
# The file index is used to find the file name in the following table.
:file_names 4;
    "N/A";
    "<interactive>";
    "D:\buffer gate\buffer gate\verilog-judge\backend\problems\sign_extender_8to16\tb.v";
    "D:\buffer gate\buffer gate\verilog-judge\backend\submissions\d1ef2c41-8\submission.v";
