#! /c/iverilog/bin/vvp
:ivl_version "0.9.7 " "(v0_9_7)";
:vpi_time_precision - 12;
:vpi_module "system";
:vpi_module "v2005_math";
:vpi_module "va_math";
S_011428C0 .scope module, "tb" "tb" 2 2;
 .timescale -9 -12;
v00952018_0 .var "a", 7 0;
v00952070_0 .var "b", 7 0;
v01160BF8_0 .net "y", 7 0, L_01160C50; 1 drivers
S_01142948 .scope module, "dut" "bitwise_nand" 2 7, 3 1, S_011428C0;
 .timescale 0 0;
L_011429D0 .functor AND 8, v00952018_0, v00952070_0, C4<11111111>, C4<11111111>;
L_01160C50 .functor NOT 8, L_011429D0, C4<00000000>, C4<00000000>, C4<00000000>;
v00951F68_0 .net *"_s0", 7 0, L_011429D0; 1 drivers
v0095EF40_0 .net "a", 7 0, v00952018_0; 1 drivers
v00955A40_0 .net "b", 7 0, v00952070_0; 1 drivers
v00951FC0_0 .alias "y", 7 0, v01160BF8_0;
    .scope S_011428C0;
T_0 ;
    %vpi_call 2 10 "$dumpfile", "simulation.vcd";
    %vpi_call 2 11 "$dumpvars", 1'sb0, S_011428C0;
    %set/v v00952018_0, 0, 8;
    %set/v v00952070_0, 0, 8;
    %delay 5000, 0;
    %vpi_call 2 12 "$display", "%b", v01160BF8_0;
    %movi 8, 1, 8;
    %set/v v00952018_0, 8, 8;
    %movi 8, 1, 8;
    %set/v v00952070_0, 8, 8;
    %delay 5000, 0;
    %vpi_call 2 13 "$display", "%b", v01160BF8_0;
    %set/v v00952018_0, 1, 8;
    %set/v v00952070_0, 1, 8;
    %delay 5000, 0;
    %vpi_call 2 14 "$display", "%b", v01160BF8_0;
    %movi 8, 170, 8;
    %set/v v00952018_0, 8, 8;
    %movi 8, 170, 8;
    %set/v v00952070_0, 8, 8;
    %delay 5000, 0;
    %vpi_call 2 15 "$display", "%b", v01160BF8_0;
    %vpi_call 2 16 "$finish";
    %end;
    .thread T_0;
# The file index is used to find the file name in the following table.
:file_names 4;
    "N/A";
    "<interactive>";
    "D:\buffer gate\buffer gate\verilog-judge\backend\problems\bitwise_nand\tb.v";
    "D:\buffer gate\buffer gate\verilog-judge\backend\submissions\ca3ddb3f-c\submission.v";
