#! /c/iverilog/bin/vvp
:ivl_version "0.9.7 " "(v0_9_7)";
:vpi_time_precision - 12;
:vpi_module "system";
:vpi_module "v2005_math";
:vpi_module "va_math";
S_011D5118 .scope module, "tb" "tb" 2 2;
 .timescale -9 -12;
v011D2040_0 .var "a", 2 0;
v01212300_0 .net "y", 0 0, L_011DEF40; 1 drivers
S_011D1F60 .scope module, "dut" "even_parity_3bit" 2 6, 3 1, S_011D5118;
 .timescale 0 0;
v011D1FE8_0 .net "a", 2 0, v011D2040_0; 1 drivers
v011D5A78_0 .alias "y", 0 0, v01212300_0;
L_011DEF40 .reduce/xnor v011D2040_0;
    .scope S_011D5118;
T_0 ;
    %vpi_call 2 9 "$dumpfile", "simulation.vcd";
    %vpi_call 2 10 "$dumpvars", 1'sb0, S_011D5118;
    %set/v v011D2040_0, 0, 3;
    %delay 5000, 0;
    %vpi_call 2 11 "$display", "%b %b", v011D2040_0, v01212300_0;
    %movi 8, 1, 3;
    %set/v v011D2040_0, 8, 3;
    %delay 5000, 0;
    %vpi_call 2 12 "$display", "%b %b", v011D2040_0, v01212300_0;
    %movi 8, 3, 3;
    %set/v v011D2040_0, 8, 3;
    %delay 5000, 0;
    %vpi_call 2 13 "$display", "%b %b", v011D2040_0, v01212300_0;
    %set/v v011D2040_0, 1, 3;
    %delay 5000, 0;
    %vpi_call 2 14 "$display", "%b %b", v011D2040_0, v01212300_0;
    %movi 8, 5, 3;
    %set/v v011D2040_0, 8, 3;
    %delay 5000, 0;
    %vpi_call 2 15 "$display", "%b %b", v011D2040_0, v01212300_0;
    %vpi_call 2 16 "$finish";
    %end;
    .thread T_0;
# The file index is used to find the file name in the following table.
:file_names 4;
    "N/A";
    "<interactive>";
    "D:\buffer gate\buffer gate\verilog-judge\backend\problems\even_parity_3bit\tb.v";
    "D:\buffer gate\buffer gate\verilog-judge\backend\submissions\b3347988-a\submission.v";
