#! /c/iverilog/bin/vvp
:ivl_version "0.9.7 " "(v0_9_7)";
:vpi_time_precision - 12;
:vpi_module "system";
:vpi_module "v2005_math";
:vpi_module "va_math";
S_011BEA00 .scope module, "tb" "tb" 2 2;
 .timescale -9 -12;
v011B2010_0 .var "clk", 0 0;
v011EF828_0 .var "read_addr_a", 2 0;
v011EF880_0 .var "read_addr_b", 2 0;
v011EF8D8_0 .net "read_data_a", 7 0, C4<00000000>; 1 drivers
v011EF930_0 .net "read_data_b", 7 0, C4<00000000>; 1 drivers
v011EFE28_0 .var "rst", 0 0;
v011F0038_0 .var "write_addr", 2 0;
v011EFB10_0 .var "write_data", 7 0;
v011EFD20_0 .var "write_en", 0 0;
S_011BE868 .scope module, "dut" "shared_register_file" 2 13, 3 1, S_011BEA00;
 .timescale 0 0;
v011B9BB0_0 .net "clk", 0 0, v011B2010_0; 1 drivers
v011BB9C8_0 .net "read_addr_a", 2 0, v011EF828_0; 1 drivers
v011BBA20_0 .net "read_addr_b", 2 0, v011EF880_0; 1 drivers
v011BBA78_0 .alias "read_data_a", 7 0, v011EF8D8_0;
v011F3480_0 .alias "read_data_b", 7 0, v011EF930_0;
v011F34D8_0 .net "rst", 0 0, v011EFE28_0; 1 drivers
v011F3530_0 .net "write_addr", 2 0, v011F0038_0; 1 drivers
v011B1F60_0 .net "write_data", 7 0, v011EFB10_0; 1 drivers
v011B1FB8_0 .net "write_en", 0 0, v011EFD20_0; 1 drivers
    .scope S_011BEA00;
T_0 ;
    %set/v v011B2010_0, 0, 1;
T_0.0 ;
    %delay 5000, 0;
    %load/v 8, v011B2010_0, 1;
    %inv 8, 1;
    %set/v v011B2010_0, 8, 1;
    %jmp T_0.0;
    %end;
    .thread T_0;
    .scope S_011BEA00;
T_1 ;
    %vpi_call 2 17 "$dumpfile", "simulation.vcd";
    %vpi_call 2 18 "$dumpvars", 1'sb0, S_011BEA00;
    %set/v v011B2010_0, 0, 1;
    %set/v v011EFE28_0, 1, 1;
    %set/v v011EFD20_0, 0, 1;
    %set/v v011F0038_0, 0, 3;
    %set/v v011EFB10_0, 0, 8;
    %set/v v011EF828_0, 0, 3;
    %set/v v011EF880_0, 0, 3;
    %delay 5000, 0;
    %vpi_call 2 19 "$display", "%b %b", v011EF8D8_0, v011EF930_0;
    %set/v v011B2010_0, 0, 1;
    %set/v v011EFE28_0, 0, 1;
    %set/v v011EFD20_0, 1, 1;
    %movi 8, 1, 3;
    %set/v v011F0038_0, 8, 3;
    %movi 8, 1, 8;
    %set/v v011EFB10_0, 8, 8;
    %movi 8, 1, 3;
    %set/v v011EF828_0, 8, 3;
    %movi 8, 1, 3;
    %set/v v011EF880_0, 8, 3;
    %delay 5000, 0;
    %vpi_call 2 20 "$display", "%b %b", v011EF8D8_0, v011EF930_0;
    %set/v v011B2010_0, 0, 1;
    %set/v v011EFE28_0, 0, 1;
    %set/v v011EFD20_0, 1, 1;
    %set/v v011F0038_0, 1, 3;
    %set/v v011EFB10_0, 1, 8;
    %set/v v011EF828_0, 1, 3;
    %set/v v011EF880_0, 1, 3;
    %delay 5000, 0;
    %vpi_call 2 21 "$display", "%b %b", v011EF8D8_0, v011EF930_0;
    %set/v v011B2010_0, 0, 1;
    %set/v v011EFE28_0, 0, 1;
    %set/v v011EFD20_0, 0, 1;
    %movi 8, 2, 3;
    %set/v v011F0038_0, 8, 3;
    %movi 8, 170, 8;
    %set/v v011EFB10_0, 8, 8;
    %movi 8, 2, 3;
    %set/v v011EF828_0, 8, 3;
    %movi 8, 2, 3;
    %set/v v011EF880_0, 8, 3;
    %delay 5000, 0;
    %vpi_call 2 22 "$display", "%b %b", v011EF8D8_0, v011EF930_0;
    %vpi_call 2 23 "$finish";
    %end;
    .thread T_1;
# The file index is used to find the file name in the following table.
:file_names 4;
    "N/A";
    "<interactive>";
    "D:\buffer gate\buffer gate\verilog-judge\backend\problems\shared_register_file\tb.v";
    "D:\buffer gate\buffer gate\verilog-judge\backend\submissions\c2b420e5-f\submission.v";
