#! /c/iverilog/bin/vvp
:ivl_version "0.9.7 " "(v0_9_7)";
:vpi_time_precision - 12;
:vpi_module "system";
:vpi_module "v2005_math";
:vpi_module "va_math";
S_011E1F60 .scope module, "tb" "tb" 2 2;
 .timescale -9 -12;
v011E5A88_0 .var "a", 7 0;
v01222360_0 .net "parity", 0 0, L_012223B8; 1 drivers
S_011E1FE8 .scope module, "dut" "even_parity_generator" 2 6, 3 1, S_011E1F60;
 .timescale 0 0;
v01222308_0 .net "a", 7 0, v011E5A88_0; 1 drivers
v011E5A30_0 .alias "parity", 0 0, v01222360_0;
L_012223B8 .reduce/xnor v011E5A88_0;
    .scope S_011E1F60;
T_0 ;
    %vpi_call 2 9 "$dumpfile", "simulation.vcd";
    %vpi_call 2 10 "$dumpvars", 1'sb0, S_011E1F60;
    %set/v v011E5A88_0, 0, 8;
    %delay 5000, 0;
    %vpi_call 2 11 "$display", "%b", v01222360_0;
    %movi 8, 1, 8;
    %set/v v011E5A88_0, 8, 8;
    %delay 5000, 0;
    %vpi_call 2 12 "$display", "%b", v01222360_0;
    %set/v v011E5A88_0, 1, 8;
    %delay 5000, 0;
    %vpi_call 2 13 "$display", "%b", v01222360_0;
    %movi 8, 170, 8;
    %set/v v011E5A88_0, 8, 8;
    %delay 5000, 0;
    %vpi_call 2 14 "$display", "%b", v01222360_0;
    %vpi_call 2 15 "$finish";
    %end;
    .thread T_0;
# The file index is used to find the file name in the following table.
:file_names 4;
    "N/A";
    "<interactive>";
    "D:\buffer gate\buffer gate\verilog-judge\backend\problems\even_parity_generator\tb.v";
    "D:\buffer gate\buffer gate\verilog-judge\backend\submissions\df7355ac-1\submission.v";
