#! /c/iverilog/bin/vvp
:ivl_version "0.9.7 " "(v0_9_7)";
:vpi_time_precision - 12;
:vpi_module "system";
:vpi_module "v2005_math";
:vpi_module "va_math";
S_011A2938 .scope module, "tb" "tb" 2 2;
 .timescale -9 -12;
v013058B8_0 .var "a", 7 0;
v01305910_0 .var "b", 7 0;
v01305968_0 .var "sel", 0 0;
v013059C0_0 .net "y", 7 0, L_01305A18; 1 drivers
S_011A29C0 .scope module, "dut" "mux_2to1" 2 8, 3 1, S_011A2938;
 .timescale 0 0;
v01301F78_0 .net "a", 7 0, v013058B8_0; 1 drivers
v01301FD0_0 .net "b", 7 0, v01305910_0; 1 drivers
v01302028_0 .net "sel", 0 0, v01305968_0; 1 drivers
v01305860_0 .alias "y", 7 0, v013059C0_0;
L_01305A18 .functor MUXZ 8, v013058B8_0, v01305910_0, v01305968_0, C4<>;
    .scope S_011A2938;
T_0 ;
    %vpi_call 2 11 "$dumpfile", "simulation.vcd";
    %vpi_call 2 12 "$dumpvars", 1'sb0, S_011A2938;
    %set/v v013058B8_0, 0, 8;
    %set/v v01305910_0, 0, 8;
    %set/v v01305968_0, 0, 1;
    %delay 5000, 0;
    %vpi_call 2 13 "$display", "%b", v013059C0_0;
    %movi 8, 1, 8;
    %set/v v013058B8_0, 8, 8;
    %movi 8, 1, 8;
    %set/v v01305910_0, 8, 8;
    %set/v v01305968_0, 1, 1;
    %delay 5000, 0;
    %vpi_call 2 14 "$display", "%b", v013059C0_0;
    %set/v v013058B8_0, 1, 8;
    %set/v v01305910_0, 1, 8;
    %set/v v01305968_0, 0, 1;
    %delay 5000, 0;
    %vpi_call 2 15 "$display", "%b", v013059C0_0;
    %movi 8, 170, 8;
    %set/v v013058B8_0, 8, 8;
    %movi 8, 170, 8;
    %set/v v01305910_0, 8, 8;
    %set/v v01305968_0, 1, 1;
    %delay 5000, 0;
    %vpi_call 2 16 "$display", "%b", v013059C0_0;
    %vpi_call 2 17 "$finish";
    %end;
    .thread T_0;
# The file index is used to find the file name in the following table.
:file_names 4;
    "N/A";
    "<interactive>";
    "D:\buffer gate\buffer gate\verilog-judge\backend\problems\mux_2to1\tb.v";
    "D:\buffer gate\buffer gate\verilog-judge\backend\submissions\9f539575-7\submission.v";
