#! /c/iverilog/bin/vvp
:ivl_version "0.9.7 " "(v0_9_7)";
:vpi_time_precision - 12;
:vpi_module "system";
:vpi_module "v2005_math";
:vpi_module "va_math";
S_012CE4B8 .scope module, "tb" "tb" 2 2;
 .timescale -9 -12;
v012CEF30_0 .var "addr", 3 0;
v012CEF88_0 .var "clk", 0 0;
v01141C30_0 .var "data_in", 7 0;
v01141C88_0 .net "data_out", 7 0, v012C1F60_0; 1 drivers
v01141CE0_0 .var "rd_addr", 3 0;
v01141D38_0 .var "rd_en", 0 0;
v01141D90_0 .var "rst", 0 0;
v01141DE8_0 .var "wr_en", 0 0;
S_012CDC38 .scope module, "dut" "read_after_write_buffer" 2 12, 3 1, S_012CE4B8;
 .timescale 0 0;
v01143068_0 .net "addr", 3 0, v012CEF30_0; 1 drivers
v011430C0_0 .net "clk", 0 0, v012CEF88_0; 1 drivers
v01143118_0 .net "data_in", 7 0, v01141C30_0; 1 drivers
v012C1F60_0 .var "data_out", 7 0;
v012C1FB8_0 .net "rd_addr", 3 0, v01141CE0_0; 1 drivers
v012C2010_0 .net "rd_en", 0 0, v01141D38_0; 1 drivers
v012CEE80_0 .net "rst", 0 0, v01141D90_0; 1 drivers
v012CEED8_0 .net "wr_en", 0 0, v01141DE8_0; 1 drivers
E_012C9A68 .event "_s0";
    .scope S_012CDC38;
T_0 ;
    %wait E_012C9A68;
    %jmp T_0;
    .thread T_0;
    .scope S_012CE4B8;
T_1 ;
    %set/v v012CEF88_0, 0, 1;
T_1.0 ;
    %delay 5000, 0;
    %load/v 8, v012CEF88_0, 1;
    %inv 8, 1;
    %set/v v012CEF88_0, 8, 1;
    %jmp T_1.0;
    %end;
    .thread T_1;
    .scope S_012CE4B8;
T_2 ;
    %vpi_call 2 16 "$dumpfile", "simulation.vcd";
    %vpi_call 2 17 "$dumpvars", 1'sb0, S_012CE4B8;
    %set/v v012CEF88_0, 0, 1;
    %set/v v01141D90_0, 1, 1;
    %set/v v01141DE8_0, 0, 1;
    %set/v v012CEF30_0, 0, 4;
    %set/v v01141C30_0, 0, 8;
    %set/v v01141D38_0, 0, 1;
    %set/v v01141CE0_0, 0, 4;
    %delay 5000, 0;
    %vpi_call 2 18 "$display", "%b", v01141C88_0;
    %set/v v012CEF88_0, 0, 1;
    %set/v v01141D90_0, 0, 1;
    %set/v v01141DE8_0, 1, 1;
    %movi 8, 1, 4;
    %set/v v012CEF30_0, 8, 4;
    %movi 8, 1, 8;
    %set/v v01141C30_0, 8, 8;
    %set/v v01141D38_0, 1, 1;
    %movi 8, 1, 4;
    %set/v v01141CE0_0, 8, 4;
    %delay 5000, 0;
    %vpi_call 2 19 "$display", "%b", v01141C88_0;
    %set/v v012CEF88_0, 0, 1;
    %set/v v01141D90_0, 0, 1;
    %set/v v01141DE8_0, 0, 1;
    %set/v v012CEF30_0, 1, 4;
    %set/v v01141C30_0, 1, 8;
    %set/v v01141D38_0, 0, 1;
    %set/v v01141CE0_0, 1, 4;
    %delay 5000, 0;
    %vpi_call 2 20 "$display", "%b", v01141C88_0;
    %set/v v012CEF88_0, 0, 1;
    %set/v v01141D90_0, 0, 1;
    %set/v v01141DE8_0, 1, 1;
    %movi 8, 10, 4;
    %set/v v012CEF30_0, 8, 4;
    %movi 8, 170, 8;
    %set/v v01141C30_0, 8, 8;
    %set/v v01141D38_0, 1, 1;
    %movi 8, 10, 4;
    %set/v v01141CE0_0, 8, 4;
    %delay 5000, 0;
    %vpi_call 2 21 "$display", "%b", v01141C88_0;
    %vpi_call 2 22 "$finish";
    %end;
    .thread T_2;
# The file index is used to find the file name in the following table.
:file_names 4;
    "N/A";
    "<interactive>";
    "D:\buffer gate\buffer gate\verilog-judge\backend\problems\read_after_write_buffer\tb.v";
    "D:\buffer gate\buffer gate\verilog-judge\backend\submissions\3200a828-5\submission.v";
