#! /c/iverilog/bin/vvp
:ivl_version "0.9.7 " "(v0_9_7)";
:vpi_time_precision - 12;
:vpi_module "system";
:vpi_module "v2005_math";
:vpi_module "va_math";
S_01235930 .scope module, "tb" "tb" 2 2;
 .timescale -9 -12;
v01132938_0 .var "a", 0 0;
v01231F68_0 .var "b", 0 0;
v01231FC0_0 .net "y", 0 0, L_01132990; 1 drivers
S_01238D28 .scope module, "dut" "and_1bit" 2 6, 3 1, S_01235930;
 .timescale 0 0;
L_01132990 .functor AND 1, v01132938_0, v01231F68_0, C4<1>, C4<1>;
v01238DB0_0 .net "a", 0 0, v01132938_0; 1 drivers
v01132888_0 .net "b", 0 0, v01231F68_0; 1 drivers
v011328E0_0 .alias "y", 0 0, v01231FC0_0;
    .scope S_01235930;
T_0 ;
    %vpi_call 2 9 "$dumpfile", "simulation.vcd";
    %vpi_call 2 10 "$dumpvars", 1'sb0, S_01235930;
    %set/v v01132938_0, 0, 1;
    %set/v v01231F68_0, 0, 1;
    %delay 5000, 0;
    %vpi_call 2 11 "$display", "%b %b %b", v01132938_0, v01231F68_0, v01231FC0_0;
    %set/v v01132938_0, 0, 1;
    %set/v v01231F68_0, 1, 1;
    %delay 5000, 0;
    %vpi_call 2 12 "$display", "%b %b %b", v01132938_0, v01231F68_0, v01231FC0_0;
    %set/v v01132938_0, 1, 1;
    %set/v v01231F68_0, 0, 1;
    %delay 5000, 0;
    %vpi_call 2 13 "$display", "%b %b %b", v01132938_0, v01231F68_0, v01231FC0_0;
    %set/v v01132938_0, 1, 1;
    %set/v v01231F68_0, 1, 1;
    %delay 5000, 0;
    %vpi_call 2 14 "$display", "%b %b %b", v01132938_0, v01231F68_0, v01231FC0_0;
    %set/v v01132938_0, 1, 1;
    %set/v v01231F68_0, 1, 1;
    %delay 5000, 0;
    %vpi_call 2 15 "$display", "%b %b %b", v01132938_0, v01231F68_0, v01231FC0_0;
    %set/v v01132938_0, 0, 1;
    %set/v v01231F68_0, 1, 1;
    %delay 5000, 0;
    %vpi_call 2 16 "$display", "%b %b %b", v01132938_0, v01231F68_0, v01231FC0_0;
    %vpi_call 2 17 "$finish";
    %end;
    .thread T_0;
# The file index is used to find the file name in the following table.
:file_names 4;
    "N/A";
    "<interactive>";
    "D:\buffer gate\buffer gate\verilog-judge\backend\problems\and_1bit\tb.v";
    "D:\buffer gate\buffer gate\verilog-judge\backend\submissions\c375f49f-4\submission.v";
