#! /c/iverilog/bin/vvp
:ivl_version "0.9.7 " "(v0_9_7)";
:vpi_time_precision - 12;
:vpi_module "system";
:vpi_module "v2005_math";
:vpi_module "va_math";
S_011A53A0 .scope module, "tb" "tb" 2 2;
 .timescale -9 -12;
v011A2028_0 .var "a", 1 0;
v011AD528_0 .var "b", 1 0;
v011AD580_0 .net "borrow", 0 0, L_011AD6F8; 1 drivers
v011AD5D8_0 .net "diff", 1 0, L_011AD630; 1 drivers
S_011E2DD0 .scope module, "dut" "subtractor_2bit" 2 7, 3 1, S_011A53A0;
 .timescale 0 0;
v011E2E58_0 .net "a", 1 0, v011A2028_0; 1 drivers
v011E2EB0_0 .net "b", 1 0, v011AD528_0; 1 drivers
v011A1F78_0 .alias "borrow", 0 0, v011AD580_0;
v011A1FD0_0 .alias "diff", 1 0, v011AD5D8_0;
L_011AD630 .arith/sub 2, v011A2028_0, v011AD528_0;
L_011AD6F8 .cmp/gt 2, v011AD528_0, v011A2028_0;
    .scope S_011A53A0;
T_0 ;
    %vpi_call 2 10 "$dumpfile", "simulation.vcd";
    %vpi_call 2 11 "$dumpvars", 1'sb0, S_011A53A0;
    %set/v v011A2028_0, 0, 2;
    %set/v v011AD528_0, 0, 2;
    %delay 5000, 0;
    %vpi_call 2 12 "$display", "%b %b %b %b", v011A2028_0, v011AD528_0, v011AD5D8_0, v011AD580_0;
    %movi 8, 1, 2;
    %set/v v011A2028_0, 8, 2;
    %movi 8, 1, 2;
    %set/v v011AD528_0, 8, 2;
    %delay 5000, 0;
    %vpi_call 2 13 "$display", "%b %b %b %b", v011A2028_0, v011AD528_0, v011AD5D8_0, v011AD580_0;
    %set/v v011A2028_0, 1, 2;
    %movi 8, 1, 2;
    %set/v v011AD528_0, 8, 2;
    %delay 5000, 0;
    %vpi_call 2 14 "$display", "%b %b %b %b", v011A2028_0, v011AD528_0, v011AD5D8_0, v011AD580_0;
    %movi 8, 1, 2;
    %set/v v011A2028_0, 8, 2;
    %movi 8, 1, 2;
    %set/v v011AD528_0, 8, 2;
    %delay 5000, 0;
    %vpi_call 2 15 "$display", "%b %b %b %b", v011A2028_0, v011AD528_0, v011AD5D8_0, v011AD580_0;
    %set/v v011A2028_0, 1, 2;
    %set/v v011AD528_0, 1, 2;
    %delay 5000, 0;
    %vpi_call 2 16 "$display", "%b %b %b %b", v011A2028_0, v011AD528_0, v011AD5D8_0, v011AD580_0;
    %vpi_call 2 17 "$finish";
    %end;
    .thread T_0;
# The file index is used to find the file name in the following table.
:file_names 4;
    "N/A";
    "<interactive>";
    "D:\buffer gate\buffer gate\verilog-judge\backend\problems\subtractor_2bit\tb.v";
    "D:\buffer gate\buffer gate\verilog-judge\backend\submissions\d265af30-f\submission.v";
