#! /c/iverilog/bin/vvp
:ivl_version "0.9.7 " "(v0_9_7)";
:vpi_time_precision - 12;
:vpi_module "system";
:vpi_module "v2005_math";
:vpi_module "va_math";
S_01284FD0 .scope module, "tb" "tb" 2 2;
 .timescale -9 -12;
v0128EF90_0 .var "a", 1 0;
v01281F58_0 .net "y", 3 0, L_01281FB0; 1 drivers
S_011625B0 .scope module, "dut" "decoder_2to4" 2 6, 3 1, S_01284FD0;
 .timescale 0 0;
v01162638_0 .net *"_s0", 3 0, C4<0001>; 1 drivers
v01162690_0 .net "a", 1 0, v0128EF90_0; 1 drivers
v0128EF38_0 .alias "y", 3 0, v01281F58_0;
L_01281FB0 .shift/l 4, C4<0001>, v0128EF90_0;
    .scope S_01284FD0;
T_0 ;
    %vpi_call 2 9 "$dumpfile", "simulation.vcd";
    %vpi_call 2 10 "$dumpvars", 1'sb0, S_01284FD0;
    %set/v v0128EF90_0, 0, 2;
    %delay 5000, 0;
    %vpi_call 2 11 "$display", "%b %b", v0128EF90_0, v01281F58_0;
    %movi 8, 1, 2;
    %set/v v0128EF90_0, 8, 2;
    %delay 5000, 0;
    %vpi_call 2 12 "$display", "%b %b", v0128EF90_0, v01281F58_0;
    %movi 8, 2, 2;
    %set/v v0128EF90_0, 8, 2;
    %delay 5000, 0;
    %vpi_call 2 13 "$display", "%b %b", v0128EF90_0, v01281F58_0;
    %set/v v0128EF90_0, 1, 2;
    %delay 5000, 0;
    %vpi_call 2 14 "$display", "%b %b", v0128EF90_0, v01281F58_0;
    %vpi_call 2 15 "$finish";
    %end;
    .thread T_0;
# The file index is used to find the file name in the following table.
:file_names 4;
    "N/A";
    "<interactive>";
    "D:\buffer gate\buffer gate\verilog-judge\backend\problems\decoder_2to4\tb.v";
    "D:\buffer gate\buffer gate\verilog-judge\backend\submissions\a58419b2-3\submission.v";
