#! /c/iverilog/bin/vvp
:ivl_version "0.9.7 " "(v0_9_7)";
:vpi_time_precision - 12;
:vpi_module "system";
:vpi_module "v2005_math";
:vpi_module "va_math";
S_0112E830 .scope module, "tb" "tb" 2 2;
 .timescale -9 -12;
v01161180_0 .var "a", 0 0;
v01160E10_0 .var "b", 0 0;
v01160EC0_0 .var "cin", 0 0;
v01160FC8_0 .net "cout", 0 0, L_0112A228; 1 drivers
v011611D8_0 .net "sum", 0 0, L_01122098; 1 drivers
S_0112E2E0 .scope module, "dut" "full_adder" 2 6, 3 1, S_0112E830;
 .timescale 0 0;
L_01162CB0 .functor XOR 1, v01161180_0, v01160E10_0, C4<0>, C4<0>;
L_01122098 .functor XOR 1, L_01162CB0, v01160EC0_0, C4<0>, C4<0>;
L_0112A260 .functor AND 1, v01161180_0, v01160E10_0, C4<1>, C4<1>;
L_0112A298 .functor AND 1, v01161180_0, v01160EC0_0, C4<1>, C4<1>;
L_01122028 .functor OR 1, L_0112A260, L_0112A298, C4<0>, C4<0>;
L_0112B768 .functor AND 1, v01160E10_0, v01160EC0_0, C4<1>, C4<1>;
L_0112A228 .functor OR 1, L_01122028, L_0112B768, C4<0>, C4<0>;
v0112DB18_0 .net *"_s0", 0 0, L_01162CB0; 1 drivers
v011283F8_0 .net *"_s10", 0 0, L_0112B768; 1 drivers
v01128450_0 .net *"_s4", 0 0, L_0112A260; 1 drivers
v011284A8_0 .net *"_s6", 0 0, L_0112A298; 1 drivers
v01162BA8_0 .net *"_s8", 0 0, L_01122028; 1 drivers
v01162C00_0 .net "a", 0 0, v01161180_0; 1 drivers
v01162C58_0 .net "b", 0 0, v01160E10_0; 1 drivers
v01121F78_0 .net "cin", 0 0, v01160EC0_0; 1 drivers
v01121FD0_0 .alias "cout", 0 0, v01160FC8_0;
v01160DB8_0 .alias "sum", 0 0, v011611D8_0;
    .scope S_0112E830;
T_0 ;
    %vpi_call 2 9 "$dumpfile", "simulation.vcd";
    %vpi_call 2 10 "$dumpvars", 1'sb0, S_0112E830;
    %set/v v01161180_0, 0, 1;
    %set/v v01160E10_0, 0, 1;
    %set/v v01160EC0_0, 0, 1;
    %delay 5000, 0;
    %vpi_call 2 12 "$display", "%b %b %b %b %b", v01161180_0, v01160E10_0, v01160EC0_0, v011611D8_0, v01160FC8_0;
    %set/v v01161180_0, 0, 1;
    %set/v v01160E10_0, 0, 1;
    %set/v v01160EC0_0, 1, 1;
    %delay 5000, 0;
    %vpi_call 2 13 "$display", "%b %b %b %b %b", v01161180_0, v01160E10_0, v01160EC0_0, v011611D8_0, v01160FC8_0;
    %set/v v01161180_0, 0, 1;
    %set/v v01160E10_0, 1, 1;
    %set/v v01160EC0_0, 0, 1;
    %delay 5000, 0;
    %vpi_call 2 14 "$display", "%b %b %b %b %b", v01161180_0, v01160E10_0, v01160EC0_0, v011611D8_0, v01160FC8_0;
    %set/v v01161180_0, 0, 1;
    %set/v v01160E10_0, 1, 1;
    %set/v v01160EC0_0, 1, 1;
    %delay 5000, 0;
    %vpi_call 2 15 "$display", "%b %b %b %b %b", v01161180_0, v01160E10_0, v01160EC0_0, v011611D8_0, v01160FC8_0;
    %set/v v01161180_0, 1, 1;
    %set/v v01160E10_0, 0, 1;
    %set/v v01160EC0_0, 0, 1;
    %delay 5000, 0;
    %vpi_call 2 16 "$display", "%b %b %b %b %b", v01161180_0, v01160E10_0, v01160EC0_0, v011611D8_0, v01160FC8_0;
    %set/v v01161180_0, 1, 1;
    %set/v v01160E10_0, 0, 1;
    %set/v v01160EC0_0, 1, 1;
    %delay 5000, 0;
    %vpi_call 2 17 "$display", "%b %b %b %b %b", v01161180_0, v01160E10_0, v01160EC0_0, v011611D8_0, v01160FC8_0;
    %set/v v01161180_0, 1, 1;
    %set/v v01160E10_0, 1, 1;
    %set/v v01160EC0_0, 0, 1;
    %delay 5000, 0;
    %vpi_call 2 18 "$display", "%b %b %b %b %b", v01161180_0, v01160E10_0, v01160EC0_0, v011611D8_0, v01160FC8_0;
    %set/v v01161180_0, 1, 1;
    %set/v v01160E10_0, 1, 1;
    %set/v v01160EC0_0, 1, 1;
    %delay 5000, 0;
    %vpi_call 2 19 "$display", "%b %b %b %b %b", v01161180_0, v01160E10_0, v01160EC0_0, v011611D8_0, v01160FC8_0;
    %vpi_call 2 20 "$finish";
    %end;
    .thread T_0;
# The file index is used to find the file name in the following table.
:file_names 4;
    "N/A";
    "<interactive>";
    "D:\buffer gate\buffer gate\verilog-judge\backend\problems\full_adder\tb.v";
    "D:\buffer gate\buffer gate\verilog-judge\backend\submissions\911e2df0-7\submission.v";
