#! /c/iverilog/bin/vvp
:ivl_version "0.9.7 " "(v0_9_7)";
:vpi_time_precision - 12;
:vpi_module "system";
:vpi_module "v2005_math";
:vpi_module "va_math";
S_00A053A0 .scope module, "tb" "tb" 2 2;
 .timescale -9 -12;
v00A02028_0 .var "a", 1 0;
v00A0D528_0 .var "b", 1 0;
v00A0D580_0 .net "borrow", 0 0, L_00A0D6F8; 1 drivers
v00A0D5D8_0 .net "diff", 1 0, L_00A0D630; 1 drivers
S_01152DD0 .scope module, "dut" "subtractor_2bit" 2 7, 3 1, S_00A053A0;
 .timescale 0 0;
v01152E58_0 .net "a", 1 0, v00A02028_0; 1 drivers
v01152EB0_0 .net "b", 1 0, v00A0D528_0; 1 drivers
v00A01F78_0 .alias "borrow", 0 0, v00A0D580_0;
v00A01FD0_0 .alias "diff", 1 0, v00A0D5D8_0;
L_00A0D630 .arith/sub 2, v00A02028_0, v00A0D528_0;
L_00A0D6F8 .cmp/gt 2, v00A0D528_0, v00A02028_0;
    .scope S_00A053A0;
T_0 ;
    %vpi_call 2 10 "$dumpfile", "simulation.vcd";
    %vpi_call 2 11 "$dumpvars", 1'sb0, S_00A053A0;
    %set/v v00A02028_0, 0, 2;
    %set/v v00A0D528_0, 0, 2;
    %delay 5000, 0;
    %vpi_call 2 12 "$display", "%b %b %b %b", v00A02028_0, v00A0D528_0, v00A0D5D8_0, v00A0D580_0;
    %movi 8, 1, 2;
    %set/v v00A02028_0, 8, 2;
    %movi 8, 1, 2;
    %set/v v00A0D528_0, 8, 2;
    %delay 5000, 0;
    %vpi_call 2 13 "$display", "%b %b %b %b", v00A02028_0, v00A0D528_0, v00A0D5D8_0, v00A0D580_0;
    %set/v v00A02028_0, 1, 2;
    %movi 8, 1, 2;
    %set/v v00A0D528_0, 8, 2;
    %delay 5000, 0;
    %vpi_call 2 14 "$display", "%b %b %b %b", v00A02028_0, v00A0D528_0, v00A0D5D8_0, v00A0D580_0;
    %movi 8, 1, 2;
    %set/v v00A02028_0, 8, 2;
    %movi 8, 1, 2;
    %set/v v00A0D528_0, 8, 2;
    %delay 5000, 0;
    %vpi_call 2 15 "$display", "%b %b %b %b", v00A02028_0, v00A0D528_0, v00A0D5D8_0, v00A0D580_0;
    %set/v v00A02028_0, 1, 2;
    %set/v v00A0D528_0, 1, 2;
    %delay 5000, 0;
    %vpi_call 2 16 "$display", "%b %b %b %b", v00A02028_0, v00A0D528_0, v00A0D5D8_0, v00A0D580_0;
    %vpi_call 2 17 "$finish";
    %end;
    .thread T_0;
# The file index is used to find the file name in the following table.
:file_names 4;
    "N/A";
    "<interactive>";
    "D:\buffer gate\buffer gate\verilog-judge\backend\problems\subtractor_2bit\tb.v";
    "D:\buffer gate\buffer gate\verilog-judge\backend\submissions\5179b9dd-3\submission.v";
