#! /c/iverilog/bin/vvp
:ivl_version "0.9.7 " "(v0_9_7)";
:vpi_time_precision - 12;
:vpi_module "system";
:vpi_module "v2005_math";
:vpi_module "va_math";
S_01285538 .scope module, "tb" "tb" 2 2;
 .timescale -9 -12;
v01285788_0 .var "a", 7 0;
v012C2890_0 .var "b", 7 0;
v012C28E8_0 .net "y", 7 0, L_012C2940; 1 drivers
S_012858E8 .scope module, "dut" "xor_8bit" 2 6, 3 1, S_01285538;
 .timescale 0 0;
L_012C2940 .functor XOR 8, v01285788_0, v012C2890_0, C4<00000000>, C4<00000000>;
v01285970_0 .net "a", 7 0, v01285788_0; 1 drivers
v012856D8_0 .net "b", 7 0, v012C2890_0; 1 drivers
v01285730_0 .alias "y", 7 0, v012C28E8_0;
    .scope S_01285538;
T_0 ;
    %vpi_call 2 9 "$dumpfile", "simulation.vcd";
    %vpi_call 2 10 "$dumpvars", 1'sb0, S_01285538;
    %set/v v01285788_0, 0, 8;
    %set/v v012C2890_0, 0, 8;
    %delay 5000, 0;
    %vpi_call 2 11 "$display", "%b %b %b", v01285788_0, v012C2890_0, v012C28E8_0;
    %set/v v01285788_0, 0, 8;
    %set/v v012C2890_0, 1, 8;
    %delay 5000, 0;
    %vpi_call 2 12 "$display", "%b %b %b", v01285788_0, v012C2890_0, v012C28E8_0;
    %set/v v01285788_0, 1, 8;
    %set/v v012C2890_0, 0, 8;
    %delay 5000, 0;
    %vpi_call 2 13 "$display", "%b %b %b", v01285788_0, v012C2890_0, v012C28E8_0;
    %set/v v01285788_0, 1, 8;
    %set/v v012C2890_0, 1, 8;
    %delay 5000, 0;
    %vpi_call 2 14 "$display", "%b %b %b", v01285788_0, v012C2890_0, v012C28E8_0;
    %movi 8, 128, 8;
    %set/v v01285788_0, 8, 8;
    %set/v v012C2890_0, 1, 8;
    %delay 5000, 0;
    %vpi_call 2 15 "$display", "%b %b %b", v01285788_0, v012C2890_0, v012C28E8_0;
    %movi 8, 85, 8;
    %set/v v01285788_0, 8, 8;
    %movi 8, 170, 8;
    %set/v v012C2890_0, 8, 8;
    %delay 5000, 0;
    %vpi_call 2 16 "$display", "%b %b %b", v01285788_0, v012C2890_0, v012C28E8_0;
    %vpi_call 2 17 "$finish";
    %end;
    .thread T_0;
# The file index is used to find the file name in the following table.
:file_names 4;
    "N/A";
    "<interactive>";
    "D:\buffer gate\buffer gate\verilog-judge\backend\problems\xor_8bit\tb.v";
    "D:\buffer gate\buffer gate\verilog-judge\backend\submissions\b32b6a13-a\submission.v";
