#! /c/iverilog/bin/vvp
:ivl_version "0.9.7 " "(v0_9_7)";
:vpi_time_precision - 12;
:vpi_module "system";
:vpi_module "v2005_math";
:vpi_module "va_math";
S_01245A60 .scope module, "tb" "tb" 2 2;
 .timescale -9 -12;
v01142938_0 .var "a", 7 0;
v01241F60_0 .var "b", 7 0;
v01241FB8_0 .net "y", 7 0, L_01142990; 1 drivers
S_01245508 .scope module, "dut" "or_8bit" 2 6, 3 1, S_01245A60;
 .timescale 0 0;
L_01142990 .functor OR 8, v01142938_0, v01241F60_0, C4<00000000>, C4<00000000>;
v01245590_0 .net "a", 7 0, v01142938_0; 1 drivers
v01142888_0 .net "b", 7 0, v01241F60_0; 1 drivers
v011428E0_0 .alias "y", 7 0, v01241FB8_0;
    .scope S_01245A60;
T_0 ;
    %vpi_call 2 9 "$dumpfile", "simulation.vcd";
    %vpi_call 2 10 "$dumpvars", 1'sb0, S_01245A60;
    %set/v v01142938_0, 0, 8;
    %set/v v01241F60_0, 0, 8;
    %delay 5000, 0;
    %vpi_call 2 11 "$display", "%b %b %b", v01142938_0, v01241F60_0, v01241FB8_0;
    %set/v v01142938_0, 0, 8;
    %set/v v01241F60_0, 1, 8;
    %delay 5000, 0;
    %vpi_call 2 12 "$display", "%b %b %b", v01142938_0, v01241F60_0, v01241FB8_0;
    %set/v v01142938_0, 1, 8;
    %set/v v01241F60_0, 0, 8;
    %delay 5000, 0;
    %vpi_call 2 13 "$display", "%b %b %b", v01142938_0, v01241F60_0, v01241FB8_0;
    %set/v v01142938_0, 1, 8;
    %set/v v01241F60_0, 1, 8;
    %delay 5000, 0;
    %vpi_call 2 14 "$display", "%b %b %b", v01142938_0, v01241F60_0, v01241FB8_0;
    %movi 8, 128, 8;
    %set/v v01142938_0, 8, 8;
    %set/v v01241F60_0, 1, 8;
    %delay 5000, 0;
    %vpi_call 2 15 "$display", "%b %b %b", v01142938_0, v01241F60_0, v01241FB8_0;
    %movi 8, 85, 8;
    %set/v v01142938_0, 8, 8;
    %movi 8, 170, 8;
    %set/v v01241F60_0, 8, 8;
    %delay 5000, 0;
    %vpi_call 2 16 "$display", "%b %b %b", v01142938_0, v01241F60_0, v01241FB8_0;
    %vpi_call 2 17 "$finish";
    %end;
    .thread T_0;
# The file index is used to find the file name in the following table.
:file_names 4;
    "N/A";
    "<interactive>";
    "D:\buffer gate\buffer gate\verilog-judge\backend\problems\or_8bit\tb.v";
    "D:\buffer gate\buffer gate\verilog-judge\backend\submissions\9e49dbc5-4\submission.v";
