#! /c/iverilog/bin/vvp
:ivl_version "0.9.7 " "(v0_9_7)";
:vpi_time_precision - 12;
:vpi_module "system";
:vpi_module "v2005_math";
:vpi_module "va_math";
S_012558E8 .scope module, "tb" "tb" 2 2;
 .timescale -9 -12;
v01142938_0 .var "a", 0 0;
v01251F60_0 .var "b", 0 0;
v01251FB8_0 .net "y", 0 0, L_01142990; 1 drivers
S_01258D28 .scope module, "dut" "or_1bit" 2 6, 3 1, S_012558E8;
 .timescale 0 0;
L_01142990 .functor OR 1, v01142938_0, v01251F60_0, C4<0>, C4<0>;
v01258DB0_0 .net "a", 0 0, v01142938_0; 1 drivers
v01142888_0 .net "b", 0 0, v01251F60_0; 1 drivers
v011428E0_0 .alias "y", 0 0, v01251FB8_0;
    .scope S_012558E8;
T_0 ;
    %vpi_call 2 9 "$dumpfile", "simulation.vcd";
    %vpi_call 2 10 "$dumpvars", 1'sb0, S_012558E8;
    %set/v v01142938_0, 0, 1;
    %set/v v01251F60_0, 0, 1;
    %delay 5000, 0;
    %vpi_call 2 11 "$display", "%b %b %b", v01142938_0, v01251F60_0, v01251FB8_0;
    %set/v v01142938_0, 0, 1;
    %set/v v01251F60_0, 1, 1;
    %delay 5000, 0;
    %vpi_call 2 12 "$display", "%b %b %b", v01142938_0, v01251F60_0, v01251FB8_0;
    %set/v v01142938_0, 1, 1;
    %set/v v01251F60_0, 0, 1;
    %delay 5000, 0;
    %vpi_call 2 13 "$display", "%b %b %b", v01142938_0, v01251F60_0, v01251FB8_0;
    %set/v v01142938_0, 1, 1;
    %set/v v01251F60_0, 1, 1;
    %delay 5000, 0;
    %vpi_call 2 14 "$display", "%b %b %b", v01142938_0, v01251F60_0, v01251FB8_0;
    %set/v v01142938_0, 1, 1;
    %set/v v01251F60_0, 1, 1;
    %delay 5000, 0;
    %vpi_call 2 15 "$display", "%b %b %b", v01142938_0, v01251F60_0, v01251FB8_0;
    %set/v v01142938_0, 0, 1;
    %set/v v01251F60_0, 1, 1;
    %delay 5000, 0;
    %vpi_call 2 16 "$display", "%b %b %b", v01142938_0, v01251F60_0, v01251FB8_0;
    %vpi_call 2 17 "$finish";
    %end;
    .thread T_0;
# The file index is used to find the file name in the following table.
:file_names 4;
    "N/A";
    "<interactive>";
    "D:\buffer gate\buffer gate\verilog-judge\backend\problems\or_1bit\tb.v";
    "D:\buffer gate\buffer gate\verilog-judge\backend\submissions\3571cc58-7\submission.v";
