#! /c/iverilog/bin/vvp
:ivl_version "0.9.7 " "(v0_9_7)";
:vpi_time_precision - 12;
:vpi_module "system";
:vpi_module "v2005_math";
:vpi_module "va_math";
S_0119A698 .scope module, "tb" "tb" 2 2;
 .timescale -9 -12;
v011FD0B0_0 .var "a", 7 0;
v011FCF50_0 .var "b", 7 0;
v011FD210_0 .net "y", 7 0, L_01199BB8; 1 drivers
S_0119A148 .scope module, "dut" "bitwise_nand" 2 7, 3 1, S_0119A698;
 .timescale 0 0;
L_01199C98 .functor AND 1, L_011FCFA8, L_011FCCE8, C4<1>, C4<1>;
L_01199BB8 .functor NOT 8, L_011FCD98, C4<00000000>, C4<00000000>, C4<00000000>;
v01197DB8_0 .net *"_s0", 7 0, C4<00000000>; 1 drivers
v01193DE8_0 .net *"_s10", 7 0, L_011FCD98; 1 drivers
v01193E40_0 .net *"_s13", 6 0, C4<0000000>; 1 drivers
v01193E98_0 .net *"_s2", 0 0, L_011FCFA8; 1 drivers
v011933F8_0 .net *"_s4", 7 0, C4<00000000>; 1 drivers
v01193450_0 .net *"_s6", 0 0, L_011FCCE8; 1 drivers
v011934A8_0 .net *"_s8", 0 0, L_01199C98; 1 drivers
v0119EBC8_0 .net "a", 7 0, v011FD0B0_0; 1 drivers
v011FD2C0_0 .net "b", 7 0, v011FCF50_0; 1 drivers
v011FCD40_0 .alias "y", 7 0, v011FD210_0;
L_011FCFA8 .cmp/ne 8, v011FD0B0_0, C4<00000000>;
L_011FCCE8 .cmp/ne 8, v011FCF50_0, C4<00000000>;
L_011FCD98 .concat [ 1 7 0 0], L_01199C98, C4<0000000>;
    .scope S_0119A698;
T_0 ;
    %vpi_call 2 10 "$dumpfile", "simulation.vcd";
    %vpi_call 2 11 "$dumpvars", 1'sb0, S_0119A698;
    %set/v v011FD0B0_0, 0, 8;
    %set/v v011FCF50_0, 0, 8;
    %delay 1000, 0;
    %vpi_call 2 12 "$display", "%b", v011FD210_0;
    %movi 8, 1, 8;
    %set/v v011FD0B0_0, 8, 8;
    %movi 8, 1, 8;
    %set/v v011FCF50_0, 8, 8;
    %delay 1000, 0;
    %vpi_call 2 13 "$display", "%b", v011FD210_0;
    %set/v v011FD0B0_0, 1, 8;
    %set/v v011FCF50_0, 1, 8;
    %delay 1000, 0;
    %vpi_call 2 14 "$display", "%b", v011FD210_0;
    %movi 8, 170, 8;
    %set/v v011FD0B0_0, 8, 8;
    %movi 8, 170, 8;
    %set/v v011FCF50_0, 8, 8;
    %delay 1000, 0;
    %vpi_call 2 15 "$display", "%b", v011FD210_0;
    %movi 8, 2, 8;
    %set/v v011FD0B0_0, 8, 8;
    %movi 8, 2, 8;
    %set/v v011FCF50_0, 8, 8;
    %delay 1000, 0;
    %vpi_call 2 16 "$display", "%b", v011FD210_0;
    %movi 8, 3, 8;
    %set/v v011FD0B0_0, 8, 8;
    %movi 8, 3, 8;
    %set/v v011FCF50_0, 8, 8;
    %delay 1000, 0;
    %vpi_call 2 17 "$display", "%b", v011FD210_0;
    %movi 8, 127, 8;
    %set/v v011FD0B0_0, 8, 8;
    %movi 8, 127, 8;
    %set/v v011FCF50_0, 8, 8;
    %delay 1000, 0;
    %vpi_call 2 18 "$display", "%b", v011FD210_0;
    %movi 8, 170, 8;
    %set/v v011FD0B0_0, 8, 8;
    %movi 8, 170, 8;
    %set/v v011FCF50_0, 8, 8;
    %delay 1000, 0;
    %vpi_call 2 19 "$display", "%b", v011FD210_0;
    %vpi_call 2 20 "$finish";
    %end;
    .thread T_0;
# The file index is used to find the file name in the following table.
:file_names 4;
    "N/A";
    "<interactive>";
    "D:\buffer gate\buffer gate\verilog-judge\backend\problems\bitwise_nand\tb.v";
    "D:\buffer gate\buffer gate\verilog-judge\backend\submissions\f276bdc2-5\submission.v";
