#! /c/iverilog/bin/vvp
:ivl_version "0.9.7 " "(v0_9_7)";
:vpi_time_precision - 12;
:vpi_module "system";
:vpi_module "v2005_math";
:vpi_module "va_math";
S_011E5520 .scope module, "tb" "tb" 2 2;
 .timescale -9 -12;
v011E1F60_0 .var "a", 1 0;
v011E1FB8_0 .net "y", 1 0, L_011E2010; 1 drivers
S_01222590 .scope module, "dut" "decrementer_2bit" 2 6, 3 1, S_011E5520;
 .timescale 0 0;
v01222618_0 .net *"_s0", 1 0, C4<01>; 1 drivers
v01222670_0 .net "a", 1 0, v011E1F60_0; 1 drivers
v011EEF48_0 .alias "y", 1 0, v011E1FB8_0;
L_011E2010 .arith/sub 2, v011E1F60_0, C4<01>;
    .scope S_011E5520;
T_0 ;
    %vpi_call 2 9 "$dumpfile", "simulation.vcd";
    %vpi_call 2 10 "$dumpvars", 1'sb0, S_011E5520;
    %set/v v011E1F60_0, 0, 2;
    %delay 5000, 0;
    %vpi_call 2 11 "$display", "%b %b", v011E1F60_0, v011E1FB8_0;
    %movi 8, 1, 2;
    %set/v v011E1F60_0, 8, 2;
    %delay 5000, 0;
    %vpi_call 2 12 "$display", "%b %b", v011E1F60_0, v011E1FB8_0;
    %movi 8, 2, 2;
    %set/v v011E1F60_0, 8, 2;
    %delay 5000, 0;
    %vpi_call 2 13 "$display", "%b %b", v011E1F60_0, v011E1FB8_0;
    %set/v v011E1F60_0, 1, 2;
    %delay 5000, 0;
    %vpi_call 2 14 "$display", "%b %b", v011E1F60_0, v011E1FB8_0;
    %movi 8, 2, 2;
    %set/v v011E1F60_0, 8, 2;
    %delay 5000, 0;
    %vpi_call 2 15 "$display", "%b %b", v011E1F60_0, v011E1FB8_0;
    %vpi_call 2 16 "$finish";
    %end;
    .thread T_0;
# The file index is used to find the file name in the following table.
:file_names 4;
    "N/A";
    "<interactive>";
    "D:\buffer gate\buffer gate\verilog-judge\backend\problems\decrementer_2bit\tb.v";
    "D:\buffer gate\buffer gate\verilog-judge\backend\submissions\8c8239f4-8\submission.v";
