#! /c/iverilog/bin/vvp
:ivl_version "0.9.7 " "(v0_9_7)";
:vpi_time_precision - 12;
:vpi_module "system";
:vpi_module "v2005_math";
:vpi_module "va_math";
S_01145238 .scope module, "tb" "tb" 2 2;
 .timescale -9 -12;
v01182428_0 .var "a", 3 0;
v01182480_0 .net "y", 0 0, L_011824D8; 1 drivers
S_01141F60 .scope module, "dut" "all_ones_detector_4bit" 2 6, 3 1, S_01145238;
 .timescale 0 0;
v01141FE8_0 .net *"_s0", 3 0, C4<1111>; 1 drivers
v01142040_0 .net "a", 3 0, v01182428_0; 1 drivers
v011823D0_0 .alias "y", 0 0, v01182480_0;
L_011824D8 .cmp/eq 4, v01182428_0, C4<1111>;
    .scope S_01145238;
T_0 ;
    %vpi_call 2 9 "$dumpfile", "simulation.vcd";
    %vpi_call 2 10 "$dumpvars", 1'sb0, S_01145238;
    %set/v v01182428_0, 0, 4;
    %delay 5000, 0;
    %vpi_call 2 11 "$display", "%b %b", v01182428_0, v01182480_0;
    %movi 8, 1, 4;
    %set/v v01182428_0, 8, 4;
    %delay 5000, 0;
    %vpi_call 2 12 "$display", "%b %b", v01182428_0, v01182480_0;
    %set/v v01182428_0, 1, 4;
    %delay 5000, 0;
    %vpi_call 2 13 "$display", "%b %b", v01182428_0, v01182480_0;
    %movi 8, 8, 4;
    %set/v v01182428_0, 8, 4;
    %delay 5000, 0;
    %vpi_call 2 14 "$display", "%b %b", v01182428_0, v01182480_0;
    %movi 8, 10, 4;
    %set/v v01182428_0, 8, 4;
    %delay 5000, 0;
    %vpi_call 2 15 "$display", "%b %b", v01182428_0, v01182480_0;
    %vpi_call 2 16 "$finish";
    %end;
    .thread T_0;
# The file index is used to find the file name in the following table.
:file_names 4;
    "N/A";
    "<interactive>";
    "D:\buffer gate\buffer gate\verilog-judge\backend\problems\all_ones_detector_4bit\tb.v";
    "D:\buffer gate\buffer gate\verilog-judge\backend\submissions\e5af2938-d\submission.v";
