#! /c/iverilog/bin/vvp
:ivl_version "0.9.7 " "(v0_9_7)";
:vpi_time_precision - 12;
:vpi_module "system";
:vpi_module "v2005_math";
:vpi_module "va_math";
S_00994FD0 .scope module, "tb" "tb" 2 2;
 .timescale -9 -12;
v00992040_0 .var "a", 3 0;
v011D2400_0 .net "y", 3 0, L_011D2458; 1 drivers
S_00991F60 .scope module, "dut" "bit_toggle_4bit_1" 2 6, 3 1, S_00994FD0;
 .timescale 0 0;
L_011D2458 .functor XOR 4, v00992040_0, C4<0010>, C4<0000>, C4<0000>;
v009943B0_0 .net *"_s0", 3 0, C4<0010>; 1 drivers
v0099EF40_0 .net "a", 3 0, v00992040_0; 1 drivers
v00991FE8_0 .alias "y", 3 0, v011D2400_0;
    .scope S_00994FD0;
T_0 ;
    %vpi_call 2 9 "$dumpfile", "simulation.vcd";
    %vpi_call 2 10 "$dumpvars", 1'sb0, S_00994FD0;
    %set/v v00992040_0, 0, 4;
    %delay 5000, 0;
    %vpi_call 2 11 "$display", "%b %b", v00992040_0, v011D2400_0;
    %movi 8, 2, 4;
    %set/v v00992040_0, 8, 4;
    %delay 5000, 0;
    %vpi_call 2 12 "$display", "%b %b", v00992040_0, v011D2400_0;
    %set/v v00992040_0, 1, 4;
    %delay 5000, 0;
    %vpi_call 2 13 "$display", "%b %b", v00992040_0, v011D2400_0;
    %movi 8, 10, 4;
    %set/v v00992040_0, 8, 4;
    %delay 5000, 0;
    %vpi_call 2 14 "$display", "%b %b", v00992040_0, v011D2400_0;
    %vpi_call 2 15 "$finish";
    %end;
    .thread T_0;
# The file index is used to find the file name in the following table.
:file_names 4;
    "N/A";
    "<interactive>";
    "D:\buffer gate\buffer gate\verilog-judge\backend\problems\bit_toggle_4bit_1\tb.v";
    "D:\buffer gate\buffer gate\verilog-judge\backend\submissions\720bc279-8\submission.v";
