#! /c/iverilog/bin/vvp
:ivl_version "0.9.7 " "(v0_9_7)";
:vpi_time_precision - 12;
:vpi_module "system";
:vpi_module "v2005_math";
:vpi_module "va_math";
S_013285E0 .scope module, "tb" "tb" 2 2;
 .timescale -9 -12;
v01322068_0 .var "a", 15 0;
v0132EDC0_0 .var "b", 15 0;
v0132EE18_0 .var "c", 15 0;
v0132EE70_0 .var "d", 15 0;
v0132EEC8_0 .var "sel", 1 0;
v0132EF20_0 .net "y", 15 0, v01322010_0; 1 drivers
S_01328910 .scope module, "dut" "mux4_16bit" 2 7, 3 1, S_013285E0;
 .timescale 0 0;
v011930C8_0 .net "a", 15 0, v01322068_0; 1 drivers
v01193120_0 .net "b", 15 0, v0132EDC0_0; 1 drivers
v01193178_0 .net "c", 15 0, v0132EE18_0; 1 drivers
v01321F60_0 .net "d", 15 0, v0132EE70_0; 1 drivers
v01321FB8_0 .net "sel", 1 0, v0132EEC8_0; 1 drivers
v01322010_0 .var "y", 15 0;
E_01328158/0 .event edge, v01321FB8_0, v011930C8_0, v01193120_0, v01193178_0;
E_01328158/1 .event edge, v01321F60_0;
E_01328158 .event/or E_01328158/0, E_01328158/1;
    .scope S_01328910;
T_0 ;
    %wait E_01328158;
    %load/v 8, v01321FB8_0, 2;
    %cmpi/u 8, 0, 2;
    %jmp/1 T_0.0, 6;
    %cmpi/u 8, 1, 2;
    %jmp/1 T_0.1, 6;
    %cmpi/u 8, 2, 2;
    %jmp/1 T_0.2, 6;
    %load/v 8, v01321F60_0, 16;
    %set/v v01322010_0, 8, 16;
    %jmp T_0.4;
T_0.0 ;
    %load/v 8, v011930C8_0, 16;
    %set/v v01322010_0, 8, 16;
    %jmp T_0.4;
T_0.1 ;
    %load/v 8, v01193120_0, 16;
    %set/v v01322010_0, 8, 16;
    %jmp T_0.4;
T_0.2 ;
    %load/v 8, v01193178_0, 16;
    %set/v v01322010_0, 8, 16;
    %jmp T_0.4;
T_0.4 ;
    %jmp T_0;
    .thread T_0, $push;
    .scope S_013285E0;
T_1 ;
    %vpi_call 2 10 "$dumpfile", "simulation.vcd";
    %vpi_call 2 11 "$dumpvars", 1'sb0, S_013285E0;
    %set/v v01322068_0, 0, 16;
    %movi 8, 1, 16;
    %set/v v0132EDC0_0, 8, 16;
    %set/v v0132EE18_0, 1, 16;
    %movi 8, 43690, 16;
    %set/v v0132EE70_0, 8, 16;
    %set/v v0132EEC8_0, 0, 2;
    %delay 5000, 0;
    %vpi_call 2 12 "$display", "%b %b", v0132EEC8_0, v0132EF20_0;
    %set/v v01322068_0, 0, 16;
    %movi 8, 1, 16;
    %set/v v0132EDC0_0, 8, 16;
    %set/v v0132EE18_0, 1, 16;
    %movi 8, 43690, 16;
    %set/v v0132EE70_0, 8, 16;
    %movi 8, 1, 2;
    %set/v v0132EEC8_0, 8, 2;
    %delay 5000, 0;
    %vpi_call 2 13 "$display", "%b %b", v0132EEC8_0, v0132EF20_0;
    %set/v v01322068_0, 0, 16;
    %movi 8, 1, 16;
    %set/v v0132EDC0_0, 8, 16;
    %set/v v0132EE18_0, 1, 16;
    %movi 8, 43690, 16;
    %set/v v0132EE70_0, 8, 16;
    %movi 8, 2, 2;
    %set/v v0132EEC8_0, 8, 2;
    %delay 5000, 0;
    %vpi_call 2 14 "$display", "%b %b", v0132EEC8_0, v0132EF20_0;
    %set/v v01322068_0, 0, 16;
    %movi 8, 1, 16;
    %set/v v0132EDC0_0, 8, 16;
    %set/v v0132EE18_0, 1, 16;
    %movi 8, 43690, 16;
    %set/v v0132EE70_0, 8, 16;
    %set/v v0132EEC8_0, 1, 2;
    %delay 5000, 0;
    %vpi_call 2 15 "$display", "%b %b", v0132EEC8_0, v0132EF20_0;
    %vpi_call 2 16 "$finish";
    %end;
    .thread T_1;
# The file index is used to find the file name in the following table.
:file_names 4;
    "N/A";
    "<interactive>";
    "D:\buffer gate\buffer gate\verilog-judge\backend\problems\mux4_16bit\tb.v";
    "D:\buffer gate\buffer gate\verilog-judge\backend\submissions\b5e4710f-8\submission.v";
