#! /c/iverilog/bin/vvp
:ivl_version "0.9.7 " "(v0_9_7)";
:vpi_time_precision - 12;
:vpi_module "system";
:vpi_module "v2005_math";
:vpi_module "va_math";
S_011A3240 .scope module, "tb" "tb" 2 2;
 .timescale -9 -12;
v01162068_0 .var "clk", 0 0;
v0116ECB0_0 .var "d", 15 0;
v0116ED08_0 .var "load", 0 0;
v0116ED60_0 .net "q", 15 0, v01161FB8_0; 1 drivers
v0116EDB8_0 .var "reset", 0 0;
S_0116DDD0 .scope module, "dut" "register_16bit" 2 6, 3 1, S_011A3240;
 .timescale 0 0;
v0116DE58_0 .net "clk", 0 0, v01162068_0; 1 drivers
v0116DEB0_0 .net "d", 15 0, v0116ECB0_0; 1 drivers
v01161F60_0 .net "load", 0 0, v0116ED08_0; 1 drivers
v01161FB8_0 .var "q", 15 0;
v01162010_0 .net "reset", 0 0, v0116EDB8_0; 1 drivers
E_0116C288 .event posedge, v01162010_0, v0116DE58_0;
    .scope S_0116DDD0;
T_0 ;
    %wait E_0116C288;
    %load/v 8, v01162010_0, 1;
    %jmp/0xz  T_0.0, 8;
    %ix/load 0, 16, 0;
    %assign/v0 v01161FB8_0, 0, 0;
    %jmp T_0.1;
T_0.0 ;
    %load/v 8, v01161F60_0, 1;
    %jmp/0xz  T_0.2, 8;
    %load/v 8, v0116DEB0_0, 16;
    %ix/load 0, 16, 0;
    %assign/v0 v01161FB8_0, 0, 8;
T_0.2 ;
T_0.1 ;
    %jmp T_0;
    .thread T_0;
    .scope S_011A3240;
T_1 ;
    %vpi_call 2 9 "$dumpfile", "simulation.vcd";
    %vpi_call 2 10 "$dumpvars", 1'sb0, S_011A3240;
    %set/v v01162068_0, 0, 1;
T_1.0 ;
    %delay 5000, 0;
    %load/v 8, v01162068_0, 1;
    %inv 8, 1;
    %set/v v01162068_0, 8, 1;
    %jmp T_1.0;
    %end;
    .thread T_1;
    .scope S_011A3240;
T_2 ;
    %set/v v0116EDB8_0, 1, 1;
    %set/v v0116ED08_0, 0, 1;
    %set/v v0116ECB0_0, 0, 16;
    %delay 7000, 0;
    %vpi_call 2 16 "$display", "%b %b %b %b", v0116EDB8_0, v0116ED08_0, v0116ECB0_0, v0116ED60_0;
    %set/v v0116EDB8_0, 0, 1;
    %set/v v0116ED08_0, 1, 1;
    %set/v v0116ECB0_0, 1, 16;
    %delay 10000, 0;
    %vpi_call 2 17 "$display", "%b %b %b %b", v0116EDB8_0, v0116ED08_0, v0116ECB0_0, v0116ED60_0;
    %set/v v0116ED08_0, 0, 1;
    %movi 8, 32768, 16;
    %set/v v0116ECB0_0, 8, 16;
    %delay 10000, 0;
    %vpi_call 2 18 "$display", "%b %b %b %b", v0116EDB8_0, v0116ED08_0, v0116ECB0_0, v0116ED60_0;
    %set/v v0116ED08_0, 1, 1;
    %movi 8, 32768, 16;
    %set/v v0116ECB0_0, 8, 16;
    %delay 10000, 0;
    %vpi_call 2 19 "$display", "%b %b %b %b", v0116EDB8_0, v0116ED08_0, v0116ECB0_0, v0116ED60_0;
    %set/v v0116EDB8_0, 1, 1;
    %delay 3000, 0;
    %vpi_call 2 20 "$display", "%b %b %b %b", v0116EDB8_0, v0116ED08_0, v0116ECB0_0, v0116ED60_0;
    %vpi_call 2 21 "$finish";
    %end;
    .thread T_2;
# The file index is used to find the file name in the following table.
:file_names 4;
    "N/A";
    "<interactive>";
    "D:\buffer gate\buffer gate\verilog-judge\backend\problems\register_16bit\tb.v";
    "D:\buffer gate\buffer gate\verilog-judge\backend\submissions\5f7daf02-8\submission.v";
