#! /c/iverilog/bin/vvp
:ivl_version "0.9.7 " "(v0_9_7)";
:vpi_time_precision - 12;
:vpi_module "system";
:vpi_module "v2005_math";
:vpi_module "va_math";
S_01233C10 .scope module, "tb" "tb" 2 2;
 .timescale -9 -12;
v0123D600_0 .var "a", 7 0;
v0123D658_0 .var "b", 7 0;
v0123D6B0_0 .var "sel", 0 0;
v0123D708_0 .net "y", 7 0, C4<zzzzzzzz>; 0 drivers
S_012333F8 .scope module, "dut" "mux_2to1" 2 8, 3 1, S_01233C10;
 .timescale 0 0;
v01233480_0 .net "a", 7 0, v0123D600_0; 1 drivers
v012334D8_0 .net "b", 7 0, v0123D658_0; 1 drivers
v0123D550_0 .net "sel", 0 0, v0123D6B0_0; 1 drivers
v0123D5A8_0 .alias "y", 7 0, v0123D708_0;
    .scope S_01233C10;
T_0 ;
    %vpi_call 2 11 "$dumpfile", "simulation.vcd";
    %vpi_call 2 12 "$dumpvars", 1'sb0, S_01233C10;
    %set/v v0123D600_0, 0, 8;
    %set/v v0123D658_0, 0, 8;
    %set/v v0123D6B0_0, 0, 1;
    %delay 1000, 0;
    %vpi_call 2 13 "$display", "%b", v0123D708_0;
    %movi 8, 1, 8;
    %set/v v0123D600_0, 8, 8;
    %movi 8, 1, 8;
    %set/v v0123D658_0, 8, 8;
    %set/v v0123D6B0_0, 1, 1;
    %delay 1000, 0;
    %vpi_call 2 14 "$display", "%b", v0123D708_0;
    %set/v v0123D600_0, 1, 8;
    %set/v v0123D658_0, 1, 8;
    %set/v v0123D6B0_0, 0, 1;
    %delay 1000, 0;
    %vpi_call 2 15 "$display", "%b", v0123D708_0;
    %movi 8, 170, 8;
    %set/v v0123D600_0, 8, 8;
    %movi 8, 170, 8;
    %set/v v0123D658_0, 8, 8;
    %set/v v0123D6B0_0, 1, 1;
    %delay 1000, 0;
    %vpi_call 2 16 "$display", "%b", v0123D708_0;
    %movi 8, 2, 8;
    %set/v v0123D600_0, 8, 8;
    %movi 8, 2, 8;
    %set/v v0123D658_0, 8, 8;
    %set/v v0123D6B0_0, 0, 1;
    %delay 1000, 0;
    %vpi_call 2 17 "$display", "%b", v0123D708_0;
    %movi 8, 3, 8;
    %set/v v0123D600_0, 8, 8;
    %movi 8, 3, 8;
    %set/v v0123D658_0, 8, 8;
    %set/v v0123D6B0_0, 1, 1;
    %delay 1000, 0;
    %vpi_call 2 18 "$display", "%b", v0123D708_0;
    %movi 8, 127, 8;
    %set/v v0123D600_0, 8, 8;
    %movi 8, 127, 8;
    %set/v v0123D658_0, 8, 8;
    %set/v v0123D6B0_0, 0, 1;
    %delay 1000, 0;
    %vpi_call 2 19 "$display", "%b", v0123D708_0;
    %movi 8, 170, 8;
    %set/v v0123D600_0, 8, 8;
    %movi 8, 170, 8;
    %set/v v0123D658_0, 8, 8;
    %set/v v0123D6B0_0, 1, 1;
    %delay 1000, 0;
    %vpi_call 2 20 "$display", "%b", v0123D708_0;
    %vpi_call 2 21 "$finish";
    %end;
    .thread T_0;
# The file index is used to find the file name in the following table.
:file_names 4;
    "N/A";
    "<interactive>";
    "D:\buffer gate\buffer gate\verilog-judge\backend\problems\mux_2to1\tb.v";
    "D:\buffer gate\buffer gate\verilog-judge\backend\submissions\993349af-e\submission.v";
