#! /c/iverilog/bin/vvp
:ivl_version "0.9.7 " "(v0_9_7)";
:vpi_time_precision - 12;
:vpi_module "system";
:vpi_module "v2005_math";
:vpi_module "va_math";
S_012B4DC8 .scope module, "tb" "tb" 2 2;
 .timescale -9 -12;
v011722F8_0 .var "a", 15 0;
v01172350_0 .net "y", 0 0, L_011723A8; 1 drivers
S_012B1F60 .scope module, "dut" "bit_select_16bit_1" 2 6, 3 1, S_012B4DC8;
 .timescale 0 0;
v012B1FE8_0 .net "a", 15 0, v011722F8_0; 1 drivers
v012B2040_0 .alias "y", 0 0, v01172350_0;
L_011723A8 .part v011722F8_0, 1, 1;
    .scope S_012B4DC8;
T_0 ;
    %vpi_call 2 9 "$dumpfile", "simulation.vcd";
    %vpi_call 2 10 "$dumpvars", 1'sb0, S_012B4DC8;
    %set/v v011722F8_0, 0, 16;
    %delay 5000, 0;
    %vpi_call 2 11 "$display", "%b %b", v011722F8_0, v01172350_0;
    %movi 8, 2, 16;
    %set/v v011722F8_0, 8, 16;
    %delay 5000, 0;
    %vpi_call 2 12 "$display", "%b %b", v011722F8_0, v01172350_0;
    %set/v v011722F8_0, 1, 16;
    %delay 5000, 0;
    %vpi_call 2 13 "$display", "%b %b", v011722F8_0, v01172350_0;
    %movi 8, 43690, 16;
    %set/v v011722F8_0, 8, 16;
    %delay 5000, 0;
    %vpi_call 2 14 "$display", "%b %b", v011722F8_0, v01172350_0;
    %vpi_call 2 15 "$finish";
    %end;
    .thread T_0;
# The file index is used to find the file name in the following table.
:file_names 4;
    "N/A";
    "<interactive>";
    "D:\buffer gate\buffer gate\verilog-judge\backend\problems\bit_select_16bit_1\tb.v";
    "D:\buffer gate\buffer gate\verilog-judge\backend\submissions\6ee1f51c-f\submission.v";
