#! /c/iverilog/bin/vvp
:ivl_version "0.9.7 " "(v0_9_7)";
:vpi_time_precision - 12;
:vpi_module "system";
:vpi_module "v2005_math";
:vpi_module "va_math";
S_011D5428 .scope module, "tb" "tb" 2 2;
 .timescale -9 -12;
v011D8508_0 .var "a", 31 0;
v011DEE90_0 .net "y", 31 0, L_01212960; 1 drivers
S_011D4CB8 .scope module, "dut" "bit_clear_32bit_3" 2 6, 3 1, S_011D5428;
 .timescale 0 0;
L_01212960 .functor AND 32, v011D8508_0, C4<11111111111111111111111111110111>, C4<11111111111111111111111111111111>, C4<11111111111111111111111111111111>;
v011D4760_0 .net *"_s0", 31 0, C4<11111111111111111111111111110111>; 1 drivers
v011D8350_0 .net "a", 31 0, v011D8508_0; 1 drivers
v011D45C0_0 .alias "y", 31 0, v011DEE90_0;
    .scope S_011D5428;
T_0 ;
    %vpi_call 2 9 "$dumpfile", "simulation.vcd";
    %vpi_call 2 10 "$dumpvars", 1'sb0, S_011D5428;
    %set/v v011D8508_0, 0, 32;
    %delay 5000, 0;
    %vpi_call 2 11 "$display", "%b %b", v011D8508_0, v011DEE90_0;
    %movi 8, 8, 32;
    %set/v v011D8508_0, 8, 32;
    %delay 5000, 0;
    %vpi_call 2 12 "$display", "%b %b", v011D8508_0, v011DEE90_0;
    %set/v v011D8508_0, 1, 32;
    %delay 5000, 0;
    %vpi_call 2 13 "$display", "%b %b", v011D8508_0, v011DEE90_0;
    %movi 8, 2863311530, 32;
    %set/v v011D8508_0, 8, 32;
    %delay 5000, 0;
    %vpi_call 2 14 "$display", "%b %b", v011D8508_0, v011DEE90_0;
    %vpi_call 2 15 "$finish";
    %end;
    .thread T_0;
# The file index is used to find the file name in the following table.
:file_names 4;
    "N/A";
    "<interactive>";
    "D:\buffer gate\buffer gate\verilog-judge\backend\problems\bit_clear_32bit_3\tb.v";
    "D:\buffer gate\buffer gate\verilog-judge\backend\submissions\9cb091e4-e\submission.v";
