#! /c/iverilog/bin/vvp
:ivl_version "0.9.7 " "(v0_9_7)";
:vpi_time_precision - 12;
:vpi_module "system";
:vpi_module "v2005_math";
:vpi_module "va_math";
S_011E54E0 .scope module, "tb" "tb" 2 2;
 .timescale -9 -12;
v011E2028_0 .var "a", 0 0;
v011E5780_0 .var "b", 0 0;
v011E57D8_0 .var "sel", 0 0;
v011E5830_0 .net "y", 0 0, L_011E5888; 1 drivers
S_01222970 .scope module, "dut" "mux2_1bit" 2 7, 3 1, S_011E54E0;
 .timescale 0 0;
v012229F8_0 .net "a", 0 0, v011E2028_0; 1 drivers
v01222A50_0 .net "b", 0 0, v011E5780_0; 1 drivers
v011E1F78_0 .net "sel", 0 0, v011E57D8_0; 1 drivers
v011E1FD0_0 .alias "y", 0 0, v011E5830_0;
L_011E5888 .functor MUXZ 1, v011E2028_0, v011E5780_0, v011E57D8_0, C4<>;
    .scope S_011E54E0;
T_0 ;
    %vpi_call 2 10 "$dumpfile", "simulation.vcd";
    %vpi_call 2 11 "$dumpvars", 1'sb0, S_011E54E0;
    %set/v v011E2028_0, 0, 1;
    %set/v v011E5780_0, 1, 1;
    %set/v v011E57D8_0, 0, 1;
    %delay 5000, 0;
    %vpi_call 2 12 "$display", "%b %b %b %b", v011E2028_0, v011E5780_0, v011E57D8_0, v011E5830_0;
    %set/v v011E2028_0, 0, 1;
    %set/v v011E5780_0, 1, 1;
    %set/v v011E57D8_0, 1, 1;
    %delay 5000, 0;
    %vpi_call 2 13 "$display", "%b %b %b %b", v011E2028_0, v011E5780_0, v011E57D8_0, v011E5830_0;
    %set/v v011E2028_0, 1, 1;
    %set/v v011E5780_0, 0, 1;
    %set/v v011E57D8_0, 0, 1;
    %delay 5000, 0;
    %vpi_call 2 14 "$display", "%b %b %b %b", v011E2028_0, v011E5780_0, v011E57D8_0, v011E5830_0;
    %set/v v011E2028_0, 1, 1;
    %set/v v011E5780_0, 0, 1;
    %set/v v011E57D8_0, 1, 1;
    %delay 5000, 0;
    %vpi_call 2 15 "$display", "%b %b %b %b", v011E2028_0, v011E5780_0, v011E57D8_0, v011E5830_0;
    %vpi_call 2 16 "$finish";
    %end;
    .thread T_0;
# The file index is used to find the file name in the following table.
:file_names 4;
    "N/A";
    "<interactive>";
    "D:\buffer gate\buffer gate\verilog-judge\backend\problems\mux2_1bit\tb.v";
    "D:\buffer gate\buffer gate\verilog-judge\backend\submissions\bb30621a-a\submission.v";
