#! /c/iverilog/bin/vvp
:ivl_version "0.9.7 " "(v0_9_7)";
:vpi_time_precision - 12;
:vpi_module "system";
:vpi_module "v2005_math";
:vpi_module "va_math";
S_01181F60 .scope module, "tb" "tb" 2 2;
 .timescale -9 -12;
v011C2368_0 .var "a", 3 0;
v011C23C0_0 .net "y", 0 0, L_011C2418; 1 drivers
S_01181FE8 .scope module, "dut" "bit_select_4bit_3" 2 6, 3 1, S_01181F60;
 .timescale 0 0;
v01184ED8_0 .net "a", 3 0, v011C2368_0; 1 drivers
v011C2310_0 .alias "y", 0 0, v011C23C0_0;
L_011C2418 .part v011C2368_0, 3, 1;
    .scope S_01181F60;
T_0 ;
    %vpi_call 2 9 "$dumpfile", "simulation.vcd";
    %vpi_call 2 10 "$dumpvars", 1'sb0, S_01181F60;
    %set/v v011C2368_0, 0, 4;
    %delay 5000, 0;
    %vpi_call 2 11 "$display", "%b %b", v011C2368_0, v011C23C0_0;
    %movi 8, 8, 4;
    %set/v v011C2368_0, 8, 4;
    %delay 5000, 0;
    %vpi_call 2 12 "$display", "%b %b", v011C2368_0, v011C23C0_0;
    %set/v v011C2368_0, 1, 4;
    %delay 5000, 0;
    %vpi_call 2 13 "$display", "%b %b", v011C2368_0, v011C23C0_0;
    %movi 8, 10, 4;
    %set/v v011C2368_0, 8, 4;
    %delay 5000, 0;
    %vpi_call 2 14 "$display", "%b %b", v011C2368_0, v011C23C0_0;
    %vpi_call 2 15 "$finish";
    %end;
    .thread T_0;
# The file index is used to find the file name in the following table.
:file_names 4;
    "N/A";
    "<interactive>";
    "D:\buffer gate\buffer gate\verilog-judge\backend\problems\bit_select_4bit_3\tb.v";
    "D:\buffer gate\buffer gate\verilog-judge\backend\submissions\7eec791e-7\submission.v";
