#! /c/iverilog/bin/vvp
:ivl_version "0.9.7 " "(v0_9_7)";
:vpi_time_precision - 12;
:vpi_module "system";
:vpi_module "v2005_math";
:vpi_module "va_math";
S_01138B40 .scope module, "tb" "tb" 2 2;
 .timescale -9 -12;
v0113EAC8_0 .var "clk", 0 0;
v011341D8_0 .var "d", 0 0;
v01134230_0 .net "q", 0 0, v0113E948_0; 1 drivers
v011333F8_0 .var "rst", 0 0;
S_01134150 .scope module, "dut" "d_flipflop_sync_reset" 2 8, 3 1, S_01138B40;
 .timescale 0 0;
v0113DDE0_0 .net "clk", 0 0, v0113EAC8_0; 1 drivers
v0113DEA0_0 .net "d", 0 0, v011341D8_0; 1 drivers
v0113E948_0 .var "q", 0 0;
v0113EA08_0 .net "rst", 0 0, v011333F8_0; 1 drivers
E_01151110 .event posedge, v0113DDE0_0;
    .scope S_01134150;
T_0 ;
    %wait E_01151110;
    %load/v 8, v0113EA08_0, 1;
    %jmp/0xz  T_0.0, 8;
    %ix/load 0, 1, 0;
    %assign/v0 v0113E948_0, 0, 0;
    %jmp T_0.1;
T_0.0 ;
    %load/v 8, v0113DEA0_0, 1;
    %ix/load 0, 1, 0;
    %assign/v0 v0113E948_0, 0, 8;
T_0.1 ;
    %jmp T_0;
    .thread T_0;
    .scope S_01138B40;
T_1 ;
    %set/v v0113EAC8_0, 0, 1;
T_1.0 ;
    %delay 5000, 0;
    %load/v 8, v0113EAC8_0, 1;
    %inv 8, 1;
    %set/v v0113EAC8_0, 8, 1;
    %jmp T_1.0;
    %end;
    .thread T_1;
    .scope S_01138B40;
T_2 ;
    %vpi_call 2 12 "$dumpfile", "simulation.vcd";
    %vpi_call 2 13 "$dumpvars", 1'sb0, S_01138B40;
    %set/v v011333F8_0, 1, 1;
    %set/v v011341D8_0, 0, 1;
    %delay 1000, 0;
    %wait E_01151110;
    %delay 1000, 0;
    %vpi_call 2 14 "$display", "%b", v01134230_0;
    %set/v v011333F8_0, 0, 1;
    %set/v v011341D8_0, 1, 1;
    %delay 1000, 0;
    %wait E_01151110;
    %delay 1000, 0;
    %vpi_call 2 15 "$display", "%b", v01134230_0;
    %set/v v011333F8_0, 0, 1;
    %set/v v011341D8_0, 1, 1;
    %delay 1000, 0;
    %wait E_01151110;
    %delay 1000, 0;
    %vpi_call 2 16 "$display", "%b", v01134230_0;
    %set/v v011333F8_0, 0, 1;
    %set/v v011341D8_0, 0, 1;
    %delay 1000, 0;
    %wait E_01151110;
    %delay 1000, 0;
    %vpi_call 2 17 "$display", "%b", v01134230_0;
    %set/v v011333F8_0, 0, 1;
    %set/v v011341D8_0, 0, 1;
    %delay 1000, 0;
    %wait E_01151110;
    %delay 1000, 0;
    %vpi_call 2 18 "$display", "%b", v01134230_0;
    %set/v v011333F8_0, 0, 1;
    %set/v v011341D8_0, 1, 1;
    %delay 1000, 0;
    %wait E_01151110;
    %delay 1000, 0;
    %vpi_call 2 19 "$display", "%b", v01134230_0;
    %set/v v011333F8_0, 0, 1;
    %set/v v011341D8_0, 0, 1;
    %delay 1000, 0;
    %wait E_01151110;
    %delay 1000, 0;
    %vpi_call 2 20 "$display", "%b", v01134230_0;
    %set/v v011333F8_0, 0, 1;
    %set/v v011341D8_0, 0, 1;
    %delay 1000, 0;
    %wait E_01151110;
    %delay 1000, 0;
    %vpi_call 2 21 "$display", "%b", v01134230_0;
    %vpi_call 2 22 "$finish";
    %end;
    .thread T_2;
# The file index is used to find the file name in the following table.
:file_names 4;
    "N/A";
    "<interactive>";
    "D:\buffer gate\buffer gate\verilog-judge\backend\problems\d_flipflop_sync_reset\tb.v";
    "D:\buffer gate\buffer gate\verilog-judge\backend\submissions\2e858d87-6\submission.v";
