#! /c/iverilog/bin/vvp
:ivl_version "0.9.7 " "(v0_9_7)";
:vpi_time_precision - 12;
:vpi_module "system";
:vpi_module "v2005_math";
:vpi_module "va_math";
S_00AFECF8 .scope module, "tb" "tb" 2 2;
 .timescale -9 -12;
v01230EC0_0 .var "a", 0 0;
v01231078_0 .var "b", 0 0;
v012311D8_0 .var "cin", 0 0;
v01230D08_0 .net "cout", 0 0, L_00AFA228; 1 drivers
v01231338_0 .net "sum", 0 0, L_00AF2098; 1 drivers
S_00AFDF28 .scope module, "dut" "full_adder" 2 6, 3 1, S_00AFECF8;
 .timescale 0 0;
L_01232CB0 .functor XOR 1, v01230EC0_0, v01231078_0, C4<0>, C4<0>;
L_00AF2098 .functor XOR 1, L_01232CB0, v012311D8_0, C4<0>, C4<0>;
L_00AFA260 .functor AND 1, v01230EC0_0, v01231078_0, C4<1>, C4<1>;
L_00AFA298 .functor AND 1, v01230EC0_0, v012311D8_0, C4<1>, C4<1>;
L_00AF2028 .functor OR 1, L_00AFA260, L_00AFA298, C4<0>, C4<0>;
L_00AFB768 .functor AND 1, v01231078_0, v012311D8_0, C4<1>, C4<1>;
L_00AFA228 .functor OR 1, L_00AF2028, L_00AFB768, C4<0>, C4<0>;
v00AFDB18_0 .net *"_s0", 0 0, L_01232CB0; 1 drivers
v00AF83F8_0 .net *"_s10", 0 0, L_00AFB768; 1 drivers
v00AF8450_0 .net *"_s4", 0 0, L_00AFA260; 1 drivers
v00AF84A8_0 .net *"_s6", 0 0, L_00AFA298; 1 drivers
v01232BA8_0 .net *"_s8", 0 0, L_00AF2028; 1 drivers
v01232C00_0 .net "a", 0 0, v01230EC0_0; 1 drivers
v01232C58_0 .net "b", 0 0, v01231078_0; 1 drivers
v00AF1F78_0 .net "cin", 0 0, v012311D8_0; 1 drivers
v00AF1FD0_0 .alias "cout", 0 0, v01230D08_0;
v01230C58_0 .alias "sum", 0 0, v01231338_0;
    .scope S_00AFECF8;
T_0 ;
    %vpi_call 2 9 "$dumpfile", "simulation.vcd";
    %vpi_call 2 10 "$dumpvars", 1'sb0, S_00AFECF8;
    %set/v v01230EC0_0, 0, 1;
    %set/v v01231078_0, 0, 1;
    %set/v v012311D8_0, 0, 1;
    %delay 5000, 0;
    %vpi_call 2 12 "$display", "%b %b %b %b %b", v01230EC0_0, v01231078_0, v012311D8_0, v01231338_0, v01230D08_0;
    %set/v v01230EC0_0, 0, 1;
    %set/v v01231078_0, 0, 1;
    %set/v v012311D8_0, 1, 1;
    %delay 5000, 0;
    %vpi_call 2 13 "$display", "%b %b %b %b %b", v01230EC0_0, v01231078_0, v012311D8_0, v01231338_0, v01230D08_0;
    %set/v v01230EC0_0, 0, 1;
    %set/v v01231078_0, 1, 1;
    %set/v v012311D8_0, 0, 1;
    %delay 5000, 0;
    %vpi_call 2 14 "$display", "%b %b %b %b %b", v01230EC0_0, v01231078_0, v012311D8_0, v01231338_0, v01230D08_0;
    %set/v v01230EC0_0, 0, 1;
    %set/v v01231078_0, 1, 1;
    %set/v v012311D8_0, 1, 1;
    %delay 5000, 0;
    %vpi_call 2 15 "$display", "%b %b %b %b %b", v01230EC0_0, v01231078_0, v012311D8_0, v01231338_0, v01230D08_0;
    %set/v v01230EC0_0, 1, 1;
    %set/v v01231078_0, 0, 1;
    %set/v v012311D8_0, 0, 1;
    %delay 5000, 0;
    %vpi_call 2 16 "$display", "%b %b %b %b %b", v01230EC0_0, v01231078_0, v012311D8_0, v01231338_0, v01230D08_0;
    %set/v v01230EC0_0, 1, 1;
    %set/v v01231078_0, 0, 1;
    %set/v v012311D8_0, 1, 1;
    %delay 5000, 0;
    %vpi_call 2 17 "$display", "%b %b %b %b %b", v01230EC0_0, v01231078_0, v012311D8_0, v01231338_0, v01230D08_0;
    %set/v v01230EC0_0, 1, 1;
    %set/v v01231078_0, 1, 1;
    %set/v v012311D8_0, 0, 1;
    %delay 5000, 0;
    %vpi_call 2 18 "$display", "%b %b %b %b %b", v01230EC0_0, v01231078_0, v012311D8_0, v01231338_0, v01230D08_0;
    %set/v v01230EC0_0, 1, 1;
    %set/v v01231078_0, 1, 1;
    %set/v v012311D8_0, 1, 1;
    %delay 5000, 0;
    %vpi_call 2 19 "$display", "%b %b %b %b %b", v01230EC0_0, v01231078_0, v012311D8_0, v01231338_0, v01230D08_0;
    %vpi_call 2 20 "$finish";
    %end;
    .thread T_0;
# The file index is used to find the file name in the following table.
:file_names 4;
    "N/A";
    "<interactive>";
    "D:\buffer gate\buffer gate\verilog-judge\backend\problems\full_adder\tb.v";
    "D:\buffer gate\buffer gate\verilog-judge\backend\submissions\3c21bd41-c\submission.v";
