#! /c/iverilog/bin/vvp
:ivl_version "0.9.7 " "(v0_9_7)";
:vpi_time_precision - 12;
:vpi_module "system";
:vpi_module "v2005_math";
:vpi_module "va_math";
S_01165238 .scope module, "tb" "tb" 2 2;
 .timescale -9 -12;
v011A29D0_0 .var "a", 7 0;
v01161F60_0 .var "b", 7 0;
v01161FB8_0 .net "g", 0 0, C4<0>; 1 drivers
v01162010_0 .net "p", 0 0, C4<0>; 1 drivers
S_01165538 .scope module, "dut" "carry_generate_combiner" 2 8, 3 1, S_01165238;
 .timescale 0 0;
v01165980_0 .net "a", 7 0, v011A29D0_0; 1 drivers
v0116EF48_0 .net "b", 7 0, v01161F60_0; 1 drivers
v011A2920_0 .alias "g", 0 0, v01161FB8_0;
v011A2978_0 .alias "p", 0 0, v01162010_0;
    .scope S_01165238;
T_0 ;
    %vpi_call 2 11 "$dumpfile", "simulation.vcd";
    %vpi_call 2 12 "$dumpvars", 1'sb0, S_01165238;
    %set/v v011A29D0_0, 0, 8;
    %set/v v01161F60_0, 0, 8;
    %delay 5000, 0;
    %vpi_call 2 13 "$display", "%b %b", v01161FB8_0, v01162010_0;
    %movi 8, 1, 8;
    %set/v v011A29D0_0, 8, 8;
    %movi 8, 1, 8;
    %set/v v01161F60_0, 8, 8;
    %delay 5000, 0;
    %vpi_call 2 14 "$display", "%b %b", v01161FB8_0, v01162010_0;
    %set/v v011A29D0_0, 1, 8;
    %set/v v01161F60_0, 1, 8;
    %delay 5000, 0;
    %vpi_call 2 15 "$display", "%b %b", v01161FB8_0, v01162010_0;
    %movi 8, 170, 8;
    %set/v v011A29D0_0, 8, 8;
    %movi 8, 170, 8;
    %set/v v01161F60_0, 8, 8;
    %delay 5000, 0;
    %vpi_call 2 16 "$display", "%b %b", v01161FB8_0, v01162010_0;
    %vpi_call 2 17 "$finish";
    %end;
    .thread T_0;
# The file index is used to find the file name in the following table.
:file_names 4;
    "N/A";
    "<interactive>";
    "D:\buffer gate\buffer gate\verilog-judge\backend\problems\carry_generate_combiner\tb.v";
    "D:\buffer gate\buffer gate\verilog-judge\backend\submissions\ed1e58fa-a\submission.v";
