#! /c/iverilog/bin/vvp
:ivl_version "0.9.7 " "(v0_9_7)";
:vpi_time_precision - 12;
:vpi_module "system";
:vpi_module "v2005_math";
:vpi_module "va_math";
S_0122DF60 .scope module, "tb" "tb" 2 2;
 .timescale -9 -12;
v01222010_0 .var "clk", 0 0;
v0125F828_0 .var "read_addr_a", 2 0;
v0125F880_0 .var "read_addr_b", 2 0;
v0125F8D8_0 .net "read_data_a", 7 0, C4<00000000>; 1 drivers
v0125F930_0 .net "read_data_b", 7 0, C4<00000000>; 1 drivers
v0125FF88_0 .var "rst", 0 0;
v0125FFE0_0 .var "write_addr", 2 0;
v0125FDD0_0 .var "write_data", 7 0;
v0125FAB8_0 .var "write_en", 0 0;
S_0122E868 .scope module, "dut" "register_file_8x8_2r1w" 2 13, 3 1, S_0122DF60;
 .timescale 0 0;
v01229BB0_0 .net "clk", 0 0, v01222010_0; 1 drivers
v0122B9C8_0 .net "read_addr_a", 2 0, v0125F828_0; 1 drivers
v0122BA20_0 .net "read_addr_b", 2 0, v0125F880_0; 1 drivers
v0122BA78_0 .alias "read_data_a", 7 0, v0125F8D8_0;
v01263480_0 .alias "read_data_b", 7 0, v0125F930_0;
v012634D8_0 .net "rst", 0 0, v0125FF88_0; 1 drivers
v01263530_0 .net "write_addr", 2 0, v0125FFE0_0; 1 drivers
v01221F60_0 .net "write_data", 7 0, v0125FDD0_0; 1 drivers
v01221FB8_0 .net "write_en", 0 0, v0125FAB8_0; 1 drivers
    .scope S_0122DF60;
T_0 ;
    %set/v v01222010_0, 0, 1;
T_0.0 ;
    %delay 5000, 0;
    %load/v 8, v01222010_0, 1;
    %inv 8, 1;
    %set/v v01222010_0, 8, 1;
    %jmp T_0.0;
    %end;
    .thread T_0;
    .scope S_0122DF60;
T_1 ;
    %vpi_call 2 17 "$dumpfile", "simulation.vcd";
    %vpi_call 2 18 "$dumpvars", 1'sb0, S_0122DF60;
    %set/v v01222010_0, 0, 1;
    %set/v v0125FF88_0, 1, 1;
    %set/v v0125FAB8_0, 0, 1;
    %set/v v0125FFE0_0, 0, 3;
    %set/v v0125FDD0_0, 0, 8;
    %set/v v0125F828_0, 0, 3;
    %set/v v0125F880_0, 0, 3;
    %delay 5000, 0;
    %vpi_call 2 19 "$display", "%b %b", v0125F8D8_0, v0125F930_0;
    %set/v v01222010_0, 0, 1;
    %set/v v0125FF88_0, 0, 1;
    %set/v v0125FAB8_0, 1, 1;
    %movi 8, 1, 3;
    %set/v v0125FFE0_0, 8, 3;
    %movi 8, 1, 8;
    %set/v v0125FDD0_0, 8, 8;
    %movi 8, 1, 3;
    %set/v v0125F828_0, 8, 3;
    %movi 8, 1, 3;
    %set/v v0125F880_0, 8, 3;
    %delay 5000, 0;
    %vpi_call 2 20 "$display", "%b %b", v0125F8D8_0, v0125F930_0;
    %set/v v01222010_0, 0, 1;
    %set/v v0125FF88_0, 0, 1;
    %set/v v0125FAB8_0, 1, 1;
    %set/v v0125FFE0_0, 1, 3;
    %set/v v0125FDD0_0, 1, 8;
    %set/v v0125F828_0, 1, 3;
    %set/v v0125F880_0, 1, 3;
    %delay 5000, 0;
    %vpi_call 2 21 "$display", "%b %b", v0125F8D8_0, v0125F930_0;
    %set/v v01222010_0, 0, 1;
    %set/v v0125FF88_0, 0, 1;
    %set/v v0125FAB8_0, 0, 1;
    %movi 8, 2, 3;
    %set/v v0125FFE0_0, 8, 3;
    %movi 8, 170, 8;
    %set/v v0125FDD0_0, 8, 8;
    %movi 8, 2, 3;
    %set/v v0125F828_0, 8, 3;
    %movi 8, 2, 3;
    %set/v v0125F880_0, 8, 3;
    %delay 5000, 0;
    %vpi_call 2 22 "$display", "%b %b", v0125F8D8_0, v0125F930_0;
    %vpi_call 2 23 "$finish";
    %end;
    .thread T_1;
# The file index is used to find the file name in the following table.
:file_names 4;
    "N/A";
    "<interactive>";
    "D:\buffer gate\buffer gate\verilog-judge\backend\problems\register_file_8x8_2r1w\tb.v";
    "D:\buffer gate\buffer gate\verilog-judge\backend\submissions\be6ce24f-1\submission.v";
