#! /c/iverilog/bin/vvp
:ivl_version "0.9.7 " "(v0_9_7)";
:vpi_time_precision - 12;
:vpi_module "system";
:vpi_module "v2005_math";
:vpi_module "va_math";
S_012AECC8 .scope module, "tb" "tb" 2 2;
 .timescale -9 -12;
v012A42D8_0 .var "clear", 0 0;
v012A4330_0 .var "clk", 0 0;
v012A33F8_0 .net "count", 3 0, v012AEAC0_0; 1 drivers
v012A3450_0 .var "rst", 0 0;
E_012A9460 .event posedge, v012AE820_0;
S_012A4250 .scope module, "dut" "synchronous_clear_counter" 2 8, 3 1, S_012AECC8;
 .timescale 0 0;
v012AE760_0 .net "clear", 0 0, v012A42D8_0; 1 drivers
v012AE820_0 .net "clk", 0 0, v012A4330_0; 1 drivers
v012AEAC0_0 .var "count", 3 0;
v012AEB80_0 .net "rst", 0 0, v012A3450_0; 1 drivers
E_012A96E0 .event posedge, v012AEB80_0, v012AE820_0;
    .scope S_012A4250;
T_0 ;
    %wait E_012A96E0;
    %load/v 8, v012AEB80_0, 1;
    %jmp/0xz  T_0.0, 8;
    %ix/load 0, 4, 0;
    %assign/v0 v012AEAC0_0, 0, 0;
T_0.0 ;
    %load/v 8, v012AE760_0, 1;
    %inv 8, 1;
    %jmp/0xz  T_0.2, 8;
    %load/v 8, v012AEAC0_0, 4;
    %mov 12, 0, 28;
    %addi 8, 1, 32;
    %ix/load 0, 4, 0;
    %assign/v0 v012AEAC0_0, 0, 8;
T_0.2 ;
    %jmp T_0;
    .thread T_0;
    .scope S_012AECC8;
T_1 ;
    %set/v v012A4330_0, 0, 1;
T_1.0 ;
    %delay 5000, 0;
    %load/v 8, v012A4330_0, 1;
    %inv 8, 1;
    %set/v v012A4330_0, 8, 1;
    %jmp T_1.0;
    %end;
    .thread T_1;
    .scope S_012AECC8;
T_2 ;
    %vpi_call 2 12 "$dumpfile", "simulation.vcd";
    %vpi_call 2 13 "$dumpvars", 1'sb0, S_012AECC8;
    %set/v v012A3450_0, 1, 1;
    %set/v v012A42D8_0, 0, 1;
    %delay 1000, 0;
    %wait E_012A9460;
    %delay 1000, 0;
    %vpi_call 2 14 "$display", "%b", v012A33F8_0;
    %set/v v012A3450_0, 0, 1;
    %set/v v012A42D8_0, 1, 1;
    %delay 1000, 0;
    %wait E_012A9460;
    %delay 1000, 0;
    %vpi_call 2 15 "$display", "%b", v012A33F8_0;
    %set/v v012A3450_0, 0, 1;
    %set/v v012A42D8_0, 1, 1;
    %delay 1000, 0;
    %wait E_012A9460;
    %delay 1000, 0;
    %vpi_call 2 16 "$display", "%b", v012A33F8_0;
    %set/v v012A3450_0, 0, 1;
    %set/v v012A42D8_0, 0, 1;
    %delay 1000, 0;
    %wait E_012A9460;
    %delay 1000, 0;
    %vpi_call 2 17 "$display", "%b", v012A33F8_0;
    %set/v v012A3450_0, 0, 1;
    %set/v v012A42D8_0, 0, 1;
    %delay 1000, 0;
    %wait E_012A9460;
    %delay 1000, 0;
    %vpi_call 2 18 "$display", "%b", v012A33F8_0;
    %set/v v012A3450_0, 0, 1;
    %set/v v012A42D8_0, 1, 1;
    %delay 1000, 0;
    %wait E_012A9460;
    %delay 1000, 0;
    %vpi_call 2 19 "$display", "%b", v012A33F8_0;
    %set/v v012A3450_0, 0, 1;
    %set/v v012A42D8_0, 0, 1;
    %delay 1000, 0;
    %wait E_012A9460;
    %delay 1000, 0;
    %vpi_call 2 20 "$display", "%b", v012A33F8_0;
    %set/v v012A3450_0, 0, 1;
    %set/v v012A42D8_0, 0, 1;
    %delay 1000, 0;
    %wait E_012A9460;
    %delay 1000, 0;
    %vpi_call 2 21 "$display", "%b", v012A33F8_0;
    %vpi_call 2 22 "$finish";
    %end;
    .thread T_2;
# The file index is used to find the file name in the following table.
:file_names 4;
    "N/A";
    "<interactive>";
    "D:\buffer gate\buffer gate\verilog-judge\backend\problems\synchronous_clear_counter\tb.v";
    "D:\buffer gate\buffer gate\verilog-judge\backend\submissions\0fc1e4d3-c\submission.v";
