#! /c/iverilog/bin/vvp
:ivl_version "0.9.7 " "(v0_9_7)";
:vpi_time_precision - 12;
:vpi_module "system";
:vpi_module "v2005_math";
:vpi_module "va_math";
S_012D4990 .scope module, "tb" "tb" 2 2;
 .timescale -9 -12;
v012DEE18_0 .net "code", 1 0, v012D33F8_0; 1 drivers
v012DEE70_0 .var "in", 3 0;
v012DEEC8_0 .net "valid", 0 0, v012D34A8_0; 1 drivers
S_012D4A18 .scope module, "dut" "priority_encoder_4to2" 2 7, 3 1, S_012D4990;
 .timescale 0 0;
v012D33F8_0 .var "code", 1 0;
v012D3450_0 .net "in", 3 0, v012DEE70_0; 1 drivers
v012D34A8_0 .var "valid", 0 0;
E_012D8120 .event edge, v012D3450_0;
    .scope S_012D4A18;
T_0 ;
    %wait E_012D8120;
    %set/v v012D34A8_0, 1, 1;
    %load/v 8, v012D3450_0, 4;
    %mov 12, 3, 3;
    %movi 15, 1, 1;
    %cmp/z 8, 12, 4;
    %jmp/1 T_0.0, 4;
    %mov 16, 3, 2;
    %movi 18, 1, 2;
    %cmp/z 8, 16, 4;
    %jmp/1 T_0.1, 4;
    %mov 20, 3, 1;
    %movi 21, 1, 3;
    %cmp/z 8, 20, 4;
    %jmp/1 T_0.2, 4;
    %movi 24, 1, 4;
    %cmp/z 8, 24, 4;
    %jmp/1 T_0.3, 4;
    %set/v v012D33F8_0, 2, 2;
    %set/v v012D34A8_0, 0, 1;
    %jmp T_0.5;
T_0.0 ;
    %set/v v012D33F8_0, 1, 2;
    %jmp T_0.5;
T_0.1 ;
    %movi 8, 2, 2;
    %set/v v012D33F8_0, 8, 2;
    %jmp T_0.5;
T_0.2 ;
    %movi 8, 1, 2;
    %set/v v012D33F8_0, 8, 2;
    %jmp T_0.5;
T_0.3 ;
    %set/v v012D33F8_0, 0, 2;
    %jmp T_0.5;
T_0.5 ;
    %jmp T_0;
    .thread T_0, $push;
    .scope S_012D4990;
T_1 ;
    %vpi_call 2 10 "$dumpfile", "simulation.vcd";
    %vpi_call 2 11 "$dumpvars", 1'sb0, S_012D4990;
    %set/v v012DEE70_0, 0, 4;
    %delay 1000, 0;
    %vpi_call 2 12 "$display", "%b %b", v012DEE18_0, v012DEEC8_0;
    %movi 8, 1, 4;
    %set/v v012DEE70_0, 8, 4;
    %delay 1000, 0;
    %vpi_call 2 13 "$display", "%b %b", v012DEE18_0, v012DEEC8_0;
    %set/v v012DEE70_0, 1, 4;
    %delay 1000, 0;
    %vpi_call 2 14 "$display", "%b %b", v012DEE18_0, v012DEEC8_0;
    %movi 8, 10, 4;
    %set/v v012DEE70_0, 8, 4;
    %delay 1000, 0;
    %vpi_call 2 15 "$display", "%b %b", v012DEE18_0, v012DEEC8_0;
    %movi 8, 2, 4;
    %set/v v012DEE70_0, 8, 4;
    %delay 1000, 0;
    %vpi_call 2 16 "$display", "%b %b", v012DEE18_0, v012DEEC8_0;
    %movi 8, 3, 4;
    %set/v v012DEE70_0, 8, 4;
    %delay 1000, 0;
    %vpi_call 2 17 "$display", "%b %b", v012DEE18_0, v012DEEC8_0;
    %movi 8, 7, 4;
    %set/v v012DEE70_0, 8, 4;
    %delay 1000, 0;
    %vpi_call 2 18 "$display", "%b %b", v012DEE18_0, v012DEEC8_0;
    %movi 8, 10, 4;
    %set/v v012DEE70_0, 8, 4;
    %delay 1000, 0;
    %vpi_call 2 19 "$display", "%b %b", v012DEE18_0, v012DEEC8_0;
    %vpi_call 2 20 "$finish";
    %end;
    .thread T_1;
# The file index is used to find the file name in the following table.
:file_names 4;
    "N/A";
    "<interactive>";
    "D:\buffer gate\buffer gate\verilog-judge\backend\problems\priority_encoder_4to2\tb.v";
    "D:\buffer gate\buffer gate\verilog-judge\backend\submissions\1dfe8dc5-e\submission.v";
