#! /c/iverilog/bin/vvp
:ivl_version "0.9.7 " "(v0_9_7)";
:vpi_time_precision - 12;
:vpi_module "system";
:vpi_module "v2005_math";
:vpi_module "va_math";
S_012657A0 .scope module, "tb" "tb" 2 2;
 .timescale -9 -12;
v011823F8_0 .var "a", 15 0;
v01182450_0 .net "y", 15 0, L_012656C0; 1 drivers
S_01182370 .scope module, "dut" "not_16bit" 2 6, 3 1, S_012657A0;
 .timescale 0 0;
L_012656C0 .functor NOT 16, v011823F8_0, C4<0000000000000000>, C4<0000000000000000>, C4<0000000000000000>;
v01264560_0 .net "a", 15 0, v011823F8_0; 1 drivers
v0126EF48_0 .alias "y", 15 0, v01182450_0;
    .scope S_012657A0;
T_0 ;
    %vpi_call 2 9 "$dumpfile", "simulation.vcd";
    %vpi_call 2 10 "$dumpvars", 1'sb0, S_012657A0;
    %set/v v011823F8_0, 0, 16;
    %delay 5000, 0;
    %vpi_call 2 11 "$display", "%b %b", v011823F8_0, v01182450_0;
    %set/v v011823F8_0, 1, 16;
    %delay 5000, 0;
    %vpi_call 2 12 "$display", "%b %b", v011823F8_0, v01182450_0;
    %movi 8, 1, 16;
    %set/v v011823F8_0, 8, 16;
    %delay 5000, 0;
    %vpi_call 2 13 "$display", "%b %b", v011823F8_0, v01182450_0;
    %movi 8, 32768, 16;
    %set/v v011823F8_0, 8, 16;
    %delay 5000, 0;
    %vpi_call 2 14 "$display", "%b %b", v011823F8_0, v01182450_0;
    %movi 8, 43690, 16;
    %set/v v011823F8_0, 8, 16;
    %delay 5000, 0;
    %vpi_call 2 15 "$display", "%b %b", v011823F8_0, v01182450_0;
    %vpi_call 2 16 "$finish";
    %end;
    .thread T_0;
# The file index is used to find the file name in the following table.
:file_names 4;
    "N/A";
    "<interactive>";
    "D:\buffer gate\buffer gate\verilog-judge\backend\problems\not_16bit\tb.v";
    "D:\buffer gate\buffer gate\verilog-judge\backend\submissions\6a182d06-1\submission.v";
