#! /c/iverilog/bin/vvp
:ivl_version "0.9.7 " "(v0_9_7)";
:vpi_time_precision - 12;
:vpi_module "system";
:vpi_module "v2005_math";
:vpi_module "va_math";
S_01269100 .scope module, "tb" "tb" 2 2;
 .timescale -9 -12;
v01261FB8_0 .var "a", 31 0;
v01262010_0 .var "b", 31 0;
v01262068_0 .var "c", 31 0;
v0126EE18_0 .var "d", 31 0;
v0126EE70_0 .var "sel", 1 0;
v0126EEC8_0 .net "y", 31 0, v01261F60_0; 1 drivers
S_01269188 .scope module, "dut" "mux4_32bit" 2 7, 3 1, S_01269100;
 .timescale 0 0;
v0126E088_0 .net "a", 31 0, v01261FB8_0; 1 drivers
v0126ECC8_0 .net "b", 31 0, v01262010_0; 1 drivers
v011330C8_0 .net "c", 31 0, v01262068_0; 1 drivers
v01133120_0 .net "d", 31 0, v0126EE18_0; 1 drivers
v01133178_0 .net "sel", 1 0, v0126EE70_0; 1 drivers
v01261F60_0 .var "y", 31 0;
E_01269B60/0 .event edge, v01133178_0, v0126E088_0, v0126ECC8_0, v011330C8_0;
E_01269B60/1 .event edge, v01133120_0;
E_01269B60 .event/or E_01269B60/0, E_01269B60/1;
    .scope S_01269188;
T_0 ;
    %wait E_01269B60;
    %load/v 8, v01133178_0, 2;
    %cmpi/u 8, 0, 2;
    %jmp/1 T_0.0, 6;
    %cmpi/u 8, 1, 2;
    %jmp/1 T_0.1, 6;
    %cmpi/u 8, 2, 2;
    %jmp/1 T_0.2, 6;
    %load/v 8, v01133120_0, 32;
    %set/v v01261F60_0, 8, 32;
    %jmp T_0.4;
T_0.0 ;
    %load/v 8, v0126E088_0, 32;
    %set/v v01261F60_0, 8, 32;
    %jmp T_0.4;
T_0.1 ;
    %load/v 8, v0126ECC8_0, 32;
    %set/v v01261F60_0, 8, 32;
    %jmp T_0.4;
T_0.2 ;
    %load/v 8, v011330C8_0, 32;
    %set/v v01261F60_0, 8, 32;
    %jmp T_0.4;
T_0.4 ;
    %jmp T_0;
    .thread T_0, $push;
    .scope S_01269100;
T_1 ;
    %vpi_call 2 10 "$dumpfile", "simulation.vcd";
    %vpi_call 2 11 "$dumpvars", 1'sb0, S_01269100;
    %set/v v01261FB8_0, 0, 32;
    %movi 8, 1, 32;
    %set/v v01262010_0, 8, 32;
    %set/v v01262068_0, 1, 32;
    %movi 8, 2863311530, 32;
    %set/v v0126EE18_0, 8, 32;
    %set/v v0126EE70_0, 0, 2;
    %delay 5000, 0;
    %vpi_call 2 12 "$display", "%b %b", v0126EE70_0, v0126EEC8_0;
    %set/v v01261FB8_0, 0, 32;
    %movi 8, 1, 32;
    %set/v v01262010_0, 8, 32;
    %set/v v01262068_0, 1, 32;
    %movi 8, 2863311530, 32;
    %set/v v0126EE18_0, 8, 32;
    %movi 8, 1, 2;
    %set/v v0126EE70_0, 8, 2;
    %delay 5000, 0;
    %vpi_call 2 13 "$display", "%b %b", v0126EE70_0, v0126EEC8_0;
    %set/v v01261FB8_0, 0, 32;
    %movi 8, 1, 32;
    %set/v v01262010_0, 8, 32;
    %set/v v01262068_0, 1, 32;
    %movi 8, 2863311530, 32;
    %set/v v0126EE18_0, 8, 32;
    %movi 8, 2, 2;
    %set/v v0126EE70_0, 8, 2;
    %delay 5000, 0;
    %vpi_call 2 14 "$display", "%b %b", v0126EE70_0, v0126EEC8_0;
    %set/v v01261FB8_0, 0, 32;
    %movi 8, 1, 32;
    %set/v v01262010_0, 8, 32;
    %set/v v01262068_0, 1, 32;
    %movi 8, 2863311530, 32;
    %set/v v0126EE18_0, 8, 32;
    %set/v v0126EE70_0, 1, 2;
    %delay 5000, 0;
    %vpi_call 2 15 "$display", "%b %b", v0126EE70_0, v0126EEC8_0;
    %vpi_call 2 16 "$finish";
    %end;
    .thread T_1;
# The file index is used to find the file name in the following table.
:file_names 4;
    "N/A";
    "<interactive>";
    "D:\buffer gate\buffer gate\verilog-judge\backend\problems\mux4_32bit\tb.v";
    "D:\buffer gate\buffer gate\verilog-judge\backend\submissions\9c9894eb-a\submission.v";
