#! /c/iverilog/bin/vvp
:ivl_version "0.9.7 " "(v0_9_7)";
:vpi_time_precision - 12;
:vpi_module "system";
:vpi_module "v2005_math";
:vpi_module "va_math";
S_01132D30 .scope module, "tb" "tb" 2 2;
 .timescale -9 -12;
v0127EE38_0 .var "a", 7 0;
v0127EE90_0 .net "y", 7 0, L_01130568; 1 drivers
S_01279048 .scope module, "dut" "bit_reversal" 2 6, 3 1, S_01132D30;
 .timescale 0 0;
v01132DB8_0 .net *"_s1", 0 0, L_0127EEE8; 1 drivers
v01132E10_0 .net *"_s11", 0 0, L_01130618; 1 drivers
v01271F58_0 .net *"_s13", 0 0, L_01130B98; 1 drivers
v01271FB0_0 .net *"_s15", 0 0, L_01130BF0; 1 drivers
v01272008_0 .net *"_s3", 0 0, L_0127EF78; 1 drivers
v01272060_0 .net *"_s5", 0 0, L_01130428; 1 drivers
v0127ECA8_0 .net *"_s7", 0 0, L_01130720; 1 drivers
v0127ED00_0 .net *"_s9", 0 0, L_01130B40; 1 drivers
v0127ED58_0 .net "a", 7 0, v0127EE38_0; 1 drivers
v0127EDE0_0 .alias "y", 7 0, v0127EE90_0;
L_0127EEE8 .part v0127EE38_0, 0, 1;
L_0127EF78 .part v0127EE38_0, 1, 1;
L_01130428 .part v0127EE38_0, 2, 1;
L_01130720 .part v0127EE38_0, 3, 1;
L_01130B40 .part v0127EE38_0, 4, 1;
L_01130618 .part v0127EE38_0, 5, 1;
L_01130B98 .part v0127EE38_0, 6, 1;
L_01130BF0 .part v0127EE38_0, 7, 1;
LS_01130568_0_0 .concat [ 1 1 1 1], L_01130BF0, L_01130B98, L_01130618, L_01130B40;
LS_01130568_0_4 .concat [ 1 1 1 1], L_01130720, L_01130428, L_0127EF78, L_0127EEE8;
L_01130568 .concat [ 4 4 0 0], LS_01130568_0_0, LS_01130568_0_4;
    .scope S_01132D30;
T_0 ;
    %vpi_call 2 9 "$dumpfile", "simulation.vcd";
    %vpi_call 2 10 "$dumpvars", 1'sb0, S_01132D30;
    %set/v v0127EE38_0, 0, 8;
    %delay 5000, 0;
    %vpi_call 2 11 "$display", "%b", v0127EE90_0;
    %movi 8, 1, 8;
    %set/v v0127EE38_0, 8, 8;
    %delay 5000, 0;
    %vpi_call 2 12 "$display", "%b", v0127EE90_0;
    %set/v v0127EE38_0, 1, 8;
    %delay 5000, 0;
    %vpi_call 2 13 "$display", "%b", v0127EE90_0;
    %movi 8, 170, 8;
    %set/v v0127EE38_0, 8, 8;
    %delay 5000, 0;
    %vpi_call 2 14 "$display", "%b", v0127EE90_0;
    %vpi_call 2 15 "$finish";
    %end;
    .thread T_0;
# The file index is used to find the file name in the following table.
:file_names 4;
    "N/A";
    "<interactive>";
    "D:\buffer gate\buffer gate\verilog-judge\backend\problems\bit_reversal\tb.v";
    "D:\buffer gate\buffer gate\verilog-judge\backend\submissions\65e7c96c-8\submission.v";
