#! /c/iverilog/bin/vvp
:ivl_version "0.9.7 " "(v0_9_7)";
:vpi_time_precision - 12;
:vpi_module "system";
:vpi_module "v2005_math";
:vpi_module "va_math";
S_011E5A08 .scope module, "tb" "tb" 2 2;
 .timescale -9 -12;
v011E1FC0_0 .var "a", 2 0;
v011E2018_0 .var "b", 2 0;
v011E2070_0 .net "y", 2 0, L_011EE820; 1 drivers
S_012228B8 .scope module, "dut" "nor_3bit" 2 6, 3 1, S_011E5A08;
 .timescale 0 0;
L_011EE778 .functor OR 3, v011E1FC0_0, v011E2018_0, C4<000>, C4<000>;
L_011EE820 .functor NOT 3, L_011EE778, C4<000>, C4<000>, C4<000>;
v011E5A90_0 .net *"_s0", 2 0, L_011EE778; 1 drivers
v01222940_0 .net "a", 2 0, v011E1FC0_0; 1 drivers
v01222998_0 .net "b", 2 0, v011E2018_0; 1 drivers
v011E1F68_0 .alias "y", 2 0, v011E2070_0;
    .scope S_011E5A08;
T_0 ;
    %vpi_call 2 9 "$dumpfile", "simulation.vcd";
    %vpi_call 2 10 "$dumpvars", 1'sb0, S_011E5A08;
    %set/v v011E1FC0_0, 0, 3;
    %set/v v011E2018_0, 0, 3;
    %delay 5000, 0;
    %vpi_call 2 11 "$display", "%b %b %b", v011E1FC0_0, v011E2018_0, v011E2070_0;
    %set/v v011E1FC0_0, 0, 3;
    %set/v v011E2018_0, 1, 3;
    %delay 5000, 0;
    %vpi_call 2 12 "$display", "%b %b %b", v011E1FC0_0, v011E2018_0, v011E2070_0;
    %set/v v011E1FC0_0, 1, 3;
    %set/v v011E2018_0, 0, 3;
    %delay 5000, 0;
    %vpi_call 2 13 "$display", "%b %b %b", v011E1FC0_0, v011E2018_0, v011E2070_0;
    %set/v v011E1FC0_0, 1, 3;
    %set/v v011E2018_0, 1, 3;
    %delay 5000, 0;
    %vpi_call 2 14 "$display", "%b %b %b", v011E1FC0_0, v011E2018_0, v011E2070_0;
    %movi 8, 4, 3;
    %set/v v011E1FC0_0, 8, 3;
    %set/v v011E2018_0, 1, 3;
    %delay 5000, 0;
    %vpi_call 2 15 "$display", "%b %b %b", v011E1FC0_0, v011E2018_0, v011E2070_0;
    %movi 8, 2, 3;
    %set/v v011E1FC0_0, 8, 3;
    %movi 8, 5, 3;
    %set/v v011E2018_0, 8, 3;
    %delay 5000, 0;
    %vpi_call 2 16 "$display", "%b %b %b", v011E1FC0_0, v011E2018_0, v011E2070_0;
    %vpi_call 2 17 "$finish";
    %end;
    .thread T_0;
# The file index is used to find the file name in the following table.
:file_names 4;
    "N/A";
    "<interactive>";
    "D:\buffer gate\buffer gate\verilog-judge\backend\problems\nor_3bit\tb.v";
    "D:\buffer gate\buffer gate\verilog-judge\backend\submissions\30169b2e-b\submission.v";
