#! /c/iverilog/bin/vvp
:ivl_version "0.9.7 " "(v0_9_7)";
:vpi_time_precision - 12;
:vpi_module "system";
:vpi_module "v2005_math";
:vpi_module "va_math";
S_01264EC0 .scope module, "tb" "tb" 2 2;
 .timescale -9 -12;
v01261FD0_0 .var "a", 0 0;
v01262028_0 .var "b", 0 0;
v01265840_0 .net "carry", 0 0, L_01265960; 1 drivers
v01265898_0 .net "sum", 0 0, L_01262080; 1 drivers
S_012651E8 .scope module, "dut" "half_adder" 2 6, 3 1, S_01264EC0;
 .timescale 0 0;
L_01262080 .functor XOR 1, v01261FD0_0, v01262028_0, C4<0>, C4<0>;
L_01265960 .functor AND 1, v01261FD0_0, v01262028_0, C4<1>, C4<1>;
v01142B70_0 .net "a", 0 0, v01261FD0_0; 1 drivers
v01142BC8_0 .net "b", 0 0, v01262028_0; 1 drivers
v01142C20_0 .alias "carry", 0 0, v01265840_0;
v01261F78_0 .alias "sum", 0 0, v01265898_0;
    .scope S_01264EC0;
T_0 ;
    %vpi_call 2 9 "$dumpfile", "simulation.vcd";
    %vpi_call 2 10 "$dumpvars", 1'sb0, S_01264EC0;
    %set/v v01261FD0_0, 0, 1;
    %set/v v01262028_0, 0, 1;
    %delay 5000, 0;
    %vpi_call 2 12 "$display", "%b %b %b %b", v01261FD0_0, v01262028_0, v01265898_0, v01265840_0;
    %set/v v01261FD0_0, 0, 1;
    %set/v v01262028_0, 1, 1;
    %delay 5000, 0;
    %vpi_call 2 13 "$display", "%b %b %b %b", v01261FD0_0, v01262028_0, v01265898_0, v01265840_0;
    %set/v v01261FD0_0, 1, 1;
    %set/v v01262028_0, 0, 1;
    %delay 5000, 0;
    %vpi_call 2 14 "$display", "%b %b %b %b", v01261FD0_0, v01262028_0, v01265898_0, v01265840_0;
    %set/v v01261FD0_0, 1, 1;
    %set/v v01262028_0, 1, 1;
    %delay 5000, 0;
    %vpi_call 2 15 "$display", "%b %b %b %b", v01261FD0_0, v01262028_0, v01265898_0, v01265840_0;
    %vpi_call 2 16 "$finish";
    %end;
    .thread T_0;
# The file index is used to find the file name in the following table.
:file_names 4;
    "N/A";
    "<interactive>";
    "D:\buffer gate\buffer gate\verilog-judge\backend\problems\half_adder\tb.v";
    "D:\buffer gate\buffer gate\verilog-judge\backend\submissions\7ff67fd2-7\submission.v";
