#! /c/iverilog/bin/vvp
:ivl_version "0.9.7 " "(v0_9_7)";
:vpi_time_precision - 12;
:vpi_module "system";
:vpi_module "v2005_math";
:vpi_module "va_math";
S_01142630 .scope module, "tb" "tb" 2 2;
 .timescale -9 -12;
v01275850_0 .var "clk", 0 0;
v0127D520_0 .net "q", 7 0, v01272040_0; 1 drivers
v0127D578_0 .var "rst", 0 0;
v0127D5D0_0 .var "serial_in", 0 0;
S_01271F60 .scope module, "dut" "shift_register_8bit" 2 8, 3 1, S_01142630;
 .timescale 0 0;
v01271FE8_0 .net "clk", 0 0, v01275850_0; 1 drivers
v01272040_0 .var "q", 7 0;
v012757A0_0 .net "rst", 0 0, v0127D578_0; 1 drivers
v012757F8_0 .net "serial_in", 0 0, v0127D5D0_0; 1 drivers
E_012774F0 .event "_s0";
    .scope S_01271F60;
T_0 ;
    %wait E_012774F0;
    %jmp T_0;
    .thread T_0;
    .scope S_01142630;
T_1 ;
    %set/v v01275850_0, 0, 1;
T_1.0 ;
    %delay 5000, 0;
    %load/v 8, v01275850_0, 1;
    %inv 8, 1;
    %set/v v01275850_0, 8, 1;
    %jmp T_1.0;
    %end;
    .thread T_1;
    .scope S_01142630;
T_2 ;
    %vpi_call 2 12 "$dumpfile", "simulation.vcd";
    %vpi_call 2 13 "$dumpvars", 1'sb0, S_01142630;
    %set/v v01275850_0, 0, 1;
    %set/v v0127D578_0, 1, 1;
    %set/v v0127D5D0_0, 0, 1;
    %delay 5000, 0;
    %vpi_call 2 14 "$display", "%b", v0127D520_0;
    %set/v v01275850_0, 0, 1;
    %set/v v0127D578_0, 0, 1;
    %set/v v0127D5D0_0, 1, 1;
    %delay 5000, 0;
    %vpi_call 2 15 "$display", "%b", v0127D520_0;
    %set/v v01275850_0, 0, 1;
    %set/v v0127D578_0, 0, 1;
    %set/v v0127D5D0_0, 1, 1;
    %delay 5000, 0;
    %vpi_call 2 16 "$display", "%b", v0127D520_0;
    %set/v v01275850_0, 0, 1;
    %set/v v0127D578_0, 0, 1;
    %set/v v0127D5D0_0, 0, 1;
    %delay 5000, 0;
    %vpi_call 2 17 "$display", "%b", v0127D520_0;
    %vpi_call 2 18 "$finish";
    %end;
    .thread T_2;
# The file index is used to find the file name in the following table.
:file_names 4;
    "N/A";
    "<interactive>";
    "D:\buffer gate\buffer gate\verilog-judge\backend\problems\shift_register_8bit\tb.v";
    "D:\buffer gate\buffer gate\verilog-judge\backend\submissions\f7be7711-8\submission.v";
