#! /c/iverilog/bin/vvp
:ivl_version "0.9.7 " "(v0_9_7)";
:vpi_time_precision - 12;
:vpi_module "system";
:vpi_module "v2005_math";
:vpi_module "va_math";
S_01255010 .scope module, "tb" "tb" 2 2;
 .timescale -9 -12;
v01132430_0 .var "a", 3 0;
v01132488_0 .net "y", 3 0, L_01132510; 1 drivers
S_01251F60 .scope module, "dut" "bit_clear_4bit_2" 2 6, 3 1, S_01255010;
 .timescale 0 0;
L_01132510 .functor AND 4, v01132430_0, C4<1011>, C4<1111>, C4<1111>;
v012543F0_0 .net *"_s0", 3 0, C4<1011>; 1 drivers
v01251FE8_0 .net "a", 3 0, v01132430_0; 1 drivers
v01252040_0 .alias "y", 3 0, v01132488_0;
    .scope S_01255010;
T_0 ;
    %vpi_call 2 9 "$dumpfile", "simulation.vcd";
    %vpi_call 2 10 "$dumpvars", 1'sb0, S_01255010;
    %set/v v01132430_0, 0, 4;
    %delay 5000, 0;
    %vpi_call 2 11 "$display", "%b %b", v01132430_0, v01132488_0;
    %movi 8, 4, 4;
    %set/v v01132430_0, 8, 4;
    %delay 5000, 0;
    %vpi_call 2 12 "$display", "%b %b", v01132430_0, v01132488_0;
    %set/v v01132430_0, 1, 4;
    %delay 5000, 0;
    %vpi_call 2 13 "$display", "%b %b", v01132430_0, v01132488_0;
    %movi 8, 10, 4;
    %set/v v01132430_0, 8, 4;
    %delay 5000, 0;
    %vpi_call 2 14 "$display", "%b %b", v01132430_0, v01132488_0;
    %vpi_call 2 15 "$finish";
    %end;
    .thread T_0;
# The file index is used to find the file name in the following table.
:file_names 4;
    "N/A";
    "<interactive>";
    "D:\buffer gate\buffer gate\verilog-judge\backend\problems\bit_clear_4bit_2\tb.v";
    "D:\buffer gate\buffer gate\verilog-judge\backend\submissions\e7737acb-1\submission.v";
