#! /c/iverilog/bin/vvp
:ivl_version "0.9.7 " "(v0_9_7)";
:vpi_time_precision - 12;
:vpi_module "system";
:vpi_module "v2005_math";
:vpi_module "va_math";
S_01218978 .scope module, "tb" "tb" 2 2;
 .timescale -9 -12;
v01211FB8_0 .var "a", 15 0;
v01212010_0 .var "b", 15 0;
v01218FE8_0 .net "eq", 0 0, L_01219148; 1 drivers
v01219040_0 .net "gt", 0 0, L_012190F0; 1 drivers
v01219098_0 .net "lt", 0 0, L_0121E718; 1 drivers
S_01218860 .scope module, "dut" "comparator_16bit" 2 6, 3 1, S_01218978;
 .timescale 0 0;
v01218D88_0 .net "a", 15 0, v01211FB8_0; 1 drivers
v01252D10_0 .net "b", 15 0, v01212010_0; 1 drivers
v01252D68_0 .alias "eq", 0 0, v01218FE8_0;
v01252DC0_0 .alias "gt", 0 0, v01219040_0;
v01211F60_0 .alias "lt", 0 0, v01219098_0;
L_012190F0 .cmp/gt 16, v01211FB8_0, v01212010_0;
L_01219148 .cmp/eq 16, v01211FB8_0, v01212010_0;
L_0121E718 .cmp/gt 16, v01212010_0, v01211FB8_0;
    .scope S_01218978;
T_0 ;
    %vpi_call 2 9 "$dumpfile", "simulation.vcd";
    %vpi_call 2 10 "$dumpvars", 1'sb0, S_01218978;
    %set/v v01211FB8_0, 0, 16;
    %set/v v01212010_0, 0, 16;
    %delay 5000, 0;
    %vpi_call 2 11 "$display", "%b %b %b %b %b", v01211FB8_0, v01212010_0, v01219040_0, v01218FE8_0, v01219098_0;
    %movi 8, 1, 16;
    %set/v v01211FB8_0, 8, 16;
    %movi 8, 1, 16;
    %set/v v01212010_0, 8, 16;
    %delay 5000, 0;
    %vpi_call 2 12 "$display", "%b %b %b %b %b", v01211FB8_0, v01212010_0, v01219040_0, v01218FE8_0, v01219098_0;
    %set/v v01211FB8_0, 1, 16;
    %movi 8, 1, 16;
    %set/v v01212010_0, 8, 16;
    %delay 5000, 0;
    %vpi_call 2 13 "$display", "%b %b %b %b %b", v01211FB8_0, v01212010_0, v01219040_0, v01218FE8_0, v01219098_0;
    %movi 8, 32767, 16;
    %set/v v01211FB8_0, 8, 16;
    %movi 8, 21845, 16;
    %set/v v01212010_0, 8, 16;
    %delay 5000, 0;
    %vpi_call 2 14 "$display", "%b %b %b %b %b", v01211FB8_0, v01212010_0, v01219040_0, v01218FE8_0, v01219098_0;
    %set/v v01211FB8_0, 1, 16;
    %set/v v01212010_0, 1, 16;
    %delay 5000, 0;
    %vpi_call 2 15 "$display", "%b %b %b %b %b", v01211FB8_0, v01212010_0, v01219040_0, v01218FE8_0, v01219098_0;
    %vpi_call 2 16 "$finish";
    %end;
    .thread T_0;
# The file index is used to find the file name in the following table.
:file_names 4;
    "N/A";
    "<interactive>";
    "D:\buffer gate\buffer gate\verilog-judge\backend\problems\comparator_16bit\tb.v";
    "D:\buffer gate\buffer gate\verilog-judge\backend\submissions\fe803a22-6\submission.v";
