#! /c/iverilog/bin/vvp
:ivl_version "0.9.7 " "(v0_9_7)";
:vpi_time_precision - 12;
:vpi_module "system";
:vpi_module "v2005_math";
:vpi_module "va_math";
S_011CA4C8 .scope module, "tb" "tb" 2 2;
 .timescale -9 -12;
v011C8420_0 .var "a", 1 0;
v011C8478_0 .var "b", 1 0;
v01224E58_0 .net "cout", 0 0, L_01225170; 1 drivers
v01225380_0 .net "sum", 1 0, L_01224DA8; 1 drivers
S_011CA550 .scope module, "dut" "adder_2bit" 2 7, 3 1, S_011CA4C8;
 .timescale 0 0;
v01202950_0 .net *"_s10", 0 0, C4<0>; 1 drivers
v012029A8_0 .net *"_s11", 2 0, L_01224C48; 1 drivers
v01202A00_0 .net *"_s3", 2 0, L_01224CF8; 1 drivers
v011C1F68_0 .net *"_s6", 0 0, C4<0>; 1 drivers
v011C1FC0_0 .net *"_s7", 2 0, L_01225068; 1 drivers
v011C2018_0 .net "a", 1 0, v011C8420_0; 1 drivers
v011C2070_0 .net "b", 1 0, v011C8478_0; 1 drivers
v011C8370_0 .alias "cout", 0 0, v01224E58_0;
v011C83C8_0 .alias "sum", 1 0, v01225380_0;
L_01225170 .part L_01224C48, 2, 1;
L_01224DA8 .part L_01224C48, 0, 2;
L_01224CF8 .concat [ 2 1 0 0], v011C8420_0, C4<0>;
L_01225068 .concat [ 2 1 0 0], v011C8478_0, C4<0>;
L_01224C48 .arith/sum 3, L_01224CF8, L_01225068;
    .scope S_011CA4C8;
T_0 ;
    %vpi_call 2 10 "$dumpfile", "simulation.vcd";
    %vpi_call 2 11 "$dumpvars", 1'sb0, S_011CA4C8;
    %set/v v011C8420_0, 0, 2;
    %set/v v011C8478_0, 0, 2;
    %delay 5000, 0;
    %vpi_call 2 12 "$display", "%b %b %b %b", v011C8420_0, v011C8478_0, v01225380_0, v01224E58_0;
    %movi 8, 1, 2;
    %set/v v011C8420_0, 8, 2;
    %movi 8, 1, 2;
    %set/v v011C8478_0, 8, 2;
    %delay 5000, 0;
    %vpi_call 2 13 "$display", "%b %b %b %b", v011C8420_0, v011C8478_0, v01225380_0, v01224E58_0;
    %set/v v011C8420_0, 1, 2;
    %movi 8, 1, 2;
    %set/v v011C8478_0, 8, 2;
    %delay 5000, 0;
    %vpi_call 2 14 "$display", "%b %b %b %b", v011C8420_0, v011C8478_0, v01225380_0, v01224E58_0;
    %movi 8, 1, 2;
    %set/v v011C8420_0, 8, 2;
    %movi 8, 1, 2;
    %set/v v011C8478_0, 8, 2;
    %delay 5000, 0;
    %vpi_call 2 15 "$display", "%b %b %b %b", v011C8420_0, v011C8478_0, v01225380_0, v01224E58_0;
    %set/v v011C8420_0, 1, 2;
    %set/v v011C8478_0, 1, 2;
    %delay 5000, 0;
    %vpi_call 2 16 "$display", "%b %b %b %b", v011C8420_0, v011C8478_0, v01225380_0, v01224E58_0;
    %vpi_call 2 17 "$finish";
    %end;
    .thread T_0;
# The file index is used to find the file name in the following table.
:file_names 4;
    "N/A";
    "<interactive>";
    "D:\buffer gate\buffer gate\verilog-judge\backend\problems\adder_2bit\tb.v";
    "D:\buffer gate\buffer gate\verilog-judge\backend\submissions\21435bee-a\submission.v";
