#! /c/iverilog/bin/vvp
:ivl_version "0.9.7 " "(v0_9_7)";
:vpi_time_precision - 12;
:vpi_module "system";
:vpi_module "v2005_math";
:vpi_module "va_math";
S_013141E0 .scope module, "tb" "tb" 2 2;
 .timescale -9 -12;
v0131E818_0 .var "clk", 0 0;
v0131E870_0 .var "d", 0 0;
v0131E8C8_0 .net "q", 0 0, v0131E768_0; 1 drivers
v0131E920_0 .var "rst", 0 0;
S_013133F8 .scope module, "dut" "d_flipflop_sync_reset" 2 8, 3 1, S_013141E0;
 .timescale 0 0;
v01313480_0 .net "clk", 0 0, v0131E818_0; 1 drivers
v013134D8_0 .net "d", 0 0, v0131E870_0; 1 drivers
v0131E768_0 .var "q", 0 0;
v0131E7C0_0 .net "rst", 0 0, v0131E920_0; 1 drivers
E_01318FF0 .event posedge, v0131E7C0_0, v01313480_0;
    .scope S_013133F8;
T_0 ;
    %wait E_01318FF0;
    %load/v 8, v0131E7C0_0, 1;
    %inv 8, 1;
    %jmp/0xz  T_0.0, 8;
    %ix/load 0, 1, 0;
    %assign/v0 v0131E768_0, 0, 0;
    %jmp T_0.1;
T_0.0 ;
    %load/v 8, v013134D8_0, 1;
    %ix/load 0, 1, 0;
    %assign/v0 v0131E768_0, 0, 8;
T_0.1 ;
    %jmp T_0;
    .thread T_0;
    .scope S_013141E0;
T_1 ;
    %set/v v0131E818_0, 0, 1;
T_1.0 ;
    %delay 5000, 0;
    %load/v 8, v0131E818_0, 1;
    %inv 8, 1;
    %set/v v0131E818_0, 8, 1;
    %jmp T_1.0;
    %end;
    .thread T_1;
    .scope S_013141E0;
T_2 ;
    %vpi_call 2 12 "$dumpfile", "simulation.vcd";
    %vpi_call 2 13 "$dumpvars", 1'sb0, S_013141E0;
    %set/v v0131E818_0, 0, 1;
    %set/v v0131E920_0, 1, 1;
    %set/v v0131E870_0, 0, 1;
    %delay 5000, 0;
    %vpi_call 2 14 "$display", "%b", v0131E8C8_0;
    %set/v v0131E818_0, 0, 1;
    %set/v v0131E920_0, 0, 1;
    %set/v v0131E870_0, 1, 1;
    %delay 5000, 0;
    %vpi_call 2 15 "$display", "%b", v0131E8C8_0;
    %set/v v0131E818_0, 0, 1;
    %set/v v0131E920_0, 0, 1;
    %set/v v0131E870_0, 1, 1;
    %delay 5000, 0;
    %vpi_call 2 16 "$display", "%b", v0131E8C8_0;
    %set/v v0131E818_0, 0, 1;
    %set/v v0131E920_0, 0, 1;
    %set/v v0131E870_0, 0, 1;
    %delay 5000, 0;
    %vpi_call 2 17 "$display", "%b", v0131E8C8_0;
    %vpi_call 2 18 "$finish";
    %end;
    .thread T_2;
# The file index is used to find the file name in the following table.
:file_names 4;
    "N/A";
    "<interactive>";
    "D:\buffer gate\buffer gate\verilog-judge\backend\problems\d_flipflop_sync_reset\tb.v";
    "D:\buffer gate\buffer gate\verilog-judge\backend\submissions\6cd76703-0\submission.v";
