#! /c/iverilog/bin/vvp
:ivl_version "0.9.7 " "(v0_9_7)";
:vpi_time_precision - 12;
:vpi_module "system";
:vpi_module "v2005_math";
:vpi_module "va_math";
S_0115A130 .scope module, "tb" "tb" 2 2;
 .timescale -9 -12;
v01158EC8_0 .var "a", 15 0;
v0115EBB0_0 .var "b", 15 0;
v011B5380_0 .net "cout", 0 0, L_011B4F60; 1 drivers
v011B4F08_0 .net "sum", 15 0, L_011B4EB0; 1 drivers
S_0115A680 .scope module, "dut" "adder_16bit" 2 7, 3 1, S_0115A130;
 .timescale 0 0;
v01192980_0 .net *"_s10", 0 0, C4<0>; 1 drivers
v011929D8_0 .net *"_s11", 16 0, L_011B5068; 1 drivers
v01192A30_0 .net *"_s3", 16 0, L_011B5010; 1 drivers
v01151F78_0 .net *"_s6", 0 0, C4<0>; 1 drivers
v01151FD0_0 .net *"_s7", 16 0, L_011B4FB8; 1 drivers
v01152028_0 .net "a", 15 0, v01158EC8_0; 1 drivers
v01158DC0_0 .net "b", 15 0, v0115EBB0_0; 1 drivers
v01158E18_0 .alias "cout", 0 0, v011B5380_0;
v01158E70_0 .alias "sum", 15 0, v011B4F08_0;
L_011B4F60 .part L_011B5068, 16, 1;
L_011B4EB0 .part L_011B5068, 0, 16;
L_011B5010 .concat [ 16 1 0 0], v01158EC8_0, C4<0>;
L_011B4FB8 .concat [ 16 1 0 0], v0115EBB0_0, C4<0>;
L_011B5068 .arith/sum 17, L_011B5010, L_011B4FB8;
    .scope S_0115A130;
T_0 ;
    %vpi_call 2 10 "$dumpfile", "simulation.vcd";
    %vpi_call 2 11 "$dumpvars", 1'sb0, S_0115A130;
    %set/v v01158EC8_0, 0, 16;
    %set/v v0115EBB0_0, 0, 16;
    %delay 5000, 0;
    %vpi_call 2 12 "$display", "%b %b %b %b", v01158EC8_0, v0115EBB0_0, v011B4F08_0, v011B5380_0;
    %movi 8, 1, 16;
    %set/v v01158EC8_0, 8, 16;
    %movi 8, 1, 16;
    %set/v v0115EBB0_0, 8, 16;
    %delay 5000, 0;
    %vpi_call 2 13 "$display", "%b %b %b %b", v01158EC8_0, v0115EBB0_0, v011B4F08_0, v011B5380_0;
    %set/v v01158EC8_0, 1, 16;
    %movi 8, 1, 16;
    %set/v v0115EBB0_0, 8, 16;
    %delay 5000, 0;
    %vpi_call 2 14 "$display", "%b %b %b %b", v01158EC8_0, v0115EBB0_0, v011B4F08_0, v011B5380_0;
    %movi 8, 32767, 16;
    %set/v v01158EC8_0, 8, 16;
    %movi 8, 21845, 16;
    %set/v v0115EBB0_0, 8, 16;
    %delay 5000, 0;
    %vpi_call 2 15 "$display", "%b %b %b %b", v01158EC8_0, v0115EBB0_0, v011B4F08_0, v011B5380_0;
    %set/v v01158EC8_0, 1, 16;
    %set/v v0115EBB0_0, 1, 16;
    %delay 5000, 0;
    %vpi_call 2 16 "$display", "%b %b %b %b", v01158EC8_0, v0115EBB0_0, v011B4F08_0, v011B5380_0;
    %vpi_call 2 17 "$finish";
    %end;
    .thread T_0;
# The file index is used to find the file name in the following table.
:file_names 4;
    "N/A";
    "<interactive>";
    "D:\buffer gate\buffer gate\verilog-judge\backend\problems\adder_16bit\tb.v";
    "D:\buffer gate\buffer gate\verilog-judge\backend\submissions\dd7a12c5-0\submission.v";
