#! /c/iverilog/bin/vvp
:ivl_version "0.9.7 " "(v0_9_7)";
:vpi_time_precision - 12;
:vpi_module "system";
:vpi_module "v2005_math";
:vpi_module "va_math";
S_00A65528 .scope module, "tb" "tb" 2 2;
 .timescale -9 -12;
v012123B0_0 .var "a", 3 0;
v01212408_0 .net "y", 3 0, L_01212460; 1 drivers
S_00A61F60 .scope module, "dut" "incrementer_4bit" 2 6, 3 1, S_00A65528;
 .timescale 0 0;
v00A61FE8_0 .net *"_s0", 3 0, C4<0001>; 1 drivers
v00A62040_0 .net "a", 3 0, v012123B0_0; 1 drivers
v00A6EF48_0 .alias "y", 3 0, v01212408_0;
L_01212460 .arith/sum 4, v012123B0_0, C4<0001>;
    .scope S_00A65528;
T_0 ;
    %vpi_call 2 9 "$dumpfile", "simulation.vcd";
    %vpi_call 2 10 "$dumpvars", 1'sb0, S_00A65528;
    %set/v v012123B0_0, 0, 4;
    %delay 5000, 0;
    %vpi_call 2 11 "$display", "%b %b", v012123B0_0, v01212408_0;
    %movi 8, 1, 4;
    %set/v v012123B0_0, 8, 4;
    %delay 5000, 0;
    %vpi_call 2 12 "$display", "%b %b", v012123B0_0, v01212408_0;
    %movi 8, 2, 4;
    %set/v v012123B0_0, 8, 4;
    %delay 5000, 0;
    %vpi_call 2 13 "$display", "%b %b", v012123B0_0, v01212408_0;
    %set/v v012123B0_0, 1, 4;
    %delay 5000, 0;
    %vpi_call 2 14 "$display", "%b %b", v012123B0_0, v01212408_0;
    %movi 8, 10, 4;
    %set/v v012123B0_0, 8, 4;
    %delay 5000, 0;
    %vpi_call 2 15 "$display", "%b %b", v012123B0_0, v01212408_0;
    %vpi_call 2 16 "$finish";
    %end;
    .thread T_0;
# The file index is used to find the file name in the following table.
:file_names 4;
    "N/A";
    "<interactive>";
    "D:\buffer gate\buffer gate\verilog-judge\backend\problems\incrementer_4bit\tb.v";
    "D:\buffer gate\buffer gate\verilog-judge\backend\submissions\72fcefc6-9\submission.v";
