#! /c/iverilog/bin/vvp
:ivl_version "0.9.7 " "(v0_9_7)";
:vpi_time_precision - 12;
:vpi_module "system";
:vpi_module "v2005_math";
:vpi_module "va_math";
S_01142390 .scope module, "tb" "tb" 2 2;
 .timescale -9 -12;
v012EEF40_0 .var "a", 7 0;
v012E1F58_0 .net "y", 7 0, L_011424A0; 1 drivers
S_01142418 .scope module, "dut" "not_8bit" 2 6, 3 1, S_01142390;
 .timescale 0 0;
L_011424A0 .functor NOT 8, v012EEF40_0, C4<00000000>, C4<00000000>, C4<00000000>;
v012E54A8_0 .net "a", 7 0, v012EEF40_0; 1 drivers
v012E5A78_0 .alias "y", 7 0, v012E1F58_0;
    .scope S_01142390;
T_0 ;
    %vpi_call 2 9 "$dumpfile", "simulation.vcd";
    %vpi_call 2 10 "$dumpvars", 1'sb0, S_01142390;
    %set/v v012EEF40_0, 0, 8;
    %delay 5000, 0;
    %vpi_call 2 11 "$display", "%b %b", v012EEF40_0, v012E1F58_0;
    %set/v v012EEF40_0, 1, 8;
    %delay 5000, 0;
    %vpi_call 2 12 "$display", "%b %b", v012EEF40_0, v012E1F58_0;
    %movi 8, 1, 8;
    %set/v v012EEF40_0, 8, 8;
    %delay 5000, 0;
    %vpi_call 2 13 "$display", "%b %b", v012EEF40_0, v012E1F58_0;
    %movi 8, 128, 8;
    %set/v v012EEF40_0, 8, 8;
    %delay 5000, 0;
    %vpi_call 2 14 "$display", "%b %b", v012EEF40_0, v012E1F58_0;
    %movi 8, 170, 8;
    %set/v v012EEF40_0, 8, 8;
    %delay 5000, 0;
    %vpi_call 2 15 "$display", "%b %b", v012EEF40_0, v012E1F58_0;
    %vpi_call 2 16 "$finish";
    %end;
    .thread T_0;
# The file index is used to find the file name in the following table.
:file_names 4;
    "N/A";
    "<interactive>";
    "D:\buffer gate\buffer gate\verilog-judge\backend\problems\not_8bit\tb.v";
    "D:\buffer gate\buffer gate\verilog-judge\backend\submissions\5f6b4045-d\submission.v";
