#! /c/iverilog/bin/vvp
:ivl_version "0.9.7 " "(v0_9_7)";
:vpi_time_precision - 12;
:vpi_module "system";
:vpi_module "v2005_math";
:vpi_module "va_math";
S_012A56A0 .scope module, "tb" "tb" 2 2;
 .timescale -9 -12;
v011C23A8_0 .var "a", 0 0;
v011C2400_0 .var "b", 0 0;
v011C2458_0 .net "y", 0 0, L_012A5A98; 1 drivers
S_012A59B8 .scope module, "dut" "and_gate" 2 5, 3 1, S_012A56A0;
 .timescale 0 0;
L_012A5A98 .functor AND 1, v011C23A8_0, v011C2400_0, C4<1>, C4<1>;
v012A4E68_0 .net "a", 0 0, v011C23A8_0; 1 drivers
v012A5728_0 .net "b", 0 0, v011C2400_0; 1 drivers
v012A5A40_0 .alias "y", 0 0, v011C2458_0;
    .scope S_012A56A0;
T_0 ;
    %vpi_call 2 8 "$dumpfile", "simulation.vcd";
    %vpi_call 2 9 "$dumpvars", 1'sb0, S_012A56A0;
    %set/v v011C23A8_0, 0, 1;
    %set/v v011C2400_0, 0, 1;
    %delay 5000, 0;
    %vpi_call 2 10 "$display", "%b %b %b", v011C23A8_0, v011C2400_0, v011C2458_0;
    %set/v v011C23A8_0, 0, 1;
    %set/v v011C2400_0, 1, 1;
    %delay 5000, 0;
    %vpi_call 2 11 "$display", "%b %b %b", v011C23A8_0, v011C2400_0, v011C2458_0;
    %set/v v011C23A8_0, 1, 1;
    %set/v v011C2400_0, 0, 1;
    %delay 5000, 0;
    %vpi_call 2 12 "$display", "%b %b %b", v011C23A8_0, v011C2400_0, v011C2458_0;
    %set/v v011C23A8_0, 1, 1;
    %set/v v011C2400_0, 1, 1;
    %delay 5000, 0;
    %vpi_call 2 13 "$display", "%b %b %b", v011C23A8_0, v011C2400_0, v011C2458_0;
    %vpi_call 2 14 "$finish";
    %end;
    .thread T_0;
# The file index is used to find the file name in the following table.
:file_names 4;
    "N/A";
    "<interactive>";
    "D:\buffer gate\buffer gate\verilog-judge\backend\problems\and_gate\tb.v";
    "D:\buffer gate\buffer gate\verilog-judge\backend\submissions\fd40a0be-b\submission.v";
