#! /c/iverilog/bin/vvp
:ivl_version "0.9.7 " "(v0_9_7)";
:vpi_time_precision - 12;
:vpi_module "system";
:vpi_module "v2005_math";
:vpi_module "va_math";
S_011F85D0 .scope module, "tb" "tb" 2 2;
 .timescale -9 -12;
v011F2010_0 .var "a", 1 0;
v011F2068_0 .var "b", 1 0;
v011FEDE8_0 .var "c", 1 0;
v011FEE40_0 .var "d", 1 0;
v011FEE98_0 .var "sel", 1 0;
v011FEEF0_0 .net "y", 1 0, v011F1FB8_0; 1 drivers
S_011F7CC8 .scope module, "dut" "mux4_2bit" 2 7, 3 1, S_011F85D0;
 .timescale 0 0;
v011FDF78_0 .net "a", 1 0, v011F2010_0; 1 drivers
v01233050_0 .net "b", 1 0, v011F2068_0; 1 drivers
v012330A8_0 .net "c", 1 0, v011FEDE8_0; 1 drivers
v01233100_0 .net "d", 1 0, v011FEE40_0; 1 drivers
v011F1F60_0 .net "sel", 1 0, v011FEE98_0; 1 drivers
v011F1FB8_0 .var "y", 1 0;
E_011FE2C8/0 .event edge, v011F1F60_0, v011FDF78_0, v01233050_0, v012330A8_0;
E_011FE2C8/1 .event edge, v01233100_0;
E_011FE2C8 .event/or E_011FE2C8/0, E_011FE2C8/1;
    .scope S_011F7CC8;
T_0 ;
    %wait E_011FE2C8;
    %load/v 8, v011F1F60_0, 2;
    %cmpi/u 8, 0, 2;
    %jmp/1 T_0.0, 6;
    %cmpi/u 8, 1, 2;
    %jmp/1 T_0.1, 6;
    %cmpi/u 8, 2, 2;
    %jmp/1 T_0.2, 6;
    %load/v 8, v01233100_0, 2;
    %set/v v011F1FB8_0, 8, 2;
    %jmp T_0.4;
T_0.0 ;
    %load/v 8, v011FDF78_0, 2;
    %set/v v011F1FB8_0, 8, 2;
    %jmp T_0.4;
T_0.1 ;
    %load/v 8, v01233050_0, 2;
    %set/v v011F1FB8_0, 8, 2;
    %jmp T_0.4;
T_0.2 ;
    %load/v 8, v012330A8_0, 2;
    %set/v v011F1FB8_0, 8, 2;
    %jmp T_0.4;
T_0.4 ;
    %jmp T_0;
    .thread T_0, $push;
    .scope S_011F85D0;
T_1 ;
    %vpi_call 2 10 "$dumpfile", "simulation.vcd";
    %vpi_call 2 11 "$dumpvars", 1'sb0, S_011F85D0;
    %set/v v011F2010_0, 0, 2;
    %movi 8, 1, 2;
    %set/v v011F2068_0, 8, 2;
    %set/v v011FEDE8_0, 1, 2;
    %movi 8, 2, 2;
    %set/v v011FEE40_0, 8, 2;
    %set/v v011FEE98_0, 0, 2;
    %delay 5000, 0;
    %vpi_call 2 12 "$display", "%b %b", v011FEE98_0, v011FEEF0_0;
    %set/v v011F2010_0, 0, 2;
    %movi 8, 1, 2;
    %set/v v011F2068_0, 8, 2;
    %set/v v011FEDE8_0, 1, 2;
    %movi 8, 2, 2;
    %set/v v011FEE40_0, 8, 2;
    %movi 8, 1, 2;
    %set/v v011FEE98_0, 8, 2;
    %delay 5000, 0;
    %vpi_call 2 13 "$display", "%b %b", v011FEE98_0, v011FEEF0_0;
    %set/v v011F2010_0, 0, 2;
    %movi 8, 1, 2;
    %set/v v011F2068_0, 8, 2;
    %set/v v011FEDE8_0, 1, 2;
    %movi 8, 2, 2;
    %set/v v011FEE40_0, 8, 2;
    %movi 8, 2, 2;
    %set/v v011FEE98_0, 8, 2;
    %delay 5000, 0;
    %vpi_call 2 14 "$display", "%b %b", v011FEE98_0, v011FEEF0_0;
    %set/v v011F2010_0, 0, 2;
    %movi 8, 1, 2;
    %set/v v011F2068_0, 8, 2;
    %set/v v011FEDE8_0, 1, 2;
    %movi 8, 2, 2;
    %set/v v011FEE40_0, 8, 2;
    %set/v v011FEE98_0, 1, 2;
    %delay 5000, 0;
    %vpi_call 2 15 "$display", "%b %b", v011FEE98_0, v011FEEF0_0;
    %vpi_call 2 16 "$finish";
    %end;
    .thread T_1;
# The file index is used to find the file name in the following table.
:file_names 4;
    "N/A";
    "<interactive>";
    "D:\buffer gate\buffer gate\verilog-judge\backend\problems\mux4_2bit\tb.v";
    "D:\buffer gate\buffer gate\verilog-judge\backend\submissions\97caa64a-7\submission.v";
