#! /c/iverilog/bin/vvp
:ivl_version "0.9.7 " "(v0_9_7)";
:vpi_time_precision - 12;
:vpi_module "system";
:vpi_module "v2005_math";
:vpi_module "va_math";
S_011B32F0 .scope module, "tb" "tb" 2 2;
 .timescale -9 -12;
v012CEA90_0 .var "in", 3 0;
v012CEAE8_0 .net "valid", 0 0, v012C1FB8_0; 1 drivers
v012CEB40_0 .net "y", 1 0, v012C2010_0; 1 drivers
S_011B3378 .scope module, "dut" "priority_encoder_4to2" 2 6, 3 1, S_011B32F0;
 .timescale 0 0;
v012C1F60_0 .net "in", 3 0, v012CEA90_0; 1 drivers
v012C1FB8_0 .var "valid", 0 0;
v012C2010_0 .var "y", 1 0;
E_012C8580 .event edge, v012C1F60_0;
    .scope S_011B3378;
T_0 ;
    %wait E_012C8580;
    %load/v 8, v012C1F60_0, 4;
    %or/r 8, 8, 4;
    %set/v v012C1FB8_0, 8, 1;
    %ix/load 1, 3, 0;
    %mov 4, 0, 1;
    %jmp/1 T_0.0, 4;
    %load/x1p 8, v012C1F60_0, 1;
    %jmp T_0.1;
T_0.0 ;
    %mov 8, 2, 1;
T_0.1 ;
; Save base=8 wid=1 in lookaside.
    %jmp/0xz  T_0.2, 8;
    %set/v v012C2010_0, 1, 2;
    %jmp T_0.3;
T_0.2 ;
    %ix/load 1, 2, 0;
    %mov 4, 0, 1;
    %jmp/1 T_0.4, 4;
    %load/x1p 8, v012C1F60_0, 1;
    %jmp T_0.5;
T_0.4 ;
    %mov 8, 2, 1;
T_0.5 ;
; Save base=8 wid=1 in lookaside.
    %jmp/0xz  T_0.6, 8;
    %movi 8, 2, 2;
    %set/v v012C2010_0, 8, 2;
    %jmp T_0.7;
T_0.6 ;
    %ix/load 1, 1, 0;
    %mov 4, 0, 1;
    %jmp/1 T_0.8, 4;
    %load/x1p 8, v012C1F60_0, 1;
    %jmp T_0.9;
T_0.8 ;
    %mov 8, 2, 1;
T_0.9 ;
; Save base=8 wid=1 in lookaside.
    %jmp/0xz  T_0.10, 8;
    %movi 8, 1, 2;
    %set/v v012C2010_0, 8, 2;
    %jmp T_0.11;
T_0.10 ;
    %set/v v012C2010_0, 0, 2;
T_0.11 ;
T_0.7 ;
T_0.3 ;
    %jmp T_0;
    .thread T_0, $push;
    .scope S_011B32F0;
T_1 ;
    %vpi_call 2 9 "$dumpfile", "simulation.vcd";
    %vpi_call 2 10 "$dumpvars", 1'sb0, S_011B32F0;
    %set/v v012CEA90_0, 0, 4;
    %delay 5000, 0;
    %vpi_call 2 11 "$display", "%b %b %b", v012CEA90_0, v012CEB40_0, v012CEAE8_0;
    %movi 8, 1, 4;
    %set/v v012CEA90_0, 8, 4;
    %delay 5000, 0;
    %vpi_call 2 12 "$display", "%b %b %b", v012CEA90_0, v012CEB40_0, v012CEAE8_0;
    %movi 8, 2, 4;
    %set/v v012CEA90_0, 8, 4;
    %delay 5000, 0;
    %vpi_call 2 13 "$display", "%b %b %b", v012CEA90_0, v012CEB40_0, v012CEAE8_0;
    %movi 8, 5, 4;
    %set/v v012CEA90_0, 8, 4;
    %delay 5000, 0;
    %vpi_call 2 14 "$display", "%b %b %b", v012CEA90_0, v012CEB40_0, v012CEAE8_0;
    %movi 8, 9, 4;
    %set/v v012CEA90_0, 8, 4;
    %delay 5000, 0;
    %vpi_call 2 15 "$display", "%b %b %b", v012CEA90_0, v012CEB40_0, v012CEAE8_0;
    %movi 8, 14, 4;
    %set/v v012CEA90_0, 8, 4;
    %delay 5000, 0;
    %vpi_call 2 16 "$display", "%b %b %b", v012CEA90_0, v012CEB40_0, v012CEAE8_0;
    %vpi_call 2 17 "$finish";
    %end;
    .thread T_1;
# The file index is used to find the file name in the following table.
:file_names 4;
    "N/A";
    "<interactive>";
    "D:\buffer gate\buffer gate\verilog-judge\backend\problems\priority_encoder_4to2\tb.v";
    "D:\buffer gate\buffer gate\verilog-judge\backend\submissions\f8968f09-1\submission.v";
