#! /c/iverilog/bin/vvp
:ivl_version "0.9.7 " "(v0_9_7)";
:vpi_time_precision - 12;
:vpi_module "system";
:vpi_module "v2005_math";
:vpi_module "va_math";
S_01288350 .scope module, "tb" "tb" 2 2;
 .timescale -9 -12;
v0128E278_0 .var "data_in", 31 0;
v0128E2D0_0 .net "data_out", 31 0, L_0128E4F0; 1 drivers
S_01288130 .scope module, "dut" "byte_swap_32" 2 6, 3 1, S_01288350;
 .timescale 0 0;
v01283DF8_0 .net *"_s1", 7 0, L_0128E328; 1 drivers
v01283E50_0 .net *"_s3", 7 0, L_0128E380; 1 drivers
v01283EA8_0 .net *"_s5", 7 0, L_0128E3D8; 1 drivers
v012833F8_0 .net *"_s7", 7 0, L_0128E498; 1 drivers
v01283450_0 .net "data_in", 31 0, v0128E278_0; 1 drivers
v012834A8_0 .alias "data_out", 31 0, v0128E2D0_0;
L_0128E328 .part v0128E278_0, 0, 8;
L_0128E380 .part v0128E278_0, 8, 8;
L_0128E3D8 .part v0128E278_0, 16, 8;
L_0128E498 .part v0128E278_0, 24, 8;
L_0128E4F0 .concat [ 8 8 8 8], L_0128E498, L_0128E3D8, L_0128E380, L_0128E328;
    .scope S_01288350;
T_0 ;
    %vpi_call 2 9 "$dumpfile", "simulation.vcd";
    %vpi_call 2 10 "$dumpvars", 1'sb0, S_01288350;
    %set/v v0128E278_0, 0, 32;
    %delay 1000, 0;
    %vpi_call 2 11 "$display", "%b", v0128E2D0_0;
    %movi 8, 1, 32;
    %set/v v0128E278_0, 8, 32;
    %delay 1000, 0;
    %vpi_call 2 12 "$display", "%b", v0128E2D0_0;
    %set/v v0128E278_0, 1, 32;
    %delay 1000, 0;
    %vpi_call 2 13 "$display", "%b", v0128E2D0_0;
    %movi 8, 170, 32;
    %set/v v0128E278_0, 8, 32;
    %delay 1000, 0;
    %vpi_call 2 14 "$display", "%b", v0128E2D0_0;
    %movi 8, 2, 32;
    %set/v v0128E278_0, 8, 32;
    %delay 1000, 0;
    %vpi_call 2 15 "$display", "%b", v0128E2D0_0;
    %movi 8, 3, 32;
    %set/v v0128E278_0, 8, 32;
    %delay 1000, 0;
    %vpi_call 2 16 "$display", "%b", v0128E2D0_0;
    %movi 8, 2147483647, 32;
    %set/v v0128E278_0, 8, 32;
    %delay 1000, 0;
    %vpi_call 2 17 "$display", "%b", v0128E2D0_0;
    %movi 8, 4294967210, 32;
    %set/v v0128E278_0, 8, 32;
    %delay 1000, 0;
    %vpi_call 2 18 "$display", "%b", v0128E2D0_0;
    %vpi_call 2 19 "$finish";
    %end;
    .thread T_0;
# The file index is used to find the file name in the following table.
:file_names 4;
    "N/A";
    "<interactive>";
    "D:\buffer gate\buffer gate\verilog-judge\backend\problems\byte_swap_32\tb.v";
    "D:\buffer gate\buffer gate\verilog-judge\backend\submissions\01edcaf9-1\submission.v";
