#! /c/iverilog/bin/vvp
:ivl_version "0.9.7 " "(v0_9_7)";
:vpi_time_precision - 12;
:vpi_module "system";
:vpi_module "v2005_math";
:vpi_module "va_math";
S_00ADDA60 .scope module, "tb" "tb" 2 2;
 .timescale -9 -12;
v01223178_0 .var "clk", 0 0;
v00AD1F60_0 .var "din", 7 0;
v00AD1FB8_0 .net "dout", 7 0, v00ADBAB8_0; 1 drivers
v00AD2010_0 .net "empty", 0 0, v00ADA430_0; 1 drivers
v00AD2068_0 .net "full", 0 0, v00ADA488_0; 1 drivers
v01221C30_0 .var "read_en", 0 0;
v01221C88_0 .var "rst", 0 0;
v01221CE0_0 .var "write_en", 0 0;
S_00ADE7A8 .scope module, "dut" "fifo_sync_8x8" 2 12, 3 1, S_00ADDA60;
 .timescale 0 0;
v00ADEAA8_0 .net "clk", 0 0, v01223178_0; 1 drivers
v00ADBA60_0 .net "din", 7 0, v00AD1F60_0; 1 drivers
v00ADBAB8_0 .var "dout", 7 0;
v00ADA430_0 .var "empty", 0 0;
v00ADA488_0 .var "full", 0 0;
v00ADA4E0_0 .net "read_en", 0 0, v01221C30_0; 1 drivers
v012230C8_0 .net "rst", 0 0, v01221C88_0; 1 drivers
v01223120_0 .net "write_en", 0 0, v01221CE0_0; 1 drivers
E_00AD9590 .event "_s0";
    .scope S_00ADE7A8;
T_0 ;
    %wait E_00AD9590;
    %jmp T_0;
    .thread T_0;
    .scope S_00ADDA60;
T_1 ;
    %set/v v01223178_0, 0, 1;
T_1.0 ;
    %delay 5000, 0;
    %load/v 8, v01223178_0, 1;
    %inv 8, 1;
    %set/v v01223178_0, 8, 1;
    %jmp T_1.0;
    %end;
    .thread T_1;
    .scope S_00ADDA60;
T_2 ;
    %vpi_call 2 16 "$dumpfile", "simulation.vcd";
    %vpi_call 2 17 "$dumpvars", 1'sb0, S_00ADDA60;
    %set/v v01223178_0, 0, 1;
    %set/v v01221C88_0, 1, 1;
    %set/v v01221CE0_0, 0, 1;
    %set/v v01221C30_0, 0, 1;
    %set/v v00AD1F60_0, 0, 8;
    %delay 5000, 0;
    %vpi_call 2 18 "$display", "%b %b %b", v00AD1FB8_0, v00AD2068_0, v00AD2010_0;
    %set/v v01223178_0, 0, 1;
    %set/v v01221C88_0, 0, 1;
    %set/v v01221CE0_0, 1, 1;
    %set/v v01221C30_0, 1, 1;
    %movi 8, 1, 8;
    %set/v v00AD1F60_0, 8, 8;
    %delay 5000, 0;
    %vpi_call 2 19 "$display", "%b %b %b", v00AD1FB8_0, v00AD2068_0, v00AD2010_0;
    %set/v v01223178_0, 0, 1;
    %set/v v01221C88_0, 0, 1;
    %set/v v01221CE0_0, 1, 1;
    %set/v v01221C30_0, 1, 1;
    %set/v v00AD1F60_0, 1, 8;
    %delay 5000, 0;
    %vpi_call 2 20 "$display", "%b %b %b", v00AD1FB8_0, v00AD2068_0, v00AD2010_0;
    %set/v v01223178_0, 0, 1;
    %set/v v01221C88_0, 0, 1;
    %set/v v01221CE0_0, 0, 1;
    %set/v v01221C30_0, 0, 1;
    %movi 8, 170, 8;
    %set/v v00AD1F60_0, 8, 8;
    %delay 5000, 0;
    %vpi_call 2 21 "$display", "%b %b %b", v00AD1FB8_0, v00AD2068_0, v00AD2010_0;
    %vpi_call 2 22 "$finish";
    %end;
    .thread T_2;
# The file index is used to find the file name in the following table.
:file_names 4;
    "N/A";
    "<interactive>";
    "D:\buffer gate\buffer gate\verilog-judge\backend\problems\fifo_sync_8x8\tb.v";
    "D:\buffer gate\buffer gate\verilog-judge\backend\submissions\feab4f78-4\submission.v";
