#! /c/iverilog/bin/vvp
:ivl_version "0.9.7 " "(v0_9_7)";
:vpi_time_precision - 12;
:vpi_module "system";
:vpi_module "v2005_math";
:vpi_module "va_math";
S_01144C00 .scope module, "tb" "tb" 2 2;
 .timescale -9 -12;
v01141F60_0 .var/s "a", 15 0;
v01141FB8_0 .var "shamt", 3 0;
v01142010_0 .net "y", 15 0, C4<0000000000000000>; 1 drivers
S_01182878 .scope module, "dut" "arithmetic_shift_unit" 2 7, 3 1, S_01144C00;
 .timescale 0 0;
v01182900_0 .net/s "a", 15 0, v01141F60_0; 1 drivers
v01182958_0 .net "shamt", 3 0, v01141FB8_0; 1 drivers
v01145A60_0 .alias "y", 15 0, v01142010_0;
    .scope S_01144C00;
T_0 ;
    %vpi_call 2 10 "$dumpfile", "simulation.vcd";
    %vpi_call 2 11 "$dumpvars", 1'sb0, S_01144C00;
    %set/v v01141F60_0, 0, 16;
    %set/v v01141FB8_0, 0, 4;
    %delay 5000, 0;
    %vpi_call 2 12 "$display", "%b", v01142010_0;
    %movi 8, 1, 16;
    %set/v v01141F60_0, 8, 16;
    %movi 8, 1, 4;
    %set/v v01141FB8_0, 8, 4;
    %delay 5000, 0;
    %vpi_call 2 13 "$display", "%b", v01142010_0;
    %set/v v01141F60_0, 1, 16;
    %set/v v01141FB8_0, 1, 4;
    %delay 5000, 0;
    %vpi_call 2 14 "$display", "%b", v01142010_0;
    %movi 8, 170, 16;
    %set/v v01141F60_0, 8, 16;
    %movi 8, 10, 4;
    %set/v v01141FB8_0, 8, 4;
    %delay 5000, 0;
    %vpi_call 2 15 "$display", "%b", v01142010_0;
    %vpi_call 2 16 "$finish";
    %end;
    .thread T_0;
# The file index is used to find the file name in the following table.
:file_names 4;
    "N/A";
    "<interactive>";
    "D:\buffer gate\buffer gate\verilog-judge\backend\problems\arithmetic_shift_unit\tb.v";
    "D:\buffer gate\buffer gate\verilog-judge\backend\submissions\5a164cfe-6\submission.v";
