#! /c/iverilog/bin/vvp
:ivl_version "0.9.7 " "(v0_9_7)";
:vpi_time_precision - 12;
:vpi_module "system";
:vpi_module "v2005_math";
:vpi_module "va_math";
S_013040D0 .scope module, "tb" "tb" 2 2;
 .timescale -9 -12;
v0130A3A0_0 .var "a", 7 0;
v0130A3F8_0 .var "b", 7 0;
v0130A450_0 .var "sel", 0 0;
v0130A4A8_0 .net "y", 7 0, v0130A348_0; 1 drivers
S_013033F8 .scope module, "dut" "mux_2to1" 2 8, 3 1, S_013040D0;
 .timescale 0 0;
v01303480_0 .net "a", 7 0, v0130A3A0_0; 1 drivers
v013034D8_0 .net "b", 7 0, v0130A3F8_0; 1 drivers
v0130EF50_0 .net "sel", 0 0, v0130A450_0; 1 drivers
v0130A348_0 .var "y", 7 0;
E_01173778 .event edge, v0130EF50_0, v013034D8_0, v01303480_0;
    .scope S_013033F8;
T_0 ;
    %wait E_01173778;
    %load/v 8, v0130EF50_0, 1;
    %jmp/0xz  T_0.0, 8;
    %load/v 8, v013034D8_0, 8;
    %ix/load 0, 8, 0;
    %assign/v0 v0130A348_0, 0, 8;
    %jmp T_0.1;
T_0.0 ;
    %load/v 8, v01303480_0, 8;
    %ix/load 0, 8, 0;
    %assign/v0 v0130A348_0, 0, 8;
T_0.1 ;
    %jmp T_0;
    .thread T_0, $push;
    .scope S_013040D0;
T_1 ;
    %vpi_call 2 11 "$dumpfile", "simulation.vcd";
    %vpi_call 2 12 "$dumpvars", 1'sb0, S_013040D0;
    %set/v v0130A3A0_0, 0, 8;
    %set/v v0130A3F8_0, 0, 8;
    %set/v v0130A450_0, 0, 1;
    %delay 1000, 0;
    %vpi_call 2 13 "$display", "%b", v0130A4A8_0;
    %movi 8, 1, 8;
    %set/v v0130A3A0_0, 8, 8;
    %movi 8, 1, 8;
    %set/v v0130A3F8_0, 8, 8;
    %set/v v0130A450_0, 1, 1;
    %delay 1000, 0;
    %vpi_call 2 14 "$display", "%b", v0130A4A8_0;
    %set/v v0130A3A0_0, 1, 8;
    %set/v v0130A3F8_0, 1, 8;
    %set/v v0130A450_0, 0, 1;
    %delay 1000, 0;
    %vpi_call 2 15 "$display", "%b", v0130A4A8_0;
    %movi 8, 170, 8;
    %set/v v0130A3A0_0, 8, 8;
    %movi 8, 170, 8;
    %set/v v0130A3F8_0, 8, 8;
    %set/v v0130A450_0, 1, 1;
    %delay 1000, 0;
    %vpi_call 2 16 "$display", "%b", v0130A4A8_0;
    %movi 8, 2, 8;
    %set/v v0130A3A0_0, 8, 8;
    %movi 8, 2, 8;
    %set/v v0130A3F8_0, 8, 8;
    %set/v v0130A450_0, 0, 1;
    %delay 1000, 0;
    %vpi_call 2 17 "$display", "%b", v0130A4A8_0;
    %movi 8, 3, 8;
    %set/v v0130A3A0_0, 8, 8;
    %movi 8, 3, 8;
    %set/v v0130A3F8_0, 8, 8;
    %set/v v0130A450_0, 1, 1;
    %delay 1000, 0;
    %vpi_call 2 18 "$display", "%b", v0130A4A8_0;
    %movi 8, 127, 8;
    %set/v v0130A3A0_0, 8, 8;
    %movi 8, 127, 8;
    %set/v v0130A3F8_0, 8, 8;
    %set/v v0130A450_0, 0, 1;
    %delay 1000, 0;
    %vpi_call 2 19 "$display", "%b", v0130A4A8_0;
    %movi 8, 170, 8;
    %set/v v0130A3A0_0, 8, 8;
    %movi 8, 170, 8;
    %set/v v0130A3F8_0, 8, 8;
    %set/v v0130A450_0, 1, 1;
    %delay 1000, 0;
    %vpi_call 2 20 "$display", "%b", v0130A4A8_0;
    %vpi_call 2 21 "$finish";
    %end;
    .thread T_1;
# The file index is used to find the file name in the following table.
:file_names 4;
    "N/A";
    "<interactive>";
    "D:\buffer gate\buffer gate\verilog-judge\backend\problems\mux_2to1\tb.v";
    "D:\buffer gate\buffer gate\verilog-judge\backend\submissions\e8f9cd97-d\submission.v";
