#! /c/iverilog/bin/vvp
:ivl_version "0.9.7 " "(v0_9_7)";
:vpi_time_precision - 12;
:vpi_module "system";
:vpi_module "v2005_math";
:vpi_module "va_math";
S_012658F8 .scope module, "tb" "tb" 2 2;
 .timescale -9 -12;
v011528E8_0 .var "a", 2 0;
v01152940_0 .var "b", 2 0;
v01261F68_0 .net "y", 2 0, L_01152998; 1 drivers
S_01268D28 .scope module, "dut" "and_3bit" 2 6, 3 1, S_012658F8;
 .timescale 0 0;
L_01152998 .functor AND 3, v011528E8_0, v01152940_0, C4<111>, C4<111>;
v01268DB0_0 .net "a", 2 0, v011528E8_0; 1 drivers
v0126EF68_0 .net "b", 2 0, v01152940_0; 1 drivers
v01152890_0 .alias "y", 2 0, v01261F68_0;
    .scope S_012658F8;
T_0 ;
    %vpi_call 2 9 "$dumpfile", "simulation.vcd";
    %vpi_call 2 10 "$dumpvars", 1'sb0, S_012658F8;
    %set/v v011528E8_0, 0, 3;
    %set/v v01152940_0, 0, 3;
    %delay 5000, 0;
    %vpi_call 2 11 "$display", "%b %b %b", v011528E8_0, v01152940_0, v01261F68_0;
    %set/v v011528E8_0, 0, 3;
    %set/v v01152940_0, 1, 3;
    %delay 5000, 0;
    %vpi_call 2 12 "$display", "%b %b %b", v011528E8_0, v01152940_0, v01261F68_0;
    %set/v v011528E8_0, 1, 3;
    %set/v v01152940_0, 0, 3;
    %delay 5000, 0;
    %vpi_call 2 13 "$display", "%b %b %b", v011528E8_0, v01152940_0, v01261F68_0;
    %set/v v011528E8_0, 1, 3;
    %set/v v01152940_0, 1, 3;
    %delay 5000, 0;
    %vpi_call 2 14 "$display", "%b %b %b", v011528E8_0, v01152940_0, v01261F68_0;
    %movi 8, 4, 3;
    %set/v v011528E8_0, 8, 3;
    %set/v v01152940_0, 1, 3;
    %delay 5000, 0;
    %vpi_call 2 15 "$display", "%b %b %b", v011528E8_0, v01152940_0, v01261F68_0;
    %movi 8, 2, 3;
    %set/v v011528E8_0, 8, 3;
    %movi 8, 5, 3;
    %set/v v01152940_0, 8, 3;
    %delay 5000, 0;
    %vpi_call 2 16 "$display", "%b %b %b", v011528E8_0, v01152940_0, v01261F68_0;
    %vpi_call 2 17 "$finish";
    %end;
    .thread T_0;
# The file index is used to find the file name in the following table.
:file_names 4;
    "N/A";
    "<interactive>";
    "D:\buffer gate\buffer gate\verilog-judge\backend\problems\and_3bit\tb.v";
    "D:\buffer gate\buffer gate\verilog-judge\backend\submissions\65aae784-f\submission.v";
