#! /c/iverilog/bin/vvp
:ivl_version "0.9.7 " "(v0_9_7)";
:vpi_time_precision - 12;
:vpi_module "system";
:vpi_module "v2005_math";
:vpi_module "va_math";
S_01164C50 .scope module, "tb" "tb" 2 2;
 .timescale -9 -12;
v0116D400_0 .net "code", 2 0, v011633F8_0; 1 drivers
v0116D458_0 .var "in", 7 0;
v0116D4B0_0 .net "valid", 0 0, v011634A8_0; 1 drivers
S_01164CD8 .scope module, "dut" "priority_encoder_8to3" 2 7, 3 1, S_01164C50;
 .timescale 0 0;
v011633F8_0 .var "code", 2 0;
v01163450_0 .net "in", 7 0, v0116D458_0; 1 drivers
v011634A8_0 .var "valid", 0 0;
E_01168140 .event edge, v01163450_0;
    .scope S_01164CD8;
T_0 ;
    %wait E_01168140;
    %load/v 8, v01163450_0, 8;
    %cmpi/u 8, 0, 8;
    %inv 4, 1;
    %jmp/0xz  T_0.0, 4;
    %set/v v011634A8_0, 1, 1;
    %load/v 8, v01163450_0, 8;
    %movi 16, 1, 8;
    %cmp/z 8, 16, 8;
    %jmp/1 T_0.2, 4;
    %mov 16, 3, 1;
    %movi 17, 1, 7;
    %cmp/z 8, 16, 8;
    %jmp/1 T_0.3, 4;
    %mov 24, 3, 2;
    %movi 26, 1, 6;
    %cmp/z 8, 24, 8;
    %jmp/1 T_0.4, 4;
    %mov 32, 3, 3;
    %movi 35, 1, 5;
    %cmp/z 8, 32, 8;
    %jmp/1 T_0.5, 4;
    %mov 40, 3, 4;
    %movi 44, 1, 4;
    %cmp/z 8, 40, 8;
    %jmp/1 T_0.6, 4;
    %mov 48, 3, 5;
    %movi 53, 1, 3;
    %cmp/z 8, 48, 8;
    %jmp/1 T_0.7, 4;
    %mov 56, 3, 6;
    %movi 62, 1, 2;
    %cmp/z 8, 56, 8;
    %jmp/1 T_0.8, 4;
    %mov 64, 3, 7;
    %movi 71, 1, 1;
    %cmp/z 8, 64, 8;
    %jmp/1 T_0.9, 4;
    %jmp T_0.10;
T_0.2 ;
    %set/v v011633F8_0, 0, 3;
    %jmp T_0.10;
T_0.3 ;
    %movi 8, 1, 3;
    %set/v v011633F8_0, 8, 3;
    %jmp T_0.10;
T_0.4 ;
    %movi 8, 2, 3;
    %set/v v011633F8_0, 8, 3;
    %jmp T_0.10;
T_0.5 ;
    %movi 8, 3, 3;
    %set/v v011633F8_0, 8, 3;
    %jmp T_0.10;
T_0.6 ;
    %movi 8, 4, 3;
    %set/v v011633F8_0, 8, 3;
    %jmp T_0.10;
T_0.7 ;
    %movi 8, 5, 3;
    %set/v v011633F8_0, 8, 3;
    %jmp T_0.10;
T_0.8 ;
    %movi 8, 6, 3;
    %set/v v011633F8_0, 8, 3;
    %jmp T_0.10;
T_0.9 ;
    %set/v v011633F8_0, 1, 3;
    %jmp T_0.10;
T_0.10 ;
    %jmp T_0.1;
T_0.0 ;
    %set/v v011633F8_0, 0, 3;
    %set/v v011634A8_0, 0, 1;
T_0.1 ;
    %jmp T_0;
    .thread T_0, $push;
    .scope S_01164C50;
T_1 ;
    %vpi_call 2 10 "$dumpfile", "simulation.vcd";
    %vpi_call 2 11 "$dumpvars", 1'sb0, S_01164C50;
    %set/v v0116D458_0, 0, 8;
    %delay 1000, 0;
    %vpi_call 2 12 "$display", "%b %b", v0116D400_0, v0116D4B0_0;
    %movi 8, 1, 8;
    %set/v v0116D458_0, 8, 8;
    %delay 1000, 0;
    %vpi_call 2 13 "$display", "%b %b", v0116D400_0, v0116D4B0_0;
    %set/v v0116D458_0, 1, 8;
    %delay 1000, 0;
    %vpi_call 2 14 "$display", "%b %b", v0116D400_0, v0116D4B0_0;
    %movi 8, 170, 8;
    %set/v v0116D458_0, 8, 8;
    %delay 1000, 0;
    %vpi_call 2 15 "$display", "%b %b", v0116D400_0, v0116D4B0_0;
    %movi 8, 2, 8;
    %set/v v0116D458_0, 8, 8;
    %delay 1000, 0;
    %vpi_call 2 16 "$display", "%b %b", v0116D400_0, v0116D4B0_0;
    %movi 8, 3, 8;
    %set/v v0116D458_0, 8, 8;
    %delay 1000, 0;
    %vpi_call 2 17 "$display", "%b %b", v0116D400_0, v0116D4B0_0;
    %movi 8, 127, 8;
    %set/v v0116D458_0, 8, 8;
    %delay 1000, 0;
    %vpi_call 2 18 "$display", "%b %b", v0116D400_0, v0116D4B0_0;
    %movi 8, 170, 8;
    %set/v v0116D458_0, 8, 8;
    %delay 1000, 0;
    %vpi_call 2 19 "$display", "%b %b", v0116D400_0, v0116D4B0_0;
    %vpi_call 2 20 "$finish";
    %end;
    .thread T_1;
# The file index is used to find the file name in the following table.
:file_names 4;
    "N/A";
    "<interactive>";
    "D:\buffer gate\buffer gate\verilog-judge\backend\problems\priority_encoder_8to3\tb.v";
    "D:\buffer gate\buffer gate\verilog-judge\backend\submissions\1a5921d3-6\submission.v";
