#! /c/iverilog/bin/vvp
:ivl_version "0.9.7 " "(v0_9_7)";
:vpi_time_precision - 12;
:vpi_module "system";
:vpi_module "v2005_math";
:vpi_module "va_math";
S_01182348 .scope module, "tb" "tb" 2 2;
 .timescale -9 -12;
v00871FC0_0 .var "a", 15 0;
v00872018_0 .net "y", 15 0, L_01182458; 1 drivers
S_011823D0 .scope module, "dut" "buffer_16bit" 2 6, 3 1, S_01182348;
 .timescale 0 0;
L_01182458 .functor BUFZ 16, v00871FC0_0, C4<0000000000000000>, C4<0000000000000000>, C4<0000000000000000>;
v00875188_0 .net "a", 15 0, v00871FC0_0; 1 drivers
v00871F68_0 .alias "y", 15 0, v00872018_0;
    .scope S_01182348;
T_0 ;
    %vpi_call 2 9 "$dumpfile", "simulation.vcd";
    %vpi_call 2 10 "$dumpvars", 1'sb0, S_01182348;
    %set/v v00871FC0_0, 0, 16;
    %delay 5000, 0;
    %vpi_call 2 11 "$display", "%b %b", v00871FC0_0, v00872018_0;
    %movi 8, 1, 16;
    %set/v v00871FC0_0, 8, 16;
    %delay 5000, 0;
    %vpi_call 2 12 "$display", "%b %b", v00871FC0_0, v00872018_0;
    %set/v v00871FC0_0, 1, 16;
    %delay 5000, 0;
    %vpi_call 2 13 "$display", "%b %b", v00871FC0_0, v00872018_0;
    %movi 8, 43690, 16;
    %set/v v00871FC0_0, 8, 16;
    %delay 5000, 0;
    %vpi_call 2 14 "$display", "%b %b", v00871FC0_0, v00872018_0;
    %vpi_call 2 15 "$finish";
    %end;
    .thread T_0;
# The file index is used to find the file name in the following table.
:file_names 4;
    "N/A";
    "<interactive>";
    "D:\buffer gate\buffer gate\verilog-judge\backend\problems\buffer_16bit\tb.v";
    "D:\buffer gate\buffer gate\verilog-judge\backend\submissions\5ceb6667-8\submission.v";
