#! /c/iverilog/bin/vvp
:ivl_version "0.9.7 " "(v0_9_7)";
:vpi_time_precision - 12;
:vpi_module "system";
:vpi_module "v2005_math";
:vpi_module "va_math";
S_011B3D30 .scope module, "tb" "tb" 2 2;
 .timescale -9 -12;
v00A43AD8_0 .var "data_in", 31 0;
v00A43B30_0 .net "data_out", 31 0, L_00A487E0; 1 drivers
S_011B2FE8 .scope module, "dut" "byte_swap_32" 2 6, 3 1, S_011B3D30;
 .timescale 0 0;
L_00A487E0 .functor BUFZ 32, v00A43AD8_0, C4<00000000000000000000000000000000>, C4<00000000000000000000000000000000>, C4<00000000000000000000000000000000>;
v011B2BA8_0 .net "data_in", 31 0, v00A43AD8_0; 1 drivers
v00A43A80_0 .alias "data_out", 31 0, v00A43B30_0;
    .scope S_011B3D30;
T_0 ;
    %vpi_call 2 9 "$dumpfile", "simulation.vcd";
    %vpi_call 2 10 "$dumpvars", 1'sb0, S_011B3D30;
    %set/v v00A43AD8_0, 0, 32;
    %delay 1000, 0;
    %vpi_call 2 11 "$display", "%b", v00A43B30_0;
    %movi 8, 1, 32;
    %set/v v00A43AD8_0, 8, 32;
    %delay 1000, 0;
    %vpi_call 2 12 "$display", "%b", v00A43B30_0;
    %set/v v00A43AD8_0, 1, 32;
    %delay 1000, 0;
    %vpi_call 2 13 "$display", "%b", v00A43B30_0;
    %movi 8, 170, 32;
    %set/v v00A43AD8_0, 8, 32;
    %delay 1000, 0;
    %vpi_call 2 14 "$display", "%b", v00A43B30_0;
    %movi 8, 2, 32;
    %set/v v00A43AD8_0, 8, 32;
    %delay 1000, 0;
    %vpi_call 2 15 "$display", "%b", v00A43B30_0;
    %movi 8, 3, 32;
    %set/v v00A43AD8_0, 8, 32;
    %delay 1000, 0;
    %vpi_call 2 16 "$display", "%b", v00A43B30_0;
    %movi 8, 2147483647, 32;
    %set/v v00A43AD8_0, 8, 32;
    %delay 1000, 0;
    %vpi_call 2 17 "$display", "%b", v00A43B30_0;
    %movi 8, 4294967210, 32;
    %set/v v00A43AD8_0, 8, 32;
    %delay 1000, 0;
    %vpi_call 2 18 "$display", "%b", v00A43B30_0;
    %vpi_call 2 19 "$finish";
    %end;
    .thread T_0;
# The file index is used to find the file name in the following table.
:file_names 4;
    "N/A";
    "<interactive>";
    "D:\buffer gate\buffer gate\verilog-judge\backend\problems\byte_swap_32\tb.v";
    "D:\buffer gate\buffer gate\verilog-judge\backend\submissions\1c48332a-1\submission.v";
