#! /c/iverilog/bin/vvp
:ivl_version "0.9.7 " "(v0_9_7)";
:vpi_time_precision - 12;
:vpi_module "system";
:vpi_module "v2005_math";
:vpi_module "va_math";
S_011D2588 .scope module, "tb" "tb" 2 2;
 .timescale -9 -12;
v0119EF40_0 .var "a", 0 0;
v01191F78_0 .net "y", 0 0, L_011D2698; 1 drivers
S_011D2610 .scope module, "dut" "not_1bit" 2 6, 3 1, S_011D2588;
 .timescale 0 0;
L_011D2698 .functor NOT 1, v0119EF40_0, C4<0>, C4<0>, C4<0>;
v011954A0_0 .net "a", 0 0, v0119EF40_0; 1 drivers
v01195A70_0 .alias "y", 0 0, v01191F78_0;
    .scope S_011D2588;
T_0 ;
    %vpi_call 2 9 "$dumpfile", "simulation.vcd";
    %vpi_call 2 10 "$dumpvars", 1'sb0, S_011D2588;
    %set/v v0119EF40_0, 0, 1;
    %delay 5000, 0;
    %vpi_call 2 11 "$display", "%b %b", v0119EF40_0, v01191F78_0;
    %set/v v0119EF40_0, 1, 1;
    %delay 5000, 0;
    %vpi_call 2 12 "$display", "%b %b", v0119EF40_0, v01191F78_0;
    %set/v v0119EF40_0, 1, 1;
    %delay 5000, 0;
    %vpi_call 2 13 "$display", "%b %b", v0119EF40_0, v01191F78_0;
    %set/v v0119EF40_0, 1, 1;
    %delay 5000, 0;
    %vpi_call 2 14 "$display", "%b %b", v0119EF40_0, v01191F78_0;
    %set/v v0119EF40_0, 1, 1;
    %delay 5000, 0;
    %vpi_call 2 15 "$display", "%b %b", v0119EF40_0, v01191F78_0;
    %vpi_call 2 16 "$finish";
    %end;
    .thread T_0;
# The file index is used to find the file name in the following table.
:file_names 4;
    "N/A";
    "<interactive>";
    "D:\buffer gate\buffer gate\verilog-judge\backend\problems\not_1bit\tb.v";
    "D:\buffer gate\buffer gate\verilog-judge\backend\submissions\8f9e6c05-f\submission.v";
