#! /c/iverilog/bin/vvp
:ivl_version "0.9.7 " "(v0_9_7)";
:vpi_time_precision - 12;
:vpi_module "system";
:vpi_module "v2005_math";
:vpi_module "va_math";
S_012247A8 .scope module, "tb" "tb" 2 2;
 .timescale -9 -12;
v0122D888_0 .var "a", 7 0;
v0122D8E0_0 .var "b", 7 0;
v0122D938_0 .net "diff", 7 0, v0122D830_0; 1 drivers
S_012233F8 .scope module, "dut" "absolute_difference" 2 7, 3 1, S_012247A8;
 .timescale 0 0;
v01223480_0 .net "a", 7 0, v0122D888_0; 1 drivers
v012234D8_0 .net "b", 7 0, v0122D8E0_0; 1 drivers
v0122D830_0 .var "diff", 7 0;
E_01227FA8 .event edge, v01223480_0, v012234D8_0;
    .scope S_012233F8;
T_0 ;
    %wait E_01227FA8;
    %load/v 8, v01223480_0, 8;
    %load/v 16, v012234D8_0, 8;
    %cmp/u 8, 16, 8;
    %jmp/0xz  T_0.0, 4;
    %ix/load 0, 8, 0;
    %assign/v0 v0122D830_0, 0, 0;
    %jmp T_0.1;
T_0.0 ;
    %load/v 8, v012234D8_0, 8;
    %load/v 16, v01223480_0, 8;
    %cmp/u 8, 16, 8;
    %jmp/0xz  T_0.2, 5;
    %load/v 8, v01223480_0, 8;
    %load/v 16, v012234D8_0, 8;
    %sub 8, 16, 8;
    %ix/load 0, 8, 0;
    %assign/v0 v0122D830_0, 0, 8;
    %jmp T_0.3;
T_0.2 ;
    %load/v 8, v012234D8_0, 8;
    %load/v 16, v01223480_0, 8;
    %sub 8, 16, 8;
    %ix/load 0, 8, 0;
    %assign/v0 v0122D830_0, 0, 8;
T_0.3 ;
T_0.1 ;
    %jmp T_0;
    .thread T_0, $push;
    .scope S_012247A8;
T_1 ;
    %vpi_call 2 10 "$dumpfile", "simulation.vcd";
    %vpi_call 2 11 "$dumpvars", 1'sb0, S_012247A8;
    %set/v v0122D888_0, 0, 8;
    %set/v v0122D8E0_0, 0, 8;
    %delay 1000, 0;
    %vpi_call 2 12 "$display", "%b", v0122D938_0;
    %movi 8, 1, 8;
    %set/v v0122D888_0, 8, 8;
    %movi 8, 1, 8;
    %set/v v0122D8E0_0, 8, 8;
    %delay 1000, 0;
    %vpi_call 2 13 "$display", "%b", v0122D938_0;
    %set/v v0122D888_0, 1, 8;
    %set/v v0122D8E0_0, 1, 8;
    %delay 1000, 0;
    %vpi_call 2 14 "$display", "%b", v0122D938_0;
    %movi 8, 170, 8;
    %set/v v0122D888_0, 8, 8;
    %movi 8, 170, 8;
    %set/v v0122D8E0_0, 8, 8;
    %delay 1000, 0;
    %vpi_call 2 15 "$display", "%b", v0122D938_0;
    %movi 8, 2, 8;
    %set/v v0122D888_0, 8, 8;
    %movi 8, 2, 8;
    %set/v v0122D8E0_0, 8, 8;
    %delay 1000, 0;
    %vpi_call 2 16 "$display", "%b", v0122D938_0;
    %movi 8, 3, 8;
    %set/v v0122D888_0, 8, 8;
    %movi 8, 3, 8;
    %set/v v0122D8E0_0, 8, 8;
    %delay 1000, 0;
    %vpi_call 2 17 "$display", "%b", v0122D938_0;
    %movi 8, 127, 8;
    %set/v v0122D888_0, 8, 8;
    %movi 8, 127, 8;
    %set/v v0122D8E0_0, 8, 8;
    %delay 1000, 0;
    %vpi_call 2 18 "$display", "%b", v0122D938_0;
    %movi 8, 170, 8;
    %set/v v0122D888_0, 8, 8;
    %movi 8, 170, 8;
    %set/v v0122D8E0_0, 8, 8;
    %delay 1000, 0;
    %vpi_call 2 19 "$display", "%b", v0122D938_0;
    %vpi_call 2 20 "$finish";
    %end;
    .thread T_1;
# The file index is used to find the file name in the following table.
:file_names 4;
    "N/A";
    "<interactive>";
    "D:\buffer gate\buffer gate\verilog-judge\backend\problems\absolute_difference\tb.v";
    "D:\buffer gate\buffer gate\verilog-judge\backend\submissions\a97ec469-e\submission.v";
