#! /c/iverilog/bin/vvp
:ivl_version "0.9.7 " "(v0_9_7)";
:vpi_time_precision - 12;
:vpi_module "system";
:vpi_module "v2005_math";
:vpi_module "va_math";
S_01162B08 .scope module, "tb" "tb" 2 2;
 .timescale -9 -12;
v0131EE70_0 .var "a", 7 0;
v0131EEC8_0 .var "b", 7 0;
v0131EF20_0 .var "op", 2 0;
v0131EF78_0 .net "result", 7 0, v01312068_0; 1 drivers
v01184C20_0 .net "zero", 0 0, v0131EE18_0; 1 drivers
S_01162B90 .scope module, "dut" "simple_alu_8bit" 2 9, 3 1, S_01162B08;
 .timescale 0 0;
v01311F60_0 .net "a", 7 0, v0131EE70_0; 1 drivers
v01311FB8_0 .net "b", 7 0, v0131EEC8_0; 1 drivers
v01312010_0 .net "op", 2 0, v0131EF20_0; 1 drivers
v01312068_0 .var "result", 7 0;
v0131EE18_0 .var "zero", 0 0;
E_013192E0 .event "_s0";
    .scope S_01162B90;
T_0 ;
    %wait E_013192E0;
    %jmp T_0;
    .thread T_0;
    .scope S_01162B08;
T_1 ;
    %vpi_call 2 12 "$dumpfile", "simulation.vcd";
    %vpi_call 2 13 "$dumpvars", 1'sb0, S_01162B08;
    %set/v v0131EE70_0, 0, 8;
    %set/v v0131EEC8_0, 0, 8;
    %set/v v0131EF20_0, 0, 3;
    %delay 5000, 0;
    %vpi_call 2 14 "$display", "%b %b", v0131EF78_0, v01184C20_0;
    %movi 8, 1, 8;
    %set/v v0131EE70_0, 8, 8;
    %movi 8, 1, 8;
    %set/v v0131EEC8_0, 8, 8;
    %movi 8, 1, 3;
    %set/v v0131EF20_0, 8, 3;
    %delay 5000, 0;
    %vpi_call 2 15 "$display", "%b %b", v0131EF78_0, v01184C20_0;
    %set/v v0131EE70_0, 1, 8;
    %set/v v0131EEC8_0, 1, 8;
    %set/v v0131EF20_0, 1, 3;
    %delay 5000, 0;
    %vpi_call 2 16 "$display", "%b %b", v0131EF78_0, v01184C20_0;
    %movi 8, 170, 8;
    %set/v v0131EE70_0, 8, 8;
    %movi 8, 170, 8;
    %set/v v0131EEC8_0, 8, 8;
    %movi 8, 2, 3;
    %set/v v0131EF20_0, 8, 3;
    %delay 5000, 0;
    %vpi_call 2 17 "$display", "%b %b", v0131EF78_0, v01184C20_0;
    %vpi_call 2 18 "$finish";
    %end;
    .thread T_1;
# The file index is used to find the file name in the following table.
:file_names 4;
    "N/A";
    "<interactive>";
    "D:\buffer gate\buffer gate\verilog-judge\backend\problems\simple_alu_8bit\tb.v";
    "D:\buffer gate\buffer gate\verilog-judge\backend\submissions\c0e08e76-9\submission.v";
