#! /c/iverilog/bin/vvp
:ivl_version "0.9.7 " "(v0_9_7)";
:vpi_time_precision - 12;
:vpi_module "system";
:vpi_module "v2005_math";
:vpi_module "va_math";
S_01205A08 .scope module, "tb" "tb" 2 2;
 .timescale -9 -12;
v01201FC0_0 .var "a", 1 0;
v01202018_0 .var "b", 1 0;
v01202070_0 .net "y", 1 0, L_0120EC28; 1 drivers
S_012428B0 .scope module, "dut" "nor_2bit" 2 6, 3 1, S_01205A08;
 .timescale 0 0;
L_0120EB80 .functor OR 2, v01201FC0_0, v01202018_0, C4<00>, C4<00>;
L_0120EC28 .functor NOT 2, L_0120EB80, C4<00>, C4<00>, C4<00>;
v01205A90_0 .net *"_s0", 1 0, L_0120EB80; 1 drivers
v01242938_0 .net "a", 1 0, v01201FC0_0; 1 drivers
v01242990_0 .net "b", 1 0, v01202018_0; 1 drivers
v01201F68_0 .alias "y", 1 0, v01202070_0;
    .scope S_01205A08;
T_0 ;
    %vpi_call 2 9 "$dumpfile", "simulation.vcd";
    %vpi_call 2 10 "$dumpvars", 1'sb0, S_01205A08;
    %set/v v01201FC0_0, 0, 2;
    %set/v v01202018_0, 0, 2;
    %delay 5000, 0;
    %vpi_call 2 11 "$display", "%b %b %b", v01201FC0_0, v01202018_0, v01202070_0;
    %set/v v01201FC0_0, 0, 2;
    %set/v v01202018_0, 1, 2;
    %delay 5000, 0;
    %vpi_call 2 12 "$display", "%b %b %b", v01201FC0_0, v01202018_0, v01202070_0;
    %set/v v01201FC0_0, 1, 2;
    %set/v v01202018_0, 0, 2;
    %delay 5000, 0;
    %vpi_call 2 13 "$display", "%b %b %b", v01201FC0_0, v01202018_0, v01202070_0;
    %set/v v01201FC0_0, 1, 2;
    %set/v v01202018_0, 1, 2;
    %delay 5000, 0;
    %vpi_call 2 14 "$display", "%b %b %b", v01201FC0_0, v01202018_0, v01202070_0;
    %movi 8, 2, 2;
    %set/v v01201FC0_0, 8, 2;
    %set/v v01202018_0, 1, 2;
    %delay 5000, 0;
    %vpi_call 2 15 "$display", "%b %b %b", v01201FC0_0, v01202018_0, v01202070_0;
    %movi 8, 1, 2;
    %set/v v01201FC0_0, 8, 2;
    %movi 8, 2, 2;
    %set/v v01202018_0, 8, 2;
    %delay 5000, 0;
    %vpi_call 2 16 "$display", "%b %b %b", v01201FC0_0, v01202018_0, v01202070_0;
    %vpi_call 2 17 "$finish";
    %end;
    .thread T_0;
# The file index is used to find the file name in the following table.
:file_names 4;
    "N/A";
    "<interactive>";
    "D:\buffer gate\buffer gate\verilog-judge\backend\problems\nor_2bit\tb.v";
    "D:\buffer gate\buffer gate\verilog-judge\backend\submissions\0727f5fe-0\submission.v";
