#! /c/iverilog/bin/vvp
:ivl_version "0.9.7 " "(v0_9_7)";
:vpi_time_precision - 12;
:vpi_module "system";
:vpi_module "v2005_math";
:vpi_module "va_math";
S_01194A20 .scope module, "tb" "tb" 2 2;
 .timescale -9 -12;
v011934D8_0 .var "sel", 2 0;
v0119E718_0 .net "y", 7 0, v01193480_0; 1 drivers
S_011933F8 .scope module, "dut" "decoder_3to8" 2 6, 3 1, S_01194A20;
 .timescale 0 0;
v01197C90_0 .net "sel", 2 0, v011934D8_0; 1 drivers
v01193480_0 .var "y", 7 0;
E_011D3E98 .event edge, v01197C90_0;
    .scope S_011933F8;
T_0 ;
    %wait E_011D3E98;
    %load/v 8, v01197C90_0, 3;
    %cmpi/u 8, 0, 3;
    %jmp/1 T_0.0, 6;
    %cmpi/u 8, 1, 3;
    %jmp/1 T_0.1, 6;
    %cmpi/u 8, 2, 3;
    %jmp/1 T_0.2, 6;
    %cmpi/u 8, 3, 3;
    %jmp/1 T_0.3, 6;
    %cmpi/u 8, 4, 3;
    %jmp/1 T_0.4, 6;
    %cmpi/u 8, 5, 3;
    %jmp/1 T_0.5, 6;
    %cmpi/u 8, 6, 3;
    %jmp/1 T_0.6, 6;
    %cmpi/u 8, 7, 3;
    %jmp/1 T_0.7, 6;
    %set/v v01193480_0, 0, 8;
    %jmp T_0.9;
T_0.0 ;
    %movi 8, 1, 8;
    %set/v v01193480_0, 8, 8;
    %jmp T_0.9;
T_0.1 ;
    %movi 8, 2, 8;
    %set/v v01193480_0, 8, 8;
    %jmp T_0.9;
T_0.2 ;
    %movi 8, 4, 8;
    %set/v v01193480_0, 8, 8;
    %jmp T_0.9;
T_0.3 ;
    %movi 8, 8, 8;
    %set/v v01193480_0, 8, 8;
    %jmp T_0.9;
T_0.4 ;
    %movi 8, 16, 8;
    %set/v v01193480_0, 8, 8;
    %jmp T_0.9;
T_0.5 ;
    %movi 8, 32, 8;
    %set/v v01193480_0, 8, 8;
    %jmp T_0.9;
T_0.6 ;
    %movi 8, 64, 8;
    %set/v v01193480_0, 8, 8;
    %jmp T_0.9;
T_0.7 ;
    %movi 8, 128, 8;
    %set/v v01193480_0, 8, 8;
    %jmp T_0.9;
T_0.9 ;
    %jmp T_0;
    .thread T_0, $push;
    .scope S_01194A20;
T_1 ;
    %vpi_call 2 9 "$dumpfile", "simulation.vcd";
    %vpi_call 2 10 "$dumpvars", 1'sb0, S_01194A20;
    %set/v v011934D8_0, 0, 3;
    %delay 1000, 0;
    %vpi_call 2 11 "$display", "%b", v0119E718_0;
    %movi 8, 1, 3;
    %set/v v011934D8_0, 8, 3;
    %delay 1000, 0;
    %vpi_call 2 12 "$display", "%b", v0119E718_0;
    %set/v v011934D8_0, 0, 3;
    %delay 1000, 0;
    %vpi_call 2 13 "$display", "%b", v0119E718_0;
    %movi 8, 1, 3;
    %set/v v011934D8_0, 8, 3;
    %delay 1000, 0;
    %vpi_call 2 14 "$display", "%b", v0119E718_0;
    %set/v v011934D8_0, 0, 3;
    %delay 1000, 0;
    %vpi_call 2 15 "$display", "%b", v0119E718_0;
    %movi 8, 1, 3;
    %set/v v011934D8_0, 8, 3;
    %delay 1000, 0;
    %vpi_call 2 16 "$display", "%b", v0119E718_0;
    %set/v v011934D8_0, 0, 3;
    %delay 1000, 0;
    %vpi_call 2 17 "$display", "%b", v0119E718_0;
    %movi 8, 1, 3;
    %set/v v011934D8_0, 8, 3;
    %delay 1000, 0;
    %vpi_call 2 18 "$display", "%b", v0119E718_0;
    %vpi_call 2 19 "$finish";
    %end;
    .thread T_1;
# The file index is used to find the file name in the following table.
:file_names 4;
    "N/A";
    "<interactive>";
    "D:\buffer gate\buffer gate\verilog-judge\backend\problems\decoder_3to8\tb.v";
    "D:\buffer gate\buffer gate\verilog-judge\backend\submissions\64227e97-c\submission.v";
