#! /c/iverilog/bin/vvp
:ivl_version "0.9.7 " "(v0_9_7)";
:vpi_time_precision - 12;
:vpi_module "system";
:vpi_module "v2005_math";
:vpi_module "va_math";
S_01154580 .scope module, "tb" "tb" 2 2;
 .timescale -9 -12;
v0115E480_0 .var "clk", 0 0;
v0115D0A8_0 .net "q", 3 0, v0115DF58_0; 1 drivers
v011533F8_0 .var "rst", 0 0;
S_01154608 .scope module, "dut" "johnson_counter_4bit" 2 7, 3 1, S_01154580;
 .timescale 0 0;
v0115CF88_0 .net "clk", 0 0, v0115E480_0; 1 drivers
v0115DF58_0 .var "q", 3 0;
v0115E018_0 .net "rst", 0 0, v011533F8_0; 1 drivers
E_0115BC70 .event posedge, v0115CF88_0;
    .scope S_01154608;
T_0 ;
    %wait E_0115BC70;
    %load/v 8, v0115E018_0, 1;
    %jmp/0xz  T_0.0, 8;
    %ix/load 0, 4, 0;
    %assign/v0 v0115DF58_0, 0, 0;
    %jmp T_0.1;
T_0.0 ;
    %load/v 8, v0115DF58_0, 1; Only need 1 of 4 bits
; Save base=8 wid=1 in lookaside.
    %inv 8, 1;
    %ix/load 0, 1, 0;
    %ix/load 1, 3, 0;
    %assign/v0/x1 v0115DF58_0, 0, 8;
    %ix/load 1, 3, 0;
    %mov 4, 0, 1;
    %jmp/1 T_0.2, 4;
    %load/x1p 8, v0115DF58_0, 1;
    %jmp T_0.3;
T_0.2 ;
    %mov 8, 2, 1;
T_0.3 ;
; Save base=8 wid=1 in lookaside.
    %ix/load 0, 1, 0;
    %ix/load 1, 2, 0;
    %assign/v0/x1 v0115DF58_0, 0, 8;
    %ix/load 1, 2, 0;
    %mov 4, 0, 1;
    %jmp/1 T_0.4, 4;
    %load/x1p 8, v0115DF58_0, 1;
    %jmp T_0.5;
T_0.4 ;
    %mov 8, 2, 1;
T_0.5 ;
; Save base=8 wid=1 in lookaside.
    %ix/load 0, 1, 0;
    %ix/load 1, 1, 0;
    %assign/v0/x1 v0115DF58_0, 0, 8;
    %ix/load 1, 1, 0;
    %mov 4, 0, 1;
    %jmp/1 T_0.6, 4;
    %load/x1p 8, v0115DF58_0, 1;
    %jmp T_0.7;
T_0.6 ;
    %mov 8, 2, 1;
T_0.7 ;
; Save base=8 wid=1 in lookaside.
    %ix/load 0, 1, 0;
    %ix/load 1, 0, 0;
    %assign/v0/x1 v0115DF58_0, 0, 8;
T_0.1 ;
    %jmp T_0;
    .thread T_0;
    .scope S_01154580;
T_1 ;
    %set/v v0115E480_0, 0, 1;
T_1.0 ;
    %delay 5000, 0;
    %load/v 8, v0115E480_0, 1;
    %inv 8, 1;
    %set/v v0115E480_0, 8, 1;
    %jmp T_1.0;
    %end;
    .thread T_1;
    .scope S_01154580;
T_2 ;
    %vpi_call 2 11 "$dumpfile", "simulation.vcd";
    %vpi_call 2 12 "$dumpvars", 1'sb0, S_01154580;
    %set/v v011533F8_0, 1, 1;
    %delay 1000, 0;
    %wait E_0115BC70;
    %delay 1000, 0;
    %vpi_call 2 13 "$display", "%b", v0115D0A8_0;
    %set/v v011533F8_0, 0, 1;
    %delay 1000, 0;
    %wait E_0115BC70;
    %delay 1000, 0;
    %vpi_call 2 14 "$display", "%b", v0115D0A8_0;
    %set/v v011533F8_0, 0, 1;
    %delay 1000, 0;
    %wait E_0115BC70;
    %delay 1000, 0;
    %vpi_call 2 15 "$display", "%b", v0115D0A8_0;
    %set/v v011533F8_0, 0, 1;
    %delay 1000, 0;
    %wait E_0115BC70;
    %delay 1000, 0;
    %vpi_call 2 16 "$display", "%b", v0115D0A8_0;
    %set/v v011533F8_0, 0, 1;
    %delay 1000, 0;
    %wait E_0115BC70;
    %delay 1000, 0;
    %vpi_call 2 17 "$display", "%b", v0115D0A8_0;
    %set/v v011533F8_0, 0, 1;
    %delay 1000, 0;
    %wait E_0115BC70;
    %delay 1000, 0;
    %vpi_call 2 18 "$display", "%b", v0115D0A8_0;
    %set/v v011533F8_0, 0, 1;
    %delay 1000, 0;
    %wait E_0115BC70;
    %delay 1000, 0;
    %vpi_call 2 19 "$display", "%b", v0115D0A8_0;
    %set/v v011533F8_0, 0, 1;
    %delay 1000, 0;
    %wait E_0115BC70;
    %delay 1000, 0;
    %vpi_call 2 20 "$display", "%b", v0115D0A8_0;
    %vpi_call 2 21 "$finish";
    %end;
    .thread T_2;
# The file index is used to find the file name in the following table.
:file_names 4;
    "N/A";
    "<interactive>";
    "D:\buffer gate\buffer gate\verilog-judge\backend\problems\johnson_counter_4bit\tb.v";
    "D:\buffer gate\buffer gate\verilog-judge\backend\submissions\ff120482-2\submission.v";
