#! /c/iverilog/bin/vvp
:ivl_version "0.9.7 " "(v0_9_7)";
:vpi_time_precision - 12;
:vpi_module "system";
:vpi_module "v2005_math";
:vpi_module "va_math";
S_01143628 .scope module, "tb" "tb" 2 2;
 .timescale -9 -12;
v01142338_0 .net "y", 1 0, C4<00>; 1 drivers
S_01142258 .scope module, "dut" "constant_zero_2bit" 2 4, 3 1, S_01143628;
 .timescale 0 0;
v011422E0_0 .alias "y", 1 0, v01142338_0;
    .scope S_01143628;
T_0 ;
    %vpi_call 2 7 "$dumpfile", "simulation.vcd";
    %vpi_call 2 8 "$dumpvars", 1'sb0, S_01143628;
    %delay 5000, 0;
    %vpi_call 2 9 "$display", "%b", v01142338_0;
    %vpi_call 2 10 "$finish";
    %end;
    .thread T_0;
# The file index is used to find the file name in the following table.
:file_names 4;
    "N/A";
    "<interactive>";
    "D:\buffer gate\buffer gate\verilog-judge\backend\problems\constant_zero_2bit\tb.v";
    "D:\buffer gate\buffer gate\verilog-judge\backend\submissions\126a3183-c\submission.v";
