#! /c/Source/iverilog-install/bin/vvp
:ivl_version "12.0 (devel)" "(s20150603-1110-g18392a46)";
:ivl_delay_selection "TYPICAL";
:vpi_time_precision - 12;
:vpi_module "D:\iverilog\lib\ivl\system.vpi";
:vpi_module "D:\iverilog\lib\ivl\vhdl_sys.vpi";
:vpi_module "D:\iverilog\lib\ivl\vhdl_textio.vpi";
:vpi_module "D:\iverilog\lib\ivl\v2005_math.vpi";
:vpi_module "D:\iverilog\lib\ivl\va_math.vpi";
S_000001d1d09d02a0 .scope module, "tb" "tb" 2 2;
 .timescale -9 -12;
v000001d1d0a2cf80_0 .var "a", 3 0;
v000001d1d0a2c800_0 .var "b", 3 0;
v000001d1d0a2d0c0_0 .net "product", 7 0, L_000001d1d0a2cbc0;  1 drivers
S_000001d1d09a2ca0 .scope module, "dut" "unsigned_multiplier_4x4" 2 7, 3 1 0, S_000001d1d09d02a0;
 .timescale 0 0;
    .port_info 0 /INPUT 4 "a";
    .port_info 1 /INPUT 4 "b";
    .port_info 2 /OUTPUT 8 "product";
L_000001d1d09ced60 .functor AND 4, v000001d1d0a2cf80_0, L_000001d1d0a2be00, C4<1111>, C4<1111>;
L_000001d1d09ce9e0 .functor AND 4, v000001d1d0a2cf80_0, L_000001d1d0a2bea0, C4<1111>, C4<1111>;
L_000001d1d09ceac0 .functor AND 4, v000001d1d0a2cf80_0, L_000001d1d0a2d160, C4<1111>, C4<1111>;
L_000001d1d09cee40 .functor AND 4, v000001d1d0a2cf80_0, L_000001d1d0a2b900, C4<1111>, C4<1111>;
v000001d1d09caa80_0 .net *"_ivl_1", 0 0, L_000001d1d0a2bd60;  1 drivers
v000001d1d09cab20_0 .net *"_ivl_13", 0 0, L_000001d1d0a2c620;  1 drivers
v000001d1d09caee0_0 .net *"_ivl_14", 3 0, L_000001d1d0a2d160;  1 drivers
v000001d1d09cb340_0 .net *"_ivl_19", 0 0, L_000001d1d0a2c760;  1 drivers
v000001d1d09cb3e0_0 .net *"_ivl_2", 3 0, L_000001d1d0a2be00;  1 drivers
v000001d1d09cae40_0 .net *"_ivl_20", 3 0, L_000001d1d0a2b900;  1 drivers
v000001d1d09cb020_0 .net *"_ivl_24", 7 0, L_000001d1d0a2c8a0;  1 drivers
L_000001d1d0a2dcd8 .functor BUFT 1, C4<0000>, C4<0>, C4<0>, C4<0>;
v000001d1d09cb0c0_0 .net *"_ivl_27", 3 0, L_000001d1d0a2dcd8;  1 drivers
v000001d1d09cb480_0 .net *"_ivl_28", 7 0, L_000001d1d0a2c120;  1 drivers
L_000001d1d0a2dd20 .functor BUFT 1, C4<0000>, C4<0>, C4<0>, C4<0>;
v000001d1d09cac60_0 .net *"_ivl_31", 3 0, L_000001d1d0a2dd20;  1 drivers
v000001d1d09cb700_0 .net *"_ivl_32", 7 0, L_000001d1d0a2bb80;  1 drivers
v000001d1d09cb980_0 .net *"_ivl_34", 6 0, L_000001d1d0a2bcc0;  1 drivers
L_000001d1d0a2dd68 .functor BUFT 1, C4<0>, C4<0>, C4<0>, C4<0>;
v000001d1d09cb840_0 .net *"_ivl_36", 0 0, L_000001d1d0a2dd68;  1 drivers
v000001d1d09cabc0_0 .net *"_ivl_38", 7 0, L_000001d1d0a2d3e0;  1 drivers
v000001d1d09cb160_0 .net *"_ivl_40", 7 0, L_000001d1d0a2c9e0;  1 drivers
L_000001d1d0a2ddb0 .functor BUFT 1, C4<0000>, C4<0>, C4<0>, C4<0>;
v000001d1d09cb520_0 .net *"_ivl_43", 3 0, L_000001d1d0a2ddb0;  1 drivers
v000001d1d09cb5c0_0 .net *"_ivl_44", 7 0, L_000001d1d0a2d480;  1 drivers
v000001d1d09cb7a0_0 .net *"_ivl_46", 5 0, L_000001d1d0a2c940;  1 drivers
L_000001d1d0a2ddf8 .functor BUFT 1, C4<00>, C4<0>, C4<0>, C4<0>;
v000001d1d09cb8e0_0 .net *"_ivl_48", 1 0, L_000001d1d0a2ddf8;  1 drivers
v000001d1d0a2cb20_0 .net *"_ivl_50", 7 0, L_000001d1d0a2bc20;  1 drivers
v000001d1d0a2c3a0_0 .net *"_ivl_52", 7 0, L_000001d1d0a2ca80;  1 drivers
L_000001d1d0a2de40 .functor BUFT 1, C4<0000>, C4<0>, C4<0>, C4<0>;
v000001d1d0a2ba40_0 .net *"_ivl_55", 3 0, L_000001d1d0a2de40;  1 drivers
v000001d1d0a2cd00_0 .net *"_ivl_56", 7 0, L_000001d1d0a2d200;  1 drivers
v000001d1d0a2d340_0 .net *"_ivl_58", 4 0, L_000001d1d0a2d520;  1 drivers
L_000001d1d0a2de88 .functor BUFT 1, C4<000>, C4<0>, C4<0>, C4<0>;
v000001d1d0a2c440_0 .net *"_ivl_60", 2 0, L_000001d1d0a2de88;  1 drivers
v000001d1d0a2d700_0 .net *"_ivl_7", 0 0, L_000001d1d0a2d7a0;  1 drivers
v000001d1d0a2cee0_0 .net *"_ivl_8", 3 0, L_000001d1d0a2bea0;  1 drivers
v000001d1d0a2c6c0_0 .net "a", 3 0, v000001d1d0a2cf80_0;  1 drivers
v000001d1d0a2b9a0_0 .net "b", 3 0, v000001d1d0a2c800_0;  1 drivers
v000001d1d0a2c4e0_0 .net "pp0", 3 0, L_000001d1d09ced60;  1 drivers
v000001d1d0a2c580_0 .net "pp1", 3 0, L_000001d1d09ce9e0;  1 drivers
v000001d1d0a2bae0_0 .net "pp2", 3 0, L_000001d1d09ceac0;  1 drivers
v000001d1d0a2d2a0_0 .net "pp3", 3 0, L_000001d1d09cee40;  1 drivers
v000001d1d0a2c260_0 .net "product", 7 0, L_000001d1d0a2cbc0;  alias, 1 drivers
L_000001d1d0a2bd60 .part v000001d1d0a2c800_0, 0, 1;
L_000001d1d0a2be00 .concat [ 1 1 1 1], L_000001d1d0a2bd60, L_000001d1d0a2bd60, L_000001d1d0a2bd60, L_000001d1d0a2bd60;
L_000001d1d0a2d7a0 .part v000001d1d0a2c800_0, 1, 1;
L_000001d1d0a2bea0 .concat [ 1 1 1 1], L_000001d1d0a2d7a0, L_000001d1d0a2d7a0, L_000001d1d0a2d7a0, L_000001d1d0a2d7a0;
L_000001d1d0a2c620 .part v000001d1d0a2c800_0, 2, 1;
L_000001d1d0a2d160 .concat [ 1 1 1 1], L_000001d1d0a2c620, L_000001d1d0a2c620, L_000001d1d0a2c620, L_000001d1d0a2c620;
L_000001d1d0a2c760 .part v000001d1d0a2c800_0, 3, 1;
L_000001d1d0a2b900 .concat [ 1 1 1 1], L_000001d1d0a2c760, L_000001d1d0a2c760, L_000001d1d0a2c760, L_000001d1d0a2c760;
L_000001d1d0a2c8a0 .concat [ 4 4 0 0], L_000001d1d09ced60, L_000001d1d0a2dcd8;
L_000001d1d0a2c120 .concat [ 4 4 0 0], L_000001d1d09ce9e0, L_000001d1d0a2dd20;
L_000001d1d0a2bcc0 .part L_000001d1d0a2c120, 0, 7;
L_000001d1d0a2bb80 .concat [ 1 7 0 0], L_000001d1d0a2dd68, L_000001d1d0a2bcc0;
L_000001d1d0a2d3e0 .arith/sum 8, L_000001d1d0a2c8a0, L_000001d1d0a2bb80;
L_000001d1d0a2c9e0 .concat [ 4 4 0 0], L_000001d1d09ceac0, L_000001d1d0a2ddb0;
L_000001d1d0a2c940 .part L_000001d1d0a2c9e0, 0, 6;
L_000001d1d0a2d480 .concat [ 2 6 0 0], L_000001d1d0a2ddf8, L_000001d1d0a2c940;
L_000001d1d0a2bc20 .arith/sum 8, L_000001d1d0a2d3e0, L_000001d1d0a2d480;
L_000001d1d0a2ca80 .concat [ 4 4 0 0], L_000001d1d09cee40, L_000001d1d0a2de40;
L_000001d1d0a2d520 .part L_000001d1d0a2ca80, 0, 5;
L_000001d1d0a2d200 .concat [ 3 5 0 0], L_000001d1d0a2de88, L_000001d1d0a2d520;
L_000001d1d0a2cbc0 .arith/sum 8, L_000001d1d0a2bc20, L_000001d1d0a2d200;
    .scope S_000001d1d09d02a0;
T_0 ;
    %vpi_call 2 10 "$dumpfile", "simulation.vcd" {0 0 0};
    %vpi_call 2 11 "$dumpvars", 32'sb00000000000000000000000000000000, S_000001d1d09d02a0 {0 0 0};
    %pushi/vec4 0, 0, 4;
    %store/vec4 v000001d1d0a2cf80_0, 0, 4;
    %pushi/vec4 0, 0, 4;
    %store/vec4 v000001d1d0a2c800_0, 0, 4;
    %delay 1000, 0;
    %vpi_call 2 12 "$display", "%b", v000001d1d0a2d0c0_0 {0 0 0};
    %pushi/vec4 1, 0, 4;
    %store/vec4 v000001d1d0a2cf80_0, 0, 4;
    %pushi/vec4 1, 0, 4;
    %store/vec4 v000001d1d0a2c800_0, 0, 4;
    %delay 1000, 0;
    %vpi_call 2 13 "$display", "%b", v000001d1d0a2d0c0_0 {0 0 0};
    %pushi/vec4 15, 0, 4;
    %store/vec4 v000001d1d0a2cf80_0, 0, 4;
    %pushi/vec4 15, 0, 4;
    %store/vec4 v000001d1d0a2c800_0, 0, 4;
    %delay 1000, 0;
    %vpi_call 2 14 "$display", "%b", v000001d1d0a2d0c0_0 {0 0 0};
    %pushi/vec4 10, 0, 4;
    %store/vec4 v000001d1d0a2cf80_0, 0, 4;
    %pushi/vec4 10, 0, 4;
    %store/vec4 v000001d1d0a2c800_0, 0, 4;
    %delay 1000, 0;
    %vpi_call 2 15 "$display", "%b", v000001d1d0a2d0c0_0 {0 0 0};
    %pushi/vec4 2, 0, 4;
    %store/vec4 v000001d1d0a2cf80_0, 0, 4;
    %pushi/vec4 2, 0, 4;
    %store/vec4 v000001d1d0a2c800_0, 0, 4;
    %delay 1000, 0;
    %vpi_call 2 16 "$display", "%b", v000001d1d0a2d0c0_0 {0 0 0};
    %pushi/vec4 3, 0, 4;
    %store/vec4 v000001d1d0a2cf80_0, 0, 4;
    %pushi/vec4 3, 0, 4;
    %store/vec4 v000001d1d0a2c800_0, 0, 4;
    %delay 1000, 0;
    %vpi_call 2 17 "$display", "%b", v000001d1d0a2d0c0_0 {0 0 0};
    %pushi/vec4 7, 0, 4;
    %store/vec4 v000001d1d0a2cf80_0, 0, 4;
    %pushi/vec4 7, 0, 4;
    %store/vec4 v000001d1d0a2c800_0, 0, 4;
    %delay 1000, 0;
    %vpi_call 2 18 "$display", "%b", v000001d1d0a2d0c0_0 {0 0 0};
    %pushi/vec4 10, 0, 4;
    %store/vec4 v000001d1d0a2cf80_0, 0, 4;
    %pushi/vec4 10, 0, 4;
    %store/vec4 v000001d1d0a2c800_0, 0, 4;
    %delay 1000, 0;
    %vpi_call 2 19 "$display", "%b", v000001d1d0a2d0c0_0 {0 0 0};
    %vpi_call 2 20 "$finish" {0 0 0};
    %end;
    .thread T_0;
# The file index is used to find the file name in the following table.
:file_names 4;
    "N/A";
    "<interactive>";
    "D:\buffer gate\buffer gate\verilog-judge\backend\problems\unsigned_multiplier_4x4\tb.v";
    "D:\buffer gate\buffer gate\verilog-judge\backend\submissions\2fbf2955-7\submission.v";
